******************************************************************************
             TMS320C2000 Linker PC v22.6.1                     
******************************************************************************
>> Linked Thu Jan 15 11:16:05 2026

OUTPUT FILE NAME:   <SCP(20260115).out>
ENTRY POINT SYMBOL: "code_start"  address: 00000000


MEMORY CONFIGURATION

         name            origin    length      used     unused   attr    fill
----------------------  --------  ---------  --------  --------  ----  --------
PAGE 0:
  BEGIN                 00000000   00000002  00000002  00000000  RWIX
  BOOT_RSVD             00000002   00000126  00000000  00000126  RWIX
  RAMM0                 00000128   000002d8  00000020  000002b8  RWIX
  RAMM1                 00000400   000003f8  00000200  000001f8  RWIX
  RAMLS4567             0000a000   00002000  000012ca  00000d36  RWIX
  RAMGS0                0000c000   000007f8  00000000  000007f8  RWIX
  FLASH_BANK0_SEC0      00080002   00000ffe  00000000  00000ffe  RWIX
  FLASH_BANK0_SEC1      00081000   00001000  00000000  00001000  RWIX
  FLASH_BANK0_SEC2      00082000   00001000  00000000  00001000  RWIX
  FLASH_BANK0_SEC3      00083000   00001000  00000000  00001000  RWIX
  FLASH_BANK0_SEC4      00084000   00001000  00000000  00001000  RWIX
  FLASH_BANK0_SEC5      00085000   00001000  00000000  00001000  RWIX
  FLASH_BANK0_SEC6      00086000   00001000  00000000  00001000  RWIX
  FLASH_BANK0_SEC7      00087000   00001000  00000000  00001000  RWIX
  FLASH_BANK0_SEC8      00088000   00001000  00000000  00001000  RWIX
  FLASH_BANK0_SEC9      00089000   00001000  00000000  00001000  RWIX
  FLASH_BANK0_SEC10     0008a000   00001000  00000000  00001000  RWIX
  FLASH_BANK0_SEC11     0008b000   00001000  00000000  00001000  RWIX
  FLASH_BANK0_SEC12     0008c000   00001000  00000000  00001000  RWIX
  FLASH_BANK0_SEC13     0008d000   00001000  00000000  00001000  RWIX
  FLASH_BANK0_SEC14     0008e000   00001000  00000000  00001000  RWIX
  FLASH_BANK0_SEC15     0008f000   00000ff8  00000000  00000ff8  RWIX
  BOOTROM               003f0000   00008000  00000000  00008000  RWIX
  BOOTROM_EXT           003f8000   00007fc0  00000000  00007fc0  RWIX
  RESET                 003fffc0   00000002  00000000  00000002  RWIX

PAGE 1:
  ADCARESULT            00000b00   00000018  00000018  00000000  RWIX
  ADCCRESULT            00000b40   00000018  00000000  00000018  RWIX
  CPUTIMER0             00000c00   00000008  00000008  00000000  RWIX
  CPUTIMER1             00000c08   00000008  00000000  00000008  RWIX
  CPUTIMER2             00000c10   00000008  00000000  00000008  RWIX
  PIECTRL               00000ce0   0000001a  00000000  0000001a  RWIX
  PIEVECTTABLE          00000d00   00000200  00000000  00000200  RWIX
  DMA                   00001000   00000200  00000000  00000200  RWIX
  CLB1LOGICCFG          00003000   00000052  00000000  00000052  RWIX
  CLB1LOGICCTRL         00003100   00000040  00000000  00000040  RWIX
  CLB1DATAEXCH          00003180   00000080  00000000  00000080  RWIX
  CLB2LOGICCFG          00003400   00000052  00000000  00000052  RWIX
  CLB2LOGICCTRL         00003500   00000040  00000000  00000040  RWIX
  CLB2DATAEXCH          00003580   00000080  00000000  00000080  RWIX
  EPWM1                 00004000   00000100  00000000  00000100  RWIX
  EPWM2                 00004100   00000100  00000100  00000000  RWIX
  EPWM3                 00004200   00000100  00000000  00000100  RWIX
  EPWM4                 00004300   00000100  00000000  00000100  RWIX
  EPWM5                 00004400   00000100  00000000  00000100  RWIX
  EPWM6                 00004500   00000100  00000000  00000100  RWIX
  EPWM7                 00004600   00000100  00000000  00000100  RWIX
  EQEP1                 00005100   00000040  00000000  00000040  RWIX
  EQEP2                 00005140   00000040  00000000  00000040  RWIX
  ECAP1                 00005200   00000020  00000000  00000020  RWIX
  ECAP2                 00005240   00000020  00000000  00000020  RWIX
  ECAP3                 00005280   00000020  00000000  00000020  RWIX
  HRCAP3                000052a0   00000020  00000000  00000020  RWIX
  CMPSS1                00005c80   00000020  00000000  00000020  RWIX
  CMPSS2                00005ca0   00000020  00000000  00000020  RWIX
  CMPSS3                00005cc0   00000020  00000000  00000020  RWIX
  CMPSS4                00005ce0   00000020  00000000  00000020  RWIX
  SPIA                  00006100   00000010  00000000  00000010  RWIX
  SPIB                  00006110   00000010  00000000  00000010  RWIX
  BGCRCCPU              00006340   00000040  00000000  00000040  RWIX
  PMBUSA                00006400   00000020  00000000  00000020  RWIX
  HIC                   00006500   00000080  00000000  00000080  RWIX
  FSITXA                00006600   00000050  00000000  00000050  RWIX
  FSIRXA                00006680   00000050  00000000  00000050  RWIX
  LINA                  00006a00   000000ec  00000000  000000ec  RWIX
  LINB                  00006b00   000000ec  00000000  000000ec  RWIX
  WD                    00007000   0000002c  00000000  0000002c  RWIX
  NMIINTRUPT            00007060   00000010  00000000  00000010  RWIX
  XINT                  00007070   0000000c  00000000  0000000c  RWIX
  SCIA                  00007200   00000010  00000010  00000000  RWIX
  I2CA                  00007300   00000022  00000000  00000022  RWIX
  I2CB                  00007340   00000022  00000000  00000022  RWIX
  ADCA                  00007400   00000080  00000000  00000080  RWIX
  ADCC                  00007500   00000080  00000000  00000080  RWIX
  INPUTXBAR             00007900   00000020  00000000  00000020  RWIX
  XBAR                  00007920   00000020  00000000  00000020  RWIX
  SYNCSOC               00007940   00000006  00000000  00000006  RWIX
  CLBINPUTXBAR          00007960   00000020  00000000  00000020  RWIX
  DMACLASRCSEL          00007980   0000001a  00000000  0000001a  RWIX
  EPWMXBAR              00007a00   00000040  00000000  00000040  RWIX
  CLBXBAR               00007a40   00000040  00000000  00000040  RWIX
  OUTPUTXBAR            00007a80   00000040  00000000  00000040  RWIX
  CLBOUTPUTXBAR         00007bc0   00000040  00000000  00000040  RWIX
  GPIOCTRL              00007c00   00000200  00000000  00000200  RWIX
  GPIODATA              00007f00   00000040  00000000  00000040  RWIX
  GPIODATAREAD          00007f80   00000010  00000000  00000010  RWIX
  CANA                  00048000   00000200  00000000  00000200  RWIX
  DEVCFG                0005d000   000001ac  00000000  000001ac  RWIX
  CLKCFG                0005d200   00000100  00000000  00000100  RWIX
  CPUSYS                0005d300   000000a0  00000000  000000a0  RWIX
  SYSPERIPHAC           0005d500   00000200  00000000  00000200  RWIX
  ANALOGSUBSYS          0005d700   00000100  00000000  00000100  RWIX
  DCC0                  0005e700   00000038  00000000  00000038  RWIX
  DCC1                  0005e740   00000038  00000000  00000038  RWIX
  ERADGLOBAL            0005e800   00000014  00000000  00000014  RWIX
  ERADHWBP1             0005e900   00000008  00000000  00000008  RWIX
  ERADHWBP2             0005e908   00000008  00000000  00000008  RWIX
  ERADHWBP3             0005e910   00000008  00000000  00000008  RWIX
  ERADHWBP4             0005e918   00000008  00000000  00000008  RWIX
  ERADHWBP5             0005e920   00000008  00000000  00000008  RWIX
  ERADHWBP6             0005e928   00000008  00000000  00000008  RWIX
  ERADHWBP7             0005e930   00000008  00000000  00000008  RWIX
  ERADHWBP8             0005e938   00000008  00000000  00000008  RWIX
  ERADCOUNTER1          0005e980   00000010  00000000  00000010  RWIX
  ERADCOUNTER2          0005e990   00000010  00000000  00000010  RWIX
  ERADCOUNTER3          0005e9a0   00000010  00000000  00000010  RWIX
  ERADCOUNTER4          0005e9b0   00000010  00000000  00000010  RWIX
  ERADCRCGLOBAL         0005ea00   00000010  00000000  00000010  RWIX
  ERADCRC1              0005ea10   00000010  00000000  00000010  RWIX
  ERADCRC2              0005ea20   00000010  00000000  00000010  RWIX
  ERADCRC3              0005ea30   00000010  00000000  00000010  RWIX
  ERADCRC4              0005ea40   00000010  00000000  00000010  RWIX
  ERADCRC5              0005ea50   00000010  00000000  00000010  RWIX
  ERADCRC6              0005ea60   00000010  00000000  00000010  RWIX
  ERADCRC7              0005ea70   00000010  00000000  00000010  RWIX
  ERADCRC8              0005ea80   00000010  00000000  00000010  RWIX
  DCSMBANK0Z1           0005f000   00000024  00000000  00000024  RWIX
  DCSMBANK0Z2           0005f040   00000024  00000000  00000024  RWIX
  DCSMCOMMON            0005f070   00000010  00000000  00000010  RWIX
  MEMCFG                0005f400   000000c0  00000000  000000c0  RWIX
  ACCESSPROTECTION      0005f500   0000003e  00000000  0000003e  RWIX
  MEMORYERROR           0005f540   00000040  00000000  00000040  RWIX
  TESTERROR             0005f590   00000010  00000000  00000010  RWIX
  FLASH0CTRL            0005f800   00000182  00000000  00000182  RWIX
  FLASH0ECC             0005fb00   00000028  00000000  00000028  RWIX
  DCSMBANK0Z1OTP        00078000   00000020  00000000  00000020  RWIX
  DCSMBANK0Z2OTP        00078200   00000020  00000000  00000020  RWIX


SECTION ALLOCATION MAP

 output                                  attributes/
section   page    origin      length       input sections
--------  ----  ----------  ----------   ----------------
.TI.ramfunc 
*          0    00000128    00000004     
                  00000128    00000004     driverlib.lib : sysctl.obj (.TI.ramfunc)

.cinit     0    0000012c    0000001c     
                  0000012c    0000000a     (.cinit..data.load) [load image, compression = lzss]
                  00000136    00000006     (__TI_handler_table)
                  0000013c    00000004     (.cinit..bss.load) [load image, compression = zero_init]
                  00000140    00000008     (__TI_cinit_table)

.text      0    0000a2d8    00000f54     
                  0000a2d8    00000208     ADC.obj (.text:Fast_speed_ADCRESULT_to_Reg)
                  0000a4e0    00000121     driverlib.lib : sysctl.obj (.text:SysCtl_setClock)
                  0000a601    000000fe                   : sysctl.obj (.text:SysCtl_isPLLValid)
                  0000a6ff    0000009a     device.obj (.text:Device_enableAllPeripherals)
                  0000a799    00000088     rts2800_fpu32_eabi.lib : fs_div28.asm.obj (.text)
                  0000a821    00000073     driverlib.lib : sysctl.obj (.text:DCC_setCounterSeeds)
                  0000a894    00000065                   : sysctl.obj (.text:SysCtl_getClock)
                  0000a8f9    00000052                   : gpio.obj (.text:GPIO_setPadConfig)
                  0000a94b    00000045                   : sysctl.obj (.text:SysCtl_pollX1Counter)
                  0000a990    00000044     board.obj (.text:GPIO_writePin)
                  0000a9d4    00000042     driverlib.lib : sysctl.obj (.text:SysCtl_selectOscSource)
                  0000aa16    0000003d                   : interrupt.obj (.text:Interrupt_initModule)
                  0000aa53    0000003d                   : sysctl.obj (.text:SysCtl_selectXTAL)
                  0000aa90    0000003b     board.obj (.text:PinMux_init)
                  0000aacb    00000037     driverlib.lib : gpio.obj (.text:GPIO_setPinConfig)
                  0000ab02    00000037                   : gpio.obj (.text:GPIO_setQualificationMode)
                  0000ab39    00000037                   : interrupt.obj (.text:Interrupt_enable)
                  0000ab70    00000036     device.obj (.text:Device_init)
                  0000aba6    00000034     main.obj (.text:INT_myCPUTIMER0_ISR)
                  0000abda    00000031     driverlib.lib : gpio.obj (.text:GPIO_setDirectionMode)
                  0000ac0b    00000030     rts2800_fpu32_eabi.lib : copy_decompress_lzss.c.obj (.text:decompress:lzss)
                  0000ac3b    0000002b                            : autoinit.c.obj (.text:__TI_auto_init_nobinit_nopinit)
                  0000ac66    00000029                            : exit.c.obj (.text)
                  0000ac8f    00000024     driverlib.lib : sysctl.obj (.text:DCC_enableSingleShotMode)
                  0000acb3    00000023     SysConfig.obj (.text:Init_Def_EE_Set)
                  0000acd6    00000020     driverlib.lib : sysctl.obj (.text:SysCtl_selectXTALSingleEnded)
                  0000acf6    00000020     board.obj (.text:myCPUTIMER0_init)
                  0000ad16    0000001f     SysConfig.obj (.text:SCI_init)
                  0000ad35    0000001e     driverlib.lib : sysctl.obj (.text:DCC_setCounter0ClkSource)
                  0000ad53    0000001e                   : sysctl.obj (.text:DCC_setCounter1ClkSource)
                  0000ad71    0000001e                   : interrupt.obj (.text:Interrupt_initVectorTable)
                  0000ad8f    0000001d     rts2800_fpu32_eabi.lib : memcpy.c.obj (.text)
                  0000adac    0000001b     board.obj (.text:GPIO_init)
                  0000adc7    0000001b     main.obj (.text:main)
                  0000ade2    0000001a     main.obj (.text:CPUTimer_startTimer)
                  0000adfc    0000001a     driverlib.lib : sysctl.obj (.text:SysCtl_getLowSpeedClock)
                  0000ae16    00000018     ADC.obj (.text:Clr_ADC_Value)
                  0000ae2e    00000017     board.obj (.text:CPUTimer_isBaseValid)
                  0000ae45    00000017     driverlib.lib : cputimer.obj (.text:CPUTimer_isBaseValid)
                  0000ae5c    00000017     main.obj (.text:CPUTimer_isBaseValid)
                  0000ae73    00000017     board.obj (.text:CPUTimer_setPreScaler)
                  0000ae8a    00000017     device.obj (.text:SysCtl_enablePeripheral)
                  0000aea1    00000017     driverlib.lib : sysctl.obj (.text:SysCtl_enablePeripheral)
                  0000aeb8    00000017     rts2800_fpu32_eabi.lib : boot28.asm.obj (.text)
                  0000aecf    00000016     driverlib.lib : sysctl.obj (.text:DCC_disableDoneSignal)
                  0000aee5    00000016                   : interrupt.obj (.text:Interrupt_defaultHandler)
                  0000aefb    00000015     board.obj (.text:AC_SoftRLY_init)
                  0000af10    00000015     board.obj (.text:BYPASS_init)
                  0000af25    00000015     board.obj (.text:CPUTimer_enableInterrupt)
                  0000af3a    00000015     driverlib.lib : sysctl.obj (.text:DCC_clearDoneFlag)
                  0000af4f    00000015                   : sysctl.obj (.text:DCC_clearErrorFlag)
                  0000af64    00000015                   : sysctl.obj (.text:DCC_disableErrorSignal)
                  0000af79    00000015                   : sysctl.obj (.text:DCC_isBaseValid)
                  0000af8e    00000015     board.obj (.text:DC_SoftRLY_init)
                  0000afa3    00000015     board.obj (.text:DetBTS_init)
                  0000afb8    00000015     board.obj (.text:EN_AUX_init)
                  0000afcd    00000015     board.obj (.text:GNDRLY_init)
                  0000afe2    00000015     device.obj (.text:GPIO_unlockPortConfig)
                  0000aff7    00000015     board.obj (.text:GreenT_init)
                  0000b00c    00000015     board.obj (.text:LED_PonG_init)
                  0000b021    00000015     board.obj (.text:LED_STG_init)
                  0000b036    00000015     board.obj (.text:NTC_IO_init)
                  0000b04b    00000015     board.obj (.text:PWR_init)
                  0000b060    00000015     board.obj (.text:SW_On_init)
                  0000b075    00000014     board.obj (.text:CPUTimer_reloadTimerCounter)
                  0000b089    00000014     board.obj (.text:CPUTimer_stopTimer)
                  0000b09d    00000014     driverlib.lib : sysctl.obj (.text:DCC_disableModule)
                  0000b0b1    00000014                   : sysctl.obj (.text:DCC_enableModule)
                  0000b0c5    00000014     board.obj (.text:GPIO_isPinValid)
                  0000b0d9    00000014     driverlib.lib : gpio.obj (.text:GPIO_isPinValid)
                  0000b0ed    00000014     device.obj (.text:SysCtl_deviceCal)
                  0000b101    00000014     driverlib.lib : sysctl.obj (.text:SysCtl_setPLLSysClk)
                  0000b115    00000013                   : cputimer.obj (.text:CPUTimer_setEmulationMode)
                  0000b128    00000013     board.obj (.text:LED_STR_init)
                  0000b13b    00000011     board.obj (.text:CPUTimer_setPeriod)
                  0000b14c    00000010     device.obj (.text:Device_initGPIO)
                  0000b15c    0000000f     board.obj (.text:Interrupt_register)
                  0000b16b    0000000d     board.obj (.text:INTERRUPT_init)
                  0000b178    0000000d     driverlib.lib : interrupt.obj (.text:Interrupt_disableGlobal)
                  0000b185    0000000d                   : interrupt.obj (.text:Interrupt_enableGlobal)
                  0000b192    0000000d     device.obj (.text:SysCtl_setLowSpeedClock)
                  0000b19f    0000000d     rts2800_fpu32_eabi.lib : copy_zero_init.c.obj (.text:decompress:ZI:__TI_zero_init_nomemset)
                  0000b1ac    0000000c                            : args_main.c.obj (.text)
                  0000b1b8    0000000b     board.obj (.text:Board_init)
                  0000b1c3    0000000b     driverlib.lib : sysctl.obj (.text:SysCtl_isMCDClockFailureDetected)
                  0000b1ce    0000000a                   : interrupt.obj (.text:Interrupt_illegalOperationHandler)
                  0000b1d8    0000000a                   : interrupt.obj (.text:Interrupt_nmiHandler)
                  0000b1e2    00000009     rts2800_fpu32_eabi.lib : _lock.c.obj (.text)
                  0000b1eb    00000008     device.obj (.text:SysCtl_disableWatchdog)
                  0000b1f3    00000008     rts2800_fpu32_eabi.lib : copy_decompress_none.c.obj (.text:decompress:none)
                  0000b1fb    00000008     f28002x_codestartbranch.obj (.text)
                  0000b203    00000007     device.obj (.text:ASysCtl_lockVREG)
                  0000b20a    00000007     SysConfig.obj (.text:SysConfig)
                  0000b211    00000007     driverlib.lib : sysctl.obj (.text:SysCtl_resetMCD)
                  0000b218    00000007     device.obj (.text:__error__)
                  0000b21f    00000006     main.obj (.text:Interrupt_clearACKGroup)
                  0000b225    00000003     board.obj (.text:CPUTIMER_init)
                  0000b228    00000002     rts2800_fpu32_eabi.lib : pre_init.c.obj (.text)
                  0000b22a    00000001     c2000ware_libraries.obj (.text:C2000Ware_libraries_init)
                  0000b22b    00000001     rts2800_fpu32_eabi.lib : startup.c.obj (.text)

.reset     0    003fffc0    00000000     DSECT

codestart 
*          0    00000000    00000002     
                  00000000    00000002     f28002x_codestartbranch.obj (codestart)

.stack     0    00000400    00000200     UNINITIALIZED
                  00000400    00000200     --HOLE--

.bss       0    0000a000    00000028     UNINITIALIZED
                  0000a000    00000028     ADC.obj (.bss)

.init_array 
*          0    00000128    00000000     UNINITIALIZED

.const     0    0000a028    000002b0     
                  0000a028    0000009a     driverlib.lib : sysctl.obj (.const:.string)
                  0000a0c2    00000098                   : gpio.obj (.const:.string)
                  0000a15a    0000008c     board.obj (.const:.string)
                  0000a1e6    00000059     device.obj (.const:.string)
                  0000a23f    00000001     --HOLE-- [fill = 0]
                  0000a240    00000050     driverlib.lib : cputimer.obj (.const:.string)
                  0000a290    00000048     main.obj (.const:.string)

.data      0    0000b240    0000009e     UNINITIALIZED
                  0000b240    00000094     ADC.obj (.data)
                  0000b2d4    00000006     rts2800_fpu32_eabi.lib : exit.c.obj (.data)
                  0000b2da    00000002                            : _lock.c.obj (.data:_lock)
                  0000b2dc    00000002                            : _lock.c.obj (.data:_unlock)

AdcaResultRegsFile 
*          1    00000b00    00000018     UNINITIALIZED
                  00000b00    00000018     f28002x_globalvariabledefs.obj (AdcaResultRegsFile)

CpuTimer0RegsFile 
*          1    00000c00    00000008     UNINITIALIZED
                  00000c00    00000008     f28002x_globalvariabledefs.obj (CpuTimer0RegsFile)

EPwm2RegsFile 
*          1    00004100    00000100     UNINITIALIZED
                  00004100    00000100     f28002x_globalvariabledefs.obj (EPwm2RegsFile)

SciaRegsFile 
*          1    00007200    00000010     UNINITIALIZED
                  00007200    00000010     f28002x_globalvariabledefs.obj (SciaRegsFile)

MODULE SUMMARY

       Module                           code   ro data   rw data
       ------                           ----   -------   -------
    .\
       f28002x_globalvariabledefs.obj   0      0         304    
    +--+--------------------------------+------+---------+---------+
       Total:                           0      0         304    
                                                                
    .\appli\
       ADC.obj                          544    0         188    
       main.obj                         134    72        0      
       SysConfig.obj                    73     0         0      
    +--+--------------------------------+------+---------+---------+
       Total:                           751    72        188    
                                                                
    .\device\
       device.obj                       323    89        0      
       f28002x_codestartbranch.obj      10     0         0      
    +--+--------------------------------+------+---------+---------+
       Total:                           333    89        0      
                                                                
    .\syscfg\
       board.obj                        643    140       0      
       c2000ware_libraries.obj          1      0         0      
    +--+--------------------------------+------+---------+---------+
       Total:                           644    140       0      
                                                                
    C:/ti/c2000/C2000Ware_5_01_00_00/driverlib/f28002x/driverlib/ccs/Debug/driverlib.lib
       sysctl.obj                       1320   154       0      
       gpio.obj                         261    152       0      
       interrupt.obj                    214    0         0      
       cputimer.obj                     42     80        0      
    +--+--------------------------------+------+---------+---------+
       Total:                           1837   386       0      
                                                                
    C:\ti\ccs1281\ccs\tools\compiler\ti-cgt-c2000_22.6.1.LTS\lib\rts2800_fpu32_eabi.lib
       fs_div28.asm.obj                 136    0         0      
       copy_decompress_lzss.c.obj       48     0         0      
       exit.c.obj                       41     0         6      
       autoinit.c.obj                   43     0         0      
       memcpy.c.obj                     29     0         0      
       boot28.asm.obj                   23     0         0      
       _lock.c.obj                      9      0         4      
       copy_zero_init.c.obj             13     0         0      
       args_main.c.obj                  12     0         0      
       copy_decompress_none.c.obj       8      0         0      
       pre_init.c.obj                   2      0         0      
       startup.c.obj                    1      0         0      
    +--+--------------------------------+------+---------+---------+
       Total:                           365    0         10     
                                                                
       Stack:                           0      0         512    
       Linker Generated:                0      28        0      
    +--+--------------------------------+------+---------+---------+
       Grand Total:                     3930   715       1014   


LINKER GENERATED COPY TABLES

__TI_cinit_table @ 00000140 records: 2, size/record: 4, table size: 8
	.data: load addr=0000012c, load size=0000000a bytes, run addr=0000b240, run size=0000009e bytes, compression=lzss
	.bss: load addr=0000013c, load size=00000004 bytes, run addr=0000a000, run size=00000028 bytes, compression=zero_init


LINKER GENERATED HANDLER TABLE

__TI_handler_table @ 00000136 records: 3, size/record: 2, table size: 6
	index: 0, handler: __TI_zero_init
	index: 1, handler: __TI_decompress_lzss
	index: 2, handler: __TI_decompress_none


GLOBAL DATA SYMBOLS: SORTED BY DATA PAGE

address     data page           name
--------    ----------------    ----
00000400      10 (00000400)     __stack

00000b00      2c (00000b00)     AdcaResultRegs

00000c00      30 (00000c00)     CpuTimer0Regs

00004100     104 (00004100)     EPwm2Regs

00007200     1c8 (00007200)     SciaRegs

0000a000     280 (0000a000)     st_Ad_Value
0000a014     280 (0000a000)     EE_Set

0000b240     2c9 (0000b240)     u16_WaitAdcStableCou
0000b242     2c9 (0000b240)     s16_Temp
0000b244     2c9 (0000b240)     MovAvg_AMP_A
0000b258     2c9 (0000b240)     MovAvg_AMP_B
0000b26c     2c9 (0000b240)     MovAvg_AMP_C

0000b280     2ca (0000b280)     MovAvg_VOL_A
0000b294     2ca (0000b280)     MovAvg_VOL_B
0000b2a8     2ca (0000b280)     MovAvg_VOL_C

0000b2c0     2cb (0000b2c0)     MovAvg_VOL
0000b2d4     2cb (0000b2c0)     __TI_enable_exit_profile_output
0000b2d6     2cb (0000b2c0)     __TI_cleanup_ptr
0000b2d8     2cb (0000b2c0)     __TI_dtors_ptr
0000b2da     2cb (0000b2c0)     _lock
0000b2dc     2cb (0000b2c0)     _unlock


GLOBAL SYMBOLS: SORTED ALPHABETICALLY BY Name 

page  address   name                             
----  -------   ----                             
0     0000aefb  AC_SoftRLY_init                  
1     00000b00  AdcaResultRegs                   
0     0000af10  BYPASS_init                      
0     0000b1b8  Board_init                       
0     0000ac66  C$$EXIT                          
0     0000b22a  C2000Ware_libraries_init         
0     0000b225  CPUTIMER_init                    
0     0000b115  CPUTimer_setEmulationMode        
0     0000ae16  Clr_ADC_Value                    
1     00000c00  CpuTimer0Regs                    
0     0000af8e  DC_SoftRLY_init                  
0     0000afa3  DetBTS_init                      
0     0000a6ff  Device_enableAllPeripherals      
0     0000ab70  Device_init                      
0     0000b14c  Device_initGPIO                  
0     0000a014  EE_Set                           
0     0000afb8  EN_AUX_init                      
1     00004100  EPwm2Regs                        
0     0000a2d8  Fast_speed_ADCRESULT_to_Reg      
0     0000afcd  GNDRLY_init                      
0     0000adac  GPIO_init                        
0     0000abda  GPIO_setDirectionMode            
0     0000a8f9  GPIO_setPadConfig                
0     0000aacb  GPIO_setPinConfig                
0     0000ab02  GPIO_setQualificationMode        
0     0000aff7  GreenT_init                      
0     0000b16b  INTERRUPT_init                   
0     0000aba6  INT_myCPUTIMER0_ISR              
0     0000acb3  Init_Def_EE_Set                  
0     0000aee5  Interrupt_defaultHandler         
0     0000ab39  Interrupt_enable                 
0     0000b1ce  Interrupt_illegalOperationHandler
0     0000aa16  Interrupt_initModule             
0     0000ad71  Interrupt_initVectorTable        
0     0000b1d8  Interrupt_nmiHandler             
0     0000b00c  LED_PonG_init                    
0     0000b021  LED_STG_init                     
0     0000b128  LED_STR_init                     
0     0000b244  MovAvg_AMP_A                     
0     0000b258  MovAvg_AMP_B                     
0     0000b26c  MovAvg_AMP_C                     
0     0000b2c0  MovAvg_VOL                       
0     0000b280  MovAvg_VOL_A                     
0     0000b294  MovAvg_VOL_B                     
0     0000b2a8  MovAvg_VOL_C                     
0     0000b036  NTC_IO_init                      
0     0000b04b  PWR_init                         
0     0000aa90  PinMux_init                      
0     0000ad16  SCI_init                         
0     0000b060  SW_On_init                       
1     00007200  SciaRegs                         
0     0000b20a  SysConfig                        
0     00000128  SysCtl_delay                     
0     0000a894  SysCtl_getClock                  
0     0000adfc  SysCtl_getLowSpeedClock          
0     0000a601  SysCtl_isPLLValid                
0     0000a9d4  SysCtl_selectOscSource           
0     0000aa53  SysCtl_selectXTAL                
0     0000acd6  SysCtl_selectXTALSingleEnded     
0     0000a4e0  SysCtl_setClock                  
0     00000140  __TI_CINIT_Base                  
0     00000148  __TI_CINIT_Limit                 
0     00000148  __TI_CINIT_Warm                  
0     00000136  __TI_Handler_Table_Base          
0     0000013c  __TI_Handler_Table_Limit         
0     00000600  __TI_STACK_END                   
abs   00000200  __TI_STACK_SIZE                  
0     0000ac3b  __TI_auto_init_nobinit_nopinit   
0     0000b2d6  __TI_cleanup_ptr                 
0     0000ac0b  __TI_decompress_lzss             
0     0000b1f3  __TI_decompress_none             
0     0000b2d8  __TI_dtors_ptr                   
0     0000b2d4  __TI_enable_exit_profile_output  
abs   ffffffff  __TI_pprof_out_hndl              
abs   ffffffff  __TI_prof_data_size              
abs   ffffffff  __TI_prof_data_start             
0     0000b19f  __TI_zero_init_nomemset          
0     0000a799  __c28xabi_divf                   
n/a   UNDEFED   __c_args__                       
0     0000b218  __error__                        
0     00000400  __stack                          
0     0000b1ac  _args_main                       
0     0000aeb8  _c_int00                         
0     0000b2da  _lock                            
0     0000b1ea  _nop                             
0     0000b1e6  _register_lock                   
0     0000b1e2  _register_unlock                 
0     0000b22b  _system_post_cinit               
0     0000b228  _system_pre_init                 
0     0000b2dc  _unlock                          
0     0000ac66  abort                            
0     00000000  code_start                       
0     0000ac68  exit                             
0     0000adc7  main                             
0     0000ad8f  memcpy                           
0     0000acf6  myCPUTIMER0_init                 
0     0000b242  s16_Temp                         
0     0000a000  st_Ad_Value                      
0     0000b240  u16_WaitAdcStableCou             


GLOBAL SYMBOLS: SORTED BY Symbol Address 

page  address   name                             
----  -------   ----                             
0     00000000  code_start                       
0     00000128  SysCtl_delay                     
0     00000136  __TI_Handler_Table_Base          
0     0000013c  __TI_Handler_Table_Limit         
0     00000140  __TI_CINIT_Base                  
0     00000148  __TI_CINIT_Limit                 
0     00000148  __TI_CINIT_Warm                  
0     00000400  __stack                          
0     00000600  __TI_STACK_END                   
0     0000a000  st_Ad_Value                      
0     0000a014  EE_Set                           
0     0000a2d8  Fast_speed_ADCRESULT_to_Reg      
0     0000a4e0  SysCtl_setClock                  
0     0000a601  SysCtl_isPLLValid                
0     0000a6ff  Device_enableAllPeripherals      
0     0000a799  __c28xabi_divf                   
0     0000a894  SysCtl_getClock                  
0     0000a8f9  GPIO_setPadConfig                
0     0000a9d4  SysCtl_selectOscSource           
0     0000aa16  Interrupt_initModule             
0     0000aa53  SysCtl_selectXTAL                
0     0000aa90  PinMux_init                      
0     0000aacb  GPIO_setPinConfig                
0     0000ab02  GPIO_setQualificationMode        
0     0000ab39  Interrupt_enable                 
0     0000ab70  Device_init                      
0     0000aba6  INT_myCPUTIMER0_ISR              
0     0000abda  GPIO_setDirectionMode            
0     0000ac0b  __TI_decompress_lzss             
0     0000ac3b  __TI_auto_init_nobinit_nopinit   
0     0000ac66  C$$EXIT                          
0     0000ac66  abort                            
0     0000ac68  exit                             
0     0000acb3  Init_Def_EE_Set                  
0     0000acd6  SysCtl_selectXTALSingleEnded     
0     0000acf6  myCPUTIMER0_init                 
0     0000ad16  SCI_init                         
0     0000ad71  Interrupt_initVectorTable        
0     0000ad8f  memcpy                           
0     0000adac  GPIO_init                        
0     0000adc7  main                             
0     0000adfc  SysCtl_getLowSpeedClock          
0     0000ae16  Clr_ADC_Value                    
0     0000aeb8  _c_int00                         
0     0000aee5  Interrupt_defaultHandler         
0     0000aefb  AC_SoftRLY_init                  
0     0000af10  BYPASS_init                      
0     0000af8e  DC_SoftRLY_init                  
0     0000afa3  DetBTS_init                      
0     0000afb8  EN_AUX_init                      
0     0000afcd  GNDRLY_init                      
0     0000aff7  GreenT_init                      
0     0000b00c  LED_PonG_init                    
0     0000b021  LED_STG_init                     
0     0000b036  NTC_IO_init                      
0     0000b04b  PWR_init                         
0     0000b060  SW_On_init                       
0     0000b115  CPUTimer_setEmulationMode        
0     0000b128  LED_STR_init                     
0     0000b14c  Device_initGPIO                  
0     0000b16b  INTERRUPT_init                   
0     0000b19f  __TI_zero_init_nomemset          
0     0000b1ac  _args_main                       
0     0000b1b8  Board_init                       
0     0000b1ce  Interrupt_illegalOperationHandler
0     0000b1d8  Interrupt_nmiHandler             
0     0000b1e2  _register_unlock                 
0     0000b1e6  _register_lock                   
0     0000b1ea  _nop                             
0     0000b1f3  __TI_decompress_none             
0     0000b20a  SysConfig                        
0     0000b218  __error__                        
0     0000b225  CPUTIMER_init                    
0     0000b228  _system_pre_init                 
0     0000b22a  C2000Ware_libraries_init         
0     0000b22b  _system_post_cinit               
0     0000b240  u16_WaitAdcStableCou             
0     0000b242  s16_Temp                         
0     0000b244  MovAvg_AMP_A                     
0     0000b258  MovAvg_AMP_B                     
0     0000b26c  MovAvg_AMP_C                     
0     0000b280  MovAvg_VOL_A                     
0     0000b294  MovAvg_VOL_B                     
0     0000b2a8  MovAvg_VOL_C                     
0     0000b2c0  MovAvg_VOL                       
0     0000b2d4  __TI_enable_exit_profile_output  
0     0000b2d6  __TI_cleanup_ptr                 
0     0000b2d8  __TI_dtors_ptr                   
0     0000b2da  _lock                            
0     0000b2dc  _unlock                          
1     00000b00  AdcaResultRegs                   
1     00000c00  CpuTimer0Regs                    
1     00004100  EPwm2Regs                        
1     00007200  SciaRegs                         
abs   00000200  __TI_STACK_SIZE                  
abs   ffffffff  __TI_pprof_out_hndl              
abs   ffffffff  __TI_prof_data_size              
abs   ffffffff  __TI_prof_data_start             
n/a   UNDEFED   __c_args__                       

[99 symbols]
