******************************************************************************
             TMS320C2000 Linker PC v22.6.1                     
******************************************************************************
>> Linked Fri Aug 22 16:07:39 2025

OUTPUT FILE NAME:   <AD500(modify_Fan_NoID_2).out>
ENTRY POINT SYMBOL: "code_start"  address: 00080000


MEMORY CONFIGURATION

         name            origin    length      used     unused   attr    fill
----------------------  --------  ---------  --------  --------  ----  --------
PAGE 0:
  BOOT_RSVD             00000002   00000126  00000000  00000126  RWIX
  RAMM0                 00000128   000002d8  00000000  000002d8  RWIX
  RAMM1                 00000400   000003f8  00000200  000001f8  RWIX
  RAMLS4567             0000a000   00002000  000005c0  00001a40  RWIX
  RAMGS0                0000c000   000007f8  00000123  000006d5  RWIX
  BEGIN                 00080000   00000002  00000002  00000000  RWIX
  FLASH_BANK0_SEC0      00080002   00000ffe  00000000  00000ffe  RWIX
  FLASH_BANK0_SEC1      00081000   00001000  00000c9a  00000366  RWIX
  FLASH_BANK0_SEC2      00082000   00001000  00001000  00000000  RWIX
  FLASH_BANK0_SEC3      00083000   00001000  00001000  00000000  RWIX
  FLASH_BANK0_SEC4      00084000   00001000  00001000  00000000  RWIX
  FLASH_BANK0_SEC5      00085000   00001000  00001000  00000000  RWIX
  FLASH_BANK0_SEC6      00086000   00001000  00001000  00000000  RWIX
  FLASH_BANK0_SEC7      00087000   00001000  00000000  00001000  RWIX
  FLASH_BANK0_SEC8      00088000   00001000  00000fd9  00000027  RWIX
  FLASH_BANK0_SEC9      00089000   00001000  00000000  00001000  RWIX
  FLASH_BANK0_SEC10     0008a000   00001000  00000000  00001000  RWIX
  FLASH_BANK0_SEC11     0008b000   00001000  00000000  00001000  RWIX
  FLASH_BANK0_SEC12     0008c000   00001000  00000000  00001000  RWIX
  FLASH_BANK0_SEC13     0008d000   00001000  00000000  00001000  RWIX
  FLASH_BANK0_SEC14     0008e000   00001000  00000000  00001000  RWIX
  FLASH_BANK0_SEC15     0008f000   00000ff0  00000000  00000ff0  RWIX
  BOOTROM               003f0000   00008000  00000000  00008000  RWIX
  BOOTROM_EXT           003f8000   00007fc0  00000000  00007fc0  RWIX
  RESET                 003fffc0   00000002  00000000  00000002  RWIX

PAGE 1:
  ADCARESULT            00000b00   00000018  00000018  00000000  RWIX
  ADCCRESULT            00000b40   00000018  00000018  00000000  RWIX
  CPUTIMER0             00000c00   00000008  00000008  00000000  RWIX
  CPUTIMER1             00000c08   00000008  00000008  00000000  RWIX
  CPUTIMER2             00000c10   00000008  00000000  00000008  RWIX
  PIECTRL               00000ce0   0000001a  0000001a  00000000  RWIX
  PIEVECTTABLE          00000d00   00000200  00000000  00000200  RWIX
  DMA                   00001000   00000200  00000000  00000200  RWIX
  CLB1LOGICCFG          00003000   00000052  00000000  00000052  RWIX
  CLB1LOGICCTRL         00003100   00000040  00000000  00000040  RWIX
  CLB1DATAEXCH          00003180   00000080  00000000  00000080  RWIX
  CLB2LOGICCFG          00003400   00000052  00000000  00000052  RWIX
  CLB2LOGICCTRL         00003500   00000040  00000000  00000040  RWIX
  CLB2DATAEXCH          00003580   00000080  00000000  00000080  RWIX
  EPWM1                 00004000   00000100  00000100  00000000  RWIX
  EPWM2                 00004100   00000100  00000000  00000100  RWIX
  EPWM3                 00004200   00000100  00000100  00000000  RWIX
  EPWM4                 00004300   00000100  00000100  00000000  RWIX
  EPWM5                 00004400   00000100  00000100  00000000  RWIX
  EPWM6                 00004500   00000100  00000000  00000100  RWIX
  EPWM7                 00004600   00000100  00000000  00000100  RWIX
  EQEP1                 00005100   00000040  00000000  00000040  RWIX
  EQEP2                 00005140   00000040  00000000  00000040  RWIX
  ECAP1                 00005200   00000020  00000020  00000000  RWIX
  ECAP2                 00005240   00000020  00000000  00000020  RWIX
  ECAP3                 00005280   00000020  00000000  00000020  RWIX
  HRCAP3                000052a0   00000020  00000000  00000020  RWIX
  CMPSS1                00005c80   00000020  00000000  00000020  RWIX
  CMPSS2                00005ca0   00000020  00000000  00000020  RWIX
  CMPSS3                00005cc0   00000020  00000000  00000020  RWIX
  CMPSS4                00005ce0   00000020  00000000  00000020  RWIX
  SPIA                  00006100   00000010  00000000  00000010  RWIX
  SPIB                  00006110   00000010  00000000  00000010  RWIX
  BGCRCCPU              00006340   00000040  00000000  00000040  RWIX
  PMBUSA                00006400   00000020  00000000  00000020  RWIX
  HIC                   00006500   00000080  00000000  00000080  RWIX
  FSITXA                00006600   00000050  00000000  00000050  RWIX
  FSIRXA                00006680   00000050  00000000  00000050  RWIX
  LINA                  00006a00   000000ec  00000000  000000ec  RWIX
  LINB                  00006b00   000000ec  00000000  000000ec  RWIX
  WD                    00007000   0000002c  00000000  0000002c  RWIX
  NMIINTRUPT            00007060   00000010  00000000  00000010  RWIX
  XINT                  00007070   0000000c  00000000  0000000c  RWIX
  SCIA                  00007200   00000010  00000010  00000000  RWIX
  I2CA                  00007300   00000022  00000022  00000000  RWIX
  I2CB                  00007340   00000022  00000000  00000022  RWIX
  ADCA                  00007400   00000080  00000000  00000080  RWIX
  ADCC                  00007500   00000080  00000000  00000080  RWIX
  INPUTXBAR             00007900   00000020  00000000  00000020  RWIX
  XBAR                  00007920   00000020  00000000  00000020  RWIX
  SYNCSOC               00007940   00000006  00000000  00000006  RWIX
  CLBINPUTXBAR          00007960   00000020  00000000  00000020  RWIX
  DMACLASRCSEL          00007980   0000001a  00000000  0000001a  RWIX
  EPWMXBAR              00007a00   00000040  00000000  00000040  RWIX
  CLBXBAR               00007a40   00000040  00000000  00000040  RWIX
  OUTPUTXBAR            00007a80   00000040  00000000  00000040  RWIX
  CLBOUTPUTXBAR         00007bc0   00000040  00000000  00000040  RWIX
  GPIOCTRL              00007c00   00000200  00000000  00000200  RWIX
  GPIODATA              00007f00   00000040  0000003a  00000006  RWIX
  GPIODATAREAD          00007f80   00000010  00000000  00000010  RWIX
  CANA                  00048000   00000200  00000000  00000200  RWIX
  DEVCFG                0005d000   000001ac  00000000  000001ac  RWIX
  CLKCFG                0005d200   00000100  00000000  00000100  RWIX
  CPUSYS                0005d300   000000a0  00000000  000000a0  RWIX
  SYSPERIPHAC           0005d500   00000200  00000000  00000200  RWIX
  ANALOGSUBSYS          0005d700   00000100  00000000  00000100  RWIX
  DCC0                  0005e700   00000038  00000000  00000038  RWIX
  DCC1                  0005e740   00000038  00000000  00000038  RWIX
  ERADGLOBAL            0005e800   00000014  00000000  00000014  RWIX
  ERADHWBP1             0005e900   00000008  00000000  00000008  RWIX
  ERADHWBP2             0005e908   00000008  00000000  00000008  RWIX
  ERADHWBP3             0005e910   00000008  00000000  00000008  RWIX
  ERADHWBP4             0005e918   00000008  00000000  00000008  RWIX
  ERADHWBP5             0005e920   00000008  00000000  00000008  RWIX
  ERADHWBP6             0005e928   00000008  00000000  00000008  RWIX
  ERADHWBP7             0005e930   00000008  00000000  00000008  RWIX
  ERADHWBP8             0005e938   00000008  00000000  00000008  RWIX
  ERADCOUNTER1          0005e980   00000010  00000000  00000010  RWIX
  ERADCOUNTER2          0005e990   00000010  00000000  00000010  RWIX
  ERADCOUNTER3          0005e9a0   00000010  00000000  00000010  RWIX
  ERADCOUNTER4          0005e9b0   00000010  00000000  00000010  RWIX
  ERADCRCGLOBAL         0005ea00   00000010  00000000  00000010  RWIX
  ERADCRC1              0005ea10   00000010  00000000  00000010  RWIX
  ERADCRC2              0005ea20   00000010  00000000  00000010  RWIX
  ERADCRC3              0005ea30   00000010  00000000  00000010  RWIX
  ERADCRC4              0005ea40   00000010  00000000  00000010  RWIX
  ERADCRC5              0005ea50   00000010  00000000  00000010  RWIX
  ERADCRC6              0005ea60   00000010  00000000  00000010  RWIX
  ERADCRC7              0005ea70   00000010  00000000  00000010  RWIX
  ERADCRC8              0005ea80   00000010  00000000  00000010  RWIX
  DCSMBANK0Z1           0005f000   00000024  00000000  00000024  RWIX
  DCSMBANK0Z2           0005f040   00000024  00000000  00000024  RWIX
  DCSMCOMMON            0005f070   00000010  00000000  00000010  RWIX
  MEMCFG                0005f400   000000c0  00000000  000000c0  RWIX
  ACCESSPROTECTION      0005f500   0000003e  00000000  0000003e  RWIX
  MEMORYERROR           0005f540   00000040  00000000  00000040  RWIX
  TESTERROR             0005f590   00000010  00000000  00000010  RWIX
  FLASH0CTRL            0005f800   00000182  00000000  00000182  RWIX
  FLASH0ECC             0005fb00   00000028  00000000  00000028  RWIX
  DCSMBANK0Z1OTP        00078000   00000020  00000000  00000020  RWIX
  DCSMBANK0Z2OTP        00078200   00000020  00000000  00000020  RWIX


SECTION ALLOCATION MAP

 output                                  attributes/
section   page    origin      length       input sections
--------  ----  ----------  ----------   ----------------
codestart 
*          0    00080000    00000002     
                  00080000    00000002     f28002x_codestartbranch.obj (codestart)

.switch    0    00081b88    000000a8     
                  00081b88    00000054     RS232.obj (.switch:Ask_Sett)
                  00081bdc    00000054     RS232.obj (.switch:Go_Sett)

.cinit     0    00081c30    00000072     
                  00081c30    0000005f     (.cinit..data.load) [load image, compression = lzss]
                  00081c8f    00000001     --HOLE-- [fill = 0]
                  00081c90    00000006     (__TI_handler_table)
                  00081c96    00000004     (.cinit..bss.load) [load image, compression = zero_init]
                  00081c9a    00000008     (__TI_cinit_table)

.reset     0    003fffc0    00000000     DSECT

.stack     0    00000400    00000200     UNINITIALIZED
                  00000400    00000200     --HOLE--

.init_array 
*          0    00081000    00000000     UNINITIALIZED

.bss       0    0000a000    0000042a     UNINITIALIZED
                  0000a000    000001c0     SysConfig.obj (.bss)
                  0000a1c0    00000100     ModBus.obj (.bss:response)
                  0000a2c0    00000074     ModBus.obj (.bss:InputReg)
                  0000a334    00000008     RS232.obj (.bss)
                  0000a33c    00000004     ModBus.obj (.bss)
                  0000a340    00000050     Protection.obj (.bss)
                  0000a390    0000002c     ADC.obj (.bss)
                  0000a3bc    00000002     CalDeltaVRMT.obj (.bss)
                  0000a3be    00000002     ModBus.obj (.bss:CoilsReg)
                  0000a3c0    00000025     main.obj (.bss)
                  0000a3e5    00000001     Ok_signal.obj (.bss)
                  0000a3e6    00000016     FanControl.obj (.bss)
                  0000a3fc    00000011     ModBus.obj (.bss:HoldingReg)
                  0000a40d    00000008     ModBus.obj (.bss:buffer)
                  0000a415    00000001     Timer.obj (.bss)
                  0000a416    00000006     Freedforward.obj (.bss)
                  0000a41c    00000006     PFC_Drive.obj (.bss)
                  0000a422    00000006     PWM.obj (.bss)
                  0000a428    00000002     PMbus.obj (.bss:txData)

.data      0    0000a440    00000196     UNINITIALIZED
                  0000a440    000000b0     I2c_eeprom.obj (.data)
                  0000a4f0    00000010     PWM.obj (.data)
                  0000a500    00000040     ADC.obj (.data)
                  0000a540    00000020     RS232.obj (.data:SciRx)
                  0000a560    00000020     RS232.obj (.data:SciTx)
                  0000a580    0000001a     RS232.obj (.data)
                  0000a59a    0000000e     Compensation.obj (.data)
                  0000a5a8    0000000a     FanControl.obj (.data)
                  0000a5b2    00000006     Ok_signal.obj (.data)
                  0000a5b8    00000006     rts2800_fpu32_eabi.lib : exit.c.obj (.data)
                  0000a5be    00000002                            : _lock.c.obj (.data:_lock)
                  0000a5c0    00000005     ModBus.obj (.data)
                  0000a5c5    00000005     Timer.obj (.data)
                  0000a5ca    00000004     Protection.obj (.data)
                  0000a5ce    00000003     LED_signal.obj (.data)
                  0000a5d1    00000003     PMbus.obj (.data)
                  0000a5d4    00000002     rts2800_fpu32_eabi.lib : _lock.c.obj (.data:_unlock)

.const     0    00081000    00000a5d     
                  00081000    00000241     RS232.obj (.const:.string)
                  00081241    00000001     --HOLE-- [fill = 0]
                  00081242    000001e6     board.obj (.const:.string)
                  00081428    0000010f     SysConfig.obj (.const:.string)
                  00081537    00000001     --HOLE-- [fill = 0]
                  00081538    0000009b     driverlib.lib : flash.obj (.const:.string)
                  000815d3    00000001     --HOLE-- [fill = 0]
                  000815d4    0000009a                   : sysctl.obj (.const:.string)
                  0008166e    00000098                   : epwm.obj (.const:.string)
                  00081706    00000098                   : gpio.obj (.const:.string)
                  0008179e    00000059     device.obj (.const:.string)
                  000817f7    00000001     --HOLE-- [fill = 0]
                  000817f8    00000051     driverlib.lib : interrupt.obj (.const:.string)
                  00081849    00000001     --HOLE-- [fill = 0]
                  0008184a    00000050                   : cputimer.obj (.const:.string)
                  0008189a    0000004d                   : cmpss.obj (.const:.string)
                  000818e7    00000001     --HOLE-- [fill = 0]
                  000818e8    0000004c                   : ecap.obj (.const:.string)
                  00081934    0000004c                   : xbar.obj (.const:.string)
                  00081980    0000004b                   : i2c.obj (.const:.string)
                  000819cb    00000001     --HOLE-- [fill = 0]
                  000819cc    00000043     PMbus.obj (.const:.string)
                  00081a0f    00000001     --HOLE-- [fill = 0]
                  00081a10    00000043     main.obj (.const:.string)
                  00081a53    00000005     RS232.obj (.const:RS232LimitH)
                  00081a58    00000005     RS232.obj (.const:RS232LimitL)

.TI.ramfunc 
*          0    00081a60    00000123     RUN ADDR = 0000c000
                  00081a60    0000003f     driverlib.lib : flash.obj (.TI.ramfunc:Flash_initModule)
                  00081a9f    0000002c                   : flash.obj (.TI.ramfunc:Flash_setBankPowerMode)
                  00081acb    00000023                   : flash.obj (.TI.ramfunc:Flash_setWaitstates)
                  00081aee    0000001d                   : flash.obj (.TI.ramfunc:Flash_setPumpPowerMode)
                  00081b0b    00000018                   : flash.obj (.TI.ramfunc:Flash_disableCache)
                  00081b23    00000018                   : flash.obj (.TI.ramfunc:Flash_disablePrefetch)
                  00081b3b    00000017                   : flash.obj (.TI.ramfunc:Flash_enableCache)
                  00081b52    00000017                   : flash.obj (.TI.ramfunc:Flash_enablePrefetch)
                  00081b69    00000016                   : flash.obj (.TI.ramfunc:Flash_enableECC)
                  00081b7f    00000004                   : sysctl.obj (.TI.ramfunc)

AdcaResultRegsFile 
*          1    00000b00    00000018     UNINITIALIZED
                  00000b00    00000018     f28002x_globalvariabledefs.obj (AdcaResultRegsFile)

AdccResultRegsFile 
*          1    00000b40    00000018     UNINITIALIZED
                  00000b40    00000018     f28002x_globalvariabledefs.obj (AdccResultRegsFile)

CpuTimer0RegsFile 
*          1    00000c00    00000008     UNINITIALIZED
                  00000c00    00000008     f28002x_globalvariabledefs.obj (CpuTimer0RegsFile)

CpuTimer1RegsFile 
*          1    00000c08    00000008     UNINITIALIZED
                  00000c08    00000008     f28002x_globalvariabledefs.obj (CpuTimer1RegsFile)

ECap1RegsFile 
*          1    00005200    00000020     UNINITIALIZED
                  00005200    00000020     f28002x_globalvariabledefs.obj (ECap1RegsFile)

EPwm1RegsFile 
*          1    00004000    00000100     UNINITIALIZED
                  00004000    00000100     f28002x_globalvariabledefs.obj (EPwm1RegsFile)

EPwm3RegsFile 
*          1    00004200    00000100     UNINITIALIZED
                  00004200    00000100     f28002x_globalvariabledefs.obj (EPwm3RegsFile)

EPwm4RegsFile 
*          1    00004300    00000100     UNINITIALIZED
                  00004300    00000100     f28002x_globalvariabledefs.obj (EPwm4RegsFile)

EPwm5RegsFile 
*          1    00004400    00000100     UNINITIALIZED
                  00004400    00000100     f28002x_globalvariabledefs.obj (EPwm5RegsFile)

GpioDataRegsFile 
*          1    00007f00    0000003a     UNINITIALIZED
                  00007f00    0000003a     f28002x_globalvariabledefs.obj (GpioDataRegsFile)

I2caRegsFile 
*          1    00007300    00000022     UNINITIALIZED
                  00007300    00000022     f28002x_globalvariabledefs.obj (I2caRegsFile)

PieCtrlRegsFile 
*          1    00000ce0    0000001a     UNINITIALIZED
                  00000ce0    0000001a     f28002x_globalvariabledefs.obj (PieCtrlRegsFile)

SciaRegsFile 
*          1    00007200    00000010     UNINITIALIZED
                  00007200    00000010     f28002x_globalvariabledefs.obj (SciaRegsFile)

.text.1    0    00082000    00001000     
                  00082000    00000adf     RS232.obj (.text:UserFace)
                  00082adf    0000037a     RS232.obj (.text:Go_Sett)
                  00082e59    00000198     I2c_eeprom.obj (.text:EE_Set_To_EEprom)
                  00082ff1    0000000f     board.obj (.text:Interrupt_register)

.text.2    0    00083000    00001000     
                  00083000    0000032b     board.obj (.text:EPWM_init)
                  0008332b    000001ec     RS232.obj (.text:Ask_Sett)
                  00083517    000001c6     ModBus.obj (.text:UpdateWriteHoldingRegister)
                  000836dd    000001c5     RS232.obj (.text:Test_ControlBoard)
                  000838a2    000001c2     Compensation.obj (.text:Master_Compensation)
                  00083a64    00000198     I2c_eeprom.obj (.text:EEprom_To_EE_Set)
                  00083bfc    00000160     ModBus.obj (.text:Modbus_ProcessReadHoldingRegisters)
                  00083d5c    00000138     ADC.obj (.text:Low_speed_ADCRESULT_to_Reg)
                  00083e94    00000121     driverlib.lib : sysctl.obj (.text:SysCtl_setClock)
                  00083fb5    0000004b     SysConfig.obj (.text:EPWM_setInterruptSource)

.text.3    0    00084000    00001000     
                  00084000    00000112     board.obj (.text:PinMux_init)
                  00084112    000000fe     Compensation.obj (.text:Slave_Compensation)
                  00084210    000000fe     driverlib.lib : sysctl.obj (.text:SysCtl_isPLLValid)
                  0008430e    000000fc     SysConfig.obj (.text:Load_Filter_Par)
                  0008440a    000000cf     Protection.obj (.text:Init_Protection)
                  000844d9    000000c9     ModBus.obj (.text:UpdateReadInputRegister)
                  000845a2    000000c8     board.obj (.text:myADC1_init)
                  0008466a    000000b4     ADC.obj (.text:TranTemp_NTC)
                  0008471e    000000af     SysConfig.obj (.text:Init_SetPar_PWM)
                  000847cd    000000a9     PWM.obj (.text:PWM_init)
                  00084876    0000009a     device.obj (.text:Device_enableAllPeripherals)
                  00084910    0000009a     RS232.obj (.text:RS232_DATA)
                  000849aa    0000008d     ModBus.obj (.text:Modbus_Receive)
                  00084a37    0000008b     I2c_eeprom.obj (.text:ReadEEWorld)
                  00084ac2    0000008a     SysConfig.obj (.text:User_Tr_Opt)
                  00084b4c    00000089     PWM.obj (.text:ComToCMPx)
                  00084bd5    00000089     PID.obj (.text:pi_run)
                  00084c5e    00000088     rts2800_fpu32_eabi.lib : fs_div28.asm.obj (.text)
                  00084ce6    00000085     SysConfig.obj (.text:Init_SetPar_eCAP)
                  00084d6b    00000085     Protection.obj (.text:Low_speed_Protection)
                  00084df0    00000085     PID.obj (.text:Reduce_Ui)
                  00084e75    00000083     main.obj (.text:main)
                  00084ef8    00000083     board.obj (.text:myADC0_init)
                  00084f7b    00000082     Freedforward.obj (.text:DetVinType)
                  00084ffd    00000003     board.obj (.text:CMPSS_init)

.text.4    0    00085000    00001000     
                  00085000    00000081     SysConfig.obj (.text:SFT_To_DeltaVI)
                  00085081    0000007f     driverlib.lib : interrupt.obj (.text:Interrupt_clearIFR)
                  00085100    0000007f     PFC_Drive.obj (.text:PFC_Operation)
                  0008517f    00000074     FanControl.obj (.text:DrFan)
                  000851f3    00000073     driverlib.lib : sysctl.obj (.text:DCC_setCounterSeeds)
                  00085266    00000072     board.obj (.text:myCMPSS0_init)
                  000852d8    00000071     ADC.obj (.text:Fast_speed_ADCRESULT_to_Reg)
                  00085349    00000071     Filter.obj (.text:Go_Filter)
                  000853ba    00000071     SysConfig.obj (.text:SysConfig)
                  0008542b    0000006b     ADC.obj (.text:ADC_2_Vtrim)
                  00085496    00000068     LED_signal.obj (.text:LED_Control)
                  000854fe    00000065     I2c_eeprom.obj (.text:InitEEpromData)
                  00085563    00000065     driverlib.lib : sysctl.obj (.text:SysCtl_getClock)
                  000855c8    00000064                   : i2c.obj (.text:I2C_initController)
                  0008562c    00000063     I2c_eeprom.obj (.text:WriteEEWorld)
                  0008568f    0000005c     FanControl.obj (.text:Init_FanControl)
                  000856eb    0000005a     I2c_eeprom.obj (.text:EEprom_To_User_Set)
                  00085745    00000059     main.obj (.text:INT_myCPUTIMER0_ISR)
                  0008579e    00000059     I2c_eeprom.obj (.text:User_Set_To_EEprom)
                  000857f7    00000057     SysConfig.obj (.text:InitI2C)
                  0008584e    00000057     main.obj (.text:sciaRxFifoIsr)
                  000858a5    00000056     RS232.obj (.text:SciReceive)
                  000858fb    00000055     main.obj (.text:INT_myCPUTIMER1_ISR)
                  00085950    00000054     PWM.obj (.text:DrPWM)
                  000859a4    00000053     PID.obj (.text:Math_CurLoop_KiSum)
                  000859f7    00000052     Compensation.obj (.text:DecodeVIref)
                  00085a49    00000052     driverlib.lib : gpio.obj (.text:GPIO_setPadConfig)
                  00085a9b    00000050     ADC.obj (.text:ADC_2_VCIorACI)
                  00085aeb    0000004f     SysConfig.obj (.text:Get_ID)
                  00085b3a    0000004e     driverlib.lib : interrupt.obj (.text:Interrupt_disable)
                  00085b88    0000004e     main.obj (.text:i2cB_ISR)
                  00085bd6    0000004c     SysConfig.obj (.text:Init_Def_EE_Set)
                  00085c22    0000004c     RS232.obj (.text:RS232_UNDATA)
                  00085c6e    0000004a     SysConfig.obj (.text:Init_PMbus)
                  00085cb8    00000049     driverlib.lib : cmpss.obj (.text:CMPSS_configFilterHigh)
                  00085d01    00000049                   : cmpss.obj (.text:CMPSS_configFilterLow)
                  00085d4a    00000049     device.obj (.text:Device_init)
                  00085d93    00000049     Ok_signal.obj (.text:Dr_DC_Ok_signal)
                  00085ddc    00000048     ADC.obj (.text:AC_ADCRESULT_to_Reg)
                  00085e24    00000048     driverlib.lib : cmpss.obj (.text:CMPSS_configRamp)
                  00085e6c    00000048     main.obj (.text:INT_myEPWM0_TZ_ISR)
                  00085eb4    00000047     ModBus.obj (.text:UpdateWriteCoilsRegister)
                  00085efb    00000046     driverlib.lib : gpio.obj (.text:GPIO_setAnalogMode)
                  00085f41    00000046     board.obj (.text:XBAR_invertOutputSignal)
                  00085f87    00000046     board.obj (.text:XBAR_setOutputLatchMode)
                  00085fcd    00000033     SysConfig.obj (.text:Load_Rate_To_Max)

.text.5    0    00086000    00001000     
                  00086000    00000045     Protection.obj (.text:CalOutProLimit)
                  00086045    00000045     driverlib.lib : sysctl.obj (.text:SysCtl_pollX1Counter)
                  0008608a    00000044     SysConfig.obj (.text:GPIO_writePin)
                  000860ce    00000044     board.obj (.text:GPIO_writePin)
                  00086112    00000042     driverlib.lib : sysctl.obj (.text:SysCtl_selectOscSource)
                  00086154    00000040     SysConfig.obj (.text:EPWM_setActionQualifierAction)
                  00086194    00000040     board.obj (.text:EPWM_setActionQualifierAction)
                  000861d4    0000003e     SysConfig.obj (.text:EPWM_setCounterCompareShadowLoadMode)
                  00086212    0000003e     board.obj (.text:EPWM_setCounterCompareShadowLoadMode)
                  00086250    0000003e     Compensation.obj (.text:EncodeVIref)
                  0008628e    0000003d     driverlib.lib : interrupt.obj (.text:Interrupt_initModule)
                  000862cb    0000003d                   : sysctl.obj (.text:SysCtl_selectXTAL)
                  00086308    0000003c     Protection.obj (.text:OxP_Protect)
                  00086344    0000003c     Protection.obj (.text:UxP_Protect)
                  00086380    0000003a     ModBus.obj (.text:UpdateReadHoldingRegister)
                  000863ba    00000038     SysConfig.obj (.text:Master_Set_Cur_PID)
                  000863f2    00000038     SysConfig.obj (.text:Master_Set_Vol_PID)
                  0008642a    00000038     PMbus.obj (.text:PMbus_Receive)
                  00086462    00000038     driverlib.lib : xbar.obj (.text:XBAR_setOutputMuxConfig)
                  0008649a    00000037     board.obj (.text:EPWM_setFallingEdgeDeadBandDelayInput)
                  000864d1    00000037     driverlib.lib : gpio.obj (.text:GPIO_setPinConfig)
                  00086508    00000037                   : gpio.obj (.text:GPIO_setQualificationMode)
                  0008653f    00000037                   : interrupt.obj (.text:Interrupt_enable)
                  00086576    00000037     RS232.obj (.text:PWM2GPIO)
                  000865ad    00000036     board.obj (.text:ADC_setupSOC)
                  000865e3    00000036     CalDeltaVRMT.obj (.text:CalDeltaVrmt)
                  00086619    00000035     FanControl.obj (.text:ParToFanSpeed)
                  0008664e    00000034     board.obj (.text:EPWM_selectDigitalCompareCBCLatchClearEvent)
                  00086682    00000034     board.obj (.text:EPWM_setDigitalCompareCBCLatchMode)
                  000866b6    00000031     driverlib.lib : gpio.obj (.text:GPIO_setDirectionMode)
                  000866e7    00000030     rts2800_fpu32_eabi.lib : copy_decompress_lzss.c.obj (.text:decompress:lzss)
                  00086717    0000002f     board.obj (.text:ADC_setInterruptSource)
                  00086746    0000002f     RS232.obj (.text:TxResponse)
                  00086775    0000002f     driverlib.lib : xbar.obj (.text:XBAR_setEPWMMuxConfig)
                  000867a4    0000002e     board.obj (.text:ADC_setInterruptSOCTrigger)
                  000867d2    0000002e     ADC.obj (.text:Clr_ADC_Value)
                  00086800    0000002e     RS232.obj (.text:SciSend_RS232)
                  0008682e    0000002d     PMbus.obj (.text:float_to_linear11)
                  0008685b    0000002c     board.obj (.text:EPWM_setActionQualifierContSWForceAction)
                  00086887    0000002c     board.obj (.text:EPWM_setDeadBandDelayMode)
                  000868b3    0000002b     driverlib.lib : cmpss.obj (.text:CMPSS_configLatchOnPWMSYNC)
                  000868de    0000002b     SysConfig.obj (.text:ECAP_setCaptureMode)
                  00086909    0000002b     driverlib.lib : i2c.obj (.text:I2C_enableInterrupt)
                  00086934    0000002b     RS232.obj (.text:MathTempTo232)
                  0008695f    0000002b     RS232.obj (.text:Respone_INFO)
                  0008698a    0000002b     rts2800_fpu32_eabi.lib : autoinit.c.obj (.text:__TI_auto_init_nobinit_nopinit)
                  000869b5    0000002a     I2c_eeprom.obj (.text:INFO_Write_To_EEprom)
                  000869df    00000029     PFC_Drive.obj (.text:Det_VAC_Stable)
                  00086a08    00000029     ModBus.obj (.text:Modbus_SendException)
                  00086a31    00000029     rts2800_fpu32_eabi.lib : exit.c.obj (.text)
                  00086a5a    00000028     SysConfig.obj (.text:ECAP_setEventPrescaler)
                  00086a82    00000028     board.obj (.text:EPWM_selectDigitalCompareTripInput)
                  00086aaa    00000028     SysConfig.obj (.text:EPWM_setInterruptEventCount)
                  00086ad2    00000028     ModBus.obj (.text:Modbus_CalculateCRC)
                  00086afa    00000028     SysConfig.obj (.text:Slave_Set_Par_PID)
                  00086b22    00000028     SysConfig.obj (.text:Slave_Set_Stack_Vol_PID)
                  00086b4a    00000027     SysConfig.obj (.text:EPWM_isBaseValid)
                  00086b71    00000027     board.obj (.text:EPWM_isBaseValid)
                  00086b98    00000027     driverlib.lib : epwm.obj (.text:EPWM_isBaseValid)
                  00086bbf    00000027     board.obj (.text:EPWM_setTripZoneAdvAction)
                  00086be6    00000027     board.obj (.text:EPWM_setTripZoneAdvDigitalCompareActionA)
                  00086c0d    00000027     board.obj (.text:EPWM_setTripZoneAdvDigitalCompareActionB)
                  00086c34    00000027     board.obj (.text:HRPWM_setSyncPulseSource)
                  00086c5b    00000026     Protection.obj (.text:Fast_speed_Protection)
                  00086c81    00000025     board.obj (.text:CMPSS_configBlanking)
                  00086ca6    00000025     SysConfig.obj (.text:ECAP_setEventPolarity)
                  00086ccb    00000025     board.obj (.text:INTERRUPT_init)
                  00086cf0    00000025     Compensation.obj (.text:SFT_CXref2CX)
                  00086d15    00000025     board.obj (.text:myCPUTIMER0_init)
                  00086d3a    00000025     Timer.obj (.text:time_counter)
                  00086d5f    00000024     driverlib.lib : sysctl.obj (.text:DCC_enableSingleShotMode)
                  00086d83    00000024     board.obj (.text:EPWM_setupEPWMLinks)
                  00086da7    00000024     board.obj (.text:myCPUTIMER1_init)
                  00086dcb    00000023     I2c_eeprom.obj (.text:EEprom_To_INFO)
                  00086dee    00000023     SysConfig.obj (.text:ISLE_To_DeltaI)
                  00086e11    00000023     PMbus.obj (.text:PMbus_Send)
                  00086e34    00000023     SysConfig.obj (.text:VSLE_To_DeltaV)
                  00086e57    00000022     SysConfig.obj (.text:EPWM_setCounterCompareValue)
                  00086e79    00000022     board.obj (.text:EPWM_setCounterCompareValue)
                  00086e9b    00000022     board.obj (.text:EPWM_setTripZoneDigitalCompareEventCondition)
                  00086ebd    00000021     board.obj (.text:ADC_disableContinuousMode)
                  00086ede    00000021     board.obj (.text:EPWM_enableGlobalLoadRegisters)
                  00086eff    00000021     driverlib.lib : i2c.obj (.text:I2C_clearInterruptStatus)
                  00086f20    00000020     board.obj (.text:ADC_enableInterrupt)
                  00086f40    00000020     driverlib.lib : adc.obj (.text:ADC_setOffsetTrimAll)
                  00086f60    00000020     board.obj (.text:ASysCtl_selectCMPHPMux)
                  00086f80    00000020     board.obj (.text:ASysCtl_selectCMPLPMux)
                  00086fa0    00000020     driverlib.lib : sysctl.obj (.text:SysCtl_selectXTALSingleEnded)
                  00086fc0    0000001f     SysConfig.obj (.text:ECAP_enableInterrupt)
                  00086fdf    0000001f     board.obj (.text:EPWM_selectCycleByCycleTripZoneClearEvent)
                  00086ffe    00000002     rts2800_fpu32_eabi.lib : pre_init.c.obj (.text)

.text.6    0    00088000    00000fd9     
                  00088000    0000001f     board.obj (.text:EPWM_setFallingEdgeDelayCountShadowLoadMode)
                  0008801f    0000001f     board.obj (.text:EPWM_setRisingEdgeDelayCountShadowLoadMode)
                  0008803e    0000001f     ModBus.obj (.text:ModBusResponse)
                  0008805d    0000001f     SysConfig.obj (.text:SCI_init)
                  0008807c    0000001e     ADC.obj (.text:ConstantPowerLimit)
                  0008809a    0000001e     Compensation.obj (.text:CxRef2Cx)
                  000880b8    0000001e     driverlib.lib : sysctl.obj (.text:DCC_setCounter0ClkSource)
                  000880d6    0000001e                   : sysctl.obj (.text:DCC_setCounter1ClkSource)
                  000880f4    0000001e                   : ecap.obj (.text:ECAP_setEmulationMode)
                  00088112    0000001e     SysConfig.obj (.text:ECAP_setSyncInPulseSource)
                  00088130    0000001e     SysConfig.obj (.text:EPWM_setPhaseShift)
                  0008814e    0000001e     board.obj (.text:EPWM_setPhaseShift)
                  0008816c    0000001e     driverlib.lib : interrupt.obj (.text:Interrupt_initVectorTable)
                  0008818a    0000001e     RS232.obj (.text:Write_INFO)
                  000881a8    0000001d     board.obj (.text:CMPSS_setDACValueLow)
                  000881c5    0000001d     board.obj (.text:CMPSS_setHysteresis)
                  000881e2    0000001d     SysConfig.obj (.text:Clr_Opt_reg)
                  000881ff    0000001d     SysConfig.obj (.text:ECAP_clearInterrupt)
                  0008821c    0000001d     board.obj (.text:EPWM_enableSyncOutPulseSource)
                  00088239    0000001d     board.obj (.text:EPWM_setActionQualifierContSWForceShadowMode)
                  00088256    0000001d     board.obj (.text:EPWM_setFallingEdgeDelayCount)
                  00088273    0000001d     board.obj (.text:EPWM_setRisingEdgeDelayCount)
                  00088290    0000001d     board.obj (.text:myOUTPUTXBAR0_init)
                  000882ad    0000001d     rts2800_fpu32_eabi.lib : memcpy.c.obj (.text)
                  000882ca    0000001c     board.obj (.text:ADC_setSOCPriority)
                  000882e6    0000001c     SysConfig.obj (.text:ECAP_disableCounterResetOnEvent)
                  00088302    0000001c     SysConfig.obj (.text:ECAP_selectECAPInput)
                  0008831e    0000001c     SysConfig.obj (.text:ECAP_setSyncOutMode)
                  0008833a    0000001c     SysConfig.obj (.text:EPWM_setClockPrescaler)
                  00088356    0000001c     board.obj (.text:EPWM_setClockPrescaler)
                  00088372    0000001c     Compensation.obj (.text:Hys_Det)
                  0008838e    0000001c     ModBus.obj (.text:Modbus_ProcessWriteHoldingRegisters)
                  000883aa    0000001b     board.obj (.text:CMPSS_isBaseValid)
                  000883c5    0000001b     driverlib.lib : cmpss.obj (.text:CMPSS_isBaseValid)
                  000883e0    0000001b     board.obj (.text:CMPSS_setDACValueHigh)
                  000883fb    0000001b     SysConfig.obj (.text:ECAP_enableCounterResetOnEvent)
                  00088416    0000001b     SysConfig.obj (.text:I2C_setOwnAddress)
                  00088431    0000001b     SysConfig.obj (.text:I2C_setTargetAddress)
                  0008844c    0000001b     board.obj (.text:XBAR_enableOutputMux)
                  00088467    0000001b     board.obj (.text:XBAR_isBaseValid)
                  00088482    0000001b     driverlib.lib : xbar.obj (.text:XBAR_isBaseValid)
                  0008849d    0000001a     board.obj (.text:CPUTimer_startTimer)
                  000884b7    0000001a     Ok_signal.obj (.text:Dr_POWER_Ok_signal)
                  000884d1    0000001a     SysConfig.obj (.text:I2C_setAddressMode)
                  000884eb    0000001a     SysConfig.obj (.text:I2C_setBitCount)
                  00088505    0000001a     SysConfig.obj (.text:I2C_setConfig)
                  0008851f    0000001a     SysConfig.obj (.text:I2C_setEmulationMode)
                  00088539    0000001a     driverlib.lib : sysctl.obj (.text:SysCtl_getLowSpeedClock)
                  00088553    00000019     board.obj (.text:ASysCtl_setAnalogReference2P5)
                  0008856c    00000019     board.obj (.text:Board_init)
                  00088585    00000019     board.obj (.text:CMPSS_configLowComparator)
                  0008859e    00000019     board.obj (.text:CMPSS_configOutputsLow)
                  000885b7    00000018     board.obj (.text:ASysCtl_setAnalogReferenceInternal)
                  000885cf    00000018     board.obj (.text:EPWM_disableFallingEdgeDelayCountShadowLoadMode)
                  000885e7    00000018     board.obj (.text:EPWM_disableRisingEdgeDelayCountShadowLoadMode)
                  000885ff    00000018     ADC.obj (.text:VBUS_ADCRESULT_to_Reg)
                  00088617    00000018     RS232.obj (.text:password_cheak)
                  0008862f    00000017     board.obj (.text:CPUTimer_isBaseValid)
                  00088646    00000017     driverlib.lib : cputimer.obj (.text:CPUTimer_isBaseValid)
                  0008865d    00000017     board.obj (.text:CPUTimer_setPreScaler)
                  00088674    00000017     SysConfig.obj (.text:ECAP_isBaseValid)
                  0008868b    00000017     driverlib.lib : ecap.obj (.text:ECAP_isBaseValid)
                  000886a2    00000017     FanControl.obj (.text:FanControl)
                  000886b9    00000017     device.obj (.text:SysCtl_enablePeripheral)
                  000886d0    00000017     driverlib.lib : sysctl.obj (.text:SysCtl_enablePeripheral)
                  000886e7    00000017     rts2800_fpu32_eabi.lib : boot28.asm.obj (.text)
                  000886fe    00000016     board.obj (.text:ADC_setInterruptPulseMode)
                  00088714    00000016     board.obj (.text:ADC_setPrescaler)
                  0008872a    00000016     board.obj (.text:CMPSS_configDAC)
                  00088740    00000016     board.obj (.text:CMPSS_configHighComparator)
                  00088756    00000016     board.obj (.text:CMPSS_configOutputsHigh)
                  0008876c    00000016     driverlib.lib : sysctl.obj (.text:DCC_disableDoneSignal)
                  00088782    00000016     board.obj (.text:EPWM_enableTripZoneSignals)
                  00088798    00000016     driverlib.lib : epwm.obj (.text:EPWM_setEmulationMode)
                  000887ae    00000016     SysConfig.obj (.text:EPWM_setSyncInPulseSource)
                  000887c4    00000016     board.obj (.text:EPWM_setSyncInPulseSource)
                  000887da    00000016     SysConfig.obj (.text:Init_SetSynOp_Output)
                  000887f0    00000016     driverlib.lib : interrupt.obj (.text:Interrupt_defaultHandler)
                  00088806    00000015     board.obj (.text:ADC_disableBurstMode)
                  0008881b    00000015     board.obj (.text:CMPSS_disableBlanking)
                  00088830    00000015     board.obj (.text:CMPSS_disableLatchResetOnPWMSYNCHigh)
                  00088845    00000015     board.obj (.text:CMPSS_disableLatchResetOnPWMSYNCLow)
                  0008885a    00000015     board.obj (.text:CMPSS_initFilterHigh)
                  0008886f    00000015     board.obj (.text:CPUTimer_enableInterrupt)
                  00088884    00000015     Freedforward.obj (.text:Cal_VbusRipple_Compensation)
                  00088899    00000015     driverlib.lib : sysctl.obj (.text:DCC_clearDoneFlag)
                  000888ae    00000015                   : sysctl.obj (.text:DCC_clearErrorFlag)
                  000888c3    00000015                   : sysctl.obj (.text:DCC_disableErrorSignal)
                  000888d8    00000015                   : sysctl.obj (.text:DCC_isBaseValid)
                  000888ed    00000015     board.obj (.text:DC_OK_init)
                  00088902    00000015     SysConfig.obj (.text:ECAP_disableLoadCounter)
                  00088917    00000015     SysConfig.obj (.text:ECAP_disableTimeStampCapture)
                  0008892c    00000015     SysConfig.obj (.text:ECAP_enableCaptureMode)
                  00088941    00000015     SysConfig.obj (.text:ECAP_enableTimeStampCapture)
                  00088956    00000015     SysConfig.obj (.text:ECAP_reArm)
                  0008896b    00000015     SysConfig.obj (.text:ECAP_startCounter)
                  00088980    00000015     SysConfig.obj (.text:ECAP_stopCounter)
                  00088995    00000015     board.obj (.text:EPWM_enableTripZoneAdvAction)
                  000889aa    00000015     device.obj (.text:GPIO_unlockPortConfig)
                  000889bf    00000015     board.obj (.text:INHIBIT_init)
                  000889d4    00000015     board.obj (.text:LED_G_init)
                  000889e9    00000015     board.obj (.text:LED_R_init)
                  000889fe    00000015     board.obj (.text:ORING_init)
                  00088a13    00000015     board.obj (.text:PFC_IC_init)
                  00088a28    00000015     board.obj (.text:PFC_RLY_init)
                  00088a3d    00000015     board.obj (.text:SYNC_OP_init)
                  00088a52    00000014     board.obj (.text:ADC_clearInterruptStatus)
                  00088a66    00000014     board.obj (.text:CPUTimer_reloadTimerCounter)
                  00088a7a    00000014     board.obj (.text:CPUTimer_stopTimer)
                  00088a8e    00000014     driverlib.lib : sysctl.obj (.text:DCC_disableModule)
                  00088aa2    00000014                   : sysctl.obj (.text:DCC_enableModule)
                  00088ab6    00000014     SysConfig.obj (.text:EPWM_setTimeBaseCounterMode)
                  00088aca    00000014     board.obj (.text:EPWM_setTimeBaseCounterMode)
                  00088ade    00000014     SysConfig.obj (.text:EPWM_setTimeBasePeriod)
                  00088af2    00000014     board.obj (.text:EPWM_setTimeBasePeriod)
                  00088b06    00000014     SysConfig.obj (.text:GPIO_isPinValid)
                  00088b1a    00000014     board.obj (.text:GPIO_isPinValid)
                  00088b2e    00000014     driverlib.lib : gpio.obj (.text:GPIO_isPinValid)
                  00088b42    00000014     PMbus.obj (.text:I2C_putData)
                  00088b56    00000014     SysConfig.obj (.text:Master_Clr_Cur_PID)
                  00088b6a    00000014     SysConfig.obj (.text:Master_Clr_Vol_PID)
                  00088b7e    00000014     SysConfig.obj (.text:Reset_OPSET)
                  00088b92    00000014     SysConfig.obj (.text:Slave_Clr_Par_PID)
                  00088ba6    00000014     SysConfig.obj (.text:Slave_Clr_Stack_Vol_PID)
                  00088bba    00000014     ADC.obj (.text:Sum2RMS)
                  00088bce    00000014     driverlib.lib : sysctl.obj (.text:SysCtl_setPLLSysClk)
                  00088be2    00000013     board.obj (.text:ADC_enableConverter)
                  00088bf5    00000013     board.obj (.text:ADC_isBaseValid)
                  00088c08    00000013     driverlib.lib : cputimer.obj (.text:CPUTimer_setEmulationMode)
                  00088c1b    00000013     ModBus.obj (.text:ClearBufferAndIndex)
                  00088c2e    00000013     SysConfig.obj (.text:ECAP_clearGlobalInterrupt)
                  00088c41    00000013     SysConfig.obj (.text:EPWM_disableInterrupt)
                  00088c54    00000013     SysConfig.obj (.text:I2C_disableModule)
                  00088c67    00000013     SysConfig.obj (.text:I2C_enableModule)
                  00088c7a    00000013     PMbus.obj (.text:I2C_isBaseValid)
                  00088c8d    00000013     SysConfig.obj (.text:I2C_isBaseValid)
                  00088ca0    00000013     driverlib.lib : i2c.obj (.text:I2C_isBaseValid)
                  00088cb3    00000013     main.obj (.text:I2C_isBaseValid)
                  00088cc6    00000013     SysConfig.obj (.text:Slave_Clr_Parallel)
                  00088cd9    00000013     Compensation.obj (.text:Stack_PI_Cur2Vol)
                  00088cec    00000013     Compensation.obj (.text:Stack_PI_Vol2Cur)
                  00088cff    00000013     SysConfig.obj (.text:timer_init)
                  00088d12    00000012     board.obj (.text:CMPSS_enableModule)
                  00088d24    00000012     SysConfig.obj (.text:EPWM_setTimeBaseCounter)
                  00088d36    00000012     board.obj (.text:EPWM_setTimeBaseCounter)
                  00088d48    00000012     board.obj (.text:SysCtl_setSyncOutputConfig)
                  00088d5a    00000011     board.obj (.text:CPUTimer_setPeriod)
                  00088d6b    00000011     SysConfig.obj (.text:ECAP_setPhaseShiftCount)
                  00088d7c    00000011     SysConfig.obj (.text:EPWM_disablePhaseShiftLoad)
                  00088d8d    00000011     board.obj (.text:EPWM_disablePhaseShiftLoad)
                  00088d9e    00000011     board.obj (.text:EPWM_enablePhaseShiftLoad)
                  00088daf    00000011     board.obj (.text:GPIO_init)
                  00088dc0    00000011     SysConfig.obj (.text:Init_Def_USER_Set)
                  00088dd1    00000011     SysConfig.obj (.text:Init_SetSynOp_Input)
                  00088de2    00000011     SysConfig.obj (.text:Load_PID_Par_to_Controller)
                  00088df3    00000010     device.obj (.text:Device_initGPIO)
                  00088e03    00000010     driverlib.lib : flash.obj (.text:Flash_isCtrlBaseValid)
                  00088e13    00000010                   : flash.obj (.text:Flash_isECCBaseValid)
                  00088e23    00000010     PMbus.obj (.text:I2C_getData)
                  00088e33    00000010     main.obj (.text:I2C_getStatus)
                  00088e43    0000000f     main.obj (.text:Interrupt_register)
                  00088e52    0000000f     ModBus.obj (.text:ModBusReceiveTimeOutCou)
                  00088e61    0000000e     PFC_Drive.obj (.text:Ini_PFC_Drive)
                  00088e6f    0000000e     Protection.obj (.text:Master_CTOCP_Reset)
                  00088e7d    0000000e     Protection.obj (.text:Slave_CTOCP_Reset)
                  00088e8b    0000000e     board.obj (.text:XBAR_enableEPWMMux)
                  00088e99    0000000d     driverlib.lib : interrupt.obj (.text:Interrupt_disableGlobal)
                  00088ea6    0000000d                   : interrupt.obj (.text:Interrupt_enableGlobal)
                  00088eb3    0000000d     device.obj (.text:SysCtl_setLowSpeedClock)
                  00088ec0    0000000d     main.obj (.text:ecap1_isr)
                  00088ecd    0000000c     RS232.obj (.text:Clr_SCI)
                  00088ed9    0000000c     SysConfig.obj (.text:Master_Clr_Parallel)
                  00088ee5    0000000c     board.obj (.text:SysCtl_enableExtADCSOCSource)
                  00088ef1    0000000c     rts2800_fpu32_eabi.lib : args_main.c.obj (.text)
                  00088efd    0000000b     driverlib.lib : sysctl.obj (.text:SysCtl_isMCDClockFailureDetected)
                  00088f08    0000000a                   : interrupt.obj (.text:Interrupt_illegalOperationHandler)
                  00088f12    0000000a                   : interrupt.obj (.text:Interrupt_nmiHandler)
                  00088f1c    0000000a     board.obj (.text:SYNC_init)
                  00088f26    0000000a     board.obj (.text:myEPWMXBAR0_init)
                  00088f30    00000009     board.obj (.text:ASYSCTL_init)
                  00088f39    00000009     ModBus.obj (.text:UpdateReadCoilsRegister)
                  00088f42    00000009     ADC.obj (.text:__relaxed_sqrtf)
                  00088f4b    00000009     rts2800_fpu32_eabi.lib : _lock.c.obj (.text)
                  00088f54    00000008     Freedforward.obj (.text:Init_DetVinType)
                  00088f5c    00000008     ModBus.obj (.text:Init_ModBus)
                  00088f64    00000008     device.obj (.text:SysCtl_disableWatchdog)
                  00088f6c    00000008     rts2800_fpu32_eabi.lib : copy_decompress_none.c.obj (.text:decompress:none)
                  00088f74    00000008     f28002x_codestartbranch.obj (.text)
                  00088f7c    00000007     board.obj (.text:ASysCtl_disableTemperatureSensor)
                  00088f83    00000007     device.obj (.text:ASysCtl_lockVREG)
                  00088f8a    00000007     SysConfig.obj (.text:Soft_Time_Tr_DeltaV)
                  00088f91    00000007     driverlib.lib : sysctl.obj (.text:SysCtl_resetMCD)
                  00088f98    00000007     device.obj (.text:__error__)
                  00088f9f    00000007     rts2800_fpu32_eabi.lib : memset.c.obj (.text)
                  00088fa6    00000006     CalDeltaVRMT.obj (.text:Init_CalDeltaVRMT)
                  00088fac    00000006     Freedforward.obj (.text:Init_Freedforward)
                  00088fb2    00000006     main.obj (.text:Interrupt_clearACKGroup)
                  00088fb8    00000006     rts2800_fpu32_eabi.lib : copy_zero_init.c.obj (.text:decompress:ZI)
                  00088fbe    00000005     board.obj (.text:ADC_init)
                  00088fc3    00000005     board.obj (.text:CPUTIMER_init)
                  00088fc8    00000005     SysConfig.obj (.text:Clr_EQT_Set)
                  00088fcd    00000004     Ok_signal.obj (.text:Init_Ok_signal)
                  00088fd1    00000003     board.obj (.text:EPWMXBAR_init)
                  00088fd4    00000003     board.obj (.text:OUTPUTXBAR_init)
                  00088fd7    00000001     c2000ware_libraries.obj (.text:C2000Ware_libraries_init)
                  00088fd8    00000001     rts2800_fpu32_eabi.lib : startup.c.obj (.text)

MODULE SUMMARY

       Module                           code    ro data   rw data
       ------                           ----    -------   -------
    .\
       f28002x_globalvariabledefs.obj   0       0         1254   
    +--+--------------------------------+-------+---------+---------+
       Total:                           0       0         1254   
                                                                 
    .\appli\
       RS232.obj                        5234    755       98     
       SysConfig.obj                    3182    271       448    
       ModBus.obj                       1468    0         408    
       I2c_eeprom.obj                   1411    0         176    
       ADC.obj                          993     0         108    
       Compensation.obj                 981     0         14     
       main.obj                         611     67        37     
       Protection.obj                   595     0         84     
       PWM.obj                          390     0         22     
       PID.obj                          353     0         0      
       FanControl.obj                   284     0         32     
       PMbus.obj                        191     67        5      
       PFC_Drive.obj                    182     0         6      
       Freedforward.obj                 165     0         6      
       Filter.obj                       113     0         0      
       Ok_signal.obj                    103     0         7      
       LED_signal.obj                   104     0         3      
       CalDeltaVRMT.obj                 60      0         2      
       Timer.obj                        37      0         6      
    +--+--------------------------------+-------+---------+---------+
       Total:                           16457   1160      1462   
                                                                 
    .\device\
       device.obj                       322     89        0      
       f28002x_codestartbranch.obj      10      0         0      
    +--+--------------------------------+-------+---------+---------+
       Total:                           332     89        0      
                                                                 
    .\syscfg\
       board.obj                        4485    486       0      
       c2000ware_libraries.obj          1       0         0      
    +--+--------------------------------+-------+---------+---------+
       Total:                           4486    486       0      
                                                                 
    C:/ti/c2000/C2000Ware_5_01_00_00/driverlib/f28002x/driverlib/ccs/Debug/driverlib.lib
       sysctl.obj                       1324    154       0      
       flash.obj                        606     155       0      
       interrupt.obj                    419     81        0      
       gpio.obj                         331     152       0      
       cmpss.obj                        288     77        0      
       i2c.obj                          195     75        0      
       epwm.obj                         61      152       0      
       xbar.obj                         130     76        0      
       ecap.obj                         53      76        0      
       cputimer.obj                     42      80        0      
       adc.obj                          32      0         0      
    +--+--------------------------------+-------+---------+---------+
       Total:                           3481    1078      0      
                                                                 
    C:\ti\ccs1120\ccs\tools\compiler\ti-cgt-c2000_22.6.1.LTS\lib\rts2800_fpu32_eabi.lib
       fs_div28.asm.obj                 136     0         0      
       copy_decompress_lzss.c.obj       48      0         0      
       exit.c.obj                       41      0         6      
       autoinit.c.obj                   43      0         0      
       memcpy.c.obj                     29      0         0      
       boot28.asm.obj                   23      0         0      
       _lock.c.obj                      9       0         4      
       args_main.c.obj                  12      0         0      
       copy_decompress_none.c.obj       8       0         0      
       memset.c.obj                     7       0         0      
       copy_zero_init.c.obj             6       0         0      
       pre_init.c.obj                   2       0         0      
       startup.c.obj                    1       0         0      
    +--+--------------------------------+-------+---------+---------+
       Total:                           365     0         10     
                                                                 
       Stack:                           0       0         512    
       Linker Generated:                0       113       0      
    +--+--------------------------------+-------+---------+---------+
       Grand Total:                     25121   2926      3238   


LINKER GENERATED COPY TABLES

__TI_cinit_table @ 00081c9a records: 2, size/record: 4, table size: 8
	.data: load addr=00081c30, load size=0000005f bytes, run addr=0000a440, run size=00000196 bytes, compression=lzss
	.bss: load addr=00081c96, load size=00000004 bytes, run addr=0000a000, run size=0000042a bytes, compression=zero_init


LINKER GENERATED HANDLER TABLE

__TI_handler_table @ 00081c90 records: 3, size/record: 2, table size: 6
	index: 0, handler: __TI_zero_init
	index: 1, handler: __TI_decompress_lzss
	index: 2, handler: __TI_decompress_none


GLOBAL DATA SYMBOLS: SORTED BY DATA PAGE

address     data page           name
--------    ----------------    ----
00000400      10 (00000400)     __stack

00000b00      2c (00000b00)     AdcaResultRegs

00000b40      2d (00000b40)     AdccResultRegs

00000c00      30 (00000c00)     CpuTimer0Regs
00000c08      30 (00000c00)     CpuTimer1Regs

00000ce0      33 (00000cc0)     PieCtrlRegs

00004000     100 (00004000)     EPwm1Regs

00004200     108 (00004200)     EPwm3Regs

00004300     10c (00004300)     EPwm4Regs

00004400     110 (00004400)     EPwm5Regs

00005200     148 (00005200)     ECap1Regs

00007200     1c8 (00007200)     SciaRegs

00007300     1cc (00007300)     I2caRegs

00007f00     1fc (00007f00)     GpioDataRegs

0000a000     280 (0000a000)     st_ID
0000a002     280 (0000a000)     st_EQT_Set
0000a004     280 (0000a000)     st_Spec
0000a00c     280 (0000a000)     st_USER_Set
0000a016     280 (0000a000)     M_Filter_Iout

0000a040     281 (0000a040)     M_Filter_Vcap
0000a058     281 (0000a040)     M_Filter_Vout

0000a080     282 (0000a080)     M_Filter_Vrmt
0000a098     282 (0000a080)     S_Filter_Iref

0000a0c0     283 (0000a0c0)     S_Filter_Vref
0000a0d8     283 (0000a0c0)     S_Filter_Iout

0000a100     284 (0000a100)     S_Filter_Vcap
0000a118     284 (0000a100)     st_OPSET

0000a140     285 (0000a140)     ctrl_VolLoop
0000a160     285 (0000a140)     ctrl_CurLoop

0000a180     286 (0000a180)     ctrl_ParaLoop
0000a1a0     286 (0000a180)     ctrl_Stack_VolLoop

0000a1c0     287 (0000a1c0)     response

0000a2c0     28b (0000a2c0)     InputReg

0000a334     28c (0000a300)     SCI_WRFLASH
0000a335     28c (0000a300)     RS232_UNDATA_DP
0000a336     28c (0000a300)     RS232_UNDATA_DA
0000a338     28c (0000a300)     SciFlag
0000a33a     28c (0000a300)     SysFlag_1
0000a33c     28c (0000a300)     crc
0000a33d     28c (0000a300)     ModBus_Response

0000a340     28d (0000a340)     Pri_ERR
0000a341     28d (0000a340)     Sec_ERR
0000a342     28d (0000a340)     CT_OCP
0000a344     28d (0000a340)     BusOVPLimit
0000a34c     28d (0000a340)     BusUVPLimit
0000a354     28d (0000a340)     AcOVPLimit
0000a35c     28d (0000a340)     AcUVPLimit
0000a364     28d (0000a340)     NtcOTPLimit
0000a36c     28d (0000a340)     NtcUTPLimit
0000a374     28d (0000a340)     DcOVPLimit

0000a380     28e (0000a380)     DcOCPLimit
0000a388     28e (0000a380)     DcOLPLimit
0000a390     28e (0000a380)     AC_Value
0000a3a4     28e (0000a380)     st_Ad_Value
0000a3bc     28e (0000a380)     DeltaVRMT
0000a3be     28e (0000a380)     CoilsReg

0000a3c0     28f (0000a3c0)     EE_Set
0000a3e5     28f (0000a3c0)     Ok_signal
0000a3e6     28f (0000a3c0)     u16_FSPvalue
0000a3e8     28f (0000a3c0)     WattToFanSpeed
0000a3f2     28f (0000a3c0)     TempToFanSpeed
0000a3fc     28f (0000a3c0)     HoldingReg

0000a40d     290 (0000a400)     buffer
0000a415     290 (0000a400)     TimeReg
0000a416     290 (0000a400)     ACinFreedforward
0000a418     290 (0000a400)     VinType
0000a41c     290 (0000a400)     PFC
0000a422     290 (0000a400)     st_Pwm
0000a428     290 (0000a400)     txData

0000a440     291 (0000a440)     InfoData
0000a441     291 (0000a440)     InfoIndex
0000a442     291 (0000a440)     ReadEEWORLDStatus

0000a480     292 (0000a480)     INFO

0000a4f0     293 (0000a4c0)     LLC_Period_Max
0000a4f1     293 (0000a4c0)     LLC_Period_Min
0000a4f2     293 (0000a4c0)     LLC_in_Com_Gain
0000a4f3     293 (0000a4c0)     LLC_Flag
0000a4f4     293 (0000a4c0)     SR_Flag
0000a4f6     293 (0000a4c0)     pwmFreq
0000a4f8     293 (0000a4c0)     Real_pwmFreq
0000a4fa     293 (0000a4c0)     CMP1B_Buf
0000a4fc     293 (0000a4c0)     CMP3B_Buf
0000a4fe     293 (0000a4c0)     MathTemp

0000a500     294 (0000a500)     u16_WaitAdcStableCou
0000a501     294 (0000a500)     MathRMS_TimeSet
0000a502     294 (0000a500)     f_Xac_Temp
0000a504     294 (0000a500)     MovAvg_VCI
0000a518     294 (0000a500)     MovAvg_ACI
0000a52c     294 (0000a500)     MovAvg_VTRIM

0000a540     295 (0000a540)     SciRx
0000a560     295 (0000a540)     SciTx

0000a580     296 (0000a580)     EQT_Vtune
0000a581     296 (0000a580)     baud_rate
0000a582     296 (0000a580)     SciRxCou
0000a583     296 (0000a580)     SciRxBuff
0000a584     296 (0000a580)     SciTxOverCou
0000a585     296 (0000a580)     SciTxDataCou
0000a586     296 (0000a580)     Function_code
0000a587     296 (0000a580)     MathT_232
0000a588     296 (0000a580)     SNindex
0000a589     296 (0000a580)     Flash_Temp
0000a58a     296 (0000a580)     Det_Pow_Gen_Dir
0000a58b     296 (0000a580)     Det_Ibat_Gen_Dir
0000a58c     296 (0000a580)     Ver
0000a58d     296 (0000a580)     HardwaveVer
0000a58e     296 (0000a580)     Beta
0000a58f     296 (0000a580)     ErrTemp
0000a590     296 (0000a580)     u16_TrData
0000a591     296 (0000a580)     s16_MathTemp
0000a592     296 (0000a580)     u16_MathTemp
0000a593     296 (0000a580)     ForTemp
0000a594     296 (0000a580)     RxIndex
0000a595     296 (0000a580)     RI_Temp
0000a596     296 (0000a580)     i
0000a598     296 (0000a580)     u32_MathTemp
0000a59a     296 (0000a580)     IOCP_Occur
0000a59b     296 (0000a580)     VOVP_Occur
0000a59c     296 (0000a580)     CTOCP_ResetCou
0000a59d     296 (0000a580)     SCM_ST
0000a59e     296 (0000a580)     Vref_Soft_Start_ST
0000a5a0     296 (0000a580)     f_EPwmTemp
0000a5a2     296 (0000a580)     Stack_Vref
0000a5a4     296 (0000a580)     Stack_Iref
0000a5a6     296 (0000a580)     Stack_Temp
0000a5a8     296 (0000a580)     u16_FanPWM
0000a5aa     296 (0000a580)     f_FanSpeedRef
0000a5ac     296 (0000a580)     f_FanSpeedCom
0000a5ae     296 (0000a580)     f_MinFanSpeed
0000a5b0     296 (0000a580)     f_DeltaFanSpeed
0000a5b2     296 (0000a580)     IncCV_DelayCou
0000a5b4     296 (0000a580)     f_0p9CV
0000a5b6     296 (0000a580)     f_0p9CV_K
0000a5b8     296 (0000a580)     __TI_enable_exit_profile_output
0000a5ba     296 (0000a580)     __TI_cleanup_ptr
0000a5bc     296 (0000a580)     __TI_dtors_ptr
0000a5be     296 (0000a580)     _lock

0000a5c0     297 (0000a5c0)     timeout_counter
0000a5c1     297 (0000a5c0)     timer_enabled
0000a5c2     297 (0000a5c0)     index
0000a5c3     297 (0000a5c0)     Write_address
0000a5c4     297 (0000a5c0)     Write_value
0000a5c5     297 (0000a5c0)     T1msecCou
0000a5c6     297 (0000a5c0)     T5msecCou
0000a5c7     297 (0000a5c0)     T100msecCou
0000a5c8     297 (0000a5c0)     T1secCou
0000a5c9     297 (0000a5c0)     T1minCou
0000a5ca     297 (0000a5c0)     GUVP_last
0000a5cb     297 (0000a5c0)     CT_OCP_AutoRecoverCou
0000a5cc     297 (0000a5c0)     f_Offset_CV
0000a5ce     297 (0000a5c0)     Led_Red_DrSignal
0000a5cf     297 (0000a5c0)     Led_Green_DrSignal
0000a5d0     297 (0000a5c0)     Index
0000a5d1     297 (0000a5c0)     command
0000a5d2     297 (0000a5c0)     commandReady
0000a5d3     297 (0000a5c0)     txIndex
0000a5d4     297 (0000a5c0)     _unlock

00081a53    2069 (00081a40)     RS232LimitH
00081a58    2069 (00081a40)     RS232LimitL


GLOBAL SYMBOLS: SORTED ALPHABETICALLY BY Name 

page  address   name                               
----  -------   ----                               
0     00085ddc  AC_ADCRESULT_to_Reg                
0     0000a390  AC_Value                           
0     0000a416  ACinFreedforward                   
0     00085a9b  ADC_2_VCIorACI                     
0     0008542b  ADC_2_Vtrim                        
0     00088fbe  ADC_init                           
0     00086f40  ADC_setOffsetTrimAll               
0     00088f30  ASYSCTL_init                       
0     0000a354  AcOVPLimit                         
0     0000a35c  AcUVPLimit                         
1     00000b00  AdcaResultRegs                     
1     00000b40  AdccResultRegs                     
0     0008332b  Ask_Sett                           
0     0000a58e  Beta                               
0     0008856c  Board_init                         
0     0000a344  BusOVPLimit                        
0     0000a34c  BusUVPLimit                        
0     00086a31  C$$EXIT                            
0     00088fd7  C2000Ware_libraries_init           
0     0000a4fa  CMP1B_Buf                          
0     0000a4fc  CMP3B_Buf                          
0     00085cb8  CMPSS_configFilterHigh             
0     00085d01  CMPSS_configFilterLow              
0     000868b3  CMPSS_configLatchOnPWMSYNC         
0     00085e24  CMPSS_configRamp                   
0     00084ffd  CMPSS_init                         
0     00088fc3  CPUTIMER_init                      
0     00088c08  CPUTimer_setEmulationMode          
0     0000a59c  CTOCP_ResetCou                     
0     0000a342  CT_OCP                             
0     0000a5cb  CT_OCP_AutoRecoverCou              
0     000865e3  CalDeltaVrmt                       
0     00086000  CalOutProLimit                     
0     00088884  Cal_VbusRipple_Compensation        
0     00088c1b  ClearBufferAndIndex                
0     000867d2  Clr_ADC_Value                      
0     00088fc8  Clr_EQT_Set                        
0     000881e2  Clr_Opt_reg                        
0     00088ecd  Clr_SCI                            
0     0000a3be  CoilsReg                           
0     00084b4c  ComToCMPx                          
0     0008807c  ConstantPowerLimit                 
1     00000c00  CpuTimer0Regs                      
1     00000c08  CpuTimer1Regs                      
0     0008809a  CxRef2Cx                           
0     000888ed  DC_OK_init                         
0     0000a380  DcOCPLimit                         
0     0000a388  DcOLPLimit                         
0     0000a374  DcOVPLimit                         
0     000859f7  DecodeVIref                        
0     0000a3bc  DeltaVRMT                          
0     00084f7b  DetVinType                         
0     0000a58b  Det_Ibat_Gen_Dir                   
0     0000a58a  Det_Pow_Gen_Dir                    
0     000869df  Det_VAC_Stable                     
0     00084876  Device_enableAllPeripherals        
0     00085d4a  Device_init                        
0     00088df3  Device_initGPIO                    
0     0008517f  DrFan                              
0     00085950  DrPWM                              
0     00085d93  Dr_DC_Ok_signal                    
0     000884b7  Dr_POWER_Ok_signal                 
0     000880f4  ECAP_setEmulationMode              
1     00005200  ECap1Regs                          
0     0000a3c0  EE_Set                             
0     00082e59  EE_Set_To_EEprom                   
0     00083a64  EEprom_To_EE_Set                   
0     00086dcb  EEprom_To_INFO                     
0     000856eb  EEprom_To_User_Set                 
0     00088fd1  EPWMXBAR_init                      
0     00083000  EPWM_init                          
0     00088798  EPWM_setEmulationMode              
1     00004000  EPwm1Regs                          
1     00004200  EPwm3Regs                          
1     00004300  EPwm4Regs                          
1     00004400  EPwm5Regs                          
0     0000a580  EQT_Vtune                          
0     00086250  EncodeVIref                        
0     0000a58f  ErrTemp                            
0     000886a2  FanControl                         
0     000852d8  Fast_speed_ADCRESULT_to_Reg        
0     00086c5b  Fast_speed_Protection              
0     0000a589  Flash_Temp                         
0     0000c000  Flash_initModule                   
0     0000a593  ForTemp                            
0     0000a586  Function_code                      
0     00088daf  GPIO_init                          
0     00085efb  GPIO_setAnalogMode                 
0     000866b6  GPIO_setDirectionMode              
0     00085a49  GPIO_setPadConfig                  
0     000864d1  GPIO_setPinConfig                  
0     00086508  GPIO_setQualificationMode          
0     0000a5ca  GUVP_last                          
0     00085aeb  Get_ID                             
0     00085349  Go_Filter                          
0     00082adf  Go_Sett                            
1     00007f00  GpioDataRegs                       
0     0000a58d  HardwaveVer                        
0     0000a3fc  HoldingReg                         
0     00088372  Hys_Det                            
0     00086eff  I2C_clearInterruptStatus           
0     00086909  I2C_enableInterrupt                
0     000855c8  I2C_initController                 
1     00007300  I2caRegs                           
0     0000a480  INFO                               
0     000869b5  INFO_Write_To_EEprom               
0     000889bf  INHIBIT_init                       
0     00086ccb  INTERRUPT_init                     
0     00085745  INT_myCPUTIMER0_ISR                
0     000858fb  INT_myCPUTIMER1_ISR                
0     00085e6c  INT_myEPWM0_TZ_ISR                 
0     0000a59a  IOCP_Occur                         
0     00086dee  ISLE_To_DeltaI                     
0     0000a5b2  IncCV_DelayCou                     
0     0000a5d0  Index                              
0     0000a440  InfoData                           
0     0000a441  InfoIndex                          
0     00088e61  Ini_PFC_Drive                      
0     000854fe  InitEEpromData                     
0     000857f7  InitI2C                            
0     00088fa6  Init_CalDeltaVRMT                  
0     00085bd6  Init_Def_EE_Set                    
0     00088dc0  Init_Def_USER_Set                  
0     00088f54  Init_DetVinType                    
0     0008568f  Init_FanControl                    
0     00088fac  Init_Freedforward                  
0     00088f5c  Init_ModBus                        
0     00088fcd  Init_Ok_signal                     
0     00085c6e  Init_PMbus                         
0     0008440a  Init_Protection                    
0     0008471e  Init_SetPar_PWM                    
0     00084ce6  Init_SetPar_eCAP                   
0     00088dd1  Init_SetSynOp_Input                
0     000887da  Init_SetSynOp_Output               
0     0000a2c0  InputReg                           
0     000887f0  Interrupt_defaultHandler           
0     00085b3a  Interrupt_disable                  
0     0008653f  Interrupt_enable                   
0     00088f08  Interrupt_illegalOperationHandler  
0     0008628e  Interrupt_initModule               
0     0008816c  Interrupt_initVectorTable          
0     00088f12  Interrupt_nmiHandler               
0     00085496  LED_Control                        
0     000889d4  LED_G_init                         
0     000889e9  LED_R_init                         
0     0000a4f3  LLC_Flag                           
0     0000a4f0  LLC_Period_Max                     
0     0000a4f1  LLC_Period_Min                     
0     0000a4f2  LLC_in_Com_Gain                    
0     0000a5cf  Led_Green_DrSignal                 
0     0000a5ce  Led_Red_DrSignal                   
0     0008430e  Load_Filter_Par                    
0     00088de2  Load_PID_Par_to_Controller         
0     00085fcd  Load_Rate_To_Max                   
0     00083d5c  Low_speed_ADCRESULT_to_Reg         
0     00084d6b  Low_speed_Protection               
0     0000a016  M_Filter_Iout                      
0     0000a040  M_Filter_Vcap                      
0     0000a058  M_Filter_Vout                      
0     0000a080  M_Filter_Vrmt                      
0     00088e6f  Master_CTOCP_Reset                 
0     00088b56  Master_Clr_Cur_PID                 
0     00088ed9  Master_Clr_Parallel                
0     00088b6a  Master_Clr_Vol_PID                 
0     000838a2  Master_Compensation                
0     000863ba  Master_Set_Cur_PID                 
0     000863f2  Master_Set_Vol_PID                 
0     0000a501  MathRMS_TimeSet                    
0     0000a587  MathT_232                          
0     0000a4fe  MathTemp                           
0     00086934  MathTempTo232                      
0     000859a4  Math_CurLoop_KiSum                 
0     00088e52  ModBusReceiveTimeOutCou            
0     0008803e  ModBusResponse                     
0     0000a33d  ModBus_Response                    
0     00086ad2  Modbus_CalculateCRC                
0     00083bfc  Modbus_ProcessReadHoldingRegisters 
0     0008838e  Modbus_ProcessWriteHoldingRegisters
0     000849aa  Modbus_Receive                     
0     00086a08  Modbus_SendException               
0     0000a518  MovAvg_ACI                         
0     0000a504  MovAvg_VCI                         
0     0000a52c  MovAvg_VTRIM                       
0     0000a364  NtcOTPLimit                        
0     0000a36c  NtcUTPLimit                        
0     000889fe  ORING_init                         
0     00088fd4  OUTPUTXBAR_init                    
0     0000a3e5  Ok_signal                          
0     00086308  OxP_Protect                        
0     0000a41c  PFC                                
0     00088a13  PFC_IC_init                        
0     00085100  PFC_Operation                      
0     00088a28  PFC_RLY_init                       
0     0008642a  PMbus_Receive                      
0     00086e11  PMbus_Send                         
0     00086576  PWM2GPIO                           
0     000847cd  PWM_init                           
0     00086619  ParToFanSpeed                      
1     00000ce0  PieCtrlRegs                        
0     00084000  PinMux_init                        
0     0000a340  Pri_ERR                            
0     0000a595  RI_Temp                            
0     00081a53  RS232LimitH                        
0     00081a58  RS232LimitL                        
0     00084910  RS232_DATA                         
0     00085c22  RS232_UNDATA                       
0     0000a336  RS232_UNDATA_DA                    
0     0000a335  RS232_UNDATA_DP                    
0     00081b83  RamfuncsLoadEnd                    
abs   00000123  RamfuncsLoadSize                   
0     00081a60  RamfuncsLoadStart                  
0     0000c123  RamfuncsRunEnd                     
abs   00000123  RamfuncsRunSize                    
0     0000c000  RamfuncsRunStart                   
0     0000a442  ReadEEWORLDStatus                  
0     00084a37  ReadEEWorld                        
0     0000a4f8  Real_pwmFreq                       
0     00084df0  Reduce_Ui                          
0     00088b7e  Reset_OPSET                        
0     0008695f  Respone_INFO                       
0     0000a594  RxIndex                            
0     0000a334  SCI_WRFLASH                        
0     0008805d  SCI_init                           
0     0000a59d  SCM_ST                             
0     00086cf0  SFT_CXref2CX                       
0     00085000  SFT_To_DeltaVI                     
0     0000a588  SNindex                            
0     0000a4f4  SR_Flag                            
0     00088a3d  SYNC_OP_init                       
0     00088f1c  SYNC_init                          
0     0000a0d8  S_Filter_Iout                      
0     0000a098  S_Filter_Iref                      
0     0000a100  S_Filter_Vcap                      
0     0000a0c0  S_Filter_Vref                      
0     0000a338  SciFlag                            
0     000858a5  SciReceive                         
0     0000a540  SciRx                              
0     0000a583  SciRxBuff                          
0     0000a582  SciRxCou                           
0     00086800  SciSend_RS232                      
0     0000a560  SciTx                              
0     0000a585  SciTxDataCou                       
0     0000a584  SciTxOverCou                       
1     00007200  SciaRegs                           
0     0000a341  Sec_ERR                            
0     00088e7d  Slave_CTOCP_Reset                  
0     00088b92  Slave_Clr_Par_PID                  
0     00088cc6  Slave_Clr_Parallel                 
0     00088ba6  Slave_Clr_Stack_Vol_PID            
0     00084112  Slave_Compensation                 
0     00086afa  Slave_Set_Par_PID                  
0     00086b22  Slave_Set_Stack_Vol_PID            
0     00088f8a  Soft_Time_Tr_DeltaV                
0     0000a5a4  Stack_Iref                         
0     00088cd9  Stack_PI_Cur2Vol                   
0     00088cec  Stack_PI_Vol2Cur                   
0     0000a5a6  Stack_Temp                         
0     0000a5a2  Stack_Vref                         
0     00088bba  Sum2RMS                            
0     000853ba  SysConfig                          
0     0000c11f  SysCtl_delay                       
0     00085563  SysCtl_getClock                    
0     00088539  SysCtl_getLowSpeedClock            
0     00084210  SysCtl_isPLLValid                  
0     00086112  SysCtl_selectOscSource             
0     000862cb  SysCtl_selectXTAL                  
0     00086fa0  SysCtl_selectXTALSingleEnded       
0     00083e94  SysCtl_setClock                    
0     0000a33a  SysFlag_1                          
0     0000a5c7  T100msecCou                        
0     0000a5c9  T1minCou                           
0     0000a5c5  T1msecCou                          
0     0000a5c8  T1secCou                           
0     0000a5c6  T5msecCou                          
0     0000a3f2  TempToFanSpeed                     
0     000836dd  Test_ControlBoard                  
0     0000a415  TimeReg                            
0     0008466a  TranTemp_NTC                       
0     00086746  TxResponse                         
0     00088f39  UpdateReadCoilsRegister            
0     00086380  UpdateReadHoldingRegister          
0     000844d9  UpdateReadInputRegister            
0     00085eb4  UpdateWriteCoilsRegister           
0     00083517  UpdateWriteHoldingRegister         
0     00082000  UserFace                           
0     0008579e  User_Set_To_EEprom                 
0     00084ac2  User_Tr_Opt                        
0     00086344  UxP_Protect                        
0     000885ff  VBUS_ADCRESULT_to_Reg              
0     0000a59b  VOVP_Occur                         
0     00086e34  VSLE_To_DeltaV                     
0     0000a58c  Ver                                
0     0000a418  VinType                            
0     0000a59e  Vref_Soft_Start_ST                 
0     0000a3e8  WattToFanSpeed                     
0     0008562c  WriteEEWorld                       
0     0008818a  Write_INFO                         
0     0000a5c3  Write_address                      
0     0000a5c4  Write_value                        
0     00086775  XBAR_setEPWMMuxConfig              
0     00086462  XBAR_setOutputMuxConfig            
0     00081c9a  __TI_CINIT_Base                    
0     00081ca2  __TI_CINIT_Limit                   
0     00081ca2  __TI_CINIT_Warm                    
0     00081c90  __TI_Handler_Table_Base            
0     00081c96  __TI_Handler_Table_Limit           
0     00000600  __TI_STACK_END                     
abs   00000200  __TI_STACK_SIZE                    
[...]
0     0000a080  M_Filter_Vrmt                      
0     0000a098  S_Filter_Iref                      
0     0000a0c0  S_Filter_Vref                      
0     0000a0d8  S_Filter_Iout                      
0     0000a100  S_Filter_Vcap                      
0     0000a118  st_OPSET                           
0     0000a140  ctrl_VolLoop                       
0     0000a160  ctrl_CurLoop                       
0     0000a180  ctrl_ParaLoop                      
0     0000a1a0  ctrl_Stack_VolLoop                 
0     0000a1c0  response                           
0     0000a2c0  InputReg                           
0     0000a334  SCI_WRFLASH                        
0     0000a335  RS232_UNDATA_DP                    
0     0000a336  RS232_UNDATA_DA                    
0     0000a338  SciFlag                            
0     0000a33a  SysFlag_1                          
0     0000a33c  crc                                
0     0000a33d  ModBus_Response                    
0     0000a340  Pri_ERR                            
0     0000a341  Sec_ERR                            
0     0000a342  CT_OCP                             
0     0000a344  BusOVPLimit                        
0     0000a34c  BusUVPLimit                        
0     0000a354  AcOVPLimit                         
0     0000a35c  AcUVPLimit                         
0     0000a364  NtcOTPLimit                        
0     0000a36c  NtcUTPLimit                        
0     0000a374  DcOVPLimit                         
0     0000a380  DcOCPLimit                         
0     0000a388  DcOLPLimit                         
0     0000a390  AC_Value                           
0     0000a3a4  st_Ad_Value                        
0     0000a3bc  DeltaVRMT                          
0     0000a3be  CoilsReg                           
0     0000a3c0  EE_Set                             
0     0000a3e5  Ok_signal                          
0     0000a3e6  u16_FSPvalue                       
0     0000a3e8  WattToFanSpeed                     
0     0000a3f2  TempToFanSpeed                     
0     0000a3fc  HoldingReg                         
0     0000a40d  buffer                             
0     0000a415  TimeReg                            
0     0000a416  ACinFreedforward                   
0     0000a418  VinType                            
0     0000a41c  PFC                                
0     0000a422  st_Pwm                             
0     0000a428  txData                             
0     0000a440  InfoData                           
0     0000a441  InfoIndex                          
0     0000a442  ReadEEWORLDStatus                  
0     0000a480  INFO                               
0     0000a4f0  LLC_Period_Max                     
0     0000a4f1  LLC_Period_Min                     
0     0000a4f2  LLC_in_Com_Gain                    
0     0000a4f3  LLC_Flag                           
0     0000a4f4  SR_Flag                            
0     0000a4f6  pwmFreq                            
0     0000a4f8  Real_pwmFreq                       
0     0000a4fa  CMP1B_Buf                          
0     0000a4fc  CMP3B_Buf                          
0     0000a4fe  MathTemp                           
0     0000a500  u16_WaitAdcStableCou               
0     0000a501  MathRMS_TimeSet                    
0     0000a502  f_Xac_Temp                         
0     0000a504  MovAvg_VCI                         
0     0000a518  MovAvg_ACI                         
0     0000a52c  MovAvg_VTRIM                       
0     0000a540  SciRx                              
0     0000a560  SciTx                              
0     0000a580  EQT_Vtune                          
0     0000a581  baud_rate                          
0     0000a582  SciRxCou                           
0     0000a583  SciRxBuff                          
0     0000a584  SciTxOverCou                       
0     0000a585  SciTxDataCou                       
0     0000a586  Function_code                      
0     0000a587  MathT_232                          
0     0000a588  SNindex                            
0     0000a589  Flash_Temp                         
0     0000a58a  Det_Pow_Gen_Dir                    
0     0000a58b  Det_Ibat_Gen_Dir                   
0     0000a58c  Ver                                
0     0000a58d  HardwaveVer                        
0     0000a58e  Beta                               
0     0000a58f  ErrTemp                            
0     0000a590  u16_TrData                         
0     0000a591  s16_MathTemp                       
0     0000a592  u16_MathTemp                       
0     0000a593  ForTemp                            
0     0000a594  RxIndex                            
0     0000a595  RI_Temp                            
0     0000a596  i                                  
0     0000a598  u32_MathTemp                       
0     0000a59a  IOCP_Occur                         
0     0000a59b  VOVP_Occur                         
0     0000a59c  CTOCP_ResetCou                     
0     0000a59d  SCM_ST                             
0     0000a59e  Vref_Soft_Start_ST                 
0     0000a5a0  f_EPwmTemp                         
0     0000a5a2  Stack_Vref                         
0     0000a5a4  Stack_Iref                         
0     0000a5a6  Stack_Temp                         
0     0000a5a8  u16_FanPWM                         
0     0000a5aa  f_FanSpeedRef                      
0     0000a5ac  f_FanSpeedCom                      
0     0000a5ae  f_MinFanSpeed                      
0     0000a5b0  f_DeltaFanSpeed                    
0     0000a5b2  IncCV_DelayCou                     
0     0000a5b4  f_0p9CV                            
0     0000a5b6  f_0p9CV_K                          
0     0000a5b8  __TI_enable_exit_profile_output    
0     0000a5ba  __TI_cleanup_ptr                   
0     0000a5bc  __TI_dtors_ptr                     
0     0000a5be  _lock                              
0     0000a5c0  timeout_counter                    
0     0000a5c1  timer_enabled                      
0     0000a5c2  index                              
0     0000a5c3  Write_address                      
0     0000a5c4  Write_value                        
0     0000a5c5  T1msecCou                          
0     0000a5c6  T5msecCou                          
0     0000a5c7  T100msecCou                        
0     0000a5c8  T1secCou                           
0     0000a5c9  T1minCou                           
0     0000a5ca  GUVP_last                          
0     0000a5cb  CT_OCP_AutoRecoverCou              
0     0000a5cc  f_Offset_CV                        
0     0000a5ce  Led_Red_DrSignal                   
0     0000a5cf  Led_Green_DrSignal                 
0     0000a5d0  Index                              
0     0000a5d1  command                            
0     0000a5d2  commandReady                       
0     0000a5d3  txIndex                            
0     0000a5d4  _unlock                            
0     0000c000  Flash_initModule                   
0     0000c000  RamfuncsRunStart                   
0     0000c11f  SysCtl_delay                       
0     0000c123  RamfuncsRunEnd                     
0     00080000  code_start                         
0     00081a53  RS232LimitH                        
0     00081a58  RS232LimitL                        
0     00081a60  RamfuncsLoadStart                  
0     00081b83  RamfuncsLoadEnd                    
0     00081c90  __TI_Handler_Table_Base            
0     00081c96  __TI_Handler_Table_Limit           
0     00081c9a  __TI_CINIT_Base                    
0     00081ca2  __TI_CINIT_Limit                   
0     00081ca2  __TI_CINIT_Warm                    
0     00082000  UserFace                           
0     00082adf  Go_Sett                            
0     00082e59  EE_Set_To_EEprom                   
0     00083000  EPWM_init                          
0     0008332b  Ask_Sett                           
0     00083517  UpdateWriteHoldingRegister         
0     000836dd  Test_ControlBoard                  
0     000838a2  Master_Compensation                
0     00083a64  EEprom_To_EE_Set                   
0     00083bfc  Modbus_ProcessReadHoldingRegisters 
0     00083d5c  Low_speed_ADCRESULT_to_Reg         
0     00083e94  SysCtl_setClock                    
0     00084000  PinMux_init                        
0     00084112  Slave_Compensation                 
0     00084210  SysCtl_isPLLValid                  
0     0008430e  Load_Filter_Par                    
0     0008440a  Init_Protection                    
0     000844d9  UpdateReadInputRegister            
0     000845a2  myADC1_init                        
0     0008466a  TranTemp_NTC                       
0     0008471e  Init_SetPar_PWM                    
0     000847cd  PWM_init                           
0     00084876  Device_enableAllPeripherals        
0     00084910  RS232_DATA                         
0     000849aa  Modbus_Receive                     
0     00084a37  ReadEEWorld                        
0     00084ac2  User_Tr_Opt                        
0     00084b4c  ComToCMPx                          
0     00084bd5  pi_run                             
0     00084c5e  __c28xabi_divf                     
0     00084ce6  Init_SetPar_eCAP                   
0     00084d6b  Low_speed_Protection               
0     00084df0  Reduce_Ui                          
0     00084e75  main                               
0     00084ef8  myADC0_init                        
0     00084f7b  DetVinType                         
0     00084ffd  CMPSS_init                         
0     00085000  SFT_To_DeltaVI                     
0     00085100  PFC_Operation                      
0     0008517f  DrFan                              
0     00085266  myCMPSS0_init                      
0     000852d8  Fast_speed_ADCRESULT_to_Reg        
0     00085349  Go_Filter                          
0     000853ba  SysConfig                          
0     0008542b  ADC_2_Vtrim                        
0     00085496  LED_Control                        
0     000854fe  InitEEpromData                     
0     00085563  SysCtl_getClock                    
0     000855c8  I2C_initController                 
0     0008562c  WriteEEWorld                       
0     0008568f  Init_FanControl                    
0     000856eb  EEprom_To_User_Set                 
0     00085745  INT_myCPUTIMER0_ISR                
0     0008579e  User_Set_To_EEprom                 
0     000857f7  InitI2C                            
0     0008584e  sciaRxFifoIsr                      
0     000858a5  SciReceive                         
0     000858fb  INT_myCPUTIMER1_ISR                
0     00085950  DrPWM                              
0     000859a4  Math_CurLoop_KiSum                 
0     000859f7  DecodeVIref                        
0     00085a49  GPIO_setPadConfig                  
0     00085a9b  ADC_2_VCIorACI                     
0     00085aeb  Get_ID                             
0     00085b3a  Interrupt_disable                  
0     00085b88  i2cB_ISR                           
0     00085bd6  Init_Def_EE_Set                    
0     00085c22  RS232_UNDATA                       
0     00085c6e  Init_PMbus                         
0     00085cb8  CMPSS_configFilterHigh             
0     00085d01  CMPSS_configFilterLow              
0     00085d4a  Device_init                        
0     00085d93  Dr_DC_Ok_signal                    
0     00085ddc  AC_ADCRESULT_to_Reg                
0     00085e24  CMPSS_configRamp                   
0     00085e6c  INT_myEPWM0_TZ_ISR                 
0     00085eb4  UpdateWriteCoilsRegister           
0     00085efb  GPIO_setAnalogMode                 
0     00085fcd  Load_Rate_To_Max                   
0     00086000  CalOutProLimit                     
0     00086112  SysCtl_selectOscSource             
0     00086250  EncodeVIref                        
0     0008628e  Interrupt_initModule               
0     000862cb  SysCtl_selectXTAL                  
0     00086308  OxP_Protect                        
0     00086344  UxP_Protect                        
0     00086380  UpdateReadHoldingRegister          
0     000863ba  Master_Set_Cur_PID                 
0     000863f2  Master_Set_Vol_PID                 
0     0008642a  PMbus_Receive                      
0     00086462  XBAR_setOutputMuxConfig            
0     000864d1  GPIO_setPinConfig                  
0     00086508  GPIO_setQualificationMode          
0     0008653f  Interrupt_enable                   
0     00086576  PWM2GPIO                           
0     000865e3  CalDeltaVrmt                       
0     00086619  ParToFanSpeed                      
0     000866b6  GPIO_setDirectionMode              
0     000866e7  __TI_decompress_lzss               
0     00086746  TxResponse                         
0     00086775  XBAR_setEPWMMuxConfig              
0     000867d2  Clr_ADC_Value                      
0     00086800  SciSend_RS232                      
0     0008682e  float_to_linear11                  
0     000868b3  CMPSS_configLatchOnPWMSYNC         
0     00086909  I2C_enableInterrupt                
0     00086934  MathTempTo232                      
0     0008695f  Respone_INFO                       
0     0008698a  __TI_auto_init_nobinit_nopinit     
0     000869b5  INFO_Write_To_EEprom               
0     000869df  Det_VAC_Stable                     
0     00086a08  Modbus_SendException               
0     00086a31  C$$EXIT                            
0     00086a31  abort                              
0     00086a33  exit                               
0     00086ad2  Modbus_CalculateCRC                
0     00086afa  Slave_Set_Par_PID                  
0     00086b22  Slave_Set_Stack_Vol_PID            
0     00086c5b  Fast_speed_Protection              
0     00086ccb  INTERRUPT_init                     
0     00086cf0  SFT_CXref2CX                       
0     00086d15  myCPUTIMER0_init                   
0     00086d3a  time_counter                       
0     00086da7  myCPUTIMER1_init                   
0     00086dcb  EEprom_To_INFO                     
0     00086dee  ISLE_To_DeltaI                     
0     00086e11  PMbus_Send                         
0     00086e34  VSLE_To_DeltaV                     
0     00086eff  I2C_clearInterruptStatus           
0     00086f40  ADC_setOffsetTrimAll               
0     00086fa0  SysCtl_selectXTALSingleEnded       
0     00086ffe  _system_pre_init                   
0     0008803e  ModBusResponse                     
0     0008805d  SCI_init                           
0     0008807c  ConstantPowerLimit                 
0     0008809a  CxRef2Cx                           
0     000880f4  ECAP_setEmulationMode              
0     0008816c  Interrupt_initVectorTable          
0     0008818a  Write_INFO                         
0     000881e2  Clr_Opt_reg                        
0     00088290  myOUTPUTXBAR0_init                 
0     000882ad  memcpy                             
0     00088372  Hys_Det                            
0     0008838e  Modbus_ProcessWriteHoldingRegisters
0     000884b7  Dr_POWER_Ok_signal                 
0     00088539  SysCtl_getLowSpeedClock            
0     0008856c  Board_init                         
0     000885ff  VBUS_ADCRESULT_to_Reg              
0     00088617  password_cheak                     
0     000886a2  FanControl                         
0     000886e7  _c_int00                           
0     00088798  EPWM_setEmulationMode              
0     000887da  Init_SetSynOp_Output               
0     000887f0  Interrupt_defaultHandler           
0     00088884  Cal_VbusRipple_Compensation        
0     000888ed  DC_OK_init                         
0     000889bf  INHIBIT_init                       
0     000889d4  LED_G_init                         
0     000889e9  LED_R_init                         
0     000889fe  ORING_init                         
0     00088a13  PFC_IC_init                        
0     00088a28  PFC_RLY_init                       
0     00088a3d  SYNC_OP_init                       
0     00088b56  Master_Clr_Cur_PID                 
0     00088b6a  Master_Clr_Vol_PID                 
0     00088b7e  Reset_OPSET                        
0     00088b92  Slave_Clr_Par_PID                  
0     00088ba6  Slave_Clr_Stack_Vol_PID            
0     00088bba  Sum2RMS                            
0     00088c08  CPUTimer_setEmulationMode          
0     00088c1b  ClearBufferAndIndex                
0     00088cc6  Slave_Clr_Parallel                 
0     00088cd9  Stack_PI_Cur2Vol                   
0     00088cec  Stack_PI_Vol2Cur                   
0     00088cff  timer_init                         
0     00088daf  GPIO_init                          
0     00088dc0  Init_Def_USER_Set                  
0     00088dd1  Init_SetSynOp_Input                
0     00088de2  Load_PID_Par_to_Controller         
0     00088df3  Device_initGPIO                    
0     00088e52  ModBusReceiveTimeOutCou            
0     00088e61  Ini_PFC_Drive                      
0     00088e6f  Master_CTOCP_Reset                 
0     00088e7d  Slave_CTOCP_Reset                  
0     00088ec0  ecap1_isr                          
0     00088ecd  Clr_SCI                            
0     00088ed9  Master_Clr_Parallel                
0     00088ef1  _args_main                         
0     00088f08  Interrupt_illegalOperationHandler  
0     00088f12  Interrupt_nmiHandler               
0     00088f1c  SYNC_init                          
0     00088f26  myEPWMXBAR0_init                   
0     00088f30  ASYSCTL_init                       
0     00088f39  UpdateReadCoilsRegister            
0     00088f42  __relaxed_sqrtf                    
0     00088f4b  _register_unlock                   
0     00088f4f  _register_lock                     
0     00088f53  _nop                               
0     00088f54  Init_DetVinType                    
0     00088f5c  Init_ModBus                        
0     00088f6c  __TI_decompress_none               
0     00088f8a  Soft_Time_Tr_DeltaV                
0     00088f98  __error__                          
0     00088f9f  memset                             
0     00088fa6  Init_CalDeltaVRMT                  
0     00088fac  Init_Freedforward                  
0     00088fb8  __TI_zero_init                     
0     00088fbe  ADC_init                           
0     00088fc3  CPUTIMER_init                      
0     00088fc8  Clr_EQT_Set                        
0     00088fcd  Init_Ok_signal                     
0     00088fd1  EPWMXBAR_init                      
0     00088fd4  OUTPUTXBAR_init                    
0     00088fd7  C2000Ware_libraries_init           
0     00088fd8  _system_post_cinit                 
1     00000b00  AdcaResultRegs                     
1     00000b40  AdccResultRegs                     
1     00000c00  CpuTimer0Regs                      
1     00000c08  CpuTimer1Regs                      
1     00000ce0  PieCtrlRegs                        
1     00004000  EPwm1Regs                          
1     00004200  EPwm3Regs                          
1     00004300  EPwm4Regs                          
1     00004400  EPwm5Regs                          
1     00005200  ECap1Regs                          
1     00007200  SciaRegs                           
1     00007300  I2caRegs                           
1     00007f00  GpioDataRegs                       
abs   00000123  RamfuncsLoadSize                   
abs   00000123  RamfuncsRunSize                    
abs   00000200  __TI_STACK_SIZE                    
abs   ffffffff  __TI_pprof_out_hndl                
abs   ffffffff  __TI_prof_data_size                
abs   ffffffff  __TI_prof_data_start               
n/a   UNDEFED   __c_args__                         

[393 symbols]
