******************************************************************************
             TMS320C2000 Linker PC v22.6.1                     
******************************************************************************
>> Linked Mon Nov 10 21:01:12 2025

OUTPUT FILE NAME:   <BicD2D(20251107).out>
ENTRY POINT SYMBOL: "code_start"  address: 00080000


MEMORY CONFIGURATION

         name            origin    length      used     unused   attr    fill
----------------------  --------  ---------  --------  --------  ----  --------
PAGE 0:
  BOOT_RSVD             00000002   00000126  00000000  00000126  RWIX
  RAMM0                 00000128   000002d8  00000000  000002d8  RWIX
  RAMM1                 00000400   000003f8  00000200  000001f8  RWIX
  RAMLS4567             0000a000   00002000  0000033c  00001cc4  RWIX
  RAMGS0                0000c000   000007f8  00000123  000006d5  RWIX
  BEGIN                 00080000   00000002  00000002  00000000  RWIX
  FLASH_BANK0_SEC0      00080002   00000ffe  00000000  00000ffe  RWIX
  FLASH_BANK0_SEC1      00081000   00001000  00000b24  000004dc  RWIX
  FLASH_BANK0_SEC2      00082000   00001000  00001000  00000000  RWIX
  FLASH_BANK0_SEC3      00083000   00001000  00001000  00000000  RWIX
  FLASH_BANK0_SEC4      00084000   00001000  00001000  00000000  RWIX
  FLASH_BANK0_SEC5      00085000   00001000  00001000  00000000  RWIX
  FLASH_BANK0_SEC6      00086000   00001000  00001000  00000000  RWIX
  FLASH_BANK0_SEC7      00087000   00001000  00000000  00001000  RWIX
  FLASH_BANK0_SEC8      00088000   00001000  00001000  00000000  RWIX
  FLASH_BANK0_SEC9      00089000   00001000  00000655  000009ab  RWIX
  FLASH_BANK0_SEC10     0008a000   00001000  00000000  00001000  RWIX
  FLASH_BANK0_SEC11     0008b000   00001000  00000000  00001000  RWIX
  FLASH_BANK0_SEC12     0008c000   00001000  00000000  00001000  RWIX
  FLASH_BANK0_SEC13     0008d000   00001000  00000000  00001000  RWIX
  FLASH_BANK0_SEC14     0008e000   00001000  00000000  00001000  RWIX
  FLASH_BANK0_SEC15     0008f000   00000ff0  00000000  00000ff0  RWIX
  BOOTROM               003f0000   00008000  00000000  00008000  RWIX
  BOOTROM_EXT           003f8000   00007fc0  00000000  00007fc0  RWIX
  RESET                 003fffc0   00000002  00000000  00000002  RWIX

PAGE 1:
  ADCARESULT            00000b00   00000018  00000018  00000000  RWIX
  ADCCRESULT            00000b40   00000018  00000018  00000000  RWIX
  CPUTIMER0             00000c00   00000008  00000008  00000000  RWIX
  CPUTIMER1             00000c08   00000008  00000008  00000000  RWIX
  CPUTIMER2             00000c10   00000008  00000000  00000008  RWIX
  PIECTRL               00000ce0   0000001a  0000001a  00000000  RWIX
  PIEVECTTABLE          00000d00   00000200  00000000  00000200  RWIX
  DMA                   00001000   00000200  00000000  00000200  RWIX
  CLB1LOGICCFG          00003000   00000052  00000000  00000052  RWIX
  CLB1LOGICCTRL         00003100   00000040  00000000  00000040  RWIX
  CLB1DATAEXCH          00003180   00000080  00000000  00000080  RWIX
  CLB2LOGICCFG          00003400   00000052  00000000  00000052  RWIX
  CLB2LOGICCTRL         00003500   00000040  00000000  00000040  RWIX
  CLB2DATAEXCH          00003580   00000080  00000000  00000080  RWIX
  EPWM1                 00004000   00000100  00000000  00000100  RWIX
  EPWM2                 00004100   00000100  00000100  00000000  RWIX
  EPWM3                 00004200   00000100  00000100  00000000  RWIX
  EPWM4                 00004300   00000100  00000100  00000000  RWIX
  EPWM5                 00004400   00000100  00000000  00000100  RWIX
  EPWM6                 00004500   00000100  00000000  00000100  RWIX
  EPWM7                 00004600   00000100  00000000  00000100  RWIX
  EQEP1                 00005100   00000040  00000000  00000040  RWIX
  EQEP2                 00005140   00000040  00000000  00000040  RWIX
  ECAP1                 00005200   00000020  00000000  00000020  RWIX
  ECAP2                 00005240   00000020  00000000  00000020  RWIX
  ECAP3                 00005280   00000020  00000000  00000020  RWIX
  HRCAP3                000052a0   00000020  00000000  00000020  RWIX
  CMPSS1                00005c80   00000020  00000000  00000020  RWIX
  CMPSS2                00005ca0   00000020  00000000  00000020  RWIX
  CMPSS3                00005cc0   00000020  00000000  00000020  RWIX
  CMPSS4                00005ce0   00000020  00000000  00000020  RWIX
  SPIA                  00006100   00000010  00000000  00000010  RWIX
  SPIB                  00006110   00000010  00000000  00000010  RWIX
  BGCRCCPU              00006340   00000040  00000000  00000040  RWIX
  PMBUSA                00006400   00000020  00000000  00000020  RWIX
  HIC                   00006500   00000080  00000000  00000080  RWIX
  FSITXA                00006600   00000050  00000000  00000050  RWIX
  FSIRXA                00006680   00000050  00000000  00000050  RWIX
  LINA                  00006a00   000000ec  00000000  000000ec  RWIX
  LINB                  00006b00   000000ec  00000000  000000ec  RWIX
  WD                    00007000   0000002c  00000000  0000002c  RWIX
  NMIINTRUPT            00007060   00000010  00000000  00000010  RWIX
  XINT                  00007070   0000000c  00000000  0000000c  RWIX
  SCIA                  00007200   00000010  00000010  00000000  RWIX
  I2CA                  00007300   00000022  00000022  00000000  RWIX
  I2CB                  00007340   00000022  00000000  00000022  RWIX
  ADCA                  00007400   00000080  00000000  00000080  RWIX
  ADCC                  00007500   00000080  00000076  0000000a  RWIX
  INPUTXBAR             00007900   00000020  00000000  00000020  RWIX
  XBAR                  00007920   00000020  00000000  00000020  RWIX
  SYNCSOC               00007940   00000006  00000000  00000006  RWIX
  CLBINPUTXBAR          00007960   00000020  00000000  00000020  RWIX
  DMACLASRCSEL          00007980   0000001a  00000000  0000001a  RWIX
  EPWMXBAR              00007a00   00000040  00000000  00000040  RWIX
  CLBXBAR               00007a40   00000040  00000000  00000040  RWIX
  OUTPUTXBAR            00007a80   00000040  00000000  00000040  RWIX
  CLBOUTPUTXBAR         00007bc0   00000040  00000000  00000040  RWIX
  GPIOCTRL              00007c00   00000200  00000000  00000200  RWIX
  GPIODATA              00007f00   00000040  00000000  00000040  RWIX
  GPIODATAREAD          00007f80   00000010  00000000  00000010  RWIX
  CANA                  00048000   00000200  00000000  00000200  RWIX
  DEVCFG                0005d000   000001ac  00000000  000001ac  RWIX
  CLKCFG                0005d200   00000100  00000000  00000100  RWIX
  CPUSYS                0005d300   000000a0  00000000  000000a0  RWIX
  SYSPERIPHAC           0005d500   00000200  00000000  00000200  RWIX
  ANALOGSUBSYS          0005d700   00000100  00000000  00000100  RWIX
  DCC0                  0005e700   00000038  00000000  00000038  RWIX
  DCC1                  0005e740   00000038  00000000  00000038  RWIX
  ERADGLOBAL            0005e800   00000014  00000000  00000014  RWIX
  ERADHWBP1             0005e900   00000008  00000000  00000008  RWIX
  ERADHWBP2             0005e908   00000008  00000000  00000008  RWIX
  ERADHWBP3             0005e910   00000008  00000000  00000008  RWIX
  ERADHWBP4             0005e918   00000008  00000000  00000008  RWIX
  ERADHWBP5             0005e920   00000008  00000000  00000008  RWIX
  ERADHWBP6             0005e928   00000008  00000000  00000008  RWIX
  ERADHWBP7             0005e930   00000008  00000000  00000008  RWIX
  ERADHWBP8             0005e938   00000008  00000000  00000008  RWIX
  ERADCOUNTER1          0005e980   00000010  00000000  00000010  RWIX
  ERADCOUNTER2          0005e990   00000010  00000000  00000010  RWIX
  ERADCOUNTER3          0005e9a0   00000010  00000000  00000010  RWIX
  ERADCOUNTER4          0005e9b0   00000010  00000000  00000010  RWIX
  ERADCRCGLOBAL         0005ea00   00000010  00000000  00000010  RWIX
  ERADCRC1              0005ea10   00000010  00000000  00000010  RWIX
  ERADCRC2              0005ea20   00000010  00000000  00000010  RWIX
  ERADCRC3              0005ea30   00000010  00000000  00000010  RWIX
  ERADCRC4              0005ea40   00000010  00000000  00000010  RWIX
  ERADCRC5              0005ea50   00000010  00000000  00000010  RWIX
  ERADCRC6              0005ea60   00000010  00000000  00000010  RWIX
  ERADCRC7              0005ea70   00000010  00000000  00000010  RWIX
  ERADCRC8              0005ea80   00000010  00000000  00000010  RWIX
  DCSMBANK0Z1           0005f000   00000024  00000000  00000024  RWIX
  DCSMBANK0Z2           0005f040   00000024  00000000  00000024  RWIX
  DCSMCOMMON            0005f070   00000010  00000000  00000010  RWIX
  MEMCFG                0005f400   000000c0  00000000  000000c0  RWIX
  ACCESSPROTECTION      0005f500   0000003e  00000000  0000003e  RWIX
  MEMORYERROR           0005f540   00000040  00000000  00000040  RWIX
  TESTERROR             0005f590   00000010  00000000  00000010  RWIX
  FLASH0CTRL            0005f800   00000182  00000000  00000182  RWIX
  FLASH0ECC             0005fb00   00000028  00000000  00000028  RWIX
  DCSMBANK0Z1OTP        00078000   00000020  00000000  00000020  RWIX
  DCSMBANK0Z2OTP        00078200   00000020  00000000  00000020  RWIX


SECTION ALLOCATION MAP

 output                                  attributes/
section   page    origin      length       input sections
--------  ----  ----------  ----------   ----------------
codestart 
*          0    00080000    00000002     
                  00080000    00000002     f28002x_codestartbranch.obj (codestart)

.switch    0    000816b0    0000032c     
                  000816b0    000001cc     RS232.obj (.switch:Ask_Sett)
                  0008187c    0000002c     RS232.obj (.switch:AGM1_Para_Sett)
                  000818a8    0000002c     RS232.obj (.switch:AGM2_Para_Sett)
                  000818d4    0000002c     RS232.obj (.switch:Customer_Para_Sett)
                  00081900    0000002c     RS232.obj (.switch:Gel_Para_Sett)
                  0008192c    0000002c     RS232.obj (.switch:LFP1_Para_Sett)
                  00081958    0000002c     RS232.obj (.switch:LFP2_Para_Sett)
                  00081984    0000002c     RS232.obj (.switch:LFP3_Para_Sett)
                  000819b0    0000002c     RS232.obj (.switch:Wet_Para_Sett)

.cinit     0    00081b08    0000002a     
                  00081b08    00000018     (.cinit..data.load) [load image, compression = lzss]
                  00081b20    00000006     (__TI_handler_table)
                  00081b26    00000004     (.cinit..bss.load) [load image, compression = zero_init]
                  00081b2a    00000008     (__TI_cinit_table)

.reset     0    003fffc0    00000000     DSECT

.stack     0    00000400    00000200     UNINITIALIZED
                  00000400    00000200     --HOLE--

.init_array 
*          0    00081000    00000000     UNINITIALIZED

.bss       0    0000a000    0000027a     UNINITIALIZED
                  0000a000    0000012c     Charger.obj (.bss)
                  0000a12c    00000008     RS232.obj (.bss)
                  0000a134    00000005     SysConfig.obj (.bss)
                  0000a139    00000003     I2c_eeprom.obj (.bss)
                  0000a13c    00000001     Timer.obj (.bss)
                  0000a13d    00000003     --HOLE--
                  0000a140    00000080     Compensation.obj (.bss)
                  0000a1c0    0000007d     Protection.obj (.bss)
                  0000a23d    00000003     --HOLE--
                  0000a240    00000020     FanControl.obj (.bss)
                  0000a260    0000001a     ADC.obj (.bss)

.data      0    0000a27a    000000c2     UNINITIALIZED
                  0000a27a    00000006     Charger.obj (.data)
                  0000a280    00000040     ADC.obj (.data)
                  0000a2c0    00000020     RS232.obj (.data:SciRx)
                  0000a2e0    00000020     RS232.obj (.data:SciTx)
                  0000a300    00000018     RS232.obj (.data)
                  0000a318    0000000a     FanControl.obj (.data)
                  0000a322    00000006     DrPWM.obj (.data)
                  0000a328    00000006     rts2800_fpu32_eabi.lib : exit.c.obj (.data)
                  0000a32e    00000005     Timer.obj (.data)
                  0000a333    00000001     I2c_eeprom.obj (.data)
                  0000a334    00000002     Compensation.obj (.data)
                  0000a336    00000002     rts2800_fpu32_eabi.lib : _lock.c.obj (.data:_lock)
                  0000a338    00000002                            : _lock.c.obj (.data:_unlock)
                  0000a33a    00000001     Protection.obj (.data)
                  0000a33b    00000001     SysConfig.obj (.data)

.const     0    00081000    000006ab     
                  00081000    000001a2     board.obj (.const:.string)
                  000811a2    0000009b     driverlib.lib : flash.obj (.const:.string)
                  0008123d    00000001     RS232.obj (.const:RS232LimitH_CurrSet)
                  0008123e    0000009a     driverlib.lib : sysctl.obj (.const:.string)
                  000812d8    00000098                   : epwm.obj (.const:.string)
                  00081370    00000098                   : gpio.obj (.const:.string)
                  00081408    0000008c     main.obj (.const:.string)
                  00081494    00000059     device.obj (.const:.string)
                  000814ed    00000001     RS232.obj (.const:RS232LimitL_CurrSet)
                  000814ee    00000050     driverlib.lib : cputimer.obj (.const:.string)
                  0008153e    0000004d                   : cmpss.obj (.const:.string)
                  0008158b    00000001     --HOLE-- [fill = 0]
                  0008158c    0000004b                   : i2c.obj (.const:.string)
                  000815d7    00000001     --HOLE-- [fill = 0]
                  000815d8    00000043     SysConfig.obj (.const:.string)
                  0008161b    00000001     --HOLE-- [fill = 0]
                  0008161c    0000003b     RS232.obj (.const:.string)
                  00081657    00000016     RS232.obj (.const:RS232LimitH_ChaPara)
                  0008166d    00000016     RS232.obj (.const:RS232LimitL_ChaPara)
                  00081683    00000006     RS232.obj (.const:RS232LimitH_Pro_VBB)
                  00081689    00000006     RS232.obj (.const:RS232LimitH_Pro_VSB)
                  0008168f    00000006     RS232.obj (.const:RS232LimitL_Pro_VBB)
                  00081695    00000006     RS232.obj (.const:RS232LimitL_Pro_VSB)
                  0008169b    00000004     RS232.obj (.const:RS232LimitH_Gain_Offset)
                  0008169f    00000004     RS232.obj (.const:RS232LimitH_Rate)
                  000816a3    00000004     RS232.obj (.const:RS232LimitL_Gain_Offset)
                  000816a7    00000004     RS232.obj (.const:RS232LimitL_Rate)

.TI.ramfunc 
*          0    000819e0    00000123     RUN ADDR = 0000c000
                  000819e0    0000003f     driverlib.lib : flash.obj (.TI.ramfunc:Flash_initModule)
                  00081a1f    0000002c                   : flash.obj (.TI.ramfunc:Flash_setBankPowerMode)
                  00081a4b    00000023                   : flash.obj (.TI.ramfunc:Flash_setWaitstates)
                  00081a6e    0000001d                   : flash.obj (.TI.ramfunc:Flash_setPumpPowerMode)
                  00081a8b    00000018                   : flash.obj (.TI.ramfunc:Flash_disableCache)
                  00081aa3    00000018                   : flash.obj (.TI.ramfunc:Flash_disablePrefetch)
                  00081abb    00000017                   : flash.obj (.TI.ramfunc:Flash_enableCache)
                  00081ad2    00000017                   : flash.obj (.TI.ramfunc:Flash_enablePrefetch)
                  00081ae9    00000016                   : flash.obj (.TI.ramfunc:Flash_enableECC)
                  00081aff    00000004                   : sysctl.obj (.TI.ramfunc)

AdcaResultRegsFile 
*          1    00000b00    00000018     UNINITIALIZED
                  00000b00    00000018     f28002x_globalvariabledefs.obj (AdcaResultRegsFile)

AdccResultRegsFile 
*          1    00000b40    00000018     UNINITIALIZED
                  00000b40    00000018     f28002x_globalvariabledefs.obj (AdccResultRegsFile)

AdccRegsFile 
*          1    00007500    00000076     UNINITIALIZED
                  00007500    00000076     f28002x_globalvariabledefs.obj (AdccRegsFile)

CpuTimer0RegsFile 
*          1    00000c00    00000008     UNINITIALIZED
                  00000c00    00000008     f28002x_globalvariabledefs.obj (CpuTimer0RegsFile)

CpuTimer1RegsFile 
*          1    00000c08    00000008     UNINITIALIZED
                  00000c08    00000008     f28002x_globalvariabledefs.obj (CpuTimer1RegsFile)

EPwm2RegsFile 
*          1    00004100    00000100     UNINITIALIZED
                  00004100    00000100     f28002x_globalvariabledefs.obj (EPwm2RegsFile)

EPwm3RegsFile 
*          1    00004200    00000100     UNINITIALIZED
                  00004200    00000100     f28002x_globalvariabledefs.obj (EPwm3RegsFile)

EPwm4RegsFile 
*          1    00004300    00000100     UNINITIALIZED
                  00004300    00000100     f28002x_globalvariabledefs.obj (EPwm4RegsFile)

I2caRegsFile 
*          1    00007300    00000022     UNINITIALIZED
                  00007300    00000022     f28002x_globalvariabledefs.obj (I2caRegsFile)

PieCtrlRegsFile 
*          1    00000ce0    0000001a     UNINITIALIZED
                  00000ce0    0000001a     f28002x_globalvariabledefs.obj (PieCtrlRegsFile)

SciaRegsFile 
*          1    00007200    00000010     UNINITIALIZED
                  00007200    00000010     f28002x_globalvariabledefs.obj (SciaRegsFile)

.text.1    0    00082000    00001000     
                  00082000    00000a67     RS232.obj (.text:Ask_Sett)
                  00082a67    000002d8     board.obj (.text:EPWM_init)
                  00082d3f    00000211     RS232.obj (.text:Customer_Para_Sett)
                  00082f50    000000a2     board.obj (.text:myADC1_init)
                  00082ff2    0000000e     board.obj (.text:XBAR_enableEPWMMux)

.text.2    0    00083000    00001000     
                  00083000    000008eb     I2c_eeprom.obj (.text:EE_Set_To_EEprom)
                  000838eb    000005bf     RS232.obj (.text:UserFace)
                  00083eaa    00000154     Protection.obj (.text:Init_Protection)
                  00083ffe    00000002     rts2800_fpu32_eabi.lib : pre_init.c.obj (.text)

.text.3    0    00084000    00001000     
                  00084000    000007e9     I2c_eeprom.obj (.text:EEprom_To_EE_Set)
                  000847e9    00000211     RS232.obj (.text:LFP2_Para_Sett)
                  000849fa    00000211     RS232.obj (.text:LFP3_Para_Sett)
                  00084c0b    0000020f     RS232.obj (.text:AGM1_Para_Sett)
                  00084e1a    000001b2     Charger.obj (.text:ChaProcess)
                  00084fcc    00000034     board.obj (.text:EPWM_selectDigitalCompareCBCLatchClearEvent)

.text.4    0    00085000    00001000     
                  00085000    0000020f     RS232.obj (.text:AGM2_Para_Sett)
                  0008520f    0000020f     RS232.obj (.text:LFP1_Para_Sett)
                  0008541e    0000020e     RS232.obj (.text:Gel_Para_Sett)
                  0008562c    0000020e     RS232.obj (.text:Wet_Para_Sett)
                  0008583a    00000179     Charger.obj (.text:Bat_Def_Parameter_Sett)
                  000859b3    00000121     driverlib.lib : sysctl.obj (.text:SysCtl_setClock)
                  00085ad4    00000115     Charger.obj (.text:ChaVI2PU)
                  00085be9    00000109     board.obj (.text:PinMux_init)
                  00085cf2    000000fe     Protection.obj (.text:Low_speed_Protection)
                  00085df0    000000fe     driverlib.lib : sysctl.obj (.text:SysCtl_isPLLValid)
                  00085eee    000000f5     I2c_eeprom.obj (.text:User_Set_To_EEprom)
                  00085fe3    0000001d     board.obj (.text:CMPSS_setDACValueLow)

.text.5    0    00086000    00001000     
                  00086000    000000f0     ADC.obj (.text:Fast_speed_ADCRESULT_to_Reg)
                  000860f0    000000dd     I2c_eeprom.obj (.text:EEprom_To_User_Set)
                  000861cd    000000d4     RS232.obj (.text:Go_Sett_Curr)
                  000862a1    000000b4     ADC.obj (.text:TranTemp_NTC)
                  00086355    0000009d     RS232.obj (.text:Go_Sett_Pro_VBB)
                  000863f2    0000009d     RS232.obj (.text:Go_Sett_Pro_VSB)
                  0008648f    0000009a     device.obj (.text:Device_enableAllPeripherals)
                  00086529    0000009a     RS232.obj (.text:RS232_DATA)
                  000865c3    0000008b     Charger.obj (.text:Jump_To_Next_Stage_Sett)
                  0008664e    0000008b     I2c_eeprom.obj (.text:ReadEEWorld)
                  000866d9    00000089     PID.obj (.text:pi_run)
                  00086762    00000088     rts2800_fpu32_eabi.lib : fs_div28.asm.obj (.text)
                  000867ea    00000085     FanControl.obj (.text:Init_FanControl)
                  0008686f    0000007e     main.obj (.text:main)
                  000868ed    00000077     board.obj (.text:myCMPSS0_init)
                  00086964    00000073     driverlib.lib : sysctl.obj (.text:DCC_setCounterSeeds)
                  000869d7    0000006b     Charger.obj (.text:Sel_BatType)
                  00086a42    00000068     FanControl.obj (.text:DrFan)
                  00086aaa    00000068     RS232.obj (.text:Go_Sett_Gain_Offset)
                  00086b12    00000068     RS232.obj (.text:Go_Sett_Rate)
                  00086b7a    00000065     driverlib.lib : sysctl.obj (.text:SysCtl_getClock)
                  00086bdf    00000064                   : i2c.obj (.text:I2C_initController)
                  00086c43    00000063     I2c_eeprom.obj (.text:WriteEEWorld)
                  00086ca6    00000063     board.obj (.text:myADC0_init)
                  00086d09    00000057     SysConfig.obj (.text:InitI2C)
                  00086d60    00000056     RS232.obj (.text:SciReceive)
                  00086db6    00000053     DrPWM.obj (.text:DrivePWM)
                  00086e09    00000052     driverlib.lib : gpio.obj (.text:GPIO_setPadConfig)
                  00086e5b    0000004d     main.obj (.text:sciaRxFifoIsr)
                  00086ea8    0000004c     Compensation.obj (.text:SB2BB_Compensation)
                  00086ef4    0000004b     ADC.obj (.text:Low_speed_ADCRESULT_to_Reg)
                  00086f3f    00000049     driverlib.lib : cmpss.obj (.text:CMPSS_configFilterHigh)
                  00086f88    00000049                   : cmpss.obj (.text:CMPSS_configFilterLow)
                  00086fd1    0000002f     RS232.obj (.text:TxResponse)

.text.6    0    00088000    00001000     
                  00088000    00000049     device.obj (.text:Device_init)
                  00088049    00000049     Compensation.obj (.text:Init_Compensation)
                  00088092    00000048     driverlib.lib : cmpss.obj (.text:CMPSS_configRamp)
                  000880da    00000046                   : gpio.obj (.text:GPIO_setAnalogMode)
                  00088120    00000045                   : sysctl.obj (.text:SysCtl_pollX1Counter)
                  00088165    00000044     board.obj (.text:GPIO_writePin)
                  000881a9    00000043     Charger.obj (.text:BatType_2_ChaRef)
                  000881ec    00000042     driverlib.lib : sysctl.obj (.text:SysCtl_selectOscSource)
                  0008822e    00000040     board.obj (.text:EPWM_setActionQualifierAction)
                  0008826e    0000003f     SysConfig.obj (.text:Load_Rate_To_Max)
                  000882ad    0000003f     RS232.obj (.text:RS232_UNDATA)
                  000882ec    0000003e     board.obj (.text:EPWM_setCounterCompareShadowLoadMode)
                  0008832a    0000003d     driverlib.lib : interrupt.obj (.text:Interrupt_initModule)
                  00088367    0000003d                   : sysctl.obj (.text:SysCtl_selectXTAL)
                  000883a4    0000003c     Protection.obj (.text:OxP_Protect)
                  000883e0    0000003c     Protection.obj (.text:UxP_Protect)
                  0008841c    00000038     main.obj (.text:INT_myCPUTIMER0_ISR)
                  00088454    00000038     main.obj (.text:INT_myCPUTIMER1_ISR)
                  0008848c    00000037     driverlib.lib : gpio.obj (.text:GPIO_setPinConfig)
                  000884c3    00000037                   : gpio.obj (.text:GPIO_setQualificationMode)
                  000884fa    00000037                   : interrupt.obj (.text:Interrupt_enable)
                  00088531    00000036     board.obj (.text:ADC_setupSOC)
                  00088567    00000035     FanControl.obj (.text:FanControl)
                  0008859c    00000035     FanControl.obj (.text:ParToFanSpeed)
                  000885d1    00000034     board.obj (.text:EPWM_setDigitalCompareCBCLatchMode)
                  00088605    00000034     main.obj (.text:INT_TZ_ISR)
                  00088639    00000031     driverlib.lib : gpio.obj (.text:GPIO_setDirectionMode)
                  0008866a    00000030     rts2800_fpu32_eabi.lib : copy_decompress_lzss.c.obj (.text:decompress:lzss)
                  0008869a    0000002f     driverlib.lib : xbar.obj (.text:XBAR_setEPWMMuxConfig)
                  000886c9    0000002e     board.obj (.text:ADC_setInterruptSOCTrigger)
                  000886f7    0000002e     board.obj (.text:EPWM_setDeadBandOutputSwapMode)
                  00088725    0000002e     RS232.obj (.text:SciSend_RS232)
                  00088753    0000002c     board.obj (.text:EPWM_setActionQualifierSWAction)
                  0008877f    0000002c     board.obj (.text:EPWM_setDeadBandDelayMode)
                  000887ab    0000002c     Compensation.obj (.text:TbatCompensation)
                  000887d7    0000002b     driverlib.lib : cmpss.obj (.text:CMPSS_configLatchOnPWMSYNC)
                  00088802    0000002b     RS232.obj (.text:MathTempTo232)
                  0008882d    0000002b     rts2800_fpu32_eabi.lib : autoinit.c.obj (.text:__TI_auto_init_nobinit_nopinit)
                  00088858    00000029                            : exit.c.obj (.text)
                  00088881    00000028     board.obj (.text:EPWM_selectDigitalCompareTripInput)
                  000888a9    00000027     board.obj (.text:EPWM_isBaseValid)
                  000888d0    00000027     driverlib.lib : epwm.obj (.text:EPWM_isBaseValid)
                  000888f7    00000027     main.obj (.text:EPWM_isBaseValid)
                  0008891e    00000025     board.obj (.text:CMPSS_configBlanking)
                  00088943    00000025     board.obj (.text:INTERRUPT_init)
                  00088968    00000025     FanControl.obj (.text:find_Max)
                  0008898d    00000025     Timer.obj (.text:time_counter)
                  000889b2    00000024     driverlib.lib : sysctl.obj (.text:DCC_enableSingleShotMode)
                  000889d6    00000024     board.obj (.text:EPWM_setDeadBandDelayPolarity)
                  000889fa    00000024     board.obj (.text:EPWM_setupEPWMLinks)
                  00088a1e    00000022     board.obj (.text:EPWM_setCounterCompareValue)
                  00088a40    00000022     main.obj (.text:EPWM_setTripZoneAction)
                  00088a62    00000022     board.obj (.text:EPWM_setTripZoneDigitalCompareEventCondition)
                  00088a84    00000021     board.obj (.text:EPWM_enableGlobalLoadRegisters)
                  00088aa5    00000021     driverlib.lib : i2c.obj (.text:I2C_clearInterruptStatus)
                  00088ac6    00000020                   : adc.obj (.text:ADC_setOffsetTrimAll)
                  00088ae6    00000020     board.obj (.text:ASysCtl_selectCMPHPMux)
                  00088b06    00000020     board.obj (.text:ASysCtl_selectCMPLPMux)
                  00088b26    00000020     board.obj (.text:EPWM_enableTripZoneInterrupt)
                  00088b46    00000020     driverlib.lib : sysctl.obj (.text:SysCtl_selectXTALSingleEnded)
                  00088b66    00000020     board.obj (.text:myCPUTIMER0_init)
                  00088b86    00000020     board.obj (.text:myCPUTIMER1_init)
                  00088ba6    0000001f     board.obj (.text:EPWM_selectCycleByCycleTripZoneClearEvent)
                  00088bc5    0000001f     board.obj (.text:EPWM_setFallingEdgeDelayCountShadowLoadMode)
                  00088be4    0000001f     board.obj (.text:EPWM_setRisingEdgeDelayCountShadowLoadMode)
                  00088c03    0000001f     SysConfig.obj (.text:SCI_init)
                  00088c22    0000001e     driverlib.lib : sysctl.obj (.text:DCC_setCounter0ClkSource)
                  00088c40    0000001e                   : sysctl.obj (.text:DCC_setCounter1ClkSource)
                  00088c5e    0000001e     board.obj (.text:EPWM_setPhaseShift)
                  00088c7c    0000001e     driverlib.lib : interrupt.obj (.text:Interrupt_initVectorTable)
                  00088c9a    0000001e     SysConfig.obj (.text:SysConfig)
                  00088cb8    0000001d     board.obj (.text:CMPSS_setHysteresis)
                  00088cd5    0000001d     board.obj (.text:EPWM_enableSyncOutPulseSource)
                  00088cf2    0000001d     board.obj (.text:EPWM_setActionQualifierContSWForceShadowMode)
                  00088d0f    0000001d     board.obj (.text:EPWM_setFallingEdgeDelayCount)
                  00088d2c    0000001d     board.obj (.text:EPWM_setRisingEdgeDelayCount)
                  00088d49    0000001d     SysConfig.obj (.text:Init_Def_LCM_Pro_Set)
                  00088d66    0000001d     rts2800_fpu32_eabi.lib : memcpy.c.obj (.text)
                  00088d83    0000001c     board.obj (.text:ADC_setSOCPriority)
                  00088d9f    0000001c     board.obj (.text:EPWM_setClockPrescaler)
                  00088dbb    0000001b     board.obj (.text:CMPSS_isBaseValid)
                  00088dd6    0000001b     driverlib.lib : cmpss.obj (.text:CMPSS_isBaseValid)
                  00088df1    0000001b     board.obj (.text:CMPSS_setDACValueHigh)
                  00088e0c    0000001b     SysConfig.obj (.text:I2C_setTargetAddress)
                  00088e27    0000001b     I2c_eeprom.obj (.text:InitEEpromData)
                  00088e42    0000001a     main.obj (.text:CPUTimer_startTimer)
                  00088e5c    0000001a     SysConfig.obj (.text:I2C_setAddressMode)
                  00088e76    0000001a     SysConfig.obj (.text:I2C_setBitCount)
                  00088e90    0000001a     SysConfig.obj (.text:I2C_setConfig)
                  00088eaa    0000001a     driverlib.lib : sysctl.obj (.text:SysCtl_getLowSpeedClock)
                  00088ec4    00000019     board.obj (.text:ASysCtl_setAnalogReference2P5)
                  00088edd    00000019     board.obj (.text:CMPSS_configLowComparator)
                  00088ef6    00000019     board.obj (.text:CMPSS_configOutputsLow)
                  00088f0f    00000019     SysConfig.obj (.text:Init_Def_EE_Set)
                  00088f28    00000018     board.obj (.text:ASysCtl_setAnalogReferenceInternal)
                  00088f40    00000018     board.obj (.text:EPWM_disableFallingEdgeDelayCountShadowLoadMode)
                  00088f58    00000018     board.obj (.text:EPWM_disableRisingEdgeDelayCountShadowLoadMode)
                  00088f70    00000018     Compensation.obj (.text:Set_SB2BB_Cur_Loop)
                  00088f88    00000018     Compensation.obj (.text:Set_SB2BB_Vbank_Loop)
                  00088fa0    00000018     Compensation.obj (.text:Set_SB2BB_Vstart_Loop)
                  00088fb8    00000018     RS232.obj (.text:password_cheak)
                  00088fd0    00000017     board.obj (.text:Board_init)
                  00088fe7    00000017     board.obj (.text:CPUTimer_isBaseValid)
                  00088ffe    00000001     c2000ware_libraries.obj (.text:C2000Ware_libraries_init)
                  00088fff    00000001     rts2800_fpu32_eabi.lib : startup.c.obj (.text)

.text.7    0    00089000    00000655     
                  00089000    00000017     driverlib.lib : cputimer.obj (.text:CPUTimer_isBaseValid)
                  00089017    00000017     main.obj (.text:CPUTimer_isBaseValid)
                  0008902e    00000017     board.obj (.text:CPUTimer_setPreScaler)
                  00089045    00000017     device.obj (.text:SysCtl_enablePeripheral)
                  0008905c    00000017     driverlib.lib : sysctl.obj (.text:SysCtl_enablePeripheral)
                  00089073    00000017     rts2800_fpu32_eabi.lib : boot28.asm.obj (.text)
                  0008908a    00000016     board.obj (.text:ADC_setInterruptPulseMode)
                  000890a0    00000016     board.obj (.text:ADC_setPrescaler)
                  000890b6    00000016     board.obj (.text:CMPSS_configDAC)
                  000890cc    00000016     board.obj (.text:CMPSS_configHighComparator)
                  000890e2    00000016     board.obj (.text:CMPSS_configOutputsHigh)
                  000890f8    00000016     driverlib.lib : sysctl.obj (.text:DCC_disableDoneSignal)
                  0008910e    00000016     board.obj (.text:EPWM_enableTripZoneSignals)
                  00089124    00000016     driverlib.lib : epwm.obj (.text:EPWM_setEmulationMode)
                  0008913a    00000016     board.obj (.text:EPWM_setSyncInPulseSource)
                  00089150    00000016     driverlib.lib : interrupt.obj (.text:Interrupt_defaultHandler)
                  00089166    00000015     board.obj (.text:ADC_disableBurstMode)
                  0008917b    00000015     board.obj (.text:BB_LED_G_init)
                  00089190    00000015     board.obj (.text:BB_LED_R_init)
                  000891a5    00000015     board.obj (.text:CMPSS_disableBlanking)
                  000891ba    00000015     board.obj (.text:CMPSS_disableLatchResetOnPWMSYNCHigh)
                  000891cf    00000015     board.obj (.text:CMPSS_disableLatchResetOnPWMSYNCLow)
                  000891e4    00000015     board.obj (.text:CMPSS_initFilterHigh)
                  000891f9    00000015     board.obj (.text:CMPSS_initFilterLow)
                  0008920e    00000015     board.obj (.text:CPUTimer_enableInterrupt)
                  00089223    00000015     driverlib.lib : sysctl.obj (.text:DCC_clearDoneFlag)
                  00089238    00000015                   : sysctl.obj (.text:DCC_clearErrorFlag)
                  0008924d    00000015                   : sysctl.obj (.text:DCC_disableErrorSignal)
                  00089262    00000015                   : sysctl.obj (.text:DCC_isBaseValid)
                  00089277    00000015     board.obj (.text:EPWM_enableTripZoneAdvAction)
                  0008928c    00000015     device.obj (.text:GPIO_unlockPortConfig)
                  000892a1    00000015     board.obj (.text:KeepkAUX_init)
                  000892b6    00000015     board.obj (.text:SB_LED_G_init)
                  000892cb    00000015     board.obj (.text:SB_LED_R_init)
                  000892e0    00000015     board.obj (.text:ST_LED_R_init)
                  000892f5    00000014     board.obj (.text:CPUTimer_reloadTimerCounter)
                  00089309    00000014     board.obj (.text:CPUTimer_stopTimer)
                  0008931d    00000014     Compensation.obj (.text:Clr_SB2BB_Cur_Loop)
                  00089331    00000014     Compensation.obj (.text:Clr_SB2BB_Vbank_Loop)
                  00089345    00000014     Compensation.obj (.text:Clr_SB2BB_Vstart_Loop)
                  00089359    00000014     driverlib.lib : sysctl.obj (.text:DCC_disableModule)
                  0008936d    00000014                   : sysctl.obj (.text:DCC_enableModule)
                  00089381    00000014     board.obj (.text:EPWM_setTimeBaseCounterMode)
                  00089395    00000014     board.obj (.text:EPWM_setTimeBasePeriod)
                  000893a9    00000014     board.obj (.text:GPIO_isPinValid)
                  000893bd    00000014     driverlib.lib : gpio.obj (.text:GPIO_isPinValid)
                  000893d1    00000014                   : sysctl.obj (.text:SysCtl_setPLLSysClk)
                  000893e5    00000013     board.obj (.text:ADC_enableConverter)
                  000893f8    00000013     board.obj (.text:ADC_isBaseValid)
                  0008940b    00000013     driverlib.lib : cputimer.obj (.text:CPUTimer_setEmulationMode)
                  0008941e    00000013     ADC.obj (.text:Clr_ADC_Value)
                  00089431    00000013     SysConfig.obj (.text:Force_ADC_Sample)
                  00089444    00000013     SysConfig.obj (.text:I2C_disableModule)
                  00089457    00000013     SysConfig.obj (.text:I2C_enableModule)
                  0008946a    00000013     SysConfig.obj (.text:I2C_isBaseValid)
                  0008947d    00000013     driverlib.lib : i2c.obj (.text:I2C_isBaseValid)
                  00089490    00000012     board.obj (.text:CMPSS_enableModule)
                  000894a2    00000012     board.obj (.text:EPWM_setTimeBaseCounter)
                  000894b4    00000012     board.obj (.text:SysCtl_setSyncOutputConfig)
                  000894c6    00000011     board.obj (.text:CPUTimer_setPeriod)
                  000894d7    00000011     board.obj (.text:EPWM_disablePhaseShiftLoad)
                  000894e8    00000010     device.obj (.text:Device_initGPIO)
                  000894f8    00000010     driverlib.lib : flash.obj (.text:Flash_isCtrlBaseValid)
                  00089508    00000010                   : flash.obj (.text:Flash_isECCBaseValid)
                  00089518    00000010     board.obj (.text:ST_LED_G_init)
                  00089528    0000000f     board.obj (.text:GPIO_init)
                  00089537    0000000f     board.obj (.text:Interrupt_register)
                  00089546    0000000f     main.obj (.text:Interrupt_register)
                  00089555    0000000d     driverlib.lib : interrupt.obj (.text:Interrupt_disableGlobal)
                  00089562    0000000d                   : interrupt.obj (.text:Interrupt_enableGlobal)
                  0008956f    0000000d     device.obj (.text:SysCtl_setLowSpeedClock)
                  0008957c    0000000d     rts2800_fpu32_eabi.lib : copy_zero_init.c.obj (.text:decompress:ZI:__TI_zero_init_nomemset)
                  00089589    0000000c     board.obj (.text:SysCtl_enableExtADCSOCSource)
                  00089595    0000000c     rts2800_fpu32_eabi.lib : args_main.c.obj (.text)
                  000895a1    0000000b     PWM.obj (.text:Dis_PWM)
                  000895ac    0000000b     PWM.obj (.text:En_PWM)
                  000895b7    0000000b     driverlib.lib : sysctl.obj (.text:SysCtl_isMCDClockFailureDetected)
                  000895c2    0000000a     Protection.obj (.text:Clr_Err)
                  000895cc    0000000a     driverlib.lib : interrupt.obj (.text:Interrupt_illegalOperationHandler)
                  000895d6    0000000a                   : interrupt.obj (.text:Interrupt_nmiHandler)
                  000895e0    0000000a     board.obj (.text:SYNC_init)
                  000895ea    0000000a     board.obj (.text:myEPWMXBAR0_init)
                  000895f4    00000009     board.obj (.text:ASYSCTL_init)
                  000895fd    00000009     rts2800_fpu32_eabi.lib : _lock.c.obj (.text)
                  00089606    00000008     device.obj (.text:SysCtl_disableWatchdog)
                  0008960e    00000008     rts2800_fpu32_eabi.lib : copy_decompress_none.c.obj (.text:decompress:none)
                  00089616    00000008     f28002x_codestartbranch.obj (.text)
                  0008961e    00000007     board.obj (.text:ASysCtl_disableTemperatureSensor)
                  00089625    00000007     device.obj (.text:ASysCtl_lockVREG)
                  0008962c    00000007     driverlib.lib : sysctl.obj (.text:SysCtl_resetMCD)
                  00089633    00000007     device.obj (.text:__error__)
                  0008963a    00000006     main.obj (.text:Interrupt_clearACKGroup)
                  00089640    00000005     board.obj (.text:ADC_init)
                  00089645    00000005     board.obj (.text:CPUTIMER_init)
                  0008964a    00000005     SysConfig.obj (.text:Init_Def_USER_Set)
                  0008964f    00000003     board.obj (.text:CMPSS_init)
                  00089652    00000003     board.obj (.text:EPWMXBAR_init)

MODULE SUMMARY

       Module                           code    ro data   rw data
       ------                           ----    -------   -------
    .\
       f28002x_globalvariabledefs.obj   0       0         1026   
    +--+--------------------------------+-------+---------+---------+
       Total:                           0       0         1026   
                                                                 
    .\appli\
       RS232.obj                        9551    957       96     
       I2c_eeprom.obj                   5039    0         4      
       Charger.obj                      1401    0         306    
       Protection.obj                   724     0         126    
       main.obj                         510     140       0      
       ADC.obj                          514     0         90     
       SysConfig.obj                    451     67        6      
       Compensation.obj                 325     0         130    
       FanControl.obj                   380     0         42     
       PID.obj                          137     0         0      
       DrPWM.obj                        83      0         6      
       Timer.obj                        37      0         6      
       PWM.obj                          22      0         0      
    +--+--------------------------------+-------+---------+---------+
       Total:                           19174   1164      812    
                                                                 
    .\device\
       device.obj                       322     89        0      
       f28002x_codestartbranch.obj      10      0         0      
    +--+--------------------------------+-------+---------+---------+
       Total:                           332     89        0      
                                                                 
    .\syscfg\
       board.obj                        3812    418       0      
       c2000ware_libraries.obj          1       0         0      
    +--+--------------------------------+-------+---------+---------+
       Total:                           3813    418       0      
                                                                 
    C:/ti/c2000/C2000Ware_5_01_00_00/driverlib/f28002x/driverlib/ccs/Debug/driverlib.lib
       sysctl.obj                       1324    154       0      
       flash.obj                        606     155       0      
       gpio.obj                         331     152       0      
       cmpss.obj                        288     77        0      
       i2c.obj                          152     75        0      
       interrupt.obj                    214     0         0      
       epwm.obj                         61      152       0      
       cputimer.obj                     42      80        0      
       xbar.obj                         47      0         0      
       adc.obj                          32      0         0      
    +--+--------------------------------+-------+---------+---------+
       Total:                           3097    845       0      
                                                                 
    C:\ti\ccs1120\ccs\tools\compiler\ti-cgt-c2000_22.6.1.LTS\lib\rts2800_fpu32_eabi.lib
       fs_div28.asm.obj                 136     0         0      
       copy_decompress_lzss.c.obj       48      0         0      
       exit.c.obj                       41      0         6      
       autoinit.c.obj                   43      0         0      
       memcpy.c.obj                     29      0         0      
       boot28.asm.obj                   23      0         0      
       _lock.c.obj                      9       0         4      
       copy_zero_init.c.obj             13      0         0      
       args_main.c.obj                  12      0         0      
       copy_decompress_none.c.obj       8       0         0      
       pre_init.c.obj                   2       0         0      
       startup.c.obj                    1       0         0      
    +--+--------------------------------+-------+---------+---------+
       Total:                           365     0         10     
                                                                 
       Stack:                           0       0         512    
       Linker Generated:                0       42        0      
    +--+--------------------------------+-------+---------+---------+
       Grand Total:                     26781   2558      2360   


LINKER GENERATED COPY TABLES

__TI_cinit_table @ 00081b2a records: 2, size/record: 4, table size: 8
	.data: load addr=00081b08, load size=00000018 bytes, run addr=0000a27a, run size=000000c2 bytes, compression=lzss
	.bss: load addr=00081b26, load size=00000004 bytes, run addr=0000a000, run size=0000027a bytes, compression=zero_init


LINKER GENERATED HANDLER TABLE

__TI_handler_table @ 00081b20 records: 3, size/record: 2, table size: 6
	index: 0, handler: __TI_zero_init
	index: 1, handler: __TI_decompress_lzss
	index: 2, handler: __TI_decompress_none


GLOBAL DATA SYMBOLS: SORTED BY DATA PAGE

address     data page           name
--------    ----------------    ----
00000400      10 (00000400)     __stack

00000b00      2c (00000b00)     AdcaResultRegs

00000b40      2d (00000b40)     AdccResultRegs

00000c00      30 (00000c00)     CpuTimer0Regs
00000c08      30 (00000c00)     CpuTimer1Regs

00000ce0      33 (00000cc0)     PieCtrlRegs

00004100     104 (00004100)     EPwm2Regs

00004200     108 (00004200)     EPwm3Regs

00004300     10c (00004300)     EPwm4Regs

00007200     1c8 (00007200)     SciaRegs

00007300     1cc (00007300)     I2caRegs

00007500     1d4 (00007500)     AdccRegs

0000a000     280 (0000a000)     Cha_ST
0000a00e     280 (0000a000)     Wet_Para
0000a025     280 (0000a000)     Gel_Para

0000a040     281 (0000a040)     AGM1_Para
0000a057     281 (0000a040)     AGM2_Para

0000a080     282 (0000a080)     LFP1_Para
0000a097     282 (0000a080)     LFP2_Para

0000a0c0     283 (0000a0c0)     LFP3_Para
0000a0d7     283 (0000a0c0)     Customer_Para

0000a100     284 (0000a100)     Cha_Ref
0000a12c     284 (0000a100)     SCI_WRFLASH
0000a12d     284 (0000a100)     RS232_UNDATA_DP
0000a12e     284 (0000a100)     RS232_UNDATA_DA
0000a130     284 (0000a100)     SciFlag
0000a132     284 (0000a100)     SysFlag_1
0000a134     284 (0000a100)     st_USER_Set
0000a135     284 (0000a100)     st_SpecMax
0000a139     284 (0000a100)     EEPromFlag
0000a13a     284 (0000a100)     SysPar
0000a13c     284 (0000a100)     TimeReg

0000a140     285 (0000a140)     ChaCompPara
0000a148     285 (0000a140)     SB2BB_Vbank_Loop

0000a180     286 (0000a180)     SB2BB_Vstart_Loop
0000a1a0     286 (0000a180)     SB2BB_Cur_Loop

0000a1c0     287 (0000a1c0)     Err
0000a1c8     287 (0000a1c0)     BBOVPLimit
0000a1d0     287 (0000a1c0)     BBUVPLimit
0000a1d8     287 (0000a1c0)     SBOVPLimit
0000a1e0     287 (0000a1c0)     SBUVPLimit
0000a1e8     287 (0000a1c0)     BBOTPLimit
0000a1f0     287 (0000a1c0)     BBUTPLimit
0000a1f8     287 (0000a1c0)     SBOTPLimit

0000a200     288 (0000a200)     SBUTPLimit
0000a208     288 (0000a200)     NTC1OTPLimit
0000a210     288 (0000a200)     NTC1UTPLimit
0000a218     288 (0000a200)     NTC2OTPLimit
0000a220     288 (0000a200)     NTC2UTPLimit
0000a228     288 (0000a200)     OCPLimit
0000a230     288 (0000a200)     LCM_Pro_Set

0000a240     289 (0000a240)     u16_FSPvalue
0000a242     289 (0000a240)     WattToFanSpeed
0000a24c     289 (0000a240)     NTC1ToFanSpeed
0000a256     289 (0000a240)     NTC2ToFanSpeed
0000a260     289 (0000a240)     EE_Set
0000a26a     289 (0000a240)     st_Ad_Value
0000a27a     289 (0000a240)     BatType
0000a27b     289 (0000a240)     ChaCtr_Stage
0000a27c     289 (0000a240)     Tbulk
0000a27d     289 (0000a240)     Tabs
0000a27e     289 (0000a240)     Tequ
0000a27f     289 (0000a240)     Tactive

0000a280     28a (0000a280)     u16_WaitAdcStableCou
0000a282     28a (0000a280)     s16_Temp
0000a284     28a (0000a280)     MovAvg_Vstart
0000a298     28a (0000a280)     MovAvg_Vbank
0000a2ac     28a (0000a280)     MovAvg_IL

0000a2c0     28b (0000a2c0)     SciRx
0000a2e0     28b (0000a2c0)     SciTx

0000a300     28c (0000a300)     baud_rate
0000a301     28c (0000a300)     SciRxCou
0000a302     28c (0000a300)     SciRxBuff
0000a303     28c (0000a300)     SciTxOverCou
0000a304     28c (0000a300)     SciTxDataCou
0000a305     28c (0000a300)     Function_code
0000a306     28c (0000a300)     MathT_232
0000a307     28c (0000a300)     SNindex
0000a308     28c (0000a300)     Flash_Temp
0000a309     28c (0000a300)     Det_Pow_Gen_Dir
0000a30a     28c (0000a300)     Det_Ibat_Gen_Dir
0000a30b     28c (0000a300)     Ver
0000a30c     28c (0000a300)     HardwaveVer
0000a30d     28c (0000a300)     Beta
0000a30e     28c (0000a300)     ErrTemp
0000a30f     28c (0000a300)     u16_TrData
0000a310     28c (0000a300)     s16_MathTemp
0000a311     28c (0000a300)     u16_MathTemp
0000a312     28c (0000a300)     ForTemp
0000a313     28c (0000a300)     RxIndex
0000a314     28c (0000a300)     RI_Temp
0000a316     28c (0000a300)     u32_MathTemp
0000a318     28c (0000a300)     u16_FanPWM
0000a31a     28c (0000a300)     Max_FanPWM
0000a31c     28c (0000a300)     f_FanSpeedCom
0000a31e     28c (0000a300)     f_MinFanSpeed
0000a320     28c (0000a300)     f_DeltaFanSpeed
0000a322     28c (0000a300)     s16_PWM_Temp
0000a323     28c (0000a300)     s16_direction
0000a324     28c (0000a300)     PWM_Buck
0000a325     28c (0000a300)     PWM_Boost
0000a326     28c (0000a300)     f_PWM_Com
0000a328     28c (0000a300)     __TI_enable_exit_profile_output
0000a32a     28c (0000a300)     __TI_cleanup_ptr
0000a32c     28c (0000a300)     __TI_dtors_ptr
0000a32e     28c (0000a300)     T1msecCou
0000a32f     28c (0000a300)     T5msecCou
0000a330     28c (0000a300)     T100msecCou
0000a331     28c (0000a300)     T1secCou
0000a332     28c (0000a300)     T1minCou
0000a333     28c (0000a300)     ReadEEWORLDStatus
0000a334     28c (0000a300)     PWMCom
0000a336     28c (0000a300)     _lock
0000a338     28c (0000a300)     _unlock
0000a33a     28c (0000a300)     CT_OCP_Flag
0000a33b     28c (0000a300)     u16_SysConfigTemp

0008123d    2048 (00081200)     RS232LimitH_CurrSet

000814ed    2053 (000814c0)     RS232LimitL_CurrSet

00081657    2059 (00081640)     RS232LimitH_ChaPara
0008166d    2059 (00081640)     RS232LimitL_ChaPara

00081683    205a (00081680)     RS232LimitH_Pro_VBB
00081689    205a (00081680)     RS232LimitH_Pro_VSB
0008168f    205a (00081680)     RS232LimitL_Pro_VBB
00081695    205a (00081680)     RS232LimitL_Pro_VSB
0008169b    205a (00081680)     RS232LimitH_Gain_Offset
0008169f    205a (00081680)     RS232LimitH_Rate
000816a3    205a (00081680)     RS232LimitL_Gain_Offset
000816a7    205a (00081680)     RS232LimitL_Rate


GLOBAL SYMBOLS: SORTED ALPHABETICALLY BY Name 

page  address   name                             
----  -------   ----                             
0     00089640  ADC_init                         
0     00088ac6  ADC_setOffsetTrimAll             
0     0000a040  AGM1_Para                        
0     00084c0b  AGM1_Para_Sett                   
0     0000a057  AGM2_Para                        
0     00085000  AGM2_Para_Sett                   
0     000895f4  ASYSCTL_init                     
1     00000b00  AdcaResultRegs                   
1     00007500  AdccRegs                         
1     00000b40  AdccResultRegs                   
0     00082000  Ask_Sett                         
0     0000a1e8  BBOTPLimit                       
0     0000a1c8  BBOVPLimit                       
0     0000a1f0  BBUTPLimit                       
0     0000a1d0  BBUVPLimit                       
0     0008917b  BB_LED_G_init                    
0     00089190  BB_LED_R_init                    
0     0000a27a  BatType                          
0     000881a9  BatType_2_ChaRef                 
0     0008583a  Bat_Def_Parameter_Sett           
0     0000a30d  Beta                             
0     00088fd0  Board_init                       
0     00088858  C$$EXIT                          
0     00088ffe  C2000Ware_libraries_init         
0     00086f3f  CMPSS_configFilterHigh           
0     00086f88  CMPSS_configFilterLow            
0     000887d7  CMPSS_configLatchOnPWMSYNC       
0     00088092  CMPSS_configRamp                 
0     0008964f  CMPSS_init                       
0     00089645  CPUTIMER_init                    
0     0008940b  CPUTimer_setEmulationMode        
0     0000a33a  CT_OCP_Flag                      
0     0000a140  ChaCompPara                      
0     0000a27b  ChaCtr_Stage                     
0     00084e1a  ChaProcess                       
0     00085ad4  ChaVI2PU                         
0     0000a100  Cha_Ref                          
0     0000a000  Cha_ST                           
0     0008941e  Clr_ADC_Value                    
0     000895c2  Clr_Err                          
0     0008931d  Clr_SB2BB_Cur_Loop               
0     00089331  Clr_SB2BB_Vbank_Loop             
0     00089345  Clr_SB2BB_Vstart_Loop            
1     00000c00  CpuTimer0Regs                    
1     00000c08  CpuTimer1Regs                    
0     0000a0d7  Customer_Para                    
0     00082d3f  Customer_Para_Sett               
0     0000a30a  Det_Ibat_Gen_Dir                 
0     0000a309  Det_Pow_Gen_Dir                  
0     0008648f  Device_enableAllPeripherals      
0     00088000  Device_init                      
0     000894e8  Device_initGPIO                  
0     000895a1  Dis_PWM                          
0     00086a42  DrFan                            
0     00086db6  DrivePWM                         
0     0000a139  EEPromFlag                       
0     0000a260  EE_Set                           
0     00083000  EE_Set_To_EEprom                 
0     00084000  EEprom_To_EE_Set                 
0     000860f0  EEprom_To_User_Set               
0     00089652  EPWMXBAR_init                    
0     00082a67  EPWM_init                        
0     00089124  EPWM_setEmulationMode            
1     00004100  EPwm2Regs                        
1     00004200  EPwm3Regs                        
1     00004300  EPwm4Regs                        
0     000895ac  En_PWM                           
0     0000a1c0  Err                              
0     0000a30e  ErrTemp                          
0     00088567  FanControl                       
0     00086000  Fast_speed_ADCRESULT_to_Reg      
0     0000a308  Flash_Temp                       
0     0000c000  Flash_initModule                 
0     0000a312  ForTemp                          
0     00089431  Force_ADC_Sample                 
0     0000a305  Function_code                    
0     00089528  GPIO_init                        
0     000880da  GPIO_setAnalogMode               
0     00088639  GPIO_setDirectionMode            
0     00086e09  GPIO_setPadConfig                
0     0008848c  GPIO_setPinConfig                
0     000884c3  GPIO_setQualificationMode        
0     0000a025  Gel_Para                         
0     0008541e  Gel_Para_Sett                    
0     000861cd  Go_Sett_Curr                     
0     00086aaa  Go_Sett_Gain_Offset              
0     00086355  Go_Sett_Pro_VBB                  
0     000863f2  Go_Sett_Pro_VSB                  
0     00086b12  Go_Sett_Rate                     
0     0000a30c  HardwaveVer                      
0     00088aa5  I2C_clearInterruptStatus         
0     00086bdf  I2C_initController               
1     00007300  I2caRegs                         
0     00088943  INTERRUPT_init                   
0     00088605  INT_TZ_ISR                       
0     0008841c  INT_myCPUTIMER0_ISR              
0     00088454  INT_myCPUTIMER1_ISR              
0     00088e27  InitEEpromData                   
0     00086d09  InitI2C                          
0     00088049  Init_Compensation                
0     00088f0f  Init_Def_EE_Set                  
0     00088d49  Init_Def_LCM_Pro_Set             
0     0008964a  Init_Def_USER_Set                
0     000867ea  Init_FanControl                  
0     00083eaa  Init_Protection                  
0     00089150  Interrupt_defaultHandler         
0     000884fa  Interrupt_enable                 
0     000895cc  Interrupt_illegalOperationHandler
0     0008832a  Interrupt_initModule             
0     00088c7c  Interrupt_initVectorTable        
0     000895d6  Interrupt_nmiHandler             
0     000865c3  Jump_To_Next_Stage_Sett          
0     000892a1  KeepkAUX_init                    
0     0000a230  LCM_Pro_Set                      
0     0000a080  LFP1_Para                        
0     0008520f  LFP1_Para_Sett                   
0     0000a097  LFP2_Para                        
0     000847e9  LFP2_Para_Sett                   
0     0000a0c0  LFP3_Para                        
0     000849fa  LFP3_Para_Sett                   
0     0008826e  Load_Rate_To_Max                 
0     00086ef4  Low_speed_ADCRESULT_to_Reg       
0     00085cf2  Low_speed_Protection             
0     0000a306  MathT_232                        
0     00088802  MathTempTo232                    
0     0000a31a  Max_FanPWM                       
0     0000a2ac  MovAvg_IL                        
0     0000a298  MovAvg_Vbank                     
0     0000a284  MovAvg_Vstart                    
0     0000a208  NTC1OTPLimit                     
0     0000a24c  NTC1ToFanSpeed                   
0     0000a210  NTC1UTPLimit                     
0     0000a218  NTC2OTPLimit                     
0     0000a256  NTC2ToFanSpeed                   
0     0000a220  NTC2UTPLimit                     
0     0000a228  OCPLimit                         
0     000883a4  OxP_Protect                      
0     0000a334  PWMCom                           
0     0000a325  PWM_Boost                        
0     0000a324  PWM_Buck                         
0     0008859c  ParToFanSpeed                    
1     00000ce0  PieCtrlRegs                      
0     00085be9  PinMux_init                      
0     0000a314  RI_Temp                          
0     00081657  RS232LimitH_ChaPara              
0     0008123d  RS232LimitH_CurrSet              
0     0008169b  RS232LimitH_Gain_Offset          
0     00081683  RS232LimitH_Pro_VBB              
0     00081689  RS232LimitH_Pro_VSB              
0     0008169f  RS232LimitH_Rate                 
0     0008166d  RS232LimitL_ChaPara              
0     000814ed  RS232LimitL_CurrSet              
0     000816a3  RS232LimitL_Gain_Offset          
0     0008168f  RS232LimitL_Pro_VBB              
0     00081695  RS232LimitL_Pro_VSB              
0     000816a7  RS232LimitL_Rate                 
0     00086529  RS232_DATA                       
0     000882ad  RS232_UNDATA                     
0     0000a12e  RS232_UNDATA_DA                  
0     0000a12d  RS232_UNDATA_DP                  
0     00081b03  RamfuncsLoadEnd                  
abs   00000123  RamfuncsLoadSize                 
0     000819e0  RamfuncsLoadStart                
0     0000c123  RamfuncsRunEnd                   
abs   00000123  RamfuncsRunSize                  
0     0000c000  RamfuncsRunStart                 
0     0000a333  ReadEEWORLDStatus                
0     0008664e  ReadEEWorld                      
0     0000a313  RxIndex                          
0     00086ea8  SB2BB_Compensation               
0     0000a1a0  SB2BB_Cur_Loop                   
0     0000a148  SB2BB_Vbank_Loop                 
0     0000a180  SB2BB_Vstart_Loop                
0     0000a1f8  SBOTPLimit                       
0     0000a1d8  SBOVPLimit                       
0     0000a200  SBUTPLimit                       
0     0000a1e0  SBUVPLimit                       
0     000892b6  SB_LED_G_init                    
0     000892cb  SB_LED_R_init                    
0     0000a12c  SCI_WRFLASH                      
0     00088c03  SCI_init                         
0     0000a307  SNindex                          
0     00089518  ST_LED_G_init                    
0     000892e0  ST_LED_R_init                    
0     000895e0  SYNC_init                        
0     0000a130  SciFlag                          
0     00086d60  SciReceive                       
0     0000a2c0  SciRx                            
0     0000a302  SciRxBuff                        
0     0000a301  SciRxCou                         
0     00088725  SciSend_RS232                    
0     0000a2e0  SciTx                            
0     0000a304  SciTxDataCou                     
0     0000a303  SciTxOverCou                     
1     00007200  SciaRegs                         
0     000869d7  Sel_BatType                      
0     00088f70  Set_SB2BB_Cur_Loop               
0     00088f88  Set_SB2BB_Vbank_Loop             
0     00088fa0  Set_SB2BB_Vstart_Loop            
0     00088c9a  SysConfig                        
0     0000c11f  SysCtl_delay                     
0     00086b7a  SysCtl_getClock                  
0     00088eaa  SysCtl_getLowSpeedClock          
0     00085df0  SysCtl_isPLLValid                
0     000881ec  SysCtl_selectOscSource           
0     00088367  SysCtl_selectXTAL                
0     00088b46  SysCtl_selectXTALSingleEnded     
0     000859b3  SysCtl_setClock                  
0     0000a132  SysFlag_1                        
0     0000a13a  SysPar                           
0     0000a330  T100msecCou                      
0     0000a332  T1minCou                         
0     0000a32e  T1msecCou                        
0     0000a331  T1secCou                         
0     0000a32f  T5msecCou                        
0     0000a27d  Tabs                             
0     0000a27f  Tactive                          
0     000887ab  TbatCompensation                 
0     0000a27c  Tbulk                            
0     0000a27e  Tequ                             
0     0000a13c  TimeReg                          
0     000862a1  TranTemp_NTC                     
0     00086fd1  TxResponse                       
0     000838eb  UserFace                         
0     00085eee  User_Set_To_EEprom               
0     000883e0  UxP_Protect                      
0     0000a30b  Ver                              
0     0000a242  WattToFanSpeed                   
0     0000a00e  Wet_Para                         
0     0008562c  Wet_Para_Sett                    
0     00086c43  WriteEEWorld                     
0     0008869a  XBAR_setEPWMMuxConfig            
0     00081b2a  __TI_CINIT_Base                  
0     00081b32  __TI_CINIT_Limit                 
0     00081b32  __TI_CINIT_Warm                  
0     00081b20  __TI_Handler_Table_Base          
0     00081b26  __TI_Handler_Table_Limit         
0     00000600  __TI_STACK_END                   
abs   00000200  __TI_STACK_SIZE                  
0     0008882d  __TI_auto_init_nobinit_nopinit   
0     0000a32a  __TI_cleanup_ptr                 
0     0008866a  __TI_decompress_lzss             
0     0008960e  __TI_decompress_none             
0     0000a32c  __TI_dtors_ptr                   
0     0000a328  __TI_enable_exit_profile_output  
abs   ffffffff  __TI_pprof_out_hndl              
abs   ffffffff  __TI_prof_data_size              
abs   ffffffff  __TI_prof_data_start             
0     0008957c  __TI_zero_init_nomemset          
0     00086762  __c28xabi_divf                   
n/a   UNDEFED   __c_args__                       
0     00089633  __error__                        
0     00000400  __stack                          
0     00089595  _args_main                       
0     00089073  _c_int00                         
0     0000a336  _lock                            
0     00089605  _nop                             
0     00089601  _register_lock                   
0     000895fd  _register_unlock                 
0     00088fff  _system_post_cinit               
0     00083ffe  _system_pre_init                 
0     0000a338  _unlock                          
0     00088858  abort                            
0     0000a300  baud_rate                        
0     00080000  code_start                       
0     0008885a  exit                             
0     0000a320  f_DeltaFanSpeed                  
0     0000a31c  f_FanSpeedCom                    
0     0000a31e  f_MinFanSpeed                    
0     0000a326  f_PWM_Com                        
0     00088968  find_Max                         
0     0008686f  main                             
0     00088d66  memcpy                           
0     00086ca6  myADC0_init                      
0     00082f50  myADC1_init                      
0     000868ed  myCMPSS0_init                    
0     00088b66  myCPUTIMER0_init                 
0     00088b86  myCPUTIMER1_init                 
0     000895ea  myEPWMXBAR0_init                 
0     00088fb8  password_cheak                   
0     000866d9  pi_run                           
0     0000a310  s16_MathTemp                     
0     0000a322  s16_PWM_Temp                     
0     0000a282  s16_Temp                         
0     0000a323  s16_direction                    
0     00086e5b  sciaRxFifoIsr                    
0     0000a26a  st_Ad_Value                      
0     0000a135  st_SpecMax                       
0     0000a134  st_USER_Set                      
0     0008898d  time_counter                     
0     0000a240  u16_FSPvalue                     
0     0000a318  u16_FanPWM                       
0     0000a311  u16_MathTemp                     
0     0000a33b  u16_SysConfigTemp                
0     0000a30f  u16_TrData                       
0     0000a280  u16_WaitAdcStableCou             
0     0000a316  u32_MathTemp                     


GLOBAL SYMBOLS: SORTED BY Symbol Address 

page  address   name                             
----  -------   ----                             
0     00000400  __stack                          
0     00000600  __TI_STACK_END                   
0     0000a000  Cha_ST                           
0     0000a00e  Wet_Para                         
0     0000a025  Gel_Para                         
0     0000a040  AGM1_Para                        
0     0000a057  AGM2_Para                        
0     0000a080  LFP1_Para                        
0     0000a097  LFP2_Para                        
0     0000a0c0  LFP3_Para                        
0     0000a0d7  Customer_Para                    
0     0000a100  Cha_Ref                          
0     0000a12c  SCI_WRFLASH                      
0     0000a12d  RS232_UNDATA_DP                  
0     0000a12e  RS232_UNDATA_DA                  
0     0000a130  SciFlag                          
0     0000a132  SysFlag_1                        
0     0000a134  st_USER_Set                      
0     0000a135  st_SpecMax                       
0     0000a139  EEPromFlag                       
0     0000a13a  SysPar                           
0     0000a13c  TimeReg                          
0     0000a140  ChaCompPara                      
0     0000a148  SB2BB_Vbank_Loop                 
0     0000a180  SB2BB_Vstart_Loop                
0     0000a1a0  SB2BB_Cur_Loop                   
0     0000a1c0  Err                              
0     0000a1c8  BBOVPLimit                       
0     0000a1d0  BBUVPLimit                       
0     0000a1d8  SBOVPLimit                       
0     0000a1e0  SBUVPLimit                       
0     0000a1e8  BBOTPLimit                       
0     0000a1f0  BBUTPLimit                       
0     0000a1f8  SBOTPLimit                       
0     0000a200  SBUTPLimit                       
0     0000a208  NTC1OTPLimit                     
0     0000a210  NTC1UTPLimit                     
0     0000a218  NTC2OTPLimit                     
0     0000a220  NTC2UTPLimit                     
0     0000a228  OCPLimit                         
0     0000a230  LCM_Pro_Set                      
0     0000a240  u16_FSPvalue                     
0     0000a242  WattToFanSpeed                   
0     0000a24c  NTC1ToFanSpeed                   
0     0000a256  NTC2ToFanSpeed                   
0     0000a260  EE_Set                           
0     0000a26a  st_Ad_Value                      
0     0000a27a  BatType                          
0     0000a27b  ChaCtr_Stage                     
0     0000a27c  Tbulk                            
0     0000a27d  Tabs                             
0     0000a27e  Tequ                             
0     0000a27f  Tactive                          
0     0000a280  u16_WaitAdcStableCou             
0     0000a282  s16_Temp                         
0     0000a284  MovAvg_Vstart                    
0     0000a298  MovAvg_Vbank                     
0     0000a2ac  MovAvg_IL                        
0     0000a2c0  SciRx                            
0     0000a2e0  SciTx                            
0     0000a300  baud_rate                        
0     0000a301  SciRxCou                         
0     0000a302  SciRxBuff                        
0     0000a303  SciTxOverCou                     
0     0000a304  SciTxDataCou                     
0     0000a305  Function_code                    
0     0000a306  MathT_232                        
0     0000a307  SNindex                          
0     0000a308  Flash_Temp                       
0     0000a309  Det_Pow_Gen_Dir                  
0     0000a30a  Det_Ibat_Gen_Dir                 
0     0000a30b  Ver                              
0     0000a30c  HardwaveVer                      
0     0000a30d  Beta                             
0     0000a30e  ErrTemp                          
0     0000a30f  u16_TrData                       
0     0000a310  s16_MathTemp                     
0     0000a311  u16_MathTemp                     
0     0000a312  ForTemp                          
0     0000a313  RxIndex                          
0     0000a314  RI_Temp                          
0     0000a316  u32_MathTemp                     
0     0000a318  u16_FanPWM                       
0     0000a31a  Max_FanPWM                       
0     0000a31c  f_FanSpeedCom                    
0     0000a31e  f_MinFanSpeed                    
0     0000a320  f_DeltaFanSpeed                  
0     0000a322  s16_PWM_Temp                     
0     0000a323  s16_direction                    
0     0000a324  PWM_Buck                         
0     0000a325  PWM_Boost                        
0     0000a326  f_PWM_Com                        
0     0000a328  __TI_enable_exit_profile_output  
0     0000a32a  __TI_cleanup_ptr                 
0     0000a32c  __TI_dtors_ptr                   
0     0000a32e  T1msecCou                        
0     0000a32f  T5msecCou                        
0     0000a330  T100msecCou                      
0     0000a331  T1secCou                         
0     0000a332  T1minCou                         
0     0000a333  ReadEEWORLDStatus                
0     0000a334  PWMCom                           
0     0000a336  _lock                            
0     0000a338  _unlock                          
0     0000a33a  CT_OCP_Flag                      
0     0000a33b  u16_SysConfigTemp                
0     0000c000  Flash_initModule                 
0     0000c000  RamfuncsRunStart                 
0     0000c11f  SysCtl_delay                     
0     0000c123  RamfuncsRunEnd                   
0     00080000  code_start                       
0     0008123d  RS232LimitH_CurrSet              
0     000814ed  RS232LimitL_CurrSet              
0     00081657  RS232LimitH_ChaPara              
0     0008166d  RS232LimitL_ChaPara              
0     00081683  RS232LimitH_Pro_VBB              
0     00081689  RS232LimitH_Pro_VSB              
0     0008168f  RS232LimitL_Pro_VBB              
0     00081695  RS232LimitL_Pro_VSB              
0     0008169b  RS232LimitH_Gain_Offset          
0     0008169f  RS232LimitH_Rate                 
0     000816a3  RS232LimitL_Gain_Offset          
0     000816a7  RS232LimitL_Rate                 
0     000819e0  RamfuncsLoadStart                
0     00081b03  RamfuncsLoadEnd                  
0     00081b20  __TI_Handler_Table_Base          
0     00081b26  __TI_Handler_Table_Limit         
0     00081b2a  __TI_CINIT_Base                  
0     00081b32  __TI_CINIT_Limit                 
0     00081b32  __TI_CINIT_Warm                  
0     00082000  Ask_Sett                         
0     00082a67  EPWM_init                        
0     00082d3f  Customer_Para_Sett               
0     00082f50  myADC1_init                      
0     00083000  EE_Set_To_EEprom                 
0     000838eb  UserFace                         
0     00083eaa  Init_Protection                  
0     00083ffe  _system_pre_init                 
0     00084000  EEprom_To_EE_Set                 
0     000847e9  LFP2_Para_Sett                   
0     000849fa  LFP3_Para_Sett                   
0     00084c0b  AGM1_Para_Sett                   
0     00084e1a  ChaProcess                       
0     00085000  AGM2_Para_Sett                   
0     0008520f  LFP1_Para_Sett                   
0     0008541e  Gel_Para_Sett                    
0     0008562c  Wet_Para_Sett                    
0     0008583a  Bat_Def_Parameter_Sett           
0     000859b3  SysCtl_setClock                  
0     00085ad4  ChaVI2PU                         
0     00085be9  PinMux_init                      
0     00085cf2  Low_speed_Protection             
0     00085df0  SysCtl_isPLLValid                
0     00085eee  User_Set_To_EEprom               
0     00086000  Fast_speed_ADCRESULT_to_Reg      
0     000860f0  EEprom_To_User_Set               
0     000861cd  Go_Sett_Curr                     
0     000862a1  TranTemp_NTC                     
0     00086355  Go_Sett_Pro_VBB                  
0     000863f2  Go_Sett_Pro_VSB                  
0     0008648f  Device_enableAllPeripherals      
0     00086529  RS232_DATA                       
0     000865c3  Jump_To_Next_Stage_Sett          
0     0008664e  ReadEEWorld                      
0     000866d9  pi_run                           
0     00086762  __c28xabi_divf                   
0     000867ea  Init_FanControl                  
0     0008686f  main                             
0     000868ed  myCMPSS0_init                    
0     000869d7  Sel_BatType                      
0     00086a42  DrFan                            
0     00086aaa  Go_Sett_Gain_Offset              
0     00086b12  Go_Sett_Rate                     
0     00086b7a  SysCtl_getClock                  
0     00086bdf  I2C_initController               
0     00086c43  WriteEEWorld                     
0     00086ca6  myADC0_init                      
0     00086d09  InitI2C                          
0     00086d60  SciReceive                       
0     00086db6  DrivePWM                         
0     00086e09  GPIO_setPadConfig                
0     00086e5b  sciaRxFifoIsr                    
0     00086ea8  SB2BB_Compensation               
0     00086ef4  Low_speed_ADCRESULT_to_Reg       
0     00086f3f  CMPSS_configFilterHigh           
0     00086f88  CMPSS_configFilterLow            
0     00086fd1  TxResponse                       
0     00088000  Device_init                      
0     00088049  Init_Compensation                
0     00088092  CMPSS_configRamp                 
0     000880da  GPIO_setAnalogMode               
0     000881a9  BatType_2_ChaRef                 
0     000881ec  SysCtl_selectOscSource           
0     0008826e  Load_Rate_To_Max                 
0     000882ad  RS232_UNDATA                     
0     0008832a  Interrupt_initModule             
0     00088367  SysCtl_selectXTAL                
0     000883a4  OxP_Protect                      
0     000883e0  UxP_Protect                      
0     0008841c  INT_myCPUTIMER0_ISR              
0     00088454  INT_myCPUTIMER1_ISR              
0     0008848c  GPIO_setPinConfig                
0     000884c3  GPIO_setQualificationMode        
0     000884fa  Interrupt_enable                 
0     00088567  FanControl                       
0     0008859c  ParToFanSpeed                    
0     00088605  INT_TZ_ISR                       
0     00088639  GPIO_setDirectionMode            
0     0008866a  __TI_decompress_lzss             
0     0008869a  XBAR_setEPWMMuxConfig            
0     00088725  SciSend_RS232                    
0     000887ab  TbatCompensation                 
0     000887d7  CMPSS_configLatchOnPWMSYNC       
0     00088802  MathTempTo232                    
0     0008882d  __TI_auto_init_nobinit_nopinit   
0     00088858  C$$EXIT                          
0     00088858  abort                            
0     0008885a  exit                             
0     00088943  INTERRUPT_init                   
0     00088968  find_Max                         
0     0008898d  time_counter                     
0     00088aa5  I2C_clearInterruptStatus         
0     00088ac6  ADC_setOffsetTrimAll             
0     00088b46  SysCtl_selectXTALSingleEnded     
0     00088b66  myCPUTIMER0_init                 
0     00088b86  myCPUTIMER1_init                 
0     00088c03  SCI_init                         
0     00088c7c  Interrupt_initVectorTable        
0     00088c9a  SysConfig                        
0     00088d49  Init_Def_LCM_Pro_Set             
0     00088d66  memcpy                           
0     00088e27  InitEEpromData                   
0     00088eaa  SysCtl_getLowSpeedClock          
0     00088f0f  Init_Def_EE_Set                  
0     00088f70  Set_SB2BB_Cur_Loop               
0     00088f88  Set_SB2BB_Vbank_Loop             
0     00088fa0  Set_SB2BB_Vstart_Loop            
0     00088fb8  password_cheak                   
0     00088fd0  Board_init                       
0     00088ffe  C2000Ware_libraries_init         
0     00088fff  _system_post_cinit               
0     00089073  _c_int00                         
0     00089124  EPWM_setEmulationMode            
0     00089150  Interrupt_defaultHandler         
0     0008917b  BB_LED_G_init                    
0     00089190  BB_LED_R_init                    
0     000892a1  KeepkAUX_init                    
0     000892b6  SB_LED_G_init                    
0     000892cb  SB_LED_R_init                    
0     000892e0  ST_LED_R_init                    
0     0008931d  Clr_SB2BB_Cur_Loop               
0     00089331  Clr_SB2BB_Vbank_Loop             
0     00089345  Clr_SB2BB_Vstart_Loop            
0     0008940b  CPUTimer_setEmulationMode        
0     0008941e  Clr_ADC_Value                    
0     00089431  Force_ADC_Sample                 
0     000894e8  Device_initGPIO                  
0     00089518  ST_LED_G_init                    
0     00089528  GPIO_init                        
0     0008957c  __TI_zero_init_nomemset          
0     00089595  _args_main                       
0     000895a1  Dis_PWM                          
0     000895ac  En_PWM                           
0     000895c2  Clr_Err                          
0     000895cc  Interrupt_illegalOperationHandler
0     000895d6  Interrupt_nmiHandler             
0     000895e0  SYNC_init                        
0     000895ea  myEPWMXBAR0_init                 
0     000895f4  ASYSCTL_init                     
0     000895fd  _register_unlock                 
0     00089601  _register_lock                   
0     00089605  _nop                             
0     0008960e  __TI_decompress_none             
0     00089633  __error__                        
0     00089640  ADC_init                         
0     00089645  CPUTIMER_init                    
0     0008964a  Init_Def_USER_Set                
0     0008964f  CMPSS_init                       
0     00089652  EPWMXBAR_init                    
1     00000b00  AdcaResultRegs                   
1     00000b40  AdccResultRegs                   
1     00000c00  CpuTimer0Regs                    
1     00000c08  CpuTimer1Regs                    
1     00000ce0  PieCtrlRegs                      
1     00004100  EPwm2Regs                        
1     00004200  EPwm3Regs                        
1     00004300  EPwm4Regs                        
1     00007200  SciaRegs                         
1     00007300  I2caRegs                         
1     00007500  AdccRegs                         
abs   00000123  RamfuncsLoadSize                 
abs   00000123  RamfuncsRunSize                  
abs   00000200  __TI_STACK_SIZE                  
abs   ffffffff  __TI_pprof_out_hndl              
abs   ffffffff  __TI_prof_data_size              
abs   ffffffff  __TI_prof_data_start             
n/a   UNDEFED   __c_args__                       

[297 symbols]
