******************************************************************************
             TMS320C2000 Linker PC v22.6.1                     
******************************************************************************
>> Linked Wed Oct  8 16:58:02 2025

OUTPUT FILE NAME:   <BicD2D.out>
ENTRY POINT SYMBOL: "code_start"  address: 00080000


MEMORY CONFIGURATION

         name            origin    length      used     unused   attr    fill
----------------------  --------  ---------  --------  --------  ----  --------
PAGE 0:
  BOOT_RSVD             00000002   00000126  00000000  00000126  RWIX
  RAMM0                 00000128   000002d8  00000000  000002d8  RWIX
  RAMM1                 00000400   000003f8  00000200  000001f8  RWIX
  RAMLS4567             0000a000   00002000  00000010  00001ff0  RWIX
  RAMGS0                0000c000   000007f8  00000123  000006d5  RWIX
  BEGIN                 00080000   00000002  00000002  00000000  RWIX
  FLASH_BANK0_SEC0      00080002   00000ffe  00000000  00000ffe  RWIX
  FLASH_BANK0_SEC1      00081000   00001000  00000631  000009cf  RWIX
  FLASH_BANK0_SEC2      00082000   00001000  00001000  00000000  RWIX
  FLASH_BANK0_SEC3      00083000   00001000  000006ed  00000913  RWIX
  FLASH_BANK0_SEC4      00084000   00001000  00000000  00001000  RWIX
  FLASH_BANK0_SEC5      00085000   00001000  00000000  00001000  RWIX
  FLASH_BANK0_SEC6      00086000   00001000  00000000  00001000  RWIX
  FLASH_BANK0_SEC7      00087000   00001000  00000000  00001000  RWIX
  FLASH_BANK0_SEC8      00088000   00001000  00000000  00001000  RWIX
  FLASH_BANK0_SEC9      00089000   00001000  00000000  00001000  RWIX
  FLASH_BANK0_SEC10     0008a000   00001000  00000000  00001000  RWIX
  FLASH_BANK0_SEC11     0008b000   00001000  00000000  00001000  RWIX
  FLASH_BANK0_SEC12     0008c000   00001000  00000000  00001000  RWIX
  FLASH_BANK0_SEC13     0008d000   00001000  00000000  00001000  RWIX
  FLASH_BANK0_SEC14     0008e000   00001000  00000000  00001000  RWIX
  FLASH_BANK0_SEC15     0008f000   00000ff0  00000000  00000ff0  RWIX
  BOOTROM               003f0000   00008000  00000000  00008000  RWIX
  BOOTROM_EXT           003f8000   00007fc0  00000000  00007fc0  RWIX
  RESET                 003fffc0   00000002  00000000  00000002  RWIX

PAGE 1:
  ADCARESULT            00000b00   00000018  00000000  00000018  RWIX
  ADCCRESULT            00000b40   00000018  00000000  00000018  RWIX
  CPUTIMER0             00000c00   00000008  00000008  00000000  RWIX
  CPUTIMER1             00000c08   00000008  00000000  00000008  RWIX
  CPUTIMER2             00000c10   00000008  00000000  00000008  RWIX
  PIECTRL               00000ce0   0000001a  00000000  0000001a  RWIX
  PIEVECTTABLE          00000d00   00000200  00000000  00000200  RWIX
  DMA                   00001000   00000200  00000000  00000200  RWIX
  CLB1LOGICCFG          00003000   00000052  00000000  00000052  RWIX
  CLB1LOGICCTRL         00003100   00000040  00000000  00000040  RWIX
  CLB1DATAEXCH          00003180   00000080  00000000  00000080  RWIX
  CLB2LOGICCFG          00003400   00000052  00000000  00000052  RWIX
  CLB2LOGICCTRL         00003500   00000040  00000000  00000040  RWIX
  CLB2DATAEXCH          00003580   00000080  00000000  00000080  RWIX
  EPWM1                 00004000   00000100  00000000  00000100  RWIX
  EPWM2                 00004100   00000100  00000100  00000000  RWIX
  EPWM3                 00004200   00000100  00000100  00000000  RWIX
  EPWM4                 00004300   00000100  00000000  00000100  RWIX
  EPWM5                 00004400   00000100  00000000  00000100  RWIX
  EPWM6                 00004500   00000100  00000000  00000100  RWIX
  EPWM7                 00004600   00000100  00000000  00000100  RWIX
  EQEP1                 00005100   00000040  00000000  00000040  RWIX
  EQEP2                 00005140   00000040  00000000  00000040  RWIX
  ECAP1                 00005200   00000020  00000000  00000020  RWIX
  ECAP2                 00005240   00000020  00000000  00000020  RWIX
  ECAP3                 00005280   00000020  00000000  00000020  RWIX
  HRCAP3                000052a0   00000020  00000000  00000020  RWIX
  CMPSS1                00005c80   00000020  00000000  00000020  RWIX
  CMPSS2                00005ca0   00000020  00000000  00000020  RWIX
  CMPSS3                00005cc0   00000020  00000000  00000020  RWIX
  CMPSS4                00005ce0   00000020  00000000  00000020  RWIX
  SPIA                  00006100   00000010  00000000  00000010  RWIX
  SPIB                  00006110   00000010  00000000  00000010  RWIX
  BGCRCCPU              00006340   00000040  00000000  00000040  RWIX
  PMBUSA                00006400   00000020  00000000  00000020  RWIX
  HIC                   00006500   00000080  00000000  00000080  RWIX
  FSITXA                00006600   00000050  00000000  00000050  RWIX
  FSIRXA                00006680   00000050  00000000  00000050  RWIX
  LINA                  00006a00   000000ec  00000000  000000ec  RWIX
  LINB                  00006b00   000000ec  00000000  000000ec  RWIX
  WD                    00007000   0000002c  00000000  0000002c  RWIX
  NMIINTRUPT            00007060   00000010  00000000  00000010  RWIX
  XINT                  00007070   0000000c  00000000  0000000c  RWIX
  SCIA                  00007200   00000010  00000000  00000010  RWIX
  I2CA                  00007300   00000022  00000000  00000022  RWIX
  I2CB                  00007340   00000022  00000000  00000022  RWIX
  ADCA                  00007400   00000080  00000000  00000080  RWIX
  ADCC                  00007500   00000080  00000000  00000080  RWIX
  INPUTXBAR             00007900   00000020  00000000  00000020  RWIX
  XBAR                  00007920   00000020  00000000  00000020  RWIX
  SYNCSOC               00007940   00000006  00000000  00000006  RWIX
  CLBINPUTXBAR          00007960   00000020  00000000  00000020  RWIX
  DMACLASRCSEL          00007980   0000001a  00000000  0000001a  RWIX
  EPWMXBAR              00007a00   00000040  00000000  00000040  RWIX
  CLBXBAR               00007a40   00000040  00000000  00000040  RWIX
  OUTPUTXBAR            00007a80   00000040  00000000  00000040  RWIX
  CLBOUTPUTXBAR         00007bc0   00000040  00000000  00000040  RWIX
  GPIOCTRL              00007c00   00000200  00000000  00000200  RWIX
  GPIODATA              00007f00   00000040  00000000  00000040  RWIX
  GPIODATAREAD          00007f80   00000010  00000000  00000010  RWIX
  CANA                  00048000   00000200  00000000  00000200  RWIX
  DEVCFG                0005d000   000001ac  00000000  000001ac  RWIX
  CLKCFG                0005d200   00000100  00000000  00000100  RWIX
  CPUSYS                0005d300   000000a0  00000000  000000a0  RWIX
  SYSPERIPHAC           0005d500   00000200  00000000  00000200  RWIX
  ANALOGSUBSYS          0005d700   00000100  00000000  00000100  RWIX
  DCC0                  0005e700   00000038  00000000  00000038  RWIX
  DCC1                  0005e740   00000038  00000000  00000038  RWIX
  ERADGLOBAL            0005e800   00000014  00000000  00000014  RWIX
  ERADHWBP1             0005e900   00000008  00000000  00000008  RWIX
  ERADHWBP2             0005e908   00000008  00000000  00000008  RWIX
  ERADHWBP3             0005e910   00000008  00000000  00000008  RWIX
  ERADHWBP4             0005e918   00000008  00000000  00000008  RWIX
  ERADHWBP5             0005e920   00000008  00000000  00000008  RWIX
  ERADHWBP6             0005e928   00000008  00000000  00000008  RWIX
  ERADHWBP7             0005e930   00000008  00000000  00000008  RWIX
  ERADHWBP8             0005e938   00000008  00000000  00000008  RWIX
  ERADCOUNTER1          0005e980   00000010  00000000  00000010  RWIX
  ERADCOUNTER2          0005e990   00000010  00000000  00000010  RWIX
  ERADCOUNTER3          0005e9a0   00000010  00000000  00000010  RWIX
  ERADCOUNTER4          0005e9b0   00000010  00000000  00000010  RWIX
  ERADCRCGLOBAL         0005ea00   00000010  00000000  00000010  RWIX
  ERADCRC1              0005ea10   00000010  00000000  00000010  RWIX
  ERADCRC2              0005ea20   00000010  00000000  00000010  RWIX
  ERADCRC3              0005ea30   00000010  00000000  00000010  RWIX
  ERADCRC4              0005ea40   00000010  00000000  00000010  RWIX
  ERADCRC5              0005ea50   00000010  00000000  00000010  RWIX
  ERADCRC6              0005ea60   00000010  00000000  00000010  RWIX
  ERADCRC7              0005ea70   00000010  00000000  00000010  RWIX
  ERADCRC8              0005ea80   00000010  00000000  00000010  RWIX
  DCSMBANK0Z1           0005f000   00000024  00000000  00000024  RWIX
  DCSMBANK0Z2           0005f040   00000024  00000000  00000024  RWIX
  DCSMCOMMON            0005f070   00000010  00000000  00000010  RWIX
  MEMCFG                0005f400   000000c0  00000000  000000c0  RWIX
  ACCESSPROTECTION      0005f500   0000003e  00000000  0000003e  RWIX
  MEMORYERROR           0005f540   00000040  00000000  00000040  RWIX
  TESTERROR             0005f590   00000010  00000000  00000010  RWIX
  FLASH0CTRL            0005f800   00000182  00000000  00000182  RWIX
  FLASH0ECC             0005fb00   00000028  00000000  00000028  RWIX
  DCSMBANK0Z1OTP        00078000   00000020  00000000  00000020  RWIX
  DCSMBANK0Z2OTP        00078200   00000020  00000000  00000020  RWIX


SECTION ALLOCATION MAP

 output                                  attributes/
section   page    origin      length       input sections
--------  ----  ----------  ----------   ----------------
codestart 
*          0    00080000    00000002     
                  00080000    00000002     f28002x_codestartbranch.obj (codestart)

.cinit     0    00081628    00000012     
                  00081628    0000000a     (.cinit..data.load) [load image, compression = lzss]
                  00081632    00000004     (__TI_handler_table)
                  00081636    00000004     (__TI_cinit_table)

.reset     0    003fffc0    00000000     DSECT

.stack     0    00000400    00000200     UNINITIALIZED
                  00000400    00000200     --HOLE--

.init_array 
*          0    00081000    00000000     UNINITIALIZED

.data      0    0000a000    00000010     UNINITIALIZED
                  0000a000    00000006     main.obj (.data)
                  0000a006    00000006     rts2800_fpu32_eabi.lib : exit.c.obj (.data)
                  0000a00c    00000002                            : _lock.c.obj (.data:_lock)
                  0000a00e    00000002                            : _lock.c.obj (.data:_unlock)

.const     0    00081000    000004fc     
                  00081000    0000015e     board.obj (.const:.string)
                  0008115e    0000009b     driverlib.lib : flash.obj (.const:.string)
                  000811f9    00000001     --HOLE-- [fill = 0]
                  000811fa    0000009a                   : sysctl.obj (.const:.string)
                  00081294    00000098                   : gpio.obj (.const:.string)
                  0008132c    0000008c     main.obj (.const:.string)
                  000813b8    00000059     device.obj (.const:.string)
                  00081411    00000001     --HOLE-- [fill = 0]
                  00081412    00000050     driverlib.lib : cputimer.obj (.const:.string)
                  00081462    0000004d                   : cmpss.obj (.const:.string)
                  000814af    00000001     --HOLE-- [fill = 0]
                  000814b0    0000004c                   : xbar.obj (.const:.string)

.TI.ramfunc 
*          0    00081500    00000123     RUN ADDR = 0000c000
                  00081500    0000003f     driverlib.lib : flash.obj (.TI.ramfunc:Flash_initModule)
                  0008153f    0000002c                   : flash.obj (.TI.ramfunc:Flash_setBankPowerMode)
                  0008156b    00000023                   : flash.obj (.TI.ramfunc:Flash_setWaitstates)
                  0008158e    0000001d                   : flash.obj (.TI.ramfunc:Flash_setPumpPowerMode)
                  000815ab    00000018                   : flash.obj (.TI.ramfunc:Flash_disableCache)
                  000815c3    00000018                   : flash.obj (.TI.ramfunc:Flash_disablePrefetch)
                  000815db    00000017                   : flash.obj (.TI.ramfunc:Flash_enableCache)
                  000815f2    00000017                   : flash.obj (.TI.ramfunc:Flash_enablePrefetch)
                  00081609    00000016                   : flash.obj (.TI.ramfunc:Flash_enableECC)
                  0008161f    00000004                   : sysctl.obj (.TI.ramfunc)

CpuTimer0RegsFile 
*          1    00000c00    00000008     UNINITIALIZED
                  00000c00    00000008     f28002x_globalvariabledefs.obj (CpuTimer0RegsFile)

EPwm2RegsFile 
*          1    00004100    00000100     UNINITIALIZED
                  00004100    00000100     f28002x_globalvariabledefs.obj (EPwm2RegsFile)

EPwm3RegsFile 
*          1    00004200    00000100     UNINITIALIZED
                  00004200    00000100     f28002x_globalvariabledefs.obj (EPwm3RegsFile)

.text.1    0    00082000    00001000     
                  00082000    000001b8     board.obj (.text:EPWM_init)
                  000821b8    00000121     driverlib.lib : sysctl.obj (.text:SysCtl_setClock)
                  000822d9    000000fe                   : sysctl.obj (.text:SysCtl_isPLLValid)
                  000823d7    000000d0     board.obj (.text:PinMux_init)
                  000824a7    0000009a     device.obj (.text:Device_enableAllPeripherals)
                  00082541    00000088     rts2800_fpu32_eabi.lib : fs_div28.asm.obj (.text)
                  000825c9    00000073     driverlib.lib : sysctl.obj (.text:DCC_setCounterSeeds)
                  0008263c    00000072     board.obj (.text:myCMPSS0_init)
                  000826ae    00000071     main.obj (.text:INT_myCPUTIMER0_ISR)
                  0008271f    00000065     driverlib.lib : sysctl.obj (.text:SysCtl_getClock)
                  00082784    00000052                   : gpio.obj (.text:GPIO_setPadConfig)
                  000827d6    00000049                   : cmpss.obj (.text:CMPSS_configFilterHigh)
                  0008281f    00000049                   : cmpss.obj (.text:CMPSS_configFilterLow)
                  00082868    00000049     device.obj (.text:Device_init)
                  000828b1    00000048     driverlib.lib : cmpss.obj (.text:CMPSS_configRamp)
                  000828f9    00000046                   : gpio.obj (.text:GPIO_setAnalogMode)
                  0008293f    00000046     board.obj (.text:XBAR_invertOutputSignal)
                  00082985    00000046     board.obj (.text:XBAR_setOutputLatchMode)
                  000829cb    00000045     driverlib.lib : sysctl.obj (.text:SysCtl_pollX1Counter)
                  00082a10    00000042                   : sysctl.obj (.text:SysCtl_selectOscSource)
                  00082a52    00000040     board.obj (.text:EPWM_setActionQualifierAction)
                  00082a92    0000003e     board.obj (.text:EPWM_setCounterCompareShadowLoadMode)
                  00082ad0    0000003d     driverlib.lib : interrupt.obj (.text:Interrupt_initModule)
                  00082b0d    0000003d                   : sysctl.obj (.text:SysCtl_selectXTAL)
                  00082b4a    00000038                   : xbar.obj (.text:XBAR_setOutputMuxConfig)
                  00082b82    00000037                   : gpio.obj (.text:GPIO_setPinConfig)
                  00082bb9    00000037                   : gpio.obj (.text:GPIO_setQualificationMode)
                  00082bf0    00000037                   : interrupt.obj (.text:Interrupt_enable)
                  00082c27    00000030     main.obj (.text:INT_TZ_ISR)
                  00082c57    00000030     rts2800_fpu32_eabi.lib : copy_decompress_lzss.c.obj (.text:decompress:lzss)
                  00082c87    0000002f     driverlib.lib : xbar.obj (.text:XBAR_setEPWMMuxConfig)
                  00082cb6    0000002f     main.obj (.text:main)
                  00082ce5    0000002e     board.obj (.text:EPWM_setDeadBandOutputSwapMode)
                  00082d13    0000002c     board.obj (.text:EPWM_setActionQualifierSWAction)
                  00082d3f    0000002c     board.obj (.text:EPWM_setDeadBandDelayMode)
                  00082d6b    0000002b     driverlib.lib : cmpss.obj (.text:CMPSS_configLatchOnPWMSYNC)
                  00082d96    0000002b     rts2800_fpu32_eabi.lib : autoinit.c.obj (.text:__TI_auto_init_nobinit_nopinit)
                  00082dc1    00000029                            : exit.c.obj (.text)
                  00082dea    00000027     board.obj (.text:EPWM_isBaseValid)
                  00082e11    00000027     main.obj (.text:EPWM_isBaseValid)
                  00082e38    00000025     board.obj (.text:CMPSS_configBlanking)
                  00082e5d    00000024     driverlib.lib : sysctl.obj (.text:DCC_enableSingleShotMode)
                  00082e81    00000024     board.obj (.text:EPWM_setDeadBandDelayPolarity)
                  00082ea5    00000024     board.obj (.text:EPWM_setupEPWMLinks)
                  00082ec9    00000022     board.obj (.text:EPWM_setCounterCompareValue)
                  00082eeb    00000022     main.obj (.text:EPWM_setTripZoneAction)
                  00082f0d    00000021     board.obj (.text:EPWM_enableGlobalLoadRegisters)
                  00082f2e    00000020     board.obj (.text:ASysCtl_selectCMPHPMux)
                  00082f4e    00000020     board.obj (.text:ASysCtl_selectCMPLPMux)
                  00082f6e    00000020     driverlib.lib : sysctl.obj (.text:SysCtl_selectXTALSingleEnded)
                  00082f8e    00000020     board.obj (.text:myCPUTIMER0_init)
                  00082fae    0000001f     board.obj (.text:EPWM_selectCycleByCycleTripZoneClearEvent)
                  00082fcd    0000001f     board.obj (.text:EPWM_setFallingEdgeDelayCountShadowLoadMode)
                  00082fec    00000014     board.obj (.text:CPUTimer_reloadTimerCounter)

.text.2    0    00083000    000006ed     
                  00083000    0000001f     board.obj (.text:EPWM_setRisingEdgeDelayCountShadowLoadMode)
                  0008301f    0000001e     driverlib.lib : sysctl.obj (.text:DCC_setCounter0ClkSource)
                  0008303d    0000001e                   : sysctl.obj (.text:DCC_setCounter1ClkSource)
                  0008305b    0000001e     board.obj (.text:EPWM_setPhaseShift)
                  00083079    0000001e     driverlib.lib : interrupt.obj (.text:Interrupt_initVectorTable)
                  00083097    0000001d     board.obj (.text:CMPSS_setDACValueLow)
                  000830b4    0000001d     board.obj (.text:CMPSS_setHysteresis)
                  000830d1    0000001d     board.obj (.text:EPWM_enableSyncOutPulseSource)
                  000830ee    0000001d     board.obj (.text:EPWM_setFallingEdgeDelayCount)
                  0008310b    0000001d     board.obj (.text:EPWM_setRisingEdgeDelayCount)
                  00083128    0000001d     board.obj (.text:myOUTPUTXBAR0_init)
                  00083145    0000001d     rts2800_fpu32_eabi.lib : memcpy.c.obj (.text)
                  00083162    0000001c     board.obj (.text:EPWM_setClockPrescaler)
                  0008317e    0000001b     board.obj (.text:CMPSS_isBaseValid)
                  00083199    0000001b     driverlib.lib : cmpss.obj (.text:CMPSS_isBaseValid)
                  000831b4    0000001b     board.obj (.text:CMPSS_setDACValueHigh)
                  000831cf    0000001b     board.obj (.text:XBAR_enableOutputMux)
                  000831ea    0000001b     board.obj (.text:XBAR_isBaseValid)
                  00083205    0000001b     driverlib.lib : xbar.obj (.text:XBAR_isBaseValid)
                  00083220    0000001a     main.obj (.text:CPUTimer_startTimer)
                  0008323a    0000001a     driverlib.lib : sysctl.obj (.text:SysCtl_getLowSpeedClock)
                  00083254    00000019     board.obj (.text:CMPSS_configLowComparator)
                  0008326d    00000019     board.obj (.text:CMPSS_configOutputsLow)
                  00083286    00000019     board.obj (.text:INTERRUPT_init)
                  0008329f    00000017     board.obj (.text:CPUTimer_isBaseValid)
                  000832b6    00000017     driverlib.lib : cputimer.obj (.text:CPUTimer_isBaseValid)
                  000832cd    00000017     main.obj (.text:CPUTimer_isBaseValid)
                  000832e4    00000017     board.obj (.text:CPUTimer_setPreScaler)
                  000832fb    00000017     device.obj (.text:SysCtl_enablePeripheral)
                  00083312    00000017     driverlib.lib : sysctl.obj (.text:SysCtl_enablePeripheral)
                  00083329    00000017     rts2800_fpu32_eabi.lib : boot28.asm.obj (.text)
                  00083340    00000016     board.obj (.text:CMPSS_configDAC)
                  00083356    00000016     board.obj (.text:CMPSS_configHighComparator)
                  0008336c    00000016     board.obj (.text:CMPSS_configOutputsHigh)
                  00083382    00000016     driverlib.lib : sysctl.obj (.text:DCC_disableDoneSignal)
                  00083398    00000016     board.obj (.text:EPWM_enableTripZoneSignals)
                  000833ae    00000016     board.obj (.text:EPWM_setSyncInPulseSource)
                  000833c4    00000016     driverlib.lib : interrupt.obj (.text:Interrupt_defaultHandler)
                  000833da    00000015     board.obj (.text:CMPSS_disableBlanking)
                  000833ef    00000015     board.obj (.text:CMPSS_disableLatchResetOnPWMSYNCHigh)
                  00083404    00000015     board.obj (.text:CMPSS_disableLatchResetOnPWMSYNCLow)
                  00083419    00000015     board.obj (.text:CMPSS_initFilterHigh)
                  0008342e    00000015     board.obj (.text:CPUTimer_enableInterrupt)
                  00083443    00000015     driverlib.lib : sysctl.obj (.text:DCC_clearDoneFlag)
                  00083458    00000015                   : sysctl.obj (.text:DCC_clearErrorFlag)
                  0008346d    00000015                   : sysctl.obj (.text:DCC_disableErrorSignal)
                  00083482    00000015                   : sysctl.obj (.text:DCC_isBaseValid)
                  00083497    00000015     board.obj (.text:EPWM_enableTripZoneAdvAction)
                  000834ac    00000015     device.obj (.text:GPIO_unlockPortConfig)
                  000834c1    00000014     board.obj (.text:CPUTimer_stopTimer)
                  000834d5    00000014     driverlib.lib : sysctl.obj (.text:DCC_disableModule)
                  000834e9    00000014                   : sysctl.obj (.text:DCC_enableModule)
                  000834fd    00000014     board.obj (.text:EPWM_setTimeBaseCounterMode)
                  00083511    00000014     board.obj (.text:EPWM_setTimeBasePeriod)
                  00083525    00000014     driverlib.lib : gpio.obj (.text:GPIO_isPinValid)
                  00083539    00000014                   : sysctl.obj (.text:SysCtl_setPLLSysClk)
                  0008354d    00000013     board.obj (.text:Board_init)
                  00083560    00000013     board.obj (.text:CMPSS_disableModule)
                  00083573    00000013     driverlib.lib : cputimer.obj (.text:CPUTimer_setEmulationMode)
                  00083586    00000012     board.obj (.text:EPWM_setTimeBaseCounter)
                  00083598    00000012     board.obj (.text:SysCtl_setSyncOutputConfig)
                  000835aa    00000011     board.obj (.text:CPUTimer_setPeriod)
                  000835bb    00000011     board.obj (.text:EPWM_disablePhaseShiftLoad)
                  000835cc    00000010     device.obj (.text:Device_initGPIO)
                  000835dc    00000010     driverlib.lib : flash.obj (.text:Flash_isCtrlBaseValid)
                  000835ec    00000010                   : flash.obj (.text:Flash_isECCBaseValid)
                  000835fc    0000000f     board.obj (.text:Interrupt_register)
                  0008360b    0000000e     board.obj (.text:XBAR_enableEPWMMux)
                  00083619    0000000d     driverlib.lib : interrupt.obj (.text:Interrupt_disableGlobal)
                  00083626    0000000d                   : interrupt.obj (.text:Interrupt_enableGlobal)
                  00083633    0000000d     device.obj (.text:SysCtl_setLowSpeedClock)
                  00083640    0000000c     board.obj (.text:SysCtl_enableExtADCSOCSource)
                  0008364c    0000000c     rts2800_fpu32_eabi.lib : args_main.c.obj (.text)
                  00083658    0000000b     PWM.obj (.text:Dis_PWM)
                  00083663    0000000b     PWM.obj (.text:En_PWM)
                  0008366e    0000000b     driverlib.lib : sysctl.obj (.text:SysCtl_isMCDClockFailureDetected)
                  00083679    0000000a                   : interrupt.obj (.text:Interrupt_illegalOperationHandler)
                  00083683    0000000a                   : interrupt.obj (.text:Interrupt_nmiHandler)
                  0008368d    0000000a     board.obj (.text:SYNC_init)
                  00083697    0000000a     board.obj (.text:myEPWMXBAR0_init)
                  000836a1    00000009     rts2800_fpu32_eabi.lib : _lock.c.obj (.text)
                  000836aa    00000008     device.obj (.text:SysCtl_disableWatchdog)
                  000836b2    00000008     rts2800_fpu32_eabi.lib : copy_decompress_none.c.obj (.text:decompress:none)
                  000836ba    00000008     f28002x_codestartbranch.obj (.text)
                  000836c2    00000007     device.obj (.text:ASysCtl_lockVREG)
                  000836c9    00000007     driverlib.lib : sysctl.obj (.text:SysCtl_resetMCD)
                  000836d0    00000007     device.obj (.text:__error__)
                  000836d7    00000006     main.obj (.text:Interrupt_clearACKGroup)
                  000836dd    00000003     board.obj (.text:CMPSS_init)
                  000836e0    00000003     board.obj (.text:CPUTIMER_init)
                  000836e3    00000003     board.obj (.text:EPWMXBAR_init)
                  000836e6    00000003     board.obj (.text:OUTPUTXBAR_init)
                  000836e9    00000002     rts2800_fpu32_eabi.lib : pre_init.c.obj (.text)
                  000836eb    00000001     c2000ware_libraries.obj (.text:C2000Ware_libraries_init)
                  000836ec    00000001     rts2800_fpu32_eabi.lib : startup.c.obj (.text)

MODULE SUMMARY

       Module                           code   ro data   rw data
       ------                           ----   -------   -------
    .\
       f28002x_globalvariabledefs.obj   0      0         520    
    +--+--------------------------------+------+---------+---------+
       Total:                           0      0         520    
                                                                
    .\appli\
       main.obj                         336    140       6      
       PWM.obj                          22     0         0      
    +--+--------------------------------+------+---------+---------+
       Total:                           358    140       6      
                                                                
    .\device\
       device.obj                       322    89        0      
       f28002x_codestartbranch.obj      10     0         0      
    +--+--------------------------------+------+---------+---------+
       Total:                           332    89        0      
                                                                
    .\syscfg\
       board.obj                        2524   350       0      
       c2000ware_libraries.obj          1      0         0      
    +--+--------------------------------+------+---------+---------+
       Total:                           2525   350       0      
                                                                
    C:/ti/c2000/C2000Ware_5_01_00_00/driverlib/f28002x/driverlib/ccs/Debug/driverlib.lib
       sysctl.obj                       1324   154       0      
       flash.obj                        606    155       0      
       gpio.obj                         282    152       0      
       cmpss.obj                        288    77        0      
       interrupt.obj                    214    0         0      
       xbar.obj                         130    76        0      
       cputimer.obj                     42     80        0      
    +--+--------------------------------+------+---------+---------+
       Total:                           2886   694       0      
                                                                
    C:\ti\ccs1120\ccs\tools\compiler\ti-cgt-c2000_22.6.1.LTS\lib\rts2800_fpu32_eabi.lib
       fs_div28.asm.obj                 136    0         0      
       copy_decompress_lzss.c.obj       48     0         0      
       exit.c.obj                       41     0         6      
       autoinit.c.obj                   43     0         0      
       memcpy.c.obj                     29     0         0      
       boot28.asm.obj                   23     0         0      
       _lock.c.obj                      9      0         4      
       args_main.c.obj                  12     0         0      
       copy_decompress_none.c.obj       8      0         0      
       pre_init.c.obj                   2      0         0      
       startup.c.obj                    1      0         0      
    +--+--------------------------------+------+---------+---------+
       Total:                           352    0         10     
                                                                
       Stack:                           0      0         512    
       Linker Generated:                0      18        0      
    +--+--------------------------------+------+---------+---------+
       Grand Total:                     6453   1291      1048   


LINKER GENERATED COPY TABLES

__TI_cinit_table @ 00081636 records: 1, size/record: 4, table size: 4
	.data: load addr=00081628, load size=0000000a bytes, run addr=0000a000, run size=00000010 bytes, compression=lzss


LINKER GENERATED HANDLER TABLE

__TI_handler_table @ 00081632 records: 2, size/record: 2, table size: 4
	index: 0, handler: __TI_decompress_lzss
	index: 1, handler: __TI_decompress_none


GLOBAL DATA SYMBOLS: SORTED BY DATA PAGE

address     data page           name
--------    ----------------    ----
00000400      10 (00000400)     __stack

00000c00      30 (00000c00)     CpuTimer0Regs

00004100     104 (00004100)     EPwm2Regs

00004200     108 (00004200)     EPwm3Regs

0000a000     280 (0000a000)     s16_PWM_Temp
0000a001     280 (0000a000)     PWM_Buck
0000a002     280 (0000a000)     PWM_Boost
0000a004     280 (0000a000)     f_PWM_Com
0000a006     280 (0000a000)     __TI_enable_exit_profile_output
0000a008     280 (0000a000)     __TI_cleanup_ptr
0000a00a     280 (0000a000)     __TI_dtors_ptr
0000a00c     280 (0000a000)     _lock
0000a00e     280 (0000a000)     _unlock


GLOBAL SYMBOLS: SORTED ALPHABETICALLY BY Name 

page  address   name                             
----  -------   ----                             
0     0008354d  Board_init                       
0     00082dc1  C$$EXIT                          
0     000836eb  C2000Ware_libraries_init         
0     000827d6  CMPSS_configFilterHigh           
0     0008281f  CMPSS_configFilterLow            
0     00082d6b  CMPSS_configLatchOnPWMSYNC       
0     000828b1  CMPSS_configRamp                 
0     000836dd  CMPSS_init                       
0     000836e0  CPUTIMER_init                    
0     00083573  CPUTimer_setEmulationMode        
1     00000c00  CpuTimer0Regs                    
0     000824a7  Device_enableAllPeripherals      
0     00082868  Device_init                      
0     000835cc  Device_initGPIO                  
0     00083658  Dis_PWM                          
0     000836e3  EPWMXBAR_init                    
0     00082000  EPWM_init                        
1     00004100  EPwm2Regs                        
1     00004200  EPwm3Regs                        
0     00083663  En_PWM                           
0     0000c000  Flash_initModule                 
0     000828f9  GPIO_setAnalogMode               
0     00082784  GPIO_setPadConfig                
0     00082b82  GPIO_setPinConfig                
0     00082bb9  GPIO_setQualificationMode        
0     00083286  INTERRUPT_init                   
0     00082c27  INT_TZ_ISR                       
0     000826ae  INT_myCPUTIMER0_ISR              
0     000833c4  Interrupt_defaultHandler         
0     00082bf0  Interrupt_enable                 
0     00083679  Interrupt_illegalOperationHandler
0     00082ad0  Interrupt_initModule             
0     00083079  Interrupt_initVectorTable        
0     00083683  Interrupt_nmiHandler             
0     000836e6  OUTPUTXBAR_init                  
0     0000a002  PWM_Boost                        
0     0000a001  PWM_Buck                         
0     000823d7  PinMux_init                      
0     00081623  RamfuncsLoadEnd                  
abs   00000123  RamfuncsLoadSize                 
0     00081500  RamfuncsLoadStart                
0     0000c123  RamfuncsRunEnd                   
abs   00000123  RamfuncsRunSize                  
0     0000c000  RamfuncsRunStart                 
0     0008368d  SYNC_init                        
0     0000c11f  SysCtl_delay                     
0     0008271f  SysCtl_getClock                  
0     0008323a  SysCtl_getLowSpeedClock          
0     000822d9  SysCtl_isPLLValid                
0     00082a10  SysCtl_selectOscSource           
0     00082b0d  SysCtl_selectXTAL                
0     00082f6e  SysCtl_selectXTALSingleEnded     
0     000821b8  SysCtl_setClock                  
0     00082c87  XBAR_setEPWMMuxConfig            
0     00082b4a  XBAR_setOutputMuxConfig          
0     00081636  __TI_CINIT_Base                  
0     0008163a  __TI_CINIT_Limit                 
0     0008163a  __TI_CINIT_Warm                  
0     00081632  __TI_Handler_Table_Base          
0     00081636  __TI_Handler_Table_Limit         
0     00000600  __TI_STACK_END                   
abs   00000200  __TI_STACK_SIZE                  
0     00082d96  __TI_auto_init_nobinit_nopinit   
0     0000a008  __TI_cleanup_ptr                 
0     00082c57  __TI_decompress_lzss             
0     000836b2  __TI_decompress_none             
0     0000a00a  __TI_dtors_ptr                   
0     0000a006  __TI_enable_exit_profile_output  
abs   ffffffff  __TI_pprof_out_hndl              
abs   ffffffff  __TI_prof_data_size              
abs   ffffffff  __TI_prof_data_start             
0     00082541  __c28xabi_divf                   
n/a   UNDEFED   __c_args__                       
0     000836d0  __error__                        
0     00000400  __stack                          
0     0008364c  _args_main                       
0     00083329  _c_int00                         
0     0000a00c  _lock                            
0     000836a9  _nop                             
0     000836a5  _register_lock                   
0     000836a1  _register_unlock                 
0     000836ec  _system_post_cinit               
0     000836e9  _system_pre_init                 
0     0000a00e  _unlock                          
0     00082dc1  abort                            
0     00080000  code_start                       
0     00082dc3  exit                             
0     0000a004  f_PWM_Com                        
0     00082cb6  main                             
0     00083145  memcpy                           
0     0008263c  myCMPSS0_init                    
0     00082f8e  myCPUTIMER0_init                 
0     00083697  myEPWMXBAR0_init                 
0     00083128  myOUTPUTXBAR0_init               
0     0000a000  s16_PWM_Temp                     


GLOBAL SYMBOLS: SORTED BY Symbol Address 

page  address   name                             
----  -------   ----                             
0     00000400  __stack                          
0     00000600  __TI_STACK_END                   
0     0000a000  s16_PWM_Temp                     
0     0000a001  PWM_Buck                         
0     0000a002  PWM_Boost                        
0     0000a004  f_PWM_Com                        
0     0000a006  __TI_enable_exit_profile_output  
0     0000a008  __TI_cleanup_ptr                 
0     0000a00a  __TI_dtors_ptr                   
0     0000a00c  _lock                            
0     0000a00e  _unlock                          
0     0000c000  Flash_initModule                 
0     0000c000  RamfuncsRunStart                 
0     0000c11f  SysCtl_delay                     
0     0000c123  RamfuncsRunEnd                   
0     00080000  code_start                       
0     00081500  RamfuncsLoadStart                
0     00081623  RamfuncsLoadEnd                  
0     00081632  __TI_Handler_Table_Base          
0     00081636  __TI_CINIT_Base                  
0     00081636  __TI_Handler_Table_Limit         
0     0008163a  __TI_CINIT_Limit                 
0     0008163a  __TI_CINIT_Warm                  
0     00082000  EPWM_init                        
0     000821b8  SysCtl_setClock                  
0     000822d9  SysCtl_isPLLValid                
0     000823d7  PinMux_init                      
0     000824a7  Device_enableAllPeripherals      
0     00082541  __c28xabi_divf                   
0     0008263c  myCMPSS0_init                    
0     000826ae  INT_myCPUTIMER0_ISR              
0     0008271f  SysCtl_getClock                  
0     00082784  GPIO_setPadConfig                
0     000827d6  CMPSS_configFilterHigh           
0     0008281f  CMPSS_configFilterLow            
0     00082868  Device_init                      
0     000828b1  CMPSS_configRamp                 
0     000828f9  GPIO_setAnalogMode               
0     00082a10  SysCtl_selectOscSource           
0     00082ad0  Interrupt_initModule             
0     00082b0d  SysCtl_selectXTAL                
0     00082b4a  XBAR_setOutputMuxConfig          
0     00082b82  GPIO_setPinConfig                
0     00082bb9  GPIO_setQualificationMode        
0     00082bf0  Interrupt_enable                 
0     00082c27  INT_TZ_ISR                       
0     00082c57  __TI_decompress_lzss             
0     00082c87  XBAR_setEPWMMuxConfig            
0     00082cb6  main                             
0     00082d6b  CMPSS_configLatchOnPWMSYNC       
0     00082d96  __TI_auto_init_nobinit_nopinit   
0     00082dc1  C$$EXIT                          
0     00082dc1  abort                            
0     00082dc3  exit                             
0     00082f6e  SysCtl_selectXTALSingleEnded     
0     00082f8e  myCPUTIMER0_init                 
0     00083079  Interrupt_initVectorTable        
0     00083128  myOUTPUTXBAR0_init               
0     00083145  memcpy                           
0     0008323a  SysCtl_getLowSpeedClock          
0     00083286  INTERRUPT_init                   
0     00083329  _c_int00                         
0     000833c4  Interrupt_defaultHandler         
0     0008354d  Board_init                       
0     00083573  CPUTimer_setEmulationMode        
0     000835cc  Device_initGPIO                  
0     0008364c  _args_main                       
0     00083658  Dis_PWM                          
0     00083663  En_PWM                           
0     00083679  Interrupt_illegalOperationHandler
0     00083683  Interrupt_nmiHandler             
0     0008368d  SYNC_init                        
0     00083697  myEPWMXBAR0_init                 
0     000836a1  _register_unlock                 
0     000836a5  _register_lock                   
0     000836a9  _nop                             
0     000836b2  __TI_decompress_none             
0     000836d0  __error__                        
0     000836dd  CMPSS_init                       
0     000836e0  CPUTIMER_init                    
0     000836e3  EPWMXBAR_init                    
0     000836e6  OUTPUTXBAR_init                  
0     000836e9  _system_pre_init                 
0     000836eb  C2000Ware_libraries_init         
0     000836ec  _system_post_cinit               
1     00000c00  CpuTimer0Regs                    
1     00004100  EPwm2Regs                        
1     00004200  EPwm3Regs                        
abs   00000123  RamfuncsLoadSize                 
abs   00000123  RamfuncsRunSize                  
abs   00000200  __TI_STACK_SIZE                  
abs   ffffffff  __TI_pprof_out_hndl              
abs   ffffffff  __TI_prof_data_size              
abs   ffffffff  __TI_prof_data_start             
n/a   UNDEFED   __c_args__                       

[95 symbols]
