******************************************************************************
             TMS320C2000 Linker PC v22.6.1                     
******************************************************************************
>> Linked Wed Nov  5 15:56:33 2025

OUTPUT FILE NAME:   <BicD2D(20251102).out>
ENTRY POINT SYMBOL: "code_start"  address: 00080000


MEMORY CONFIGURATION

         name            origin    length      used     unused   attr    fill
----------------------  --------  ---------  --------  --------  ----  --------
PAGE 0:
  BOOT_RSVD             00000002   00000126  00000000  00000126  RWIX
  RAMM0                 00000128   000002d8  00000000  000002d8  RWIX
  RAMM1                 00000400   000003f8  00000200  000001f8  RWIX
  RAMLS4567             0000a000   00002000  00000291  00001d6f  RWIX
  RAMGS0                0000c000   000007f8  00000123  000006d5  RWIX
  BEGIN                 00080000   00000002  00000002  00000000  RWIX
  FLASH_BANK0_SEC0      00080002   00000ffe  00000000  00000ffe  RWIX
  FLASH_BANK0_SEC1      00081000   00001000  00000a56  000005aa  RWIX
  FLASH_BANK0_SEC2      00082000   00001000  00001000  00000000  RWIX
  FLASH_BANK0_SEC3      00083000   00001000  00001000  00000000  RWIX
  FLASH_BANK0_SEC4      00084000   00001000  00001000  00000000  RWIX
  FLASH_BANK0_SEC5      00085000   00001000  00001000  00000000  RWIX
  FLASH_BANK0_SEC6      00086000   00001000  00001000  00000000  RWIX
  FLASH_BANK0_SEC7      00087000   00001000  00000000  00001000  RWIX
  FLASH_BANK0_SEC8      00088000   00001000  00000ad9  00000527  RWIX
  FLASH_BANK0_SEC9      00089000   00001000  00000000  00001000  RWIX
  FLASH_BANK0_SEC10     0008a000   00001000  00000000  00001000  RWIX
  FLASH_BANK0_SEC11     0008b000   00001000  00000000  00001000  RWIX
  FLASH_BANK0_SEC12     0008c000   00001000  00000000  00001000  RWIX
  FLASH_BANK0_SEC13     0008d000   00001000  00000000  00001000  RWIX
  FLASH_BANK0_SEC14     0008e000   00001000  00000000  00001000  RWIX
  FLASH_BANK0_SEC15     0008f000   00000ff0  00000000  00000ff0  RWIX
  BOOTROM               003f0000   00008000  00000000  00008000  RWIX
  BOOTROM_EXT           003f8000   00007fc0  00000000  00007fc0  RWIX
  RESET                 003fffc0   00000002  00000000  00000002  RWIX

PAGE 1:
  ADCARESULT            00000b00   00000018  00000018  00000000  RWIX
  ADCCRESULT            00000b40   00000018  00000018  00000000  RWIX
  CPUTIMER0             00000c00   00000008  00000008  00000000  RWIX
  CPUTIMER1             00000c08   00000008  00000008  00000000  RWIX
  CPUTIMER2             00000c10   00000008  00000000  00000008  RWIX
  PIECTRL               00000ce0   0000001a  0000001a  00000000  RWIX
  PIEVECTTABLE          00000d00   00000200  00000000  00000200  RWIX
  DMA                   00001000   00000200  00000000  00000200  RWIX
  CLB1LOGICCFG          00003000   00000052  00000000  00000052  RWIX
  CLB1LOGICCTRL         00003100   00000040  00000000  00000040  RWIX
  CLB1DATAEXCH          00003180   00000080  00000000  00000080  RWIX
  CLB2LOGICCFG          00003400   00000052  00000000  00000052  RWIX
  CLB2LOGICCTRL         00003500   00000040  00000000  00000040  RWIX
  CLB2DATAEXCH          00003580   00000080  00000000  00000080  RWIX
  EPWM1                 00004000   00000100  00000100  00000000  RWIX
  EPWM2                 00004100   00000100  00000100  00000000  RWIX
  EPWM3                 00004200   00000100  00000100  00000000  RWIX
  EPWM4                 00004300   00000100  00000000  00000100  RWIX
  EPWM5                 00004400   00000100  00000000  00000100  RWIX
  EPWM6                 00004500   00000100  00000000  00000100  RWIX
  EPWM7                 00004600   00000100  00000000  00000100  RWIX
  EQEP1                 00005100   00000040  00000000  00000040  RWIX
  EQEP2                 00005140   00000040  00000000  00000040  RWIX
  ECAP1                 00005200   00000020  00000000  00000020  RWIX
  ECAP2                 00005240   00000020  00000000  00000020  RWIX
  ECAP3                 00005280   00000020  00000000  00000020  RWIX
  HRCAP3                000052a0   00000020  00000000  00000020  RWIX
  CMPSS1                00005c80   00000020  00000000  00000020  RWIX
  CMPSS2                00005ca0   00000020  00000000  00000020  RWIX
  CMPSS3                00005cc0   00000020  00000000  00000020  RWIX
  CMPSS4                00005ce0   00000020  00000000  00000020  RWIX
  SPIA                  00006100   00000010  00000000  00000010  RWIX
  SPIB                  00006110   00000010  00000000  00000010  RWIX
  BGCRCCPU              00006340   00000040  00000000  00000040  RWIX
  PMBUSA                00006400   00000020  00000000  00000020  RWIX
  HIC                   00006500   00000080  00000000  00000080  RWIX
  FSITXA                00006600   00000050  00000000  00000050  RWIX
  FSIRXA                00006680   00000050  00000000  00000050  RWIX
  LINA                  00006a00   000000ec  00000000  000000ec  RWIX
  LINB                  00006b00   000000ec  00000000  000000ec  RWIX
  WD                    00007000   0000002c  00000000  0000002c  RWIX
  NMIINTRUPT            00007060   00000010  00000000  00000010  RWIX
  XINT                  00007070   0000000c  00000000  0000000c  RWIX
  SCIA                  00007200   00000010  00000010  00000000  RWIX
  I2CA                  00007300   00000022  00000022  00000000  RWIX
  I2CB                  00007340   00000022  00000000  00000022  RWIX
  ADCA                  00007400   00000080  00000000  00000080  RWIX
  ADCC                  00007500   00000080  00000076  0000000a  RWIX
  INPUTXBAR             00007900   00000020  00000000  00000020  RWIX
  XBAR                  00007920   00000020  00000000  00000020  RWIX
  SYNCSOC               00007940   00000006  00000000  00000006  RWIX
  CLBINPUTXBAR          00007960   00000020  00000000  00000020  RWIX
  DMACLASRCSEL          00007980   0000001a  00000000  0000001a  RWIX
  EPWMXBAR              00007a00   00000040  00000000  00000040  RWIX
  CLBXBAR               00007a40   00000040  00000000  00000040  RWIX
  OUTPUTXBAR            00007a80   00000040  00000000  00000040  RWIX
  CLBOUTPUTXBAR         00007bc0   00000040  00000000  00000040  RWIX
  GPIOCTRL              00007c00   00000200  00000000  00000200  RWIX
  GPIODATA              00007f00   00000040  0000003a  00000006  RWIX
  GPIODATAREAD          00007f80   00000010  00000000  00000010  RWIX
  CANA                  00048000   00000200  00000000  00000200  RWIX
  DEVCFG                0005d000   000001ac  00000000  000001ac  RWIX
  CLKCFG                0005d200   00000100  00000000  00000100  RWIX
  CPUSYS                0005d300   000000a0  00000000  000000a0  RWIX
  SYSPERIPHAC           0005d500   00000200  00000000  00000200  RWIX
  ANALOGSUBSYS          0005d700   00000100  00000000  00000100  RWIX
  DCC0                  0005e700   00000038  00000000  00000038  RWIX
  DCC1                  0005e740   00000038  00000000  00000038  RWIX
  ERADGLOBAL            0005e800   00000014  00000000  00000014  RWIX
  ERADHWBP1             0005e900   00000008  00000000  00000008  RWIX
  ERADHWBP2             0005e908   00000008  00000000  00000008  RWIX
  ERADHWBP3             0005e910   00000008  00000000  00000008  RWIX
  ERADHWBP4             0005e918   00000008  00000000  00000008  RWIX
  ERADHWBP5             0005e920   00000008  00000000  00000008  RWIX
  ERADHWBP6             0005e928   00000008  00000000  00000008  RWIX
  ERADHWBP7             0005e930   00000008  00000000  00000008  RWIX
  ERADHWBP8             0005e938   00000008  00000000  00000008  RWIX
  ERADCOUNTER1          0005e980   00000010  00000000  00000010  RWIX
  ERADCOUNTER2          0005e990   00000010  00000000  00000010  RWIX
  ERADCOUNTER3          0005e9a0   00000010  00000000  00000010  RWIX
  ERADCOUNTER4          0005e9b0   00000010  00000000  00000010  RWIX
  ERADCRCGLOBAL         0005ea00   00000010  00000000  00000010  RWIX
  ERADCRC1              0005ea10   00000010  00000000  00000010  RWIX
  ERADCRC2              0005ea20   00000010  00000000  00000010  RWIX
  ERADCRC3              0005ea30   00000010  00000000  00000010  RWIX
  ERADCRC4              0005ea40   00000010  00000000  00000010  RWIX
  ERADCRC5              0005ea50   00000010  00000000  00000010  RWIX
  ERADCRC6              0005ea60   00000010  00000000  00000010  RWIX
  ERADCRC7              0005ea70   00000010  00000000  00000010  RWIX
  ERADCRC8              0005ea80   00000010  00000000  00000010  RWIX
  DCSMBANK0Z1           0005f000   00000024  00000000  00000024  RWIX
  DCSMBANK0Z2           0005f040   00000024  00000000  00000024  RWIX
  DCSMCOMMON            0005f070   00000010  00000000  00000010  RWIX
  MEMCFG                0005f400   000000c0  00000000  000000c0  RWIX
  ACCESSPROTECTION      0005f500   0000003e  00000000  0000003e  RWIX
  MEMORYERROR           0005f540   00000040  00000000  00000040  RWIX
  TESTERROR             0005f590   00000010  00000000  00000010  RWIX
  FLASH0CTRL            0005f800   00000182  00000000  00000182  RWIX
  FLASH0ECC             0005fb00   00000028  00000000  00000028  RWIX
  DCSMBANK0Z1OTP        00078000   00000020  00000000  00000020  RWIX
  DCSMBANK0Z2OTP        00078200   00000020  00000000  00000020  RWIX


SECTION ALLOCATION MAP

 output                                  attributes/
section   page    origin      length       input sections
--------  ----  ----------  ----------   ----------------
codestart 
*          0    00080000    00000002     
                  00080000    00000002     f28002x_codestartbranch.obj (codestart)

.switch    0    00081600    00000314     
                  00081600    000001b4     RS232.obj (.switch:Ask_Sett)
                  000817b4    0000002c     RS232.obj (.switch:AGM1_Para_Sett)
                  000817e0    0000002c     RS232.obj (.switch:AGM2_Para_Sett)
                  0008180c    0000002c     RS232.obj (.switch:Customer_Para_Sett)
                  00081838    0000002c     RS232.obj (.switch:Gel_Para_Sett)
                  00081864    0000002c     RS232.obj (.switch:LFP1_Para_Sett)
                  00081890    0000002c     RS232.obj (.switch:LFP2_Para_Sett)
                  000818bc    0000002c     RS232.obj (.switch:LFP3_Para_Sett)
                  000818e8    0000002c     RS232.obj (.switch:Wet_Para_Sett)

.cinit     0    00081a40    00000024     
                  00081a40    00000012     (.cinit..data.load) [load image, compression = lzss]
                  00081a52    00000006     (__TI_handler_table)
                  00081a58    00000004     (.cinit..bss.load) [load image, compression = zero_init]
                  00081a5c    00000008     (__TI_cinit_table)

.reset     0    003fffc0    00000000     DSECT

.stack     0    00000400    00000200     UNINITIALIZED
                  00000400    00000200     --HOLE--

.init_array 
*          0    00081000    00000000     UNINITIALIZED

.bss       0    0000a000    000001da     UNINITIALIZED
                  0000a000    0000012c     Charger.obj (.bss)
                  0000a12c    00000008     RS232.obj (.bss)
                  0000a134    00000005     SysConfig.obj (.bss)
                  0000a139    00000001     Timer.obj (.bss)
                  0000a13a    00000006     --HOLE--
                  0000a140    00000080     Compensation.obj (.bss)
                  0000a1c0    0000001a     ADC.obj (.bss)

.data      0    0000a1da    000000b7     UNINITIALIZED
                  0000a1da    00000020     RS232.obj (.data:SciRx)
                  0000a1fa    00000006     Charger.obj (.data)
                  0000a200    00000040     ADC.obj (.data)
                  0000a240    00000020     RS232.obj (.data:SciTx)
                  0000a260    00000018     RS232.obj (.data)
                  0000a278    00000006     DrPWM.obj (.data)
                  0000a27e    00000002     Compensation.obj (.data)
                  0000a280    00000006     rts2800_fpu32_eabi.lib : exit.c.obj (.data)
                  0000a286    00000005     Timer.obj (.data)
                  0000a28b    00000001     I2c_eeprom.obj (.data)
                  0000a28c    00000002     rts2800_fpu32_eabi.lib : _lock.c.obj (.data:_lock)
                  0000a28e    00000002                            : _lock.c.obj (.data:_unlock)
                  0000a290    00000001     SysConfig.obj (.data)

.const     0    00081000    000005fb     
                  00081000    000001a2     board.obj (.const:.string)
                  000811a2    0000009b     driverlib.lib : flash.obj (.const:.string)
                  0008123d    00000001     RS232.obj (.const:RS232LimitH_CurrSet)
                  0008123e    0000009a     driverlib.lib : sysctl.obj (.const:.string)
                  000812d8    00000098                   : gpio.obj (.const:.string)
                  00081370    0000008c     main.obj (.const:.string)
                  000813fc    00000059     device.obj (.const:.string)
                  00081455    00000001     RS232.obj (.const:RS232LimitL_CurrSet)
                  00081456    00000050     driverlib.lib : cputimer.obj (.const:.string)
                  000814a6    0000004d                   : cmpss.obj (.const:.string)
                  000814f3    00000001     --HOLE-- [fill = 0]
                  000814f4    0000004b                   : i2c.obj (.const:.string)
                  0008153f    00000001     --HOLE-- [fill = 0]
                  00081540    00000043     SysConfig.obj (.const:.string)
                  00081583    00000001     --HOLE-- [fill = 0]
                  00081584    0000003b     RS232.obj (.const:.string)
                  000815bf    00000016     RS232.obj (.const:RS232LimitH_ChaPara)
                  000815d5    00000016     RS232.obj (.const:RS232LimitL_ChaPara)
                  000815eb    00000004     RS232.obj (.const:RS232LimitH_Gain_Offset)
                  000815ef    00000004     RS232.obj (.const:RS232LimitH_Rate)
                  000815f3    00000004     RS232.obj (.const:RS232LimitL_Gain_Offset)
                  000815f7    00000004     RS232.obj (.const:RS232LimitL_Rate)

.TI.ramfunc 
*          0    00081918    00000123     RUN ADDR = 0000c000
                  00081918    0000003f     driverlib.lib : flash.obj (.TI.ramfunc:Flash_initModule)
                  00081957    0000002c                   : flash.obj (.TI.ramfunc:Flash_setBankPowerMode)
                  00081983    00000023                   : flash.obj (.TI.ramfunc:Flash_setWaitstates)
                  000819a6    0000001d                   : flash.obj (.TI.ramfunc:Flash_setPumpPowerMode)
                  000819c3    00000018                   : flash.obj (.TI.ramfunc:Flash_disableCache)
                  000819db    00000018                   : flash.obj (.TI.ramfunc:Flash_disablePrefetch)
                  000819f3    00000017                   : flash.obj (.TI.ramfunc:Flash_enableCache)
                  00081a0a    00000017                   : flash.obj (.TI.ramfunc:Flash_enablePrefetch)
                  00081a21    00000016                   : flash.obj (.TI.ramfunc:Flash_enableECC)
                  00081a37    00000004                   : sysctl.obj (.TI.ramfunc)

AdcaResultRegsFile 
*          1    00000b00    00000018     UNINITIALIZED
                  00000b00    00000018     f28002x_globalvariabledefs.obj (AdcaResultRegsFile)

AdccResultRegsFile 
*          1    00000b40    00000018     UNINITIALIZED
                  00000b40    00000018     f28002x_globalvariabledefs.obj (AdccResultRegsFile)

AdccRegsFile 
*          1    00007500    00000076     UNINITIALIZED
                  00007500    00000076     f28002x_globalvariabledefs.obj (AdccRegsFile)

CpuTimer0RegsFile 
*          1    00000c00    00000008     UNINITIALIZED
                  00000c00    00000008     f28002x_globalvariabledefs.obj (CpuTimer0RegsFile)

CpuTimer1RegsFile 
*          1    00000c08    00000008     UNINITIALIZED
                  00000c08    00000008     f28002x_globalvariabledefs.obj (CpuTimer1RegsFile)

EPwm1RegsFile 
*          1    00004000    00000100     UNINITIALIZED
                  00004000    00000100     f28002x_globalvariabledefs.obj (EPwm1RegsFile)

EPwm2RegsFile 
*          1    00004100    00000100     UNINITIALIZED
                  00004100    00000100     f28002x_globalvariabledefs.obj (EPwm2RegsFile)

EPwm3RegsFile 
*          1    00004200    00000100     UNINITIALIZED
                  00004200    00000100     f28002x_globalvariabledefs.obj (EPwm3RegsFile)

GpioDataRegsFile 
*          1    00007f00    0000003a     UNINITIALIZED
                  00007f00    0000003a     f28002x_globalvariabledefs.obj (GpioDataRegsFile)

I2caRegsFile 
*          1    00007300    00000022     UNINITIALIZED
                  00007300    00000022     f28002x_globalvariabledefs.obj (I2caRegsFile)

PieCtrlRegsFile 
*          1    00000ce0    0000001a     UNINITIALIZED
                  00000ce0    0000001a     f28002x_globalvariabledefs.obj (PieCtrlRegsFile)

SciaRegsFile 
*          1    00007200    00000010     UNINITIALIZED
                  00007200    00000010     f28002x_globalvariabledefs.obj (SciaRegsFile)

.text.1    0    00082000    00001000     
                  00082000    000009cb     RS232.obj (.text:Ask_Sett)
                  000829cb    00000457     RS232.obj (.text:UserFace)
                  00082e22    000001b2     Charger.obj (.text:ChaProcess)
                  00082fd4    0000002c     board.obj (.text:EPWM_setActionQualifierSWAction)

.text.2    0    00083000    00001000     
                  00083000    000007e9     I2c_eeprom.obj (.text:EE_Set_To_EEprom)
                  000837e9    000007e9     I2c_eeprom.obj (.text:EEprom_To_EE_Set)
                  00083fd2    0000002e     board.obj (.text:ADC_setInterruptSOCTrigger)

.text.3    0    00084000    00001000     
                  00084000    00000216     board.obj (.text:EPWM_init)
                  00084216    00000213     RS232.obj (.text:Customer_Para_Sett)
                  00084429    00000213     RS232.obj (.text:LFP2_Para_Sett)
                  0008463c    00000213     RS232.obj (.text:LFP3_Para_Sett)
                  0008484f    00000211     RS232.obj (.text:AGM1_Para_Sett)
                  00084a60    00000211     RS232.obj (.text:AGM2_Para_Sett)
                  00084c71    00000211     RS232.obj (.text:LFP1_Para_Sett)
                  00084e82    00000179     Charger.obj (.text:Bat_Def_Parameter_Sett)
                  00084ffb    00000005     board.obj (.text:ADC_init)

.text.4    0    00085000    00001000     
                  00085000    00000210     RS232.obj (.text:Gel_Para_Sett)
                  00085210    00000210     RS232.obj (.text:Wet_Para_Sett)
                  00085420    00000121     driverlib.lib : sysctl.obj (.text:SysCtl_setClock)
                  00085541    00000115     Charger.obj (.text:ChaVI2PU)
                  00085656    000000fe     driverlib.lib : sysctl.obj (.text:SysCtl_isPLLValid)
                  00085754    000000f0     ADC.obj (.text:Fast_speed_ADCRESULT_to_Reg)
                  00085844    000000ed     board.obj (.text:PinMux_init)
                  00085931    000000d6     RS232.obj (.text:Go_Sett_Curr)
                  00085a07    000000b4     ADC.obj (.text:TranTemp_NTC)
                  00085abb    000000a2     board.obj (.text:myADC1_init)
                  00085b5d    0000009a     device.obj (.text:Device_enableAllPeripherals)
                  00085bf7    0000009a     RS232.obj (.text:RS232_DATA)
                  00085c91    0000008b     Charger.obj (.text:Jump_To_Next_Stage_Sett)
                  00085d1c    0000008b     I2c_eeprom.obj (.text:ReadEEWorld)
                  00085da7    00000089     PID.obj (.text:pi_run)
                  00085e30    00000088     rts2800_fpu32_eabi.lib : fs_div28.asm.obj (.text)
                  00085eb8    00000077     board.obj (.text:myCMPSS0_init)
                  00085f2f    00000075     main.obj (.text:main)
                  00085fa4    00000059     I2c_eeprom.obj (.text:EEprom_To_User_Set)
                  00085ffd    00000003     board.obj (.text:CMPSS_init)

.text.5    0    00086000    00001000     
                  00086000    00000073     driverlib.lib : sysctl.obj (.text:DCC_setCounterSeeds)
                  00086073    00000072     Charger.obj (.text:Sel_BatType)
                  000860e5    00000068     RS232.obj (.text:Go_Sett_Gain_Offset)
                  0008614d    00000068     RS232.obj (.text:Go_Sett_Rate)
                  000861b5    00000065     driverlib.lib : sysctl.obj (.text:SysCtl_getClock)
                  0008621a    00000064                   : i2c.obj (.text:I2C_initController)
                  0008627e    00000063     I2c_eeprom.obj (.text:WriteEEWorld)
                  000862e1    00000063     board.obj (.text:myADC0_init)
                  00086344    00000059     I2c_eeprom.obj (.text:User_Set_To_EEprom)
                  0008639d    00000057     SysConfig.obj (.text:InitI2C)
                  000863f4    00000056     RS232.obj (.text:SciReceive)
                  0008644a    00000053     DrPWM.obj (.text:DrivePWM)
                  0008649d    00000052     driverlib.lib : gpio.obj (.text:GPIO_setPadConfig)
                  000864ef    0000004d     main.obj (.text:sciaRxFifoIsr)
                  0008653c    0000004c     Compensation.obj (.text:SB2BB_Compensation)
                  00086588    00000049     driverlib.lib : cmpss.obj (.text:CMPSS_configFilterHigh)
                  000865d1    00000049                   : cmpss.obj (.text:CMPSS_configFilterLow)
                  0008661a    00000049     device.obj (.text:Device_init)
                  00086663    00000049     Compensation.obj (.text:Init_Compensation)
                  000866ac    00000048     driverlib.lib : cmpss.obj (.text:CMPSS_configRamp)
                  000866f4    00000046                   : gpio.obj (.text:GPIO_setAnalogMode)
                  0008673a    00000045                   : sysctl.obj (.text:SysCtl_pollX1Counter)
                  0008677f    00000044     board.obj (.text:GPIO_writePin)
                  000867c3    00000042     driverlib.lib : sysctl.obj (.text:SysCtl_selectOscSource)
                  00086805    00000040     board.obj (.text:EPWM_setActionQualifierAction)
                  00086845    0000003f     SysConfig.obj (.text:Load_Rate_To_Max)
                  00086884    0000003f     RS232.obj (.text:RS232_UNDATA)
                  000868c3    0000003e     board.obj (.text:EPWM_setCounterCompareShadowLoadMode)
                  00086901    0000003d     driverlib.lib : interrupt.obj (.text:Interrupt_initModule)
                  0008693e    0000003d     ADC.obj (.text:Low_speed_ADCRESULT_to_Reg)
                  0008697b    0000003d     driverlib.lib : sysctl.obj (.text:SysCtl_selectXTAL)
                  000869b8    00000038     main.obj (.text:INT_myCPUTIMER0_ISR)
                  000869f0    00000038     main.obj (.text:INT_myCPUTIMER1_ISR)
                  00086a28    00000037     driverlib.lib : gpio.obj (.text:GPIO_setPinConfig)
                  00086a5f    00000037                   : gpio.obj (.text:GPIO_setQualificationMode)
                  00086a96    00000037                   : interrupt.obj (.text:Interrupt_enable)
                  00086acd    00000036     board.obj (.text:ADC_setupSOC)
                  00086b03    00000036     main.obj (.text:INT_TZ_ISR)
                  00086b39    00000034     board.obj (.text:EPWM_selectDigitalCompareCBCLatchClearEvent)
                  00086b6d    00000034     board.obj (.text:EPWM_setDigitalCompareCBCLatchMode)
                  00086ba1    00000031     driverlib.lib : gpio.obj (.text:GPIO_setDirectionMode)
                  00086bd2    00000030     rts2800_fpu32_eabi.lib : copy_decompress_lzss.c.obj (.text:decompress:lzss)
                  00086c02    0000002f     RS232.obj (.text:TxResponse)
                  00086c31    0000002f     driverlib.lib : xbar.obj (.text:XBAR_setEPWMMuxConfig)
                  00086c60    0000002e     board.obj (.text:EPWM_setDeadBandOutputSwapMode)
                  00086c8e    0000002e     RS232.obj (.text:SciSend_RS232)
                  00086cbc    0000002c     board.obj (.text:EPWM_setDeadBandDelayMode)
                  00086ce8    0000002b     driverlib.lib : cmpss.obj (.text:CMPSS_configLatchOnPWMSYNC)
                  00086d13    0000002b     RS232.obj (.text:MathTempTo232)
                  00086d3e    0000002b     rts2800_fpu32_eabi.lib : autoinit.c.obj (.text:__TI_auto_init_nobinit_nopinit)
                  00086d69    0000002a     Compensation.obj (.text:TbatCompensation)
                  00086d93    00000029     rts2800_fpu32_eabi.lib : exit.c.obj (.text)
                  00086dbc    00000028     board.obj (.text:EPWM_selectDigitalCompareTripInput)
                  00086de4    00000027     board.obj (.text:EPWM_isBaseValid)
                  00086e0b    00000027     main.obj (.text:EPWM_isBaseValid)
                  00086e32    00000025     board.obj (.text:CMPSS_configBlanking)
                  00086e57    00000025     board.obj (.text:INTERRUPT_init)
                  00086e7c    00000025     Timer.obj (.text:time_counter)
                  00086ea1    00000024     driverlib.lib : sysctl.obj (.text:DCC_enableSingleShotMode)
                  00086ec5    00000024     board.obj (.text:EPWM_setDeadBandDelayPolarity)
                  00086ee9    00000024     board.obj (.text:EPWM_setupEPWMLinks)
                  00086f0d    00000022     board.obj (.text:EPWM_setCounterCompareValue)
                  00086f2f    00000022     main.obj (.text:EPWM_setTripZoneAction)
                  00086f51    00000022     board.obj (.text:EPWM_setTripZoneDigitalCompareEventCondition)
                  00086f73    00000021     board.obj (.text:EPWM_enableGlobalLoadRegisters)
                  00086f94    00000021     driverlib.lib : i2c.obj (.text:I2C_clearInterruptStatus)
                  00086fb5    00000020                   : adc.obj (.text:ADC_setOffsetTrimAll)
                  00086fd5    00000020     board.obj (.text:ASysCtl_selectCMPHPMux)
                  00086ff5    0000000b     PWM.obj (.text:Dis_PWM)

.text.6    0    00088000    00000ad9     
                  00088000    00000020     board.obj (.text:ASysCtl_selectCMPLPMux)
                  00088020    00000020     board.obj (.text:EPWM_enableTripZoneInterrupt)
                  00088040    00000020     driverlib.lib : sysctl.obj (.text:SysCtl_selectXTALSingleEnded)
                  00088060    00000020     board.obj (.text:myCPUTIMER0_init)
                  00088080    00000020     board.obj (.text:myCPUTIMER1_init)
                  000880a0    0000001f     board.obj (.text:EPWM_selectCycleByCycleTripZoneClearEvent)
                  000880bf    0000001f     board.obj (.text:EPWM_setFallingEdgeDelayCountShadowLoadMode)
                  000880de    0000001f     board.obj (.text:EPWM_setRisingEdgeDelayCountShadowLoadMode)
                  000880fd    0000001f     SysConfig.obj (.text:SCI_init)
                  0008811c    0000001e     driverlib.lib : sysctl.obj (.text:DCC_setCounter0ClkSource)
                  0008813a    0000001e                   : sysctl.obj (.text:DCC_setCounter1ClkSource)
                  00088158    0000001e     board.obj (.text:EPWM_setPhaseShift)
                  00088176    0000001e     driverlib.lib : interrupt.obj (.text:Interrupt_initVectorTable)
                  00088194    0000001d     board.obj (.text:CMPSS_setDACValueLow)
                  000881b1    0000001d     board.obj (.text:CMPSS_setHysteresis)
                  000881ce    0000001d     board.obj (.text:EPWM_enableSyncOutPulseSource)
                  000881eb    0000001d     board.obj (.text:EPWM_setFallingEdgeDelayCount)
                  00088208    0000001d     board.obj (.text:EPWM_setRisingEdgeDelayCount)
                  00088225    0000001d     rts2800_fpu32_eabi.lib : memcpy.c.obj (.text)
                  00088242    0000001c     board.obj (.text:ADC_setSOCPriority)
                  0008825e    0000001c     board.obj (.text:EPWM_setClockPrescaler)
                  0008827a    0000001b     board.obj (.text:CMPSS_isBaseValid)
                  00088295    0000001b     driverlib.lib : cmpss.obj (.text:CMPSS_isBaseValid)
                  000882b0    0000001b     board.obj (.text:CMPSS_setDACValueHigh)
                  000882cb    0000001b     SysConfig.obj (.text:I2C_setTargetAddress)
                  000882e6    0000001b     I2c_eeprom.obj (.text:InitEEpromData)
                  00088301    0000001a     main.obj (.text:CPUTimer_startTimer)
                  0008831b    0000001a     SysConfig.obj (.text:I2C_setAddressMode)
                  00088335    0000001a     SysConfig.obj (.text:I2C_setBitCount)
                  0008834f    0000001a     SysConfig.obj (.text:I2C_setConfig)
                  00088369    0000001a     driverlib.lib : sysctl.obj (.text:SysCtl_getLowSpeedClock)
                  00088383    00000019     board.obj (.text:ASysCtl_setAnalogReference2P5)
                  0008839c    00000019     board.obj (.text:CMPSS_configLowComparator)
                  000883b5    00000019     board.obj (.text:CMPSS_configOutputsLow)
                  000883ce    00000019     SysConfig.obj (.text:Init_Def_EE_Set)
                  000883e7    00000018     board.obj (.text:ASysCtl_setAnalogReferenceInternal)
                  000883ff    00000018     Compensation.obj (.text:Set_SB2BB_Cur_Loop)
                  00088417    00000018     Compensation.obj (.text:Set_SB2BB_Vbank_Loop)
                  0008842f    00000018     Compensation.obj (.text:Set_SB2BB_Vstart_Loop)
                  00088447    00000018     SysConfig.obj (.text:SysConfig)
                  0008845f    00000018     RS232.obj (.text:password_cheak)
                  00088477    00000017     board.obj (.text:Board_init)
                  0008848e    00000017     board.obj (.text:CPUTimer_isBaseValid)
                  000884a5    00000017     driverlib.lib : cputimer.obj (.text:CPUTimer_isBaseValid)
                  000884bc    00000017     main.obj (.text:CPUTimer_isBaseValid)
                  000884d3    00000017     board.obj (.text:CPUTimer_setPreScaler)
                  000884ea    00000017     device.obj (.text:SysCtl_enablePeripheral)
                  00088501    00000017     driverlib.lib : sysctl.obj (.text:SysCtl_enablePeripheral)
                  00088518    00000017     rts2800_fpu32_eabi.lib : boot28.asm.obj (.text)
                  0008852f    00000016     board.obj (.text:ADC_setInterruptPulseMode)
                  00088545    00000016     board.obj (.text:ADC_setPrescaler)
                  0008855b    00000016     board.obj (.text:CMPSS_configDAC)
                  00088571    00000016     board.obj (.text:CMPSS_configHighComparator)
                  00088587    00000016     board.obj (.text:CMPSS_configOutputsHigh)
                  0008859d    00000016     driverlib.lib : sysctl.obj (.text:DCC_disableDoneSignal)
                  000885b3    00000016     board.obj (.text:EPWM_enableTripZoneSignals)
                  000885c9    00000016     board.obj (.text:EPWM_setSyncInPulseSource)
                  000885df    00000016     driverlib.lib : interrupt.obj (.text:Interrupt_defaultHandler)
                  000885f5    00000015     board.obj (.text:ADC_disableBurstMode)
                  0008860a    00000015     board.obj (.text:BB_LED_G_init)
                  0008861f    00000015     board.obj (.text:BB_LED_R_init)
                  00088634    00000015     board.obj (.text:CMPSS_disableBlanking)
                  00088649    00000015     board.obj (.text:CMPSS_disableLatchResetOnPWMSYNCHigh)
                  0008865e    00000015     board.obj (.text:CMPSS_disableLatchResetOnPWMSYNCLow)
                  00088673    00000015     board.obj (.text:CMPSS_initFilterHigh)
                  00088688    00000015     board.obj (.text:CMPSS_initFilterLow)
                  0008869d    00000015     board.obj (.text:CPUTimer_enableInterrupt)
                  000886b2    00000015     driverlib.lib : sysctl.obj (.text:DCC_clearDoneFlag)
                  000886c7    00000015                   : sysctl.obj (.text:DCC_clearErrorFlag)
                  000886dc    00000015                   : sysctl.obj (.text:DCC_disableErrorSignal)
                  000886f1    00000015                   : sysctl.obj (.text:DCC_isBaseValid)
                  00088706    00000015     board.obj (.text:EPWM_enableTripZoneAdvAction)
                  0008871b    00000015     device.obj (.text:GPIO_unlockPortConfig)
                  00088730    00000015     board.obj (.text:KeepkAUX_init)
                  00088745    00000015     board.obj (.text:SB_LED_G_init)
                  0008875a    00000015     board.obj (.text:SB_LED_R_init)
                  0008876f    00000015     board.obj (.text:ST_LED_R_init)
                  00088784    00000014     board.obj (.text:CPUTimer_reloadTimerCounter)
                  00088798    00000014     board.obj (.text:CPUTimer_stopTimer)
                  000887ac    00000014     Compensation.obj (.text:Clr_SB2BB_Cur_Loop)
                  000887c0    00000014     Compensation.obj (.text:Clr_SB2BB_Vbank_Loop)
                  000887d4    00000014     Compensation.obj (.text:Clr_SB2BB_Vstart_Loop)
                  000887e8    00000014     driverlib.lib : sysctl.obj (.text:DCC_disableModule)
                  000887fc    00000014                   : sysctl.obj (.text:DCC_enableModule)
                  00088810    00000014     board.obj (.text:EPWM_setTimeBaseCounterMode)
                  00088824    00000014     board.obj (.text:EPWM_setTimeBasePeriod)
                  00088838    00000014     board.obj (.text:GPIO_isPinValid)
                  0008884c    00000014     driverlib.lib : gpio.obj (.text:GPIO_isPinValid)
                  00088860    00000014                   : sysctl.obj (.text:SysCtl_setPLLSysClk)
                  00088874    00000013     board.obj (.text:ADC_enableConverter)
                  00088887    00000013     board.obj (.text:ADC_isBaseValid)
                  0008889a    00000013     driverlib.lib : cputimer.obj (.text:CPUTimer_setEmulationMode)
                  000888ad    00000013     ADC.obj (.text:Clr_ADC_Value)
                  000888c0    00000013     SysConfig.obj (.text:Force_ADC_Sample)
                  000888d3    00000013     SysConfig.obj (.text:I2C_disableModule)
                  000888e6    00000013     SysConfig.obj (.text:I2C_enableModule)
                  000888f9    00000013     SysConfig.obj (.text:I2C_isBaseValid)
                  0008890c    00000013     driverlib.lib : i2c.obj (.text:I2C_isBaseValid)
                  0008891f    00000012     board.obj (.text:CMPSS_enableModule)
                  00088931    00000012     board.obj (.text:EPWM_setTimeBaseCounter)
                  00088943    00000012     board.obj (.text:SysCtl_setSyncOutputConfig)
                  00088955    00000011     board.obj (.text:CPUTimer_setPeriod)
                  00088966    00000011     board.obj (.text:EPWM_disablePhaseShiftLoad)
                  00088977    00000010     device.obj (.text:Device_initGPIO)
                  00088987    00000010     driverlib.lib : flash.obj (.text:Flash_isCtrlBaseValid)
                  00088997    00000010                   : flash.obj (.text:Flash_isECCBaseValid)
                  000889a7    00000010     board.obj (.text:ST_LED_G_init)
                  000889b7    0000000f     board.obj (.text:GPIO_init)
                  000889c6    0000000f     board.obj (.text:Interrupt_register)
                  000889d5    0000000f     main.obj (.text:Interrupt_register)
                  000889e4    0000000e     board.obj (.text:XBAR_enableEPWMMux)
                  000889f2    0000000d     driverlib.lib : interrupt.obj (.text:Interrupt_disableGlobal)
                  000889ff    0000000d                   : interrupt.obj (.text:Interrupt_enableGlobal)
                  00088a0c    0000000d     device.obj (.text:SysCtl_setLowSpeedClock)
                  00088a19    0000000d     rts2800_fpu32_eabi.lib : copy_zero_init.c.obj (.text:decompress:ZI:__TI_zero_init_nomemset)
                  00088a26    0000000c     board.obj (.text:SysCtl_enableExtADCSOCSource)
                  00088a32    0000000c     rts2800_fpu32_eabi.lib : args_main.c.obj (.text)
                  00088a3e    0000000b     PWM.obj (.text:En_PWM)
                  00088a49    0000000b     driverlib.lib : sysctl.obj (.text:SysCtl_isMCDClockFailureDetected)
                  00088a54    0000000a                   : interrupt.obj (.text:Interrupt_illegalOperationHandler)
                  00088a5e    0000000a                   : interrupt.obj (.text:Interrupt_nmiHandler)
                  00088a68    0000000a     board.obj (.text:SYNC_init)
                  00088a72    0000000a     board.obj (.text:myEPWMXBAR0_init)
                  00088a7c    00000009     board.obj (.text:ASYSCTL_init)
                  00088a85    00000009     rts2800_fpu32_eabi.lib : _lock.c.obj (.text)
                  00088a8e    00000008     device.obj (.text:SysCtl_disableWatchdog)
                  00088a96    00000008     rts2800_fpu32_eabi.lib : copy_decompress_none.c.obj (.text:decompress:none)
                  00088a9e    00000008     f28002x_codestartbranch.obj (.text)
                  00088aa6    00000007     board.obj (.text:ASysCtl_disableTemperatureSensor)
                  00088aad    00000007     device.obj (.text:ASysCtl_lockVREG)
                  00088ab4    00000007     driverlib.lib : sysctl.obj (.text:SysCtl_resetMCD)
                  00088abb    00000007     device.obj (.text:__error__)
                  00088ac2    00000006     main.obj (.text:Interrupt_clearACKGroup)
                  00088ac8    00000005     board.obj (.text:CPUTIMER_init)
                  00088acd    00000005     SysConfig.obj (.text:Init_Def_USER_Set)
                  00088ad2    00000003     board.obj (.text:EPWMXBAR_init)
                  00088ad5    00000002     rts2800_fpu32_eabi.lib : pre_init.c.obj (.text)
                  00088ad7    00000001     c2000ware_libraries.obj (.text:C2000Ware_libraries_init)
                  00088ad8    00000001     rts2800_fpu32_eabi.lib : startup.c.obj (.text)

MODULE SUMMARY

       Module                           code    ro data   rw data
       ------                           ----    -------   -------
    .\
       f28002x_globalvariabledefs.obj   0       0         1084   
    +--+--------------------------------+-------+---------+---------+
       Total:                           0       0         1084   
                                                                 
    .\appli\
       RS232.obj                        8739    909       96     
       I2c_eeprom.obj                   4493    0         1      
       Charger.obj                      1341    0         306    
       main.obj                         503     140       0      
       ADC.obj                          500     0         90     
       SysConfig.obj                    416     67        6      
       Compensation.obj                 323     0         130    
       PID.obj                          137     0         0      
       DrPWM.obj                        83      0         6      
       Timer.obj                        37      0         6      
       PWM.obj                          22      0         0      
    +--+--------------------------------+-------+---------+---------+
       Total:                           16594   1116      641    
                                                                 
    .\device\
       device.obj                       322     89        0      
       f28002x_codestartbranch.obj      10      0         0      
    +--+--------------------------------+-------+---------+---------+
       Total:                           332     89        0      
                                                                 
    .\syscfg\
       board.obj                        3513    418       0      
       c2000ware_libraries.obj          1       0         0      
    +--+--------------------------------+-------+---------+---------+
       Total:                           3514    418       0      
                                                                 
    C:/ti/c2000/C2000Ware_5_01_00_00/driverlib/f28002x/driverlib/ccs/Debug/driverlib.lib
       sysctl.obj                       1324    154       0      
       flash.obj                        606     155       0      
       gpio.obj                         331     152       0      
       cmpss.obj                        288     77        0      
       i2c.obj                          152     75        0      
       interrupt.obj                    214     0         0      
       cputimer.obj                     42      80        0      
       xbar.obj                         47      0         0      
       adc.obj                          32      0         0      
    +--+--------------------------------+-------+---------+---------+
       Total:                           3036    693       0      
                                                                 
    C:\ti\ccs1120\ccs\tools\compiler\ti-cgt-c2000_22.6.1.LTS\lib\rts2800_fpu32_eabi.lib
       fs_div28.asm.obj                 136     0         0      
       copy_decompress_lzss.c.obj       48      0         0      
       exit.c.obj                       41      0         6      
       autoinit.c.obj                   43      0         0      
       memcpy.c.obj                     29      0         0      
       boot28.asm.obj                   23      0         0      
       _lock.c.obj                      9       0         4      
       copy_zero_init.c.obj             13      0         0      
       args_main.c.obj                  12      0         0      
       copy_decompress_none.c.obj       8       0         0      
       pre_init.c.obj                   2       0         0      
       startup.c.obj                    1       0         0      
    +--+--------------------------------+-------+---------+---------+
       Total:                           365     0         10     
                                                                 
       Stack:                           0       0         512    
       Linker Generated:                0       36        0      
    +--+--------------------------------+-------+---------+---------+
       Grand Total:                     23841   2352      2247   


LINKER GENERATED COPY TABLES

__TI_cinit_table @ 00081a5c records: 2, size/record: 4, table size: 8
	.data: load addr=00081a40, load size=00000012 bytes, run addr=0000a1da, run size=000000b7 bytes, compression=lzss
	.bss: load addr=00081a58, load size=00000004 bytes, run addr=0000a000, run size=000001da bytes, compression=zero_init


LINKER GENERATED HANDLER TABLE

__TI_handler_table @ 00081a52 records: 3, size/record: 2, table size: 6
	index: 0, handler: __TI_zero_init
	index: 1, handler: __TI_decompress_lzss
	index: 2, handler: __TI_decompress_none


GLOBAL DATA SYMBOLS: SORTED BY DATA PAGE

address     data page           name
--------    ----------------    ----
00000400      10 (00000400)     __stack

00000b00      2c (00000b00)     AdcaResultRegs

00000b40      2d (00000b40)     AdccResultRegs

00000c00      30 (00000c00)     CpuTimer0Regs
00000c08      30 (00000c00)     CpuTimer1Regs

00000ce0      33 (00000cc0)     PieCtrlRegs

00004000     100 (00004000)     EPwm1Regs

00004100     104 (00004100)     EPwm2Regs

00004200     108 (00004200)     EPwm3Regs

00007200     1c8 (00007200)     SciaRegs

00007300     1cc (00007300)     I2caRegs

00007500     1d4 (00007500)     AdccRegs

00007f00     1fc (00007f00)     GpioDataRegs

0000a000     280 (0000a000)     ERR_BB
0000a002     280 (0000a000)     Cha_ST
0000a010     280 (0000a000)     Wet_Para
0000a027     280 (0000a000)     Gel_Para

0000a040     281 (0000a040)     AGM1_Para
0000a057     281 (0000a040)     AGM2_Para

0000a080     282 (0000a080)     LFP1_Para
0000a097     282 (0000a080)     LFP2_Para

0000a0c0     283 (0000a0c0)     LFP3_Para
0000a0d7     283 (0000a0c0)     Customer_Para

0000a100     284 (0000a100)     Cha_Ref
0000a12c     284 (0000a100)     SCI_WRFLASH
0000a12d     284 (0000a100)     RS232_UNDATA_DP
0000a12e     284 (0000a100)     RS232_UNDATA_DA
0000a130     284 (0000a100)     SciFlag
0000a132     284 (0000a100)     SysFlag_1
0000a134     284 (0000a100)     st_USER_Set
0000a135     284 (0000a100)     st_SpecMax
0000a139     284 (0000a100)     TimeReg

0000a140     285 (0000a140)     ChaCompPara
0000a146     285 (0000a140)     SB2BB_Vbank_Loop

0000a180     286 (0000a180)     SB2BB_Vstart_Loop
0000a1a0     286 (0000a180)     SB2BB_Cur_Loop

0000a1c0     287 (0000a1c0)     EE_Set
0000a1ca     287 (0000a1c0)     st_Ad_Value
0000a1da     287 (0000a1c0)     SciRx
0000a1fa     287 (0000a1c0)     BatType
0000a1fb     287 (0000a1c0)     ChaCtr_Stage
0000a1fc     287 (0000a1c0)     Tbulk
0000a1fd     287 (0000a1c0)     Tabs
0000a1fe     287 (0000a1c0)     Tequ
0000a1ff     287 (0000a1c0)     Tactive

0000a200     288 (0000a200)     u16_WaitAdcStableCou
0000a202     288 (0000a200)     s16_Temp
0000a204     288 (0000a200)     MovAvg_Vstart
0000a218     288 (0000a200)     MovAvg_Vbank
0000a22c     288 (0000a200)     MovAvg_IL

0000a240     289 (0000a240)     SciTx
0000a260     289 (0000a240)     baud_rate
0000a261     289 (0000a240)     SciRxCou
0000a262     289 (0000a240)     SciRxBuff
0000a263     289 (0000a240)     SciTxOverCou
0000a264     289 (0000a240)     SciTxDataCou
0000a265     289 (0000a240)     Function_code
0000a266     289 (0000a240)     MathT_232
0000a267     289 (0000a240)     SNindex
0000a268     289 (0000a240)     Flash_Temp
0000a269     289 (0000a240)     Det_Pow_Gen_Dir
0000a26a     289 (0000a240)     Det_Ibat_Gen_Dir
0000a26b     289 (0000a240)     Ver
0000a26c     289 (0000a240)     HardwaveVer
0000a26d     289 (0000a240)     Beta
0000a26e     289 (0000a240)     ErrTemp
0000a26f     289 (0000a240)     u16_TrData
0000a270     289 (0000a240)     s16_MathTemp
0000a271     289 (0000a240)     u16_MathTemp
0000a272     289 (0000a240)     ForTemp
0000a273     289 (0000a240)     RxIndex
0000a274     289 (0000a240)     RI_Temp
0000a276     289 (0000a240)     u32_MathTemp
0000a278     289 (0000a240)     s16_PWM_Temp
0000a279     289 (0000a240)     s16_direction
0000a27a     289 (0000a240)     PWM_Buck
0000a27b     289 (0000a240)     PWM_Boost
0000a27c     289 (0000a240)     f_PWM_Com
0000a27e     289 (0000a240)     PWMCom

0000a280     28a (0000a280)     __TI_enable_exit_profile_output
0000a282     28a (0000a280)     __TI_cleanup_ptr
0000a284     28a (0000a280)     __TI_dtors_ptr
0000a286     28a (0000a280)     T1msecCou
0000a287     28a (0000a280)     T5msecCou
0000a288     28a (0000a280)     T100msecCou
0000a289     28a (0000a280)     T1secCou
0000a28a     28a (0000a280)     T1minCou
0000a28b     28a (0000a280)     ReadEEWORLDStatus
0000a28c     28a (0000a280)     _lock
0000a28e     28a (0000a280)     _unlock
0000a290     28a (0000a280)     u16_SysConfigTemp

0008123d    2048 (00081200)     RS232LimitH_CurrSet

00081455    2051 (00081440)     RS232LimitL_CurrSet

000815bf    2056 (00081580)     RS232LimitH_ChaPara

000815d5    2057 (000815c0)     RS232LimitL_ChaPara
000815eb    2057 (000815c0)     RS232LimitH_Gain_Offset
000815ef    2057 (000815c0)     RS232LimitH_Rate
000815f3    2057 (000815c0)     RS232LimitL_Gain_Offset
000815f7    2057 (000815c0)     RS232LimitL_Rate


GLOBAL SYMBOLS: SORTED ALPHABETICALLY BY Name 

page  address   name                             
----  -------   ----                             
0     00084ffb  ADC_init                         
0     00086fb5  ADC_setOffsetTrimAll             
0     0000a040  AGM1_Para                        
0     0008484f  AGM1_Para_Sett                   
0     0000a057  AGM2_Para                        
0     00084a60  AGM2_Para_Sett                   
0     00088a7c  ASYSCTL_init                     
1     00000b00  AdcaResultRegs                   
1     00007500  AdccRegs                         
1     00000b40  AdccResultRegs                   
0     00082000  Ask_Sett                         
0     0008860a  BB_LED_G_init                    
0     0008861f  BB_LED_R_init                    
0     0000a1fa  BatType                          
0     00084e82  Bat_Def_Parameter_Sett           
0     0000a26d  Beta                             
0     00088477  Board_init                       
0     00086d93  C$$EXIT                          
0     00088ad7  C2000Ware_libraries_init         
0     00086588  CMPSS_configFilterHigh           
0     000865d1  CMPSS_configFilterLow            
0     00086ce8  CMPSS_configLatchOnPWMSYNC       
0     000866ac  CMPSS_configRamp                 
0     00085ffd  CMPSS_init                       
0     00088ac8  CPUTIMER_init                    
0     0008889a  CPUTimer_setEmulationMode        
0     0000a140  ChaCompPara                      
0     0000a1fb  ChaCtr_Stage                     
0     00082e22  ChaProcess                       
0     00085541  ChaVI2PU                         
0     0000a100  Cha_Ref                          
0     0000a002  Cha_ST                           
0     000888ad  Clr_ADC_Value                    
0     000887ac  Clr_SB2BB_Cur_Loop               
0     000887c0  Clr_SB2BB_Vbank_Loop             
0     000887d4  Clr_SB2BB_Vstart_Loop            
1     00000c00  CpuTimer0Regs                    
1     00000c08  CpuTimer1Regs                    
0     0000a0d7  Customer_Para                    
0     00084216  Customer_Para_Sett               
0     0000a26a  Det_Ibat_Gen_Dir                 
0     0000a269  Det_Pow_Gen_Dir                  
0     00085b5d  Device_enableAllPeripherals      
0     0008661a  Device_init                      
0     00088977  Device_initGPIO                  
0     00086ff5  Dis_PWM                          
0     0008644a  DrivePWM                         
0     0000a1c0  EE_Set                           
0     00083000  EE_Set_To_EEprom                 
0     000837e9  EEprom_To_EE_Set                 
0     00085fa4  EEprom_To_User_Set               
0     00088ad2  EPWMXBAR_init                    
0     00084000  EPWM_init                        
1     00004000  EPwm1Regs                        
1     00004100  EPwm2Regs                        
1     00004200  EPwm3Regs                        
0     0000a000  ERR_BB                           
0     00088a3e  En_PWM                           
0     0000a26e  ErrTemp                          
0     00085754  Fast_speed_ADCRESULT_to_Reg      
0     0000a268  Flash_Temp                       
0     0000c000  Flash_initModule                 
0     0000a272  ForTemp                          
0     000888c0  Force_ADC_Sample                 
0     0000a265  Function_code                    
0     000889b7  GPIO_init                        
0     000866f4  GPIO_setAnalogMode               
0     00086ba1  GPIO_setDirectionMode            
0     0008649d  GPIO_setPadConfig                
0     00086a28  GPIO_setPinConfig                
0     00086a5f  GPIO_setQualificationMode        
0     0000a027  Gel_Para                         
0     00085000  Gel_Para_Sett                    
0     00085931  Go_Sett_Curr                     
0     000860e5  Go_Sett_Gain_Offset              
0     0008614d  Go_Sett_Rate                     
1     00007f00  GpioDataRegs                     
0     0000a26c  HardwaveVer                      
0     00086f94  I2C_clearInterruptStatus         
0     0008621a  I2C_initController               
1     00007300  I2caRegs                         
0     00086e57  INTERRUPT_init                   
0     00086b03  INT_TZ_ISR                       
0     000869b8  INT_myCPUTIMER0_ISR              
0     000869f0  INT_myCPUTIMER1_ISR              
0     000882e6  InitEEpromData                   
0     0008639d  InitI2C                          
0     00086663  Init_Compensation                
0     000883ce  Init_Def_EE_Set                  
0     00088acd  Init_Def_USER_Set                
0     000885df  Interrupt_defaultHandler         
0     00086a96  Interrupt_enable                 
0     00088a54  Interrupt_illegalOperationHandler
0     00086901  Interrupt_initModule             
0     00088176  Interrupt_initVectorTable        
0     00088a5e  Interrupt_nmiHandler             
0     00085c91  Jump_To_Next_Stage_Sett          
0     00088730  KeepkAUX_init                    
0     0000a080  LFP1_Para                        
0     00084c71  LFP1_Para_Sett                   
0     0000a097  LFP2_Para                        
0     00084429  LFP2_Para_Sett                   
0     0000a0c0  LFP3_Para                        
0     0008463c  LFP3_Para_Sett                   
0     00086845  Load_Rate_To_Max                 
0     0008693e  Low_speed_ADCRESULT_to_Reg       
0     0000a266  MathT_232                        
0     00086d13  MathTempTo232                    
0     0000a22c  MovAvg_IL                        
0     0000a218  MovAvg_Vbank                     
0     0000a204  MovAvg_Vstart                    
0     0000a27e  PWMCom                           
0     0000a27b  PWM_Boost                        
0     0000a27a  PWM_Buck                         
1     00000ce0  PieCtrlRegs                      
0     00085844  PinMux_init                      
0     0000a274  RI_Temp                          
0     000815bf  RS232LimitH_ChaPara              
0     0008123d  RS232LimitH_CurrSet              
0     000815eb  RS232LimitH_Gain_Offset          
0     000815ef  RS232LimitH_Rate                 
0     000815d5  RS232LimitL_ChaPara              
0     00081455  RS232LimitL_CurrSet              
0     000815f3  RS232LimitL_Gain_Offset          
0     000815f7  RS232LimitL_Rate                 
0     00085bf7  RS232_DATA                       
0     00086884  RS232_UNDATA                     
0     0000a12e  RS232_UNDATA_DA                  
0     0000a12d  RS232_UNDATA_DP                  
0     00081a3b  RamfuncsLoadEnd                  
abs   00000123  RamfuncsLoadSize                 
0     00081918  RamfuncsLoadStart                
0     0000c123  RamfuncsRunEnd                   
abs   00000123  RamfuncsRunSize                  
0     0000c000  RamfuncsRunStart                 
0     0000a28b  ReadEEWORLDStatus                
0     00085d1c  ReadEEWorld                      
0     0000a273  RxIndex                          
0     0008653c  SB2BB_Compensation               
0     0000a1a0  SB2BB_Cur_Loop                   
0     0000a146  SB2BB_Vbank_Loop                 
0     0000a180  SB2BB_Vstart_Loop                
0     00088745  SB_LED_G_init                    
0     0008875a  SB_LED_R_init                    
0     0000a12c  SCI_WRFLASH                      
0     000880fd  SCI_init                         
0     0000a267  SNindex                          
0     000889a7  ST_LED_G_init                    
0     0008876f  ST_LED_R_init                    
0     00088a68  SYNC_init                        
0     0000a130  SciFlag                          
0     000863f4  SciReceive                       
0     0000a1da  SciRx                            
0     0000a262  SciRxBuff                        
0     0000a261  SciRxCou                         
0     00086c8e  SciSend_RS232                    
0     0000a240  SciTx                            
0     0000a264  SciTxDataCou                     
0     0000a263  SciTxOverCou                     
1     00007200  SciaRegs                         
0     00086073  Sel_BatType                      
0     000883ff  Set_SB2BB_Cur_Loop               
0     00088417  Set_SB2BB_Vbank_Loop             
0     0008842f  Set_SB2BB_Vstart_Loop            
0     00088447  SysConfig                        
0     0000c11f  SysCtl_delay                     
0     000861b5  SysCtl_getClock                  
0     00088369  SysCtl_getLowSpeedClock          
0     00085656  SysCtl_isPLLValid                
0     000867c3  SysCtl_selectOscSource           
0     0008697b  SysCtl_selectXTAL                
0     00088040  SysCtl_selectXTALSingleEnded     
0     00085420  SysCtl_setClock                  
0     0000a132  SysFlag_1                        
0     0000a288  T100msecCou                      
0     0000a28a  T1minCou                         
0     0000a286  T1msecCou                        
0     0000a289  T1secCou                         
0     0000a287  T5msecCou                        
0     0000a1fd  Tabs                             
0     0000a1ff  Tactive                          
0     00086d69  TbatCompensation                 
0     0000a1fc  Tbulk                            
0     0000a1fe  Tequ                             
0     0000a139  TimeReg                          
0     00085a07  TranTemp_NTC                     
0     00086c02  TxResponse                       
0     000829cb  UserFace                         
0     00086344  User_Set_To_EEprom               
0     0000a26b  Ver                              
0     0000a010  Wet_Para                         
0     00085210  Wet_Para_Sett                    
0     0008627e  WriteEEWorld                     
0     00086c31  XBAR_setEPWMMuxConfig            
0     00081a5c  __TI_CINIT_Base                  
0     00081a64  __TI_CINIT_Limit                 
0     00081a64  __TI_CINIT_Warm                  
0     00081a52  __TI_Handler_Table_Base          
0     00081a58  __TI_Handler_Table_Limit         
0     00000600  __TI_STACK_END                   
abs   00000200  __TI_STACK_SIZE                  
0     00086d3e  __TI_auto_init_nobinit_nopinit   
0     0000a282  __TI_cleanup_ptr                 
0     00086bd2  __TI_decompress_lzss             
0     00088a96  __TI_decompress_none             
0     0000a284  __TI_dtors_ptr                   
0     0000a280  __TI_enable_exit_profile_output  
abs   ffffffff  __TI_pprof_out_hndl              
abs   ffffffff  __TI_prof_data_size              
abs   ffffffff  __TI_prof_data_start             
0     00088a19  __TI_zero_init_nomemset          
0     00085e30  __c28xabi_divf                   
n/a   UNDEFED   __c_args__                       
0     00088abb  __error__                        
0     00000400  __stack                          
0     00088a32  _args_main                       
0     00088518  _c_int00                         
0     0000a28c  _lock                            
0     00088a8d  _nop                             
0     00088a89  _register_lock                   
0     00088a85  _register_unlock                 
0     00088ad8  _system_post_cinit               
0     00088ad5  _system_pre_init                 
0     0000a28e  _unlock                          
0     00086d93  abort                            
0     0000a260  baud_rate                        
0     00080000  code_start                       
0     00086d95  exit                             
0     0000a27c  f_PWM_Com                        
0     00085f2f  main                             
0     00088225  memcpy                           
0     000862e1  myADC0_init                      
0     00085abb  myADC1_init                      
0     00085eb8  myCMPSS0_init                    
0     00088060  myCPUTIMER0_init                 
0     00088080  myCPUTIMER1_init                 
0     00088a72  myEPWMXBAR0_init                 
0     0008845f  password_cheak                   
0     00085da7  pi_run                           
0     0000a270  s16_MathTemp                     
0     0000a278  s16_PWM_Temp                     
0     0000a202  s16_Temp                         
0     0000a279  s16_direction                    
0     000864ef  sciaRxFifoIsr                    
0     0000a1ca  st_Ad_Value                      
0     0000a135  st_SpecMax                       
0     0000a134  st_USER_Set                      
0     00086e7c  time_counter                     
0     0000a271  u16_MathTemp                     
0     0000a290  u16_SysConfigTemp                
0     0000a26f  u16_TrData                       
0     0000a200  u16_WaitAdcStableCou             
0     0000a276  u32_MathTemp                     


GLOBAL SYMBOLS: SORTED BY Symbol Address 

page  address   name                             
----  -------   ----                             
0     00000400  __stack                          
0     00000600  __TI_STACK_END                   
0     0000a000  ERR_BB                           
0     0000a002  Cha_ST                           
0     0000a010  Wet_Para                         
0     0000a027  Gel_Para                         
0     0000a040  AGM1_Para                        
0     0000a057  AGM2_Para                        
0     0000a080  LFP1_Para                        
0     0000a097  LFP2_Para                        
0     0000a0c0  LFP3_Para                        
0     0000a0d7  Customer_Para                    
0     0000a100  Cha_Ref                          
0     0000a12c  SCI_WRFLASH                      
0     0000a12d  RS232_UNDATA_DP                  
0     0000a12e  RS232_UNDATA_DA                  
0     0000a130  SciFlag                          
0     0000a132  SysFlag_1                        
0     0000a134  st_USER_Set                      
0     0000a135  st_SpecMax                       
0     0000a139  TimeReg                          
0     0000a140  ChaCompPara                      
0     0000a146  SB2BB_Vbank_Loop                 
0     0000a180  SB2BB_Vstart_Loop                
0     0000a1a0  SB2BB_Cur_Loop                   
0     0000a1c0  EE_Set                           
0     0000a1ca  st_Ad_Value                      
0     0000a1da  SciRx                            
0     0000a1fa  BatType                          
0     0000a1fb  ChaCtr_Stage                     
0     0000a1fc  Tbulk                            
0     0000a1fd  Tabs                             
0     0000a1fe  Tequ                             
0     0000a1ff  Tactive                          
0     0000a200  u16_WaitAdcStableCou             
0     0000a202  s16_Temp                         
0     0000a204  MovAvg_Vstart                    
0     0000a218  MovAvg_Vbank                     
0     0000a22c  MovAvg_IL                        
0     0000a240  SciTx                            
0     0000a260  baud_rate                        
0     0000a261  SciRxCou                         
0     0000a262  SciRxBuff                        
0     0000a263  SciTxOverCou                     
0     0000a264  SciTxDataCou                     
0     0000a265  Function_code                    
0     0000a266  MathT_232                        
0     0000a267  SNindex                          
0     0000a268  Flash_Temp                       
0     0000a269  Det_Pow_Gen_Dir                  
0     0000a26a  Det_Ibat_Gen_Dir                 
0     0000a26b  Ver                              
0     0000a26c  HardwaveVer                      
0     0000a26d  Beta                             
0     0000a26e  ErrTemp                          
0     0000a26f  u16_TrData                       
0     0000a270  s16_MathTemp                     
0     0000a271  u16_MathTemp                     
0     0000a272  ForTemp                          
0     0000a273  RxIndex                          
0     0000a274  RI_Temp                          
0     0000a276  u32_MathTemp                     
0     0000a278  s16_PWM_Temp                     
0     0000a279  s16_direction                    
0     0000a27a  PWM_Buck                         
0     0000a27b  PWM_Boost                        
0     0000a27c  f_PWM_Com                        
0     0000a27e  PWMCom                           
0     0000a280  __TI_enable_exit_profile_output  
0     0000a282  __TI_cleanup_ptr                 
0     0000a284  __TI_dtors_ptr                   
0     0000a286  T1msecCou                        
0     0000a287  T5msecCou                        
0     0000a288  T100msecCou                      
0     0000a289  T1secCou                         
0     0000a28a  T1minCou                         
0     0000a28b  ReadEEWORLDStatus                
0     0000a28c  _lock                            
0     0000a28e  _unlock                          
0     0000a290  u16_SysConfigTemp                
0     0000c000  Flash_initModule                 
0     0000c000  RamfuncsRunStart                 
0     0000c11f  SysCtl_delay                     
0     0000c123  RamfuncsRunEnd                   
0     00080000  code_start                       
0     0008123d  RS232LimitH_CurrSet              
0     00081455  RS232LimitL_CurrSet              
0     000815bf  RS232LimitH_ChaPara              
0     000815d5  RS232LimitL_ChaPara              
0     000815eb  RS232LimitH_Gain_Offset          
0     000815ef  RS232LimitH_Rate                 
0     000815f3  RS232LimitL_Gain_Offset          
0     000815f7  RS232LimitL_Rate                 
0     00081918  RamfuncsLoadStart                
0     00081a3b  RamfuncsLoadEnd                  
0     00081a52  __TI_Handler_Table_Base          
0     00081a58  __TI_Handler_Table_Limit         
0     00081a5c  __TI_CINIT_Base                  
0     00081a64  __TI_CINIT_Limit                 
0     00081a64  __TI_CINIT_Warm                  
0     00082000  Ask_Sett                         
0     000829cb  UserFace                         
0     00082e22  ChaProcess                       
0     00083000  EE_Set_To_EEprom                 
0     000837e9  EEprom_To_EE_Set                 
0     00084000  EPWM_init                        
0     00084216  Customer_Para_Sett               
0     00084429  LFP2_Para_Sett                   
0     0008463c  LFP3_Para_Sett                   
0     0008484f  AGM1_Para_Sett                   
0     00084a60  AGM2_Para_Sett                   
0     00084c71  LFP1_Para_Sett                   
0     00084e82  Bat_Def_Parameter_Sett           
0     00084ffb  ADC_init                         
0     00085000  Gel_Para_Sett                    
0     00085210  Wet_Para_Sett                    
0     00085420  SysCtl_setClock                  
0     00085541  ChaVI2PU                         
0     00085656  SysCtl_isPLLValid                
0     00085754  Fast_speed_ADCRESULT_to_Reg      
0     00085844  PinMux_init                      
0     00085931  Go_Sett_Curr                     
0     00085a07  TranTemp_NTC                     
0     00085abb  myADC1_init                      
0     00085b5d  Device_enableAllPeripherals      
0     00085bf7  RS232_DATA                       
0     00085c91  Jump_To_Next_Stage_Sett          
0     00085d1c  ReadEEWorld                      
0     00085da7  pi_run                           
0     00085e30  __c28xabi_divf                   
0     00085eb8  myCMPSS0_init                    
0     00085f2f  main                             
0     00085fa4  EEprom_To_User_Set               
0     00085ffd  CMPSS_init                       
0     00086073  Sel_BatType                      
0     000860e5  Go_Sett_Gain_Offset              
0     0008614d  Go_Sett_Rate                     
0     000861b5  SysCtl_getClock                  
0     0008621a  I2C_initController               
0     0008627e  WriteEEWorld                     
0     000862e1  myADC0_init                      
0     00086344  User_Set_To_EEprom               
0     0008639d  InitI2C                          
0     000863f4  SciReceive                       
0     0008644a  DrivePWM                         
0     0008649d  GPIO_setPadConfig                
0     000864ef  sciaRxFifoIsr                    
0     0008653c  SB2BB_Compensation               
0     00086588  CMPSS_configFilterHigh           
0     000865d1  CMPSS_configFilterLow            
0     0008661a  Device_init                      
0     00086663  Init_Compensation                
0     000866ac  CMPSS_configRamp                 
0     000866f4  GPIO_setAnalogMode               
0     000867c3  SysCtl_selectOscSource           
0     00086845  Load_Rate_To_Max                 
0     00086884  RS232_UNDATA                     
0     00086901  Interrupt_initModule             
0     0008693e  Low_speed_ADCRESULT_to_Reg       
0     0008697b  SysCtl_selectXTAL                
0     000869b8  INT_myCPUTIMER0_ISR              
0     000869f0  INT_myCPUTIMER1_ISR              
0     00086a28  GPIO_setPinConfig                
0     00086a5f  GPIO_setQualificationMode        
0     00086a96  Interrupt_enable                 
0     00086b03  INT_TZ_ISR                       
0     00086ba1  GPIO_setDirectionMode            
0     00086bd2  __TI_decompress_lzss             
0     00086c02  TxResponse                       
0     00086c31  XBAR_setEPWMMuxConfig            
0     00086c8e  SciSend_RS232                    
0     00086ce8  CMPSS_configLatchOnPWMSYNC       
0     00086d13  MathTempTo232                    
0     00086d3e  __TI_auto_init_nobinit_nopinit   
0     00086d69  TbatCompensation                 
0     00086d93  C$$EXIT                          
0     00086d93  abort                            
0     00086d95  exit                             
0     00086e57  INTERRUPT_init                   
0     00086e7c  time_counter                     
0     00086f94  I2C_clearInterruptStatus         
0     00086fb5  ADC_setOffsetTrimAll             
0     00086ff5  Dis_PWM                          
0     00088040  SysCtl_selectXTALSingleEnded     
0     00088060  myCPUTIMER0_init                 
0     00088080  myCPUTIMER1_init                 
0     000880fd  SCI_init                         
0     00088176  Interrupt_initVectorTable        
0     00088225  memcpy                           
0     000882e6  InitEEpromData                   
0     00088369  SysCtl_getLowSpeedClock          
0     000883ce  Init_Def_EE_Set                  
0     000883ff  Set_SB2BB_Cur_Loop               
0     00088417  Set_SB2BB_Vbank_Loop             
0     0008842f  Set_SB2BB_Vstart_Loop            
0     00088447  SysConfig                        
0     0008845f  password_cheak                   
0     00088477  Board_init                       
0     00088518  _c_int00                         
0     000885df  Interrupt_defaultHandler         
0     0008860a  BB_LED_G_init                    
0     0008861f  BB_LED_R_init                    
0     00088730  KeepkAUX_init                    
0     00088745  SB_LED_G_init                    
0     0008875a  SB_LED_R_init                    
0     0008876f  ST_LED_R_init                    
0     000887ac  Clr_SB2BB_Cur_Loop               
0     000887c0  Clr_SB2BB_Vbank_Loop             
0     000887d4  Clr_SB2BB_Vstart_Loop            
0     0008889a  CPUTimer_setEmulationMode        
0     000888ad  Clr_ADC_Value                    
0     000888c0  Force_ADC_Sample                 
0     00088977  Device_initGPIO                  
0     000889a7  ST_LED_G_init                    
0     000889b7  GPIO_init                        
0     00088a19  __TI_zero_init_nomemset          
0     00088a32  _args_main                       
0     00088a3e  En_PWM                           
0     00088a54  Interrupt_illegalOperationHandler
0     00088a5e  Interrupt_nmiHandler             
0     00088a68  SYNC_init                        
0     00088a72  myEPWMXBAR0_init                 
0     00088a7c  ASYSCTL_init                     
0     00088a85  _register_unlock                 
0     00088a89  _register_lock                   
0     00088a8d  _nop                             
0     00088a96  __TI_decompress_none             
0     00088abb  __error__                        
0     00088ac8  CPUTIMER_init                    
0     00088acd  Init_Def_USER_Set                
0     00088ad2  EPWMXBAR_init                    
0     00088ad5  _system_pre_init                 
0     00088ad7  C2000Ware_libraries_init         
0     00088ad8  _system_post_cinit               
1     00000b00  AdcaResultRegs                   
1     00000b40  AdccResultRegs                   
1     00000c00  CpuTimer0Regs                    
1     00000c08  CpuTimer1Regs                    
1     00000ce0  PieCtrlRegs                      
1     00004000  EPwm1Regs                        
1     00004100  EPwm2Regs                        
1     00004200  EPwm3Regs                        
1     00007200  SciaRegs                         
1     00007300  I2caRegs                         
1     00007500  AdccRegs                         
1     00007f00  GpioDataRegs                     
abs   00000123  RamfuncsLoadSize                 
abs   00000123  RamfuncsRunSize                  
abs   00000200  __TI_STACK_SIZE                  
abs   ffffffff  __TI_pprof_out_hndl              
abs   ffffffff  __TI_prof_data_size              
abs   ffffffff  __TI_prof_data_start             
n/a   UNDEFED   __c_args__                       

[253 symbols]
