******************************************************************************
             TMS320C2000 Linker PC v22.6.1                     
******************************************************************************
>> Linked Mon Dec  1 12:03:00 2025

OUTPUT FILE NAME:   <CXP(20251201).out>
ENTRY POINT SYMBOL: "code_start"  address: 00080000


MEMORY CONFIGURATION

         name            origin    length      used     unused   attr    fill
----------------------  --------  ---------  --------  --------  ----  --------
PAGE 0:
  BOOT_RSVD             00000002   00000126  00000000  00000126  RWIX
  RAMM0                 00000128   000002d8  00000000  000002d8  RWIX
  RAMM1                 00000400   000003f8  00000200  000001f8  RWIX
  RAMLS4567             0000a000   00002000  000000c6  00001f3a  RWIX
  RAMGS0                0000c000   000007f8  00000123  000006d5  RWIX
  BEGIN                 00080000   00000002  00000002  00000000  RWIX
  FLASH_BANK0_SEC0      00080002   00000ffe  00000000  00000ffe  RWIX
  FLASH_BANK0_SEC1      00081000   00001000  00000519  00000ae7  RWIX
  FLASH_BANK0_SEC2      00082000   00001000  00001000  00000000  RWIX
  FLASH_BANK0_SEC3      00083000   00001000  000001c3  00000e3d  RWIX
  FLASH_BANK0_SEC4      00084000   00001000  00000000  00001000  RWIX
  FLASH_BANK0_SEC5      00085000   00001000  00000000  00001000  RWIX
  FLASH_BANK0_SEC6      00086000   00001000  00000000  00001000  RWIX
  FLASH_BANK0_SEC7      00087000   00001000  00000000  00001000  RWIX
  FLASH_BANK0_SEC8      00088000   00001000  00000000  00001000  RWIX
  FLASH_BANK0_SEC9      00089000   00001000  00000000  00001000  RWIX
  FLASH_BANK0_SEC10     0008a000   00001000  00000000  00001000  RWIX
  FLASH_BANK0_SEC11     0008b000   00001000  00000000  00001000  RWIX
  FLASH_BANK0_SEC12     0008c000   00001000  00000000  00001000  RWIX
  FLASH_BANK0_SEC13     0008d000   00001000  00000000  00001000  RWIX
  FLASH_BANK0_SEC14     0008e000   00001000  00000000  00001000  RWIX
  FLASH_BANK0_SEC15     0008f000   00000ff0  00000000  00000ff0  RWIX
  BOOTROM               003f0000   00008000  00000000  00008000  RWIX
  BOOTROM_EXT           003f8000   00007fc0  00000000  00007fc0  RWIX
  RESET                 003fffc0   00000002  00000000  00000002  RWIX

PAGE 1:
  ADCARESULT            00000b00   00000018  00000018  00000000  RWIX
  ADCCRESULT            00000b40   00000018  00000000  00000018  RWIX
  CPUTIMER0             00000c00   00000008  00000008  00000000  RWIX
  CPUTIMER1             00000c08   00000008  00000000  00000008  RWIX
  CPUTIMER2             00000c10   00000008  00000000  00000008  RWIX
  PIECTRL               00000ce0   0000001a  00000000  0000001a  RWIX
  PIEVECTTABLE          00000d00   00000200  00000000  00000200  RWIX
  DMA                   00001000   00000200  00000000  00000200  RWIX
  CLB1LOGICCFG          00003000   00000052  00000000  00000052  RWIX
  CLB1LOGICCTRL         00003100   00000040  00000000  00000040  RWIX
  CLB1DATAEXCH          00003180   00000080  00000000  00000080  RWIX
  CLB2LOGICCFG          00003400   00000052  00000000  00000052  RWIX
  CLB2LOGICCTRL         00003500   00000040  00000000  00000040  RWIX
  CLB2DATAEXCH          00003580   00000080  00000000  00000080  RWIX
  EPWM1                 00004000   00000100  00000000  00000100  RWIX
  EPWM2                 00004100   00000100  00000100  00000000  RWIX
  EPWM3                 00004200   00000100  00000000  00000100  RWIX
  EPWM4                 00004300   00000100  00000000  00000100  RWIX
  EPWM5                 00004400   00000100  00000000  00000100  RWIX
  EPWM6                 00004500   00000100  00000000  00000100  RWIX
  EPWM7                 00004600   00000100  00000000  00000100  RWIX
  EQEP1                 00005100   00000040  00000000  00000040  RWIX
  EQEP2                 00005140   00000040  00000000  00000040  RWIX
  ECAP1                 00005200   00000020  00000000  00000020  RWIX
  ECAP2                 00005240   00000020  00000000  00000020  RWIX
  ECAP3                 00005280   00000020  00000000  00000020  RWIX
  HRCAP3                000052a0   00000020  00000000  00000020  RWIX
  CMPSS1                00005c80   00000020  00000000  00000020  RWIX
  CMPSS2                00005ca0   00000020  00000000  00000020  RWIX
  CMPSS3                00005cc0   00000020  00000000  00000020  RWIX
  CMPSS4                00005ce0   00000020  00000000  00000020  RWIX
  SPIA                  00006100   00000010  00000000  00000010  RWIX
  SPIB                  00006110   00000010  00000000  00000010  RWIX
  BGCRCCPU              00006340   00000040  00000000  00000040  RWIX
  PMBUSA                00006400   00000020  00000000  00000020  RWIX
  HIC                   00006500   00000080  00000000  00000080  RWIX
  FSITXA                00006600   00000050  00000000  00000050  RWIX
  FSIRXA                00006680   00000050  00000000  00000050  RWIX
  LINA                  00006a00   000000ec  00000000  000000ec  RWIX
  LINB                  00006b00   000000ec  00000000  000000ec  RWIX
  WD                    00007000   0000002c  00000000  0000002c  RWIX
  NMIINTRUPT            00007060   00000010  00000000  00000010  RWIX
  XINT                  00007070   0000000c  00000000  0000000c  RWIX
  SCIA                  00007200   00000010  00000010  00000000  RWIX
  I2CA                  00007300   00000022  00000000  00000022  RWIX
  I2CB                  00007340   00000022  00000000  00000022  RWIX
  ADCA                  00007400   00000080  00000000  00000080  RWIX
  ADCC                  00007500   00000080  00000000  00000080  RWIX
  INPUTXBAR             00007900   00000020  00000000  00000020  RWIX
  XBAR                  00007920   00000020  00000000  00000020  RWIX
  SYNCSOC               00007940   00000006  00000000  00000006  RWIX
  CLBINPUTXBAR          00007960   00000020  00000000  00000020  RWIX
  DMACLASRCSEL          00007980   0000001a  00000000  0000001a  RWIX
  EPWMXBAR              00007a00   00000040  00000000  00000040  RWIX
  CLBXBAR               00007a40   00000040  00000000  00000040  RWIX
  OUTPUTXBAR            00007a80   00000040  00000000  00000040  RWIX
  CLBOUTPUTXBAR         00007bc0   00000040  00000000  00000040  RWIX
  GPIOCTRL              00007c00   00000200  00000000  00000200  RWIX
  GPIODATA              00007f00   00000040  00000000  00000040  RWIX
  GPIODATAREAD          00007f80   00000010  00000000  00000010  RWIX
  CANA                  00048000   00000200  00000000  00000200  RWIX
  DEVCFG                0005d000   000001ac  00000000  000001ac  RWIX
  CLKCFG                0005d200   00000100  00000000  00000100  RWIX
  CPUSYS                0005d300   000000a0  00000000  000000a0  RWIX
  SYSPERIPHAC           0005d500   00000200  00000000  00000200  RWIX
  ANALOGSUBSYS          0005d700   00000100  00000000  00000100  RWIX
  DCC0                  0005e700   00000038  00000000  00000038  RWIX
  DCC1                  0005e740   00000038  00000000  00000038  RWIX
  ERADGLOBAL            0005e800   00000014  00000000  00000014  RWIX
  ERADHWBP1             0005e900   00000008  00000000  00000008  RWIX
  ERADHWBP2             0005e908   00000008  00000000  00000008  RWIX
  ERADHWBP3             0005e910   00000008  00000000  00000008  RWIX
  ERADHWBP4             0005e918   00000008  00000000  00000008  RWIX
  ERADHWBP5             0005e920   00000008  00000000  00000008  RWIX
  ERADHWBP6             0005e928   00000008  00000000  00000008  RWIX
  ERADHWBP7             0005e930   00000008  00000000  00000008  RWIX
  ERADHWBP8             0005e938   00000008  00000000  00000008  RWIX
  ERADCOUNTER1          0005e980   00000010  00000000  00000010  RWIX
  ERADCOUNTER2          0005e990   00000010  00000000  00000010  RWIX
  ERADCOUNTER3          0005e9a0   00000010  00000000  00000010  RWIX
  ERADCOUNTER4          0005e9b0   00000010  00000000  00000010  RWIX
  ERADCRCGLOBAL         0005ea00   00000010  00000000  00000010  RWIX
  ERADCRC1              0005ea10   00000010  00000000  00000010  RWIX
  ERADCRC2              0005ea20   00000010  00000000  00000010  RWIX
  ERADCRC3              0005ea30   00000010  00000000  00000010  RWIX
  ERADCRC4              0005ea40   00000010  00000000  00000010  RWIX
  ERADCRC5              0005ea50   00000010  00000000  00000010  RWIX
  ERADCRC6              0005ea60   00000010  00000000  00000010  RWIX
  ERADCRC7              0005ea70   00000010  00000000  00000010  RWIX
  ERADCRC8              0005ea80   00000010  00000000  00000010  RWIX
  DCSMBANK0Z1           0005f000   00000024  00000000  00000024  RWIX
  DCSMBANK0Z2           0005f040   00000024  00000000  00000024  RWIX
  DCSMCOMMON            0005f070   00000010  00000000  00000010  RWIX
  MEMCFG                0005f400   000000c0  00000000  000000c0  RWIX
  ACCESSPROTECTION      0005f500   0000003e  00000000  0000003e  RWIX
  MEMORYERROR           0005f540   00000040  00000000  00000040  RWIX
  TESTERROR             0005f590   00000010  00000000  00000010  RWIX
  FLASH0CTRL            0005f800   00000182  00000000  00000182  RWIX
  FLASH0ECC             0005fb00   00000028  00000000  00000028  RWIX
  DCSMBANK0Z1OTP        00078000   00000020  00000000  00000020  RWIX
  DCSMBANK0Z2OTP        00078200   00000020  00000000  00000020  RWIX


SECTION ALLOCATION MAP

 output                                  attributes/
section   page    origin      length       input sections
--------  ----  ----------  ----------   ----------------
codestart 
*          0    00080000    00000002     
                  00080000    00000002     f28002x_codestartbranch.obj (codestart)

.cinit     0    00081500    0000001e     
                  00081500    0000000b     (.cinit..data.load) [load image, compression = lzss]
                  0008150b    00000001     --HOLE-- [fill = 0]
                  0008150c    00000006     (__TI_handler_table)
                  00081512    00000004     (.cinit..bss.load) [load image, compression = zero_init]
                  00081516    00000008     (__TI_cinit_table)

.reset     0    003fffc0    00000000     DSECT

.stack     0    00000400    00000200     UNINITIALIZED
                  00000400    00000200     --HOLE--

.init_array 
*          0    00081000    00000000     UNINITIALIZED

.bss       0    0000a000    00000028     UNINITIALIZED
                  0000a000    00000028     ADC.obj (.bss)

.data      0    0000a040    0000009e     UNINITIALIZED
                  0000a040    00000094     ADC.obj (.data)
                  0000a0d4    00000006     rts2800_fpu32_eabi.lib : exit.c.obj (.data)
                  0000a0da    00000002                            : _lock.c.obj (.data:_lock)
                  0000a0dc    00000002                            : _lock.c.obj (.data:_unlock)

.const     0    00081000    000003d8     
                  00081000    00000118     board.obj (.const:.string)
                  00081118    0000009b     driverlib.lib : flash.obj (.const:.string)
                  000811b3    00000001     --HOLE-- [fill = 0]
                  000811b4    0000009a                   : sysctl.obj (.const:.string)
                  0008124e    00000098                   : gpio.obj (.const:.string)
                  000812e6    00000059     device.obj (.const:.string)
                  0008133f    00000001     --HOLE-- [fill = 0]
                  00081340    00000050     driverlib.lib : cputimer.obj (.const:.string)
                  00081390    00000048     main.obj (.const:.string)

.TI.ramfunc 
*          0    000813d8    00000123     RUN ADDR = 0000c000
                  000813d8    0000003f     driverlib.lib : flash.obj (.TI.ramfunc:Flash_initModule)
                  00081417    0000002c                   : flash.obj (.TI.ramfunc:Flash_setBankPowerMode)
                  00081443    00000023                   : flash.obj (.TI.ramfunc:Flash_setWaitstates)
                  00081466    0000001d                   : flash.obj (.TI.ramfunc:Flash_setPumpPowerMode)
                  00081483    00000018                   : flash.obj (.TI.ramfunc:Flash_disableCache)
                  0008149b    00000018                   : flash.obj (.TI.ramfunc:Flash_disablePrefetch)
                  000814b3    00000017                   : flash.obj (.TI.ramfunc:Flash_enableCache)
                  000814ca    00000017                   : flash.obj (.TI.ramfunc:Flash_enablePrefetch)
                  000814e1    00000016                   : flash.obj (.TI.ramfunc:Flash_enableECC)
                  000814f7    00000004                   : sysctl.obj (.TI.ramfunc)

AdcaResultRegsFile 
*          1    00000b00    00000018     UNINITIALIZED
                  00000b00    00000018     f28002x_globalvariabledefs.obj (AdcaResultRegsFile)

CpuTimer0RegsFile 
*          1    00000c00    00000008     UNINITIALIZED
                  00000c00    00000008     f28002x_globalvariabledefs.obj (CpuTimer0RegsFile)

EPwm2RegsFile 
*          1    00004100    00000100     UNINITIALIZED
                  00004100    00000100     f28002x_globalvariabledefs.obj (EPwm2RegsFile)

SciaRegsFile 
*          1    00007200    00000010     UNINITIALIZED
                  00007200    00000010     f28002x_globalvariabledefs.obj (SciaRegsFile)

.text.1    0    00082000    00001000     
                  00082000    0000021e     ADC.obj (.text:Fast_speed_ADCRESULT_to_Reg)
                  0008221e    00000121     driverlib.lib : sysctl.obj (.text:SysCtl_setClock)
                  0008233f    000000fe                   : sysctl.obj (.text:SysCtl_isPLLValid)
                  0008243d    000000d7     board.obj (.text:myADC0_init)
                  00082514    000000af     board.obj (.text:PinMux_init)
                  000825c3    0000009a     device.obj (.text:Device_enableAllPeripherals)
                  0008265d    00000088     rts2800_fpu32_eabi.lib : fs_div28.asm.obj (.text)
                  000826e5    00000073     driverlib.lib : sysctl.obj (.text:DCC_setCounterSeeds)
                  00082758    00000065                   : sysctl.obj (.text:SysCtl_getClock)
                  000827bd    00000052                   : gpio.obj (.text:GPIO_setPadConfig)
                  0008280f    00000049     device.obj (.text:Device_init)
                  00082858    00000046     driverlib.lib : gpio.obj (.text:GPIO_setAnalogMode)
                  0008289e    00000045                   : sysctl.obj (.text:SysCtl_pollX1Counter)
                  000828e3    00000044     board.obj (.text:GPIO_writePin)
                  00082927    00000042     driverlib.lib : sysctl.obj (.text:SysCtl_selectOscSource)
                  00082969    0000003d                   : interrupt.obj (.text:Interrupt_initModule)
                  000829a6    0000003d                   : sysctl.obj (.text:SysCtl_selectXTAL)
                  000829e3    00000037                   : gpio.obj (.text:GPIO_setPinConfig)
                  00082a1a    00000037                   : gpio.obj (.text:GPIO_setQualificationMode)
                  00082a51    00000037                   : interrupt.obj (.text:Interrupt_enable)
                  00082a88    00000036     board.obj (.text:ADC_setupSOC)
                  00082abe    00000034     main.obj (.text:INT_myCPUTIMER0_ISR)
                  00082af2    00000031     driverlib.lib : gpio.obj (.text:GPIO_setDirectionMode)
                  00082b23    00000030     rts2800_fpu32_eabi.lib : copy_decompress_lzss.c.obj (.text:decompress:lzss)
                  00082b53    0000002e     board.obj (.text:ADC_setInterruptSOCTrigger)
                  00082b81    0000002b     rts2800_fpu32_eabi.lib : autoinit.c.obj (.text:__TI_auto_init_nobinit_nopinit)
                  00082bac    00000029                            : exit.c.obj (.text)
                  00082bd5    00000024     driverlib.lib : sysctl.obj (.text:DCC_enableSingleShotMode)
                  00082bf9    00000023     SysConfig.obj (.text:Init_Def_EE_Set)
                  00082c1c    00000020     driverlib.lib : adc.obj (.text:ADC_setOffsetTrimAll)
                  00082c3c    00000020                   : sysctl.obj (.text:SysCtl_selectXTALSingleEnded)
                  00082c5c    00000020     board.obj (.text:myCPUTIMER0_init)
                  00082c7c    0000001f     SysConfig.obj (.text:SCI_init)
                  00082c9b    0000001e     driverlib.lib : sysctl.obj (.text:DCC_setCounter0ClkSource)
                  00082cb9    0000001e                   : sysctl.obj (.text:DCC_setCounter1ClkSource)
                  00082cd7    0000001e                   : interrupt.obj (.text:Interrupt_initVectorTable)
                  00082cf5    0000001d     rts2800_fpu32_eabi.lib : memcpy.c.obj (.text)
                  00082d12    0000001c     board.obj (.text:ADC_setSOCPriority)
                  00082d2e    0000001b     main.obj (.text:main)
                  00082d49    0000001a     main.obj (.text:CPUTimer_startTimer)
                  00082d63    0000001a     driverlib.lib : sysctl.obj (.text:SysCtl_getLowSpeedClock)
                  00082d7d    00000018     ADC.obj (.text:Clr_ADC_Value)
                  00082d95    00000017     board.obj (.text:ASysCtl_setAnalogReferenceExternal)
                  00082dac    00000017     board.obj (.text:CPUTimer_isBaseValid)
                  00082dc3    00000017     driverlib.lib : cputimer.obj (.text:CPUTimer_isBaseValid)
                  00082dda    00000017     main.obj (.text:CPUTimer_isBaseValid)
                  00082df1    00000017     board.obj (.text:CPUTimer_setPreScaler)
                  00082e08    00000017     device.obj (.text:SysCtl_enablePeripheral)
                  00082e1f    00000017     driverlib.lib : sysctl.obj (.text:SysCtl_enablePeripheral)
                  00082e36    00000017     rts2800_fpu32_eabi.lib : boot28.asm.obj (.text)
                  00082e4d    00000016     board.obj (.text:ADC_setInterruptCycleOffset)
                  00082e63    00000016     board.obj (.text:ADC_setInterruptPulseMode)
                  00082e79    00000016     board.obj (.text:ADC_setPrescaler)
                  00082e8f    00000016     driverlib.lib : sysctl.obj (.text:DCC_disableDoneSignal)
                  00082ea5    00000016                   : interrupt.obj (.text:Interrupt_defaultHandler)
                  00082ebb    00000015     board.obj (.text:ADC_disableBurstMode)
                  00082ed0    00000015     board.obj (.text:CHA_EN_init)
                  00082ee5    00000015     board.obj (.text:CHB_EN_init)
                  00082efa    00000015     board.obj (.text:CHC_EN_init)
                  00082f0f    00000015     board.obj (.text:CPUTimer_enableInterrupt)
                  00082f24    00000015     driverlib.lib : sysctl.obj (.text:DCC_clearDoneFlag)
                  00082f39    00000015                   : sysctl.obj (.text:DCC_clearErrorFlag)
                  00082f4e    00000015                   : sysctl.obj (.text:DCC_disableErrorSignal)
                  00082f63    00000015                   : sysctl.obj (.text:DCC_isBaseValid)
                  00082f78    00000015     board.obj (.text:EXT_RLY_init)
                  00082f8d    00000015     device.obj (.text:GPIO_unlockPortConfig)
                  00082fa2    00000015     board.obj (.text:LED_G_init)
                  00082fb7    00000015     board.obj (.text:LED_R_init)
                  00082fcc    00000014     board.obj (.text:CPUTimer_reloadTimerCounter)
                  00082fe0    00000014     board.obj (.text:CPUTimer_stopTimer)
                  00082ff4    0000000c     rts2800_fpu32_eabi.lib : args_main.c.obj (.text)

.text.2    0    00083000    000001c3     
                  00083000    00000014     driverlib.lib : sysctl.obj (.text:DCC_disableModule)
                  00083014    00000014                   : sysctl.obj (.text:DCC_enableModule)
                  00083028    00000014     board.obj (.text:GPIO_isPinValid)
                  0008303c    00000014     driverlib.lib : gpio.obj (.text:GPIO_isPinValid)
                  00083050    00000014                   : sysctl.obj (.text:SysCtl_setPLLSysClk)
                  00083064    00000013     board.obj (.text:ADC_enableConverter)
                  00083077    00000013     board.obj (.text:ADC_isBaseValid)
                  0008308a    00000013     driverlib.lib : cputimer.obj (.text:CPUTimer_setEmulationMode)
                  0008309d    00000011     board.obj (.text:CPUTimer_setPeriod)
                  000830ae    00000010     device.obj (.text:Device_initGPIO)
                  000830be    00000010     driverlib.lib : flash.obj (.text:Flash_isCtrlBaseValid)
                  000830ce    00000010                   : flash.obj (.text:Flash_isECCBaseValid)
                  000830de    0000000f     board.obj (.text:Board_init)
                  000830ed    0000000f     board.obj (.text:Interrupt_register)
                  000830fc    0000000d     board.obj (.text:GPIO_init)
                  00083109    0000000d     board.obj (.text:INTERRUPT_init)
                  00083116    0000000d     driverlib.lib : interrupt.obj (.text:Interrupt_disableGlobal)
                  00083123    0000000d                   : interrupt.obj (.text:Interrupt_enableGlobal)
                  00083130    0000000d     device.obj (.text:SysCtl_setLowSpeedClock)
                  0008313d    0000000d     rts2800_fpu32_eabi.lib : copy_zero_init.c.obj (.text:decompress:ZI:__TI_zero_init_nomemset)
                  0008314a    0000000b     driverlib.lib : sysctl.obj (.text:SysCtl_isMCDClockFailureDetected)
                  00083155    0000000a                   : interrupt.obj (.text:Interrupt_illegalOperationHandler)
                  0008315f    0000000a                   : interrupt.obj (.text:Interrupt_nmiHandler)
                  00083169    00000009     rts2800_fpu32_eabi.lib : _lock.c.obj (.text)
                  00083172    00000008     device.obj (.text:SysCtl_disableWatchdog)
                  0008317a    00000008     rts2800_fpu32_eabi.lib : copy_decompress_none.c.obj (.text:decompress:none)
                  00083182    00000008     f28002x_codestartbranch.obj (.text)
                  0008318a    00000007     board.obj (.text:ASysCtl_disableTemperatureSensor)
                  00083191    00000007     device.obj (.text:ASysCtl_lockVREG)
                  00083198    00000007     SysConfig.obj (.text:SysConfig)
                  0008319f    00000007     driverlib.lib : sysctl.obj (.text:SysCtl_resetMCD)
                  000831a6    00000007     device.obj (.text:__error__)
                  000831ad    00000006     board.obj (.text:ASYSCTL_init)
                  000831b3    00000006     main.obj (.text:Interrupt_clearACKGroup)
                  000831b9    00000003     board.obj (.text:ADC_init)
                  000831bc    00000003     board.obj (.text:CPUTIMER_init)
                  000831bf    00000002     rts2800_fpu32_eabi.lib : pre_init.c.obj (.text)
                  000831c1    00000001     c2000ware_libraries.obj (.text:C2000Ware_libraries_init)
                  000831c2    00000001     rts2800_fpu32_eabi.lib : startup.c.obj (.text)

MODULE SUMMARY

       Module                           code   ro data   rw data
       ------                           ----   -------   -------
    .\
       f28002x_globalvariabledefs.obj   0      0         304    
    +--+--------------------------------+------+---------+---------+
       Total:                           0      0         304    
                                                                
    .\appli\
       ADC.obj                          566    0         188    
       main.obj                         134    72        0      
       SysConfig.obj                    73     0         0      
    +--+--------------------------------+------+---------+---------+
       Total:                           773    72        188    
                                                                
    .\device\
       device.obj                       322    89        0      
       f28002x_codestartbranch.obj      10     0         0      
    +--+--------------------------------+------+---------+---------+
       Total:                           332    89        0      
                                                                
    .\syscfg\
       board.obj                        1111   280       0      
       c2000ware_libraries.obj          1      0         0      
    +--+--------------------------------+------+---------+---------+
       Total:                           1112   280       0      
                                                                
    C:/ti/c2000/C2000Ware_5_01_00_00/driverlib/f28002x/driverlib/ccs/Debug/driverlib.lib
       sysctl.obj                       1324   154       0      
       flash.obj                        606    155       0      
       gpio.obj                         331    152       0      
       interrupt.obj                    214    0         0      
       cputimer.obj                     42     80        0      
       adc.obj                          32     0         0      
    +--+--------------------------------+------+---------+---------+
       Total:                           2549   541       0      
                                                                
    C:\ti\ccs1120\ccs\tools\compiler\ti-cgt-c2000_22.6.1.LTS\lib\rts2800_fpu32_eabi.lib
       fs_div28.asm.obj                 136    0         0      
       copy_decompress_lzss.c.obj       48     0         0      
       exit.c.obj                       41     0         6      
       autoinit.c.obj                   43     0         0      
       memcpy.c.obj                     29     0         0      
       boot28.asm.obj                   23     0         0      
       _lock.c.obj                      9      0         4      
       copy_zero_init.c.obj             13     0         0      
       args_main.c.obj                  12     0         0      
       copy_decompress_none.c.obj       8      0         0      
       pre_init.c.obj                   2      0         0      
       startup.c.obj                    1      0         0      
    +--+--------------------------------+------+---------+---------+
       Total:                           365    0         10     
                                                                
       Stack:                           0      0         512    
       Linker Generated:                0      29        0      
    +--+--------------------------------+------+---------+---------+
       Grand Total:                     5131   1011      1014   


LINKER GENERATED COPY TABLES

__TI_cinit_table @ 00081516 records: 2, size/record: 4, table size: 8
	.data: load addr=00081500, load size=0000000b bytes, run addr=0000a040, run size=0000009e bytes, compression=lzss
	.bss: load addr=00081512, load size=00000004 bytes, run addr=0000a000, run size=00000028 bytes, compression=zero_init


LINKER GENERATED HANDLER TABLE

__TI_handler_table @ 0008150c records: 3, size/record: 2, table size: 6
	index: 0, handler: __TI_zero_init
	index: 1, handler: __TI_decompress_lzss
	index: 2, handler: __TI_decompress_none


GLOBAL DATA SYMBOLS: SORTED BY DATA PAGE

address     data page           name
--------    ----------------    ----
00000400      10 (00000400)     __stack

00000b00      2c (00000b00)     AdcaResultRegs

00000c00      30 (00000c00)     CpuTimer0Regs

00004100     104 (00004100)     EPwm2Regs

00007200     1c8 (00007200)     SciaRegs

0000a000     280 (0000a000)     st_Ad_Value
0000a014     280 (0000a000)     EE_Set

0000a040     281 (0000a040)     u16_WaitAdcStableCou
0000a042     281 (0000a040)     s16_Temp
0000a044     281 (0000a040)     MovAvg_AMP_A
0000a058     281 (0000a040)     MovAvg_AMP_B
0000a06c     281 (0000a040)     MovAvg_AMP_C

0000a080     282 (0000a080)     MovAvg_VOL_A
0000a094     282 (0000a080)     MovAvg_VOL_B
0000a0a8     282 (0000a080)     MovAvg_VOL_C

0000a0c0     283 (0000a0c0)     MovAvg_VOL
0000a0d4     283 (0000a0c0)     __TI_enable_exit_profile_output
0000a0d6     283 (0000a0c0)     __TI_cleanup_ptr
0000a0d8     283 (0000a0c0)     __TI_dtors_ptr
0000a0da     283 (0000a0c0)     _lock
0000a0dc     283 (0000a0c0)     _unlock


GLOBAL SYMBOLS: SORTED ALPHABETICALLY BY Name 

page  address   name                             
----  -------   ----                             
0     000831b9  ADC_init                         
0     00082c1c  ADC_setOffsetTrimAll             
0     000831ad  ASYSCTL_init                     
1     00000b00  AdcaResultRegs                   
0     000830de  Board_init                       
0     00082bac  C$$EXIT                          
0     000831c1  C2000Ware_libraries_init         
0     00082ed0  CHA_EN_init                      
0     00082ee5  CHB_EN_init                      
0     00082efa  CHC_EN_init                      
0     000831bc  CPUTIMER_init                    
0     0008308a  CPUTimer_setEmulationMode        
0     00082d7d  Clr_ADC_Value                    
1     00000c00  CpuTimer0Regs                    
0     000825c3  Device_enableAllPeripherals      
0     0008280f  Device_init                      
0     000830ae  Device_initGPIO                  
0     0000a014  EE_Set                           
1     00004100  EPwm2Regs                        
0     00082f78  EXT_RLY_init                     
0     00082000  Fast_speed_ADCRESULT_to_Reg      
0     0000c000  Flash_initModule                 
0     000830fc  GPIO_init                        
0     00082858  GPIO_setAnalogMode               
0     00082af2  GPIO_setDirectionMode            
0     000827bd  GPIO_setPadConfig                
0     000829e3  GPIO_setPinConfig                
0     00082a1a  GPIO_setQualificationMode        
0     00083109  INTERRUPT_init                   
0     00082abe  INT_myCPUTIMER0_ISR              
0     00082bf9  Init_Def_EE_Set                  
0     00082ea5  Interrupt_defaultHandler         
0     00082a51  Interrupt_enable                 
0     00083155  Interrupt_illegalOperationHandler
0     00082969  Interrupt_initModule             
0     00082cd7  Interrupt_initVectorTable        
0     0008315f  Interrupt_nmiHandler             
0     00082fa2  LED_G_init                       
0     00082fb7  LED_R_init                       
0     0000a044  MovAvg_AMP_A                     
0     0000a058  MovAvg_AMP_B                     
0     0000a06c  MovAvg_AMP_C                     
0     0000a0c0  MovAvg_VOL                       
0     0000a080  MovAvg_VOL_A                     
0     0000a094  MovAvg_VOL_B                     
0     0000a0a8  MovAvg_VOL_C                     
0     00082514  PinMux_init                      
0     000814fb  RamfuncsLoadEnd                  
abs   00000123  RamfuncsLoadSize                 
0     000813d8  RamfuncsLoadStart                
0     0000c123  RamfuncsRunEnd                   
abs   00000123  RamfuncsRunSize                  
0     0000c000  RamfuncsRunStart                 
0     00082c7c  SCI_init                         
1     00007200  SciaRegs                         
0     00083198  SysConfig                        
0     0000c11f  SysCtl_delay                     
0     00082758  SysCtl_getClock                  
0     00082d63  SysCtl_getLowSpeedClock          
0     0008233f  SysCtl_isPLLValid                
0     00082927  SysCtl_selectOscSource           
0     000829a6  SysCtl_selectXTAL                
0     00082c3c  SysCtl_selectXTALSingleEnded     
0     0008221e  SysCtl_setClock                  
0     00081516  __TI_CINIT_Base                  
0     0008151e  __TI_CINIT_Limit                 
0     0008151e  __TI_CINIT_Warm                  
0     0008150c  __TI_Handler_Table_Base          
0     00081512  __TI_Handler_Table_Limit         
0     00000600  __TI_STACK_END                   
abs   00000200  __TI_STACK_SIZE                  
0     00082b81  __TI_auto_init_nobinit_nopinit   
0     0000a0d6  __TI_cleanup_ptr                 
0     00082b23  __TI_decompress_lzss             
0     0008317a  __TI_decompress_none             
0     0000a0d8  __TI_dtors_ptr                   
0     0000a0d4  __TI_enable_exit_profile_output  
abs   ffffffff  __TI_pprof_out_hndl              
abs   ffffffff  __TI_prof_data_size              
abs   ffffffff  __TI_prof_data_start             
0     0008313d  __TI_zero_init_nomemset          
0     0008265d  __c28xabi_divf                   
n/a   UNDEFED   __c_args__                       
0     000831a6  __error__                        
0     00000400  __stack                          
0     00082ff4  _args_main                       
0     00082e36  _c_int00                         
0     0000a0da  _lock                            
0     00083171  _nop                             
0     0008316d  _register_lock                   
0     00083169  _register_unlock                 
0     000831c2  _system_post_cinit               
0     000831bf  _system_pre_init                 
0     0000a0dc  _unlock                          
0     00082bac  abort                            
0     00080000  code_start                       
0     00082bae  exit                             
0     00082d2e  main                             
0     00082cf5  memcpy                           
0     0008243d  myADC0_init                      
0     00082c5c  myCPUTIMER0_init                 
0     0000a042  s16_Temp                         
0     0000a000  st_Ad_Value                      
0     0000a040  u16_WaitAdcStableCou             


GLOBAL SYMBOLS: SORTED BY Symbol Address 

page  address   name                             
----  -------   ----                             
0     00000400  __stack                          
0     00000600  __TI_STACK_END                   
0     0000a000  st_Ad_Value                      
0     0000a014  EE_Set                           
0     0000a040  u16_WaitAdcStableCou             
0     0000a042  s16_Temp                         
0     0000a044  MovAvg_AMP_A                     
0     0000a058  MovAvg_AMP_B                     
0     0000a06c  MovAvg_AMP_C                     
0     0000a080  MovAvg_VOL_A                     
0     0000a094  MovAvg_VOL_B                     
0     0000a0a8  MovAvg_VOL_C                     
0     0000a0c0  MovAvg_VOL                       
0     0000a0d4  __TI_enable_exit_profile_output  
0     0000a0d6  __TI_cleanup_ptr                 
0     0000a0d8  __TI_dtors_ptr                   
0     0000a0da  _lock                            
0     0000a0dc  _unlock                          
0     0000c000  Flash_initModule                 
0     0000c000  RamfuncsRunStart                 
0     0000c11f  SysCtl_delay                     
0     0000c123  RamfuncsRunEnd                   
0     00080000  code_start                       
0     000813d8  RamfuncsLoadStart                
0     000814fb  RamfuncsLoadEnd                  
0     0008150c  __TI_Handler_Table_Base          
0     00081512  __TI_Handler_Table_Limit         
0     00081516  __TI_CINIT_Base                  
0     0008151e  __TI_CINIT_Limit                 
0     0008151e  __TI_CINIT_Warm                  
0     00082000  Fast_speed_ADCRESULT_to_Reg      
0     0008221e  SysCtl_setClock                  
0     0008233f  SysCtl_isPLLValid                
0     0008243d  myADC0_init                      
0     00082514  PinMux_init                      
0     000825c3  Device_enableAllPeripherals      
0     0008265d  __c28xabi_divf                   
0     00082758  SysCtl_getClock                  
0     000827bd  GPIO_setPadConfig                
0     0008280f  Device_init                      
0     00082858  GPIO_setAnalogMode               
0     00082927  SysCtl_selectOscSource           
0     00082969  Interrupt_initModule             
0     000829a6  SysCtl_selectXTAL                
0     000829e3  GPIO_setPinConfig                
0     00082a1a  GPIO_setQualificationMode        
0     00082a51  Interrupt_enable                 
0     00082abe  INT_myCPUTIMER0_ISR              
0     00082af2  GPIO_setDirectionMode            
0     00082b23  __TI_decompress_lzss             
0     00082b81  __TI_auto_init_nobinit_nopinit   
0     00082bac  C$$EXIT                          
0     00082bac  abort                            
0     00082bae  exit                             
0     00082bf9  Init_Def_EE_Set                  
0     00082c1c  ADC_setOffsetTrimAll             
0     00082c3c  SysCtl_selectXTALSingleEnded     
0     00082c5c  myCPUTIMER0_init                 
0     00082c7c  SCI_init                         
0     00082cd7  Interrupt_initVectorTable        
0     00082cf5  memcpy                           
0     00082d2e  main                             
0     00082d63  SysCtl_getLowSpeedClock          
0     00082d7d  Clr_ADC_Value                    
0     00082e36  _c_int00                         
0     00082ea5  Interrupt_defaultHandler         
0     00082ed0  CHA_EN_init                      
0     00082ee5  CHB_EN_init                      
0     00082efa  CHC_EN_init                      
0     00082f78  EXT_RLY_init                     
0     00082fa2  LED_G_init                       
0     00082fb7  LED_R_init                       
0     00082ff4  _args_main                       
0     0008308a  CPUTimer_setEmulationMode        
0     000830ae  Device_initGPIO                  
0     000830de  Board_init                       
0     000830fc  GPIO_init                        
0     00083109  INTERRUPT_init                   
0     0008313d  __TI_zero_init_nomemset          
0     00083155  Interrupt_illegalOperationHandler
0     0008315f  Interrupt_nmiHandler             
0     00083169  _register_unlock                 
0     0008316d  _register_lock                   
0     00083171  _nop                             
0     0008317a  __TI_decompress_none             
0     00083198  SysConfig                        
0     000831a6  __error__                        
0     000831ad  ASYSCTL_init                     
0     000831b9  ADC_init                         
0     000831bc  CPUTIMER_init                    
0     000831bf  _system_pre_init                 
0     000831c1  C2000Ware_libraries_init         
0     000831c2  _system_post_cinit               
1     00000b00  AdcaResultRegs                   
1     00000c00  CpuTimer0Regs                    
1     00004100  EPwm2Regs                        
1     00007200  SciaRegs                         
abs   00000123  RamfuncsLoadSize                 
abs   00000123  RamfuncsRunSize                  
abs   00000200  __TI_STACK_SIZE                  
abs   ffffffff  __TI_pprof_out_hndl              
abs   ffffffff  __TI_prof_data_size              
abs   ffffffff  __TI_prof_data_start             
n/a   UNDEFED   __c_args__                       

[104 symbols]
