<?xml version="1.0" encoding="ISO-8859-1" ?>
<link_info>
   <banner>TMS320C2000 Linker PC v22.6.1.LTS</banner>
   <copyright>Copyright (c) 1996-2018 Texas Instruments Incorporated</copyright>
   <link_time>0x692d1374</link_time>
   <link_errors>0x0</link_errors>
   <output_file>CXP(20251201).out</output_file>
   <entry_point>
      <name>code_start</name>
      <address>0x80000</address>
   </entry_point>
   <input_file_list>
      <input_file id="fl-2">
         <path>.\syscfg\</path>
         <kind>object</kind>
         <file>board.obj</file>
         <name>board.obj</name>
      </input_file>
      <input_file id="fl-3">
         <path>.\syscfg\</path>
         <kind>object</kind>
         <file>c2000ware_libraries.obj</file>
         <name>c2000ware_libraries.obj</name>
      </input_file>
      <input_file id="fl-4">
         <path>.\</path>
         <kind>object</kind>
         <file>f28002x_globalvariabledefs.obj</file>
         <name>f28002x_globalvariabledefs.obj</name>
      </input_file>
      <input_file id="fl-5">
         <path>.\appli\</path>
         <kind>object</kind>
         <file>ADC.obj</file>
         <name>ADC.obj</name>
      </input_file>
      <input_file id="fl-6">
         <path>.\appli\</path>
         <kind>object</kind>
         <file>SysConfig.obj</file>
         <name>SysConfig.obj</name>
      </input_file>
      <input_file id="fl-7">
         <path>.\appli\</path>
         <kind>object</kind>
         <file>main.obj</file>
         <name>main.obj</name>
      </input_file>
      <input_file id="fl-8">
         <path>.\device\</path>
         <kind>object</kind>
         <file>device.obj</file>
         <name>device.obj</name>
      </input_file>
      <input_file id="fl-9">
         <path>.\device\</path>
         <kind>object</kind>
         <file>f28002x_codestartbranch.obj</file>
         <name>f28002x_codestartbranch.obj</name>
      </input_file>
      <input_file id="fl-10">
         <kind>object</kind>
         <file>&lt;internal&gt;</file>
         <name>&lt;internal&gt;</name>
      </input_file>
      <input_file id="fl-11">
         <path>C:\ti\c2000\C2000Ware_5_01_00_00\driverlib\f28002x\driverlib\ccs\Debug\</path>
         <kind>archive</kind>
         <file>driverlib.lib</file>
         <name>adc.obj</name>
      </input_file>
      <input_file id="fl-12">
         <path>C:\ti\c2000\C2000Ware_5_01_00_00\driverlib\f28002x\driverlib\ccs\Debug\</path>
         <kind>archive</kind>
         <file>driverlib.lib</file>
         <name>cputimer.obj</name>
      </input_file>
      <input_file id="fl-13">
         <path>C:\ti\c2000\C2000Ware_5_01_00_00\driverlib\f28002x\driverlib\ccs\Debug\</path>
         <kind>archive</kind>
         <file>driverlib.lib</file>
         <name>dcc.obj</name>
      </input_file>
      <input_file id="fl-14">
         <path>C:\ti\c2000\C2000Ware_5_01_00_00\driverlib\f28002x\driverlib\ccs\Debug\</path>
         <kind>archive</kind>
         <file>driverlib.lib</file>
         <name>flash.obj</name>
      </input_file>
      <input_file id="fl-15">
         <path>C:\ti\c2000\C2000Ware_5_01_00_00\driverlib\f28002x\driverlib\ccs\Debug\</path>
         <kind>archive</kind>
         <file>driverlib.lib</file>
         <name>gpio.obj</name>
      </input_file>
      <input_file id="fl-16">
         <path>C:\ti\c2000\C2000Ware_5_01_00_00\driverlib\f28002x\driverlib\ccs\Debug\</path>
         <kind>archive</kind>
         <file>driverlib.lib</file>
         <name>i2c.obj</name>
      </input_file>
      <input_file id="fl-17">
         <path>C:\ti\c2000\C2000Ware_5_01_00_00\driverlib\f28002x\driverlib\ccs\Debug\</path>
         <kind>archive</kind>
         <file>driverlib.lib</file>
         <name>interrupt.obj</name>
      </input_file>
      <input_file id="fl-18">
         <path>C:\ti\c2000\C2000Ware_5_01_00_00\driverlib\f28002x\driverlib\ccs\Debug\</path>
         <kind>archive</kind>
         <file>driverlib.lib</file>
         <name>sysctl.obj</name>
      </input_file>
      <input_file id="fl-24">
         <path>C:\ti\ccs1120\ccs\tools\compiler\ti-cgt-c2000_22.6.1.LTS\lib\</path>
         <kind>archive</kind>
         <file>rts2800_fpu32_eabi.lib</file>
         <name>boot28.asm.obj</name>
      </input_file>
      <input_file id="fl-25">
         <path>C:\ti\ccs1120\ccs\tools\compiler\ti-cgt-c2000_22.6.1.LTS\lib\</path>
         <kind>archive</kind>
         <file>rts2800_fpu32_eabi.lib</file>
         <name>fs_div28.asm.obj</name>
      </input_file>
      <input_file id="fl-26">
         <path>C:\ti\ccs1120\ccs\tools\compiler\ti-cgt-c2000_22.6.1.LTS\lib\</path>
         <kind>archive</kind>
         <file>rts2800_fpu32_eabi.lib</file>
         <name>ll_cmp28.asm.obj</name>
      </input_file>
      <input_file id="fl-27">
         <path>C:\ti\ccs1120\ccs\tools\compiler\ti-cgt-c2000_22.6.1.LTS\lib\</path>
         <kind>archive</kind>
         <file>rts2800_fpu32_eabi.lib</file>
         <name>memcpy.c.obj</name>
      </input_file>
      <input_file id="fl-28">
         <path>C:\ti\ccs1120\ccs\tools\compiler\ti-cgt-c2000_22.6.1.LTS\lib\</path>
         <kind>archive</kind>
         <file>rts2800_fpu32_eabi.lib</file>
         <name>pre_init.c.obj</name>
      </input_file>
      <input_file id="fl-29">
         <path>C:\ti\ccs1120\ccs\tools\compiler\ti-cgt-c2000_22.6.1.LTS\lib\</path>
         <kind>archive</kind>
         <file>rts2800_fpu32_eabi.lib</file>
         <name>autoinit.c.obj</name>
      </input_file>
      <input_file id="fl-2a">
         <path>C:\ti\ccs1120\ccs\tools\compiler\ti-cgt-c2000_22.6.1.LTS\lib\</path>
         <kind>archive</kind>
         <file>rts2800_fpu32_eabi.lib</file>
         <name>copy_zero_init.c.obj</name>
      </input_file>
      <input_file id="fl-2b">
         <path>C:\ti\ccs1120\ccs\tools\compiler\ti-cgt-c2000_22.6.1.LTS\lib\</path>
         <kind>archive</kind>
         <file>rts2800_fpu32_eabi.lib</file>
         <name>copy_decompress_none.c.obj</name>
      </input_file>
      <input_file id="fl-2c">
         <path>C:\ti\ccs1120\ccs\tools\compiler\ti-cgt-c2000_22.6.1.LTS\lib\</path>
         <kind>archive</kind>
         <file>rts2800_fpu32_eabi.lib</file>
         <name>copy_decompress_lzss.c.obj</name>
      </input_file>
      <input_file id="fl-2d">
         <path>C:\ti\ccs1120\ccs\tools\compiler\ti-cgt-c2000_22.6.1.LTS\lib\</path>
         <kind>archive</kind>
         <file>rts2800_fpu32_eabi.lib</file>
         <name>exit.c.obj</name>
      </input_file>
      <input_file id="fl-2e">
         <path>C:\ti\ccs1120\ccs\tools\compiler\ti-cgt-c2000_22.6.1.LTS\lib\</path>
         <kind>archive</kind>
         <file>rts2800_fpu32_eabi.lib</file>
         <name>_lock.c.obj</name>
      </input_file>
      <input_file id="fl-2f">
         <path>C:\ti\ccs1120\ccs\tools\compiler\ti-cgt-c2000_22.6.1.LTS\lib\</path>
         <kind>archive</kind>
         <file>rts2800_fpu32_eabi.lib</file>
         <name>args_main.c.obj</name>
      </input_file>
      <input_file id="fl-30">
         <path>C:\ti\ccs1120\ccs\tools\compiler\ti-cgt-c2000_22.6.1.LTS\lib\</path>
         <kind>archive</kind>
         <file>rts2800_fpu32_eabi.lib</file>
         <name>memset.c.obj</name>
      </input_file>
      <input_file id="fl-31">
         <path>C:\ti\ccs1120\ccs\tools\compiler\ti-cgt-c2000_22.6.1.LTS\lib\</path>
         <kind>archive</kind>
         <file>rts2800_fpu32_eabi.lib</file>
         <name>cpy_tbl.c.obj</name>
      </input_file>
      <input_file id="fl-32">
         <path>C:\ti\ccs1120\ccs\tools\compiler\ti-cgt-c2000_22.6.1.LTS\lib\</path>
         <kind>archive</kind>
         <file>rts2800_fpu32_eabi.lib</file>
         <name>startup.c.obj</name>
      </input_file>
   </input_file_list>
   <object_component_list>
      <object_component id="oc-8e">
         <name>codestart</name>
         <load_address>0x80000</load_address>
         <run_address>0x80000</run_address>
         <size>0x2</size>
         <input_file_ref idref="fl-9"/>
      </object_component>
      <object_component id="oc-dd">
         <name>.text:Fast_speed_ADCRESULT_to_Reg</name>
         <load_address>0x82000</load_address>
         <run_address>0x82000</run_address>
         <size>0x21e</size>
         <input_file_ref idref="fl-5"/>
      </object_component>
      <object_component id="oc-214">
         <name>.text:SysCtl_setClock</name>
         <load_address>0x8221e</load_address>
         <run_address>0x8221e</run_address>
         <size>0x121</size>
         <input_file_ref idref="fl-18"/>
      </object_component>
      <object_component id="oc-2e9">
         <name>.text:SysCtl_isPLLValid</name>
         <load_address>0x8233f</load_address>
         <run_address>0x8233f</run_address>
         <size>0xfe</size>
         <input_file_ref idref="fl-18"/>
      </object_component>
      <object_component id="oc-31b">
         <name>.text:myADC0_init</name>
         <load_address>0x8243d</load_address>
         <run_address>0x8243d</run_address>
         <size>0xd7</size>
         <input_file_ref idref="fl-2"/>
      </object_component>
      <object_component id="oc-249">
         <name>.text:PinMux_init</name>
         <load_address>0x82514</load_address>
         <run_address>0x82514</run_address>
         <size>0xaf</size>
         <input_file_ref idref="fl-2"/>
      </object_component>
      <object_component id="oc-233">
         <name>.text:Device_enableAllPeripherals</name>
         <load_address>0x825c3</load_address>
         <run_address>0x825c3</run_address>
         <size>0x9a</size>
         <input_file_ref idref="fl-8"/>
      </object_component>
      <object_component id="oc-379">
         <name>.text</name>
         <load_address>0x8265d</load_address>
         <run_address>0x8265d</run_address>
         <size>0x88</size>
         <input_file_ref idref="fl-25"/>
      </object_component>
      <object_component id="oc-3ae">
         <name>.text:DCC_setCounterSeeds</name>
         <load_address>0x826e5</load_address>
         <run_address>0x826e5</run_address>
         <size>0x73</size>
         <input_file_ref idref="fl-18"/>
      </object_component>
      <object_component id="oc-220">
         <name>.text:SysCtl_getClock</name>
         <load_address>0x82758</load_address>
         <run_address>0x82758</run_address>
         <size>0x65</size>
         <input_file_ref idref="fl-18"/>
      </object_component>
      <object_component id="oc-42e">
         <name>.text:GPIO_setPadConfig</name>
         <load_address>0x827bd</load_address>
         <run_address>0x827bd</run_address>
         <size>0x52</size>
         <input_file_ref idref="fl-15"/>
      </object_component>
      <object_component id="oc-1c2">
         <name>.text:Device_init</name>
         <load_address>0x8280f</load_address>
         <run_address>0x8280f</run_address>
         <size>0x49</size>
         <input_file_ref idref="fl-8"/>
      </object_component>
      <object_component id="oc-307">
         <name>.text:GPIO_setAnalogMode</name>
         <load_address>0x82858</load_address>
         <run_address>0x82858</run_address>
         <size>0x46</size>
         <input_file_ref idref="fl-15"/>
      </object_component>
      <object_component id="oc-448">
         <name>.text:SysCtl_pollX1Counter</name>
         <load_address>0x8289e</load_address>
         <run_address>0x8289e</run_address>
         <size>0x45</size>
         <input_file_ref idref="fl-18"/>
      </object_component>
      <object_component id="oc-428">
         <name>.text:GPIO_writePin</name>
         <load_address>0x828e3</load_address>
         <run_address>0x828e3</run_address>
         <size>0x44</size>
         <input_file_ref idref="fl-2"/>
      </object_component>
      <object_component id="oc-2dd">
         <name>.text:SysCtl_selectOscSource</name>
         <load_address>0x82927</load_address>
         <run_address>0x82927</run_address>
         <size>0x42</size>
         <input_file_ref idref="fl-18"/>
      </object_component>
      <object_component id="oc-1ce">
         <name>.text:Interrupt_initModule</name>
         <load_address>0x82969</load_address>
         <run_address>0x82969</run_address>
         <size>0x3d</size>
         <input_file_ref idref="fl-17"/>
      </object_component>
      <object_component id="oc-36b">
         <name>.text:SysCtl_selectXTAL</name>
         <load_address>0x829a6</load_address>
         <run_address>0x829a6</run_address>
         <size>0x3d</size>
         <input_file_ref idref="fl-18"/>
      </object_component>
      <object_component id="oc-301">
         <name>.text:GPIO_setPinConfig</name>
         <load_address>0x829e3</load_address>
         <run_address>0x829e3</run_address>
         <size>0x37</size>
         <input_file_ref idref="fl-15"/>
      </object_component>
      <object_component id="oc-434">
         <name>.text:GPIO_setQualificationMode</name>
         <load_address>0x82a1a</load_address>
         <run_address>0x82a1a</run_address>
         <size>0x37</size>
         <input_file_ref idref="fl-15"/>
      </object_component>
      <object_component id="oc-ef">
         <name>.text:Interrupt_enable</name>
         <load_address>0x82a51</load_address>
         <run_address>0x82a51</run_address>
         <size>0x37</size>
         <input_file_ref idref="fl-17"/>
      </object_component>
      <object_component id="oc-3f6">
         <name>.text:ADC_setupSOC</name>
         <load_address>0x82a88</load_address>
         <run_address>0x82a88</run_address>
         <size>0x36</size>
         <input_file_ref idref="fl-2"/>
      </object_component>
      <object_component id="oc-99">
         <name>.text:INT_myCPUTIMER0_ISR</name>
         <load_address>0x82abe</load_address>
         <run_address>0x82abe</run_address>
         <size>0x34</size>
         <input_file_ref idref="fl-7"/>
      </object_component>
      <object_component id="oc-43a">
         <name>.text:GPIO_setDirectionMode</name>
         <load_address>0x82af2</load_address>
         <run_address>0x82af2</run_address>
         <size>0x31</size>
         <input_file_ref idref="fl-15"/>
      </object_component>
      <object_component id="oc-81">
         <name>.text:decompress:lzss</name>
         <load_address>0x82b23</load_address>
         <run_address>0x82b23</run_address>
         <size>0x30</size>
         <input_file_ref idref="fl-2c"/>
      </object_component>
      <object_component id="oc-3fc">
         <name>.text:ADC_setInterruptSOCTrigger</name>
         <load_address>0x82b53</load_address>
         <run_address>0x82b53</run_address>
         <size>0x2e</size>
         <input_file_ref idref="fl-2"/>
      </object_component>
      <object_component id="oc-16a">
         <name>.text:__TI_auto_init_nobinit_nopinit</name>
         <load_address>0x82b81</load_address>
         <run_address>0x82b81</run_address>
         <size>0x2b</size>
         <input_file_ref idref="fl-29"/>
      </object_component>
      <object_component id="oc-150">
         <name>.text</name>
         <load_address>0x82bac</load_address>
         <run_address>0x82bac</run_address>
         <size>0x29</size>
         <input_file_ref idref="fl-2d"/>
      </object_component>
      <object_component id="oc-3b4">
         <name>.text:DCC_enableSingleShotMode</name>
         <load_address>0x82bd5</load_address>
         <run_address>0x82bd5</run_address>
         <size>0x24</size>
         <input_file_ref idref="fl-18"/>
      </object_component>
      <object_component id="oc-276">
         <name>.text:Init_Def_EE_Set</name>
         <load_address>0x82bf9</load_address>
         <run_address>0x82bf9</run_address>
         <size>0x23</size>
         <input_file_ref idref="fl-6"/>
      </object_component>
      <object_component id="oc-3cc">
         <name>.text:ADC_setOffsetTrimAll</name>
         <load_address>0x82c1c</load_address>
         <run_address>0x82c1c</run_address>
         <size>0x20</size>
         <input_file_ref idref="fl-11"/>
      </object_component>
      <object_component id="oc-371">
         <name>.text:SysCtl_selectXTALSingleEnded</name>
         <load_address>0x82c3c</load_address>
         <run_address>0x82c3c</run_address>
         <size>0x20</size>
         <input_file_ref idref="fl-18"/>
      </object_component>
      <object_component id="oc-322">
         <name>.text:myCPUTIMER0_init</name>
         <load_address>0x82c5c</load_address>
         <run_address>0x82c5c</run_address>
         <size>0x20</size>
         <input_file_ref idref="fl-2"/>
      </object_component>
      <object_component id="oc-270">
         <name>.text:SCI_init</name>
         <load_address>0x82c7c</load_address>
         <run_address>0x82c7c</run_address>
         <size>0x1f</size>
         <input_file_ref idref="fl-6"/>
      </object_component>
      <object_component id="oc-3a2">
         <name>.text:DCC_setCounter0ClkSource</name>
         <load_address>0x82c9b</load_address>
         <run_address>0x82c9b</run_address>
         <size>0x1e</size>
         <input_file_ref idref="fl-18"/>
      </object_component>
      <object_component id="oc-3a8">
         <name>.text:DCC_setCounter1ClkSource</name>
         <load_address>0x82cb9</load_address>
         <run_address>0x82cb9</run_address>
         <size>0x1e</size>
         <input_file_ref idref="fl-18"/>
      </object_component>
      <object_component id="oc-a6">
         <name>.text:Interrupt_initVectorTable</name>
         <load_address>0x82cd7</load_address>
         <run_address>0x82cd7</run_address>
         <size>0x1e</size>
         <input_file_ref idref="fl-17"/>
      </object_component>
      <object_component id="oc-c0">
         <name>.text</name>
         <load_address>0x82cf5</load_address>
         <run_address>0x82cf5</run_address>
         <size>0x1d</size>
         <input_file_ref idref="fl-27"/>
      </object_component>
      <object_component id="oc-3f0">
         <name>.text:ADC_setSOCPriority</name>
         <load_address>0x82d12</load_address>
         <run_address>0x82d12</run_address>
         <size>0x1c</size>
         <input_file_ref idref="fl-2"/>
      </object_component>
      <object_component id="oc-19a">
         <name>.text:main</name>
         <load_address>0x82d2e</load_address>
         <run_address>0x82d2e</run_address>
         <size>0x1b</size>
         <input_file_ref idref="fl-7"/>
      </object_component>
      <object_component id="oc-1e6">
         <name>.text:CPUTimer_startTimer</name>
         <load_address>0x82d49</load_address>
         <run_address>0x82d49</run_address>
         <size>0x1a</size>
         <input_file_ref idref="fl-7"/>
      </object_component>
      <object_component id="oc-22d">
         <name>.text:SysCtl_getLowSpeedClock</name>
         <load_address>0x82d63</load_address>
         <run_address>0x82d63</run_address>
         <size>0x1a</size>
         <input_file_ref idref="fl-18"/>
      </object_component>
      <object_component id="oc-26a">
         <name>.text:Clr_ADC_Value</name>
         <load_address>0x82d7d</load_address>
         <run_address>0x82d7d</run_address>
         <size>0x18</size>
         <input_file_ref idref="fl-5"/>
      </object_component>
      <object_component id="oc-314">
         <name>.text:ASysCtl_setAnalogReferenceExternal</name>
         <load_address>0x82d95</load_address>
         <run_address>0x82d95</run_address>
         <size>0x17</size>
         <input_file_ref idref="fl-2"/>
      </object_component>
      <object_component id="oc-484">
         <name>.text:CPUTimer_isBaseValid</name>
         <load_address>0x82dac</load_address>
         <run_address>0x82dac</run_address>
         <size>0x17</size>
         <input_file_ref idref="fl-2"/>
      </object_component>
      <object_component id="oc-47b">
         <name>.text:CPUTimer_isBaseValid</name>
         <load_address>0x82dc3</load_address>
         <run_address>0x82dc3</run_address>
         <size>0x17</size>
         <input_file_ref idref="fl-12"/>
      </object_component>
      <object_component id="oc-27e">
         <name>.text:CPUTimer_isBaseValid</name>
         <load_address>0x82dda</load_address>
         <run_address>0x82dda</run_address>
         <size>0x17</size>
         <input_file_ref idref="fl-7"/>
      </object_component>
      <object_component id="oc-409">
         <name>.text:CPUTimer_setPreScaler</name>
         <load_address>0x82df1</load_address>
         <run_address>0x82df1</run_address>
         <size>0x17</size>
         <input_file_ref idref="fl-2"/>
      </object_component>
      <object_component id="oc-2f5">
         <name>.text:SysCtl_enablePeripheral</name>
         <load_address>0x82e08</load_address>
         <run_address>0x82e08</run_address>
         <size>0x17</size>
         <input_file_ref idref="fl-8"/>
      </object_component>
      <object_component id="oc-37e">
         <name>.text:SysCtl_enablePeripheral</name>
         <load_address>0x82e1f</load_address>
         <run_address>0x82e1f</run_address>
         <size>0x17</size>
         <input_file_ref idref="fl-18"/>
      </object_component>
      <object_component id="oc-10f">
         <name>.text</name>
         <load_address>0x82e36</load_address>
         <run_address>0x82e36</run_address>
         <size>0x17</size>
         <input_file_ref idref="fl-24"/>
      </object_component>
      <object_component id="oc-3de">
         <name>.text:ADC_setInterruptCycleOffset</name>
         <load_address>0x82e4d</load_address>
         <run_address>0x82e4d</run_address>
         <size>0x16</size>
         <input_file_ref idref="fl-2"/>
      </object_component>
      <object_component id="oc-3d8">
         <name>.text:ADC_setInterruptPulseMode</name>
         <load_address>0x82e63</load_address>
         <run_address>0x82e63</run_address>
         <size>0x16</size>
         <input_file_ref idref="fl-2"/>
      </object_component>
      <object_component id="oc-3d2">
         <name>.text:ADC_setPrescaler</name>
         <load_address>0x82e79</load_address>
         <run_address>0x82e79</run_address>
         <size>0x16</size>
         <input_file_ref idref="fl-2"/>
      </object_component>
      <object_component id="oc-39c">
         <name>.text:DCC_disableDoneSignal</name>
         <load_address>0x82e8f</load_address>
         <run_address>0x82e8f</run_address>
         <size>0x16</size>
         <input_file_ref idref="fl-18"/>
      </object_component>
      <object_component id="oc-a5">
         <name>.text:Interrupt_defaultHandler</name>
         <load_address>0x82ea5</load_address>
         <run_address>0x82ea5</run_address>
         <size>0x16</size>
         <input_file_ref idref="fl-17"/>
      </object_component>
      <object_component id="oc-3ea">
         <name>.text:ADC_disableBurstMode</name>
         <load_address>0x82ebb</load_address>
         <run_address>0x82ebb</run_address>
         <size>0x15</size>
         <input_file_ref idref="fl-2"/>
      </object_component>
      <object_component id="oc-33b">
         <name>.text:CHA_EN_init</name>
         <load_address>0x82ed0</load_address>
         <run_address>0x82ed0</run_address>
         <size>0x15</size>
         <input_file_ref idref="fl-2"/>
      </object_component>
      <object_component id="oc-341">
         <name>.text:CHB_EN_init</name>
         <load_address>0x82ee5</load_address>
         <run_address>0x82ee5</run_address>
         <size>0x15</size>
         <input_file_ref idref="fl-2"/>
      </object_component>
      <object_component id="oc-347">
         <name>.text:CHC_EN_init</name>
         <load_address>0x82efa</load_address>
         <run_address>0x82efa</run_address>
         <size>0x15</size>
         <input_file_ref idref="fl-2"/>
      </object_component>
      <object_component id="oc-415">
         <name>.text:CPUTimer_enableInterrupt</name>
         <load_address>0x82f0f</load_address>
         <run_address>0x82f0f</run_address>
         <size>0x15</size>
         <input_file_ref idref="fl-2"/>
      </object_component>
      <object_component id="oc-38a">
         <name>.text:DCC_clearDoneFlag</name>
         <load_address>0x82f24</load_address>
         <run_address>0x82f24</run_address>
         <size>0x15</size>
         <input_file_ref idref="fl-18"/>
      </object_component>
      <object_component id="oc-384">
         <name>.text:DCC_clearErrorFlag</name>
         <load_address>0x82f39</load_address>
         <run_address>0x82f39</run_address>
         <size>0x15</size>
         <input_file_ref idref="fl-18"/>
      </object_component>
      <object_component id="oc-396">
         <name>.text:DCC_disableErrorSignal</name>
         <load_address>0x82f4e</load_address>
         <run_address>0x82f4e</run_address>
         <size>0x15</size>
         <input_file_ref idref="fl-18"/>
      </object_component>
      <object_component id="oc-458">
         <name>.text:DCC_isBaseValid</name>
         <load_address>0x82f63</load_address>
         <run_address>0x82f63</run_address>
         <size>0x15</size>
         <input_file_ref idref="fl-18"/>
      </object_component>
      <object_component id="oc-335">
         <name>.text:EXT_RLY_init</name>
         <load_address>0x82f78</load_address>
         <run_address>0x82f78</run_address>
         <size>0x15</size>
         <input_file_ref idref="fl-2"/>
      </object_component>
      <object_component id="oc-241">
         <name>.text:GPIO_unlockPortConfig</name>
         <load_address>0x82f8d</load_address>
         <run_address>0x82f8d</run_address>
         <size>0x15</size>
         <input_file_ref idref="fl-8"/>
      </object_component>
      <object_component id="oc-329">
         <name>.text:LED_G_init</name>
         <load_address>0x82fa2</load_address>
         <run_address>0x82fa2</run_address>
         <size>0x15</size>
         <input_file_ref idref="fl-2"/>
      </object_component>
      <object_component id="oc-32f">
         <name>.text:LED_R_init</name>
         <load_address>0x82fb7</load_address>
         <run_address>0x82fb7</run_address>
         <size>0x15</size>
         <input_file_ref idref="fl-2"/>
      </object_component>
      <object_component id="oc-421">
         <name>.text:CPUTimer_reloadTimerCounter</name>
         <load_address>0x82fcc</load_address>
         <run_address>0x82fcc</run_address>
         <size>0x14</size>
         <input_file_ref idref="fl-2"/>
      </object_component>
      <object_component id="oc-41b">
         <name>.text:CPUTimer_stopTimer</name>
         <load_address>0x82fe0</load_address>
         <run_address>0x82fe0</run_address>
         <size>0x14</size>
         <input_file_ref idref="fl-2"/>
      </object_component>
      <object_component id="oc-14a">
         <name>.text</name>
         <load_address>0x82ff4</load_address>
         <run_address>0x82ff4</run_address>
         <size>0xc</size>
         <input_file_ref idref="fl-2f"/>
      </object_component>
      <object_component id="oc-390">
         <name>.text:DCC_disableModule</name>
         <load_address>0x83000</load_address>
         <run_address>0x83000</run_address>
         <size>0x14</size>
         <input_file_ref idref="fl-18"/>
      </object_component>
      <object_component id="oc-3ba">
         <name>.text:DCC_enableModule</name>
         <load_address>0x83014</load_address>
         <run_address>0x83014</run_address>
         <size>0x14</size>
         <input_file_ref idref="fl-18"/>
      </object_component>
      <object_component id="oc-48f">
         <name>.text:GPIO_isPinValid</name>
         <load_address>0x83028</load_address>
         <run_address>0x83028</run_address>
         <size>0x14</size>
         <input_file_ref idref="fl-2"/>
      </object_component>
      <object_component id="oc-496">
         <name>.text:GPIO_isPinValid</name>
         <load_address>0x8303c</load_address>
         <run_address>0x8303c</run_address>
         <size>0x14</size>
         <input_file_ref idref="fl-15"/>
      </object_component>
      <object_component id="oc-2e3">
         <name>.text:SysCtl_setPLLSysClk</name>
         <load_address>0x83050</load_address>
         <run_address>0x83050</run_address>
         <size>0x14</size>
         <input_file_ref idref="fl-18"/>
      </object_component>
      <object_component id="oc-3e4">
         <name>.text:ADC_enableConverter</name>
         <load_address>0x83064</load_address>
         <run_address>0x83064</run_address>
         <size>0x13</size>
         <input_file_ref idref="fl-2"/>
      </object_component>
      <object_component id="oc-46d">
         <name>.text:ADC_isBaseValid</name>
         <load_address>0x83077</load_address>
         <run_address>0x83077</run_address>
         <size>0x13</size>
         <input_file_ref idref="fl-2"/>
      </object_component>
      <object_component id="oc-403">
         <name>.text:CPUTimer_setEmulationMode</name>
         <load_address>0x8308a</load_address>
         <run_address>0x8308a</run_address>
         <size>0x13</size>
         <input_file_ref idref="fl-12"/>
      </object_component>
      <object_component id="oc-40f">
         <name>.text:CPUTimer_setPeriod</name>
         <load_address>0x8309d</load_address>
         <run_address>0x8309d</run_address>
         <size>0x11</size>
         <input_file_ref idref="fl-2"/>
      </object_component>
      <object_component id="oc-1c8">
         <name>.text:Device_initGPIO</name>
         <load_address>0x830ae</load_address>
         <run_address>0x830ae</run_address>
         <size>0x10</size>
         <input_file_ref idref="fl-8"/>
      </object_component>
      <object_component id="oc-296">
         <name>.text:Flash_isCtrlBaseValid</name>
         <load_address>0x830be</load_address>
         <run_address>0x830be</run_address>
         <size>0x10</size>
         <input_file_ref idref="fl-14"/>
      </object_component>
      <object_component id="oc-29d">
         <name>.text:Flash_isECCBaseValid</name>
         <load_address>0x830ce</load_address>
         <run_address>0x830ce</run_address>
         <size>0x10</size>
         <input_file_ref idref="fl-14"/>
      </object_component>
      <object_component id="oc-1d4">
         <name>.text:Board_init</name>
         <load_address>0x830de</load_address>
         <run_address>0x830de</run_address>
         <size>0xf</size>
         <input_file_ref idref="fl-2"/>
      </object_component>
      <object_component id="oc-e9">
         <name>.text:Interrupt_register</name>
         <load_address>0x830ed</load_address>
         <run_address>0x830ed</run_address>
         <size>0xf</size>
         <input_file_ref idref="fl-2"/>
      </object_component>
      <object_component id="oc-261">
         <name>.text:GPIO_init</name>
         <load_address>0x830fc</load_address>
         <run_address>0x830fc</run_address>
         <size>0xd</size>
         <input_file_ref idref="fl-2"/>
      </object_component>
      <object_component id="oc-9a">
         <name>.text:INTERRUPT_init</name>
         <load_address>0x83109</load_address>
         <run_address>0x83109</run_address>
         <size>0xd</size>
         <input_file_ref idref="fl-2"/>
      </object_component>
      <object_component id="oc-125">
         <name>.text:Interrupt_disableGlobal</name>
         <load_address>0x83116</load_address>
         <run_address>0x83116</run_address>
         <size>0xd</size>
         <input_file_ref idref="fl-17"/>
      </object_component>
      <object_component id="oc-12b">
         <name>.text:Interrupt_enableGlobal</name>
         <load_address>0x83123</load_address>
         <run_address>0x83123</run_address>
         <size>0xd</size>
         <input_file_ref idref="fl-17"/>
      </object_component>
      <object_component id="oc-21a">
         <name>.text:SysCtl_setLowSpeedClock</name>
         <load_address>0x83130</load_address>
         <run_address>0x83130</run_address>
         <size>0xd</size>
         <input_file_ref idref="fl-8"/>
      </object_component>
      <object_component id="oc-c8">
         <name>.text:decompress:ZI:__TI_zero_init_nomemset</name>
         <load_address>0x8313d</load_address>
         <run_address>0x8313d</run_address>
         <size>0xd</size>
         <input_file_ref idref="fl-2a"/>
      </object_component>
      <object_component id="oc-2d6">
         <name>.text:SysCtl_isMCDClockFailureDetected</name>
         <load_address>0x8314a</load_address>
         <run_address>0x8314a</run_address>
         <size>0xb</size>
         <input_file_ref idref="fl-18"/>
      </object_component>
      <object_component id="oc-b1">
         <name>.text:Interrupt_illegalOperationHandler</name>
         <load_address>0x83155</load_address>
         <run_address>0x83155</run_address>
         <size>0xa</size>
         <input_file_ref idref="fl-17"/>
      </object_component>
      <object_component id="oc-b7">
         <name>.text:Interrupt_nmiHandler</name>
         <load_address>0x8315f</load_address>
         <run_address>0x8315f</run_address>
         <size>0xa</size>
         <input_file_ref idref="fl-17"/>
      </object_component>
      <object_component id="oc-1f5">
         <name>.text</name>
         <load_address>0x83169</load_address>
         <run_address>0x83169</run_address>
         <size>0x9</size>
         <input_file_ref idref="fl-2e"/>
      </object_component>
      <object_component id="oc-208">
         <name>.text:SysCtl_disableWatchdog</name>
         <load_address>0x83172</load_address>
         <run_address>0x83172</run_address>
         <size>0x8</size>
         <input_file_ref idref="fl-8"/>
      </object_component>
      <object_component id="oc-87">
         <name>.text:decompress:none</name>
         <load_address>0x8317a</load_address>
         <run_address>0x8317a</run_address>
         <size>0x8</size>
         <input_file_ref idref="fl-2b"/>
      </object_component>
      <object_component id="oc-d4">
         <name>.text</name>
         <load_address>0x83182</load_address>
         <run_address>0x83182</run_address>
         <size>0x8</size>
         <input_file_ref idref="fl-9"/>
      </object_component>
      <object_component id="oc-30e">
         <name>.text:ASysCtl_disableTemperatureSensor</name>
         <load_address>0x8318a</load_address>
         <run_address>0x8318a</run_address>
         <size>0x7</size>
         <input_file_ref idref="fl-2"/>
      </object_component>
      <object_component id="oc-239">
         <name>.text:ASysCtl_lockVREG</name>
         <load_address>0x83191</load_address>
         <run_address>0x83191</run_address>
         <size>0x7</size>
         <input_file_ref idref="fl-8"/>
      </object_component>
      <object_component id="oc-1e0">
         <name>.text:SysConfig</name>
         <load_address>0x83198</load_address>
         <run_address>0x83198</run_address>
         <size>0x7</size>
         <input_file_ref idref="fl-6"/>
      </object_component>
      <object_component id="oc-44e">
         <name>.text:SysCtl_resetMCD</name>
         <load_address>0x8319f</load_address>
         <run_address>0x8319f</run_address>
         <size>0x7</size>
         <input_file_ref idref="fl-18"/>
      </object_component>
      <object_component id="oc-227">
         <name>.text:__error__</name>
         <load_address>0x831a6</load_address>
         <run_address>0x831a6</run_address>
         <size>0x7</size>
         <input_file_ref idref="fl-8"/>
      </object_component>
      <object_component id="oc-24f">
         <name>.text:ASYSCTL_init</name>
         <load_address>0x831ad</load_address>
         <run_address>0x831ad</run_address>
         <size>0x6</size>
         <input_file_ref idref="fl-2"/>
      </object_component>
      <object_component id="oc-e3">
         <name>.text:Interrupt_clearACKGroup</name>
         <load_address>0x831b3</load_address>
         <run_address>0x831b3</run_address>
         <size>0x6</size>
         <input_file_ref idref="fl-7"/>
      </object_component>
      <object_component id="oc-255">
         <name>.text:ADC_init</name>
         <load_address>0x831b9</load_address>
         <run_address>0x831b9</run_address>
         <size>0x3</size>
         <input_file_ref idref="fl-2"/>
      </object_component>
      <object_component id="oc-25b">
         <name>.text:CPUTIMER_init</name>
         <load_address>0x831bc</load_address>
         <run_address>0x831bc</run_address>
         <size>0x3</size>
         <input_file_ref idref="fl-2"/>
      </object_component>
      <object_component id="oc-143">
         <name>.text</name>
         <load_address>0x831bf</load_address>
         <run_address>0x831bf</run_address>
         <size>0x2</size>
         <input_file_ref idref="fl-28"/>
      </object_component>
      <object_component id="oc-1da">
         <name>.text:C2000Ware_libraries_init</name>
         <load_address>0x831c1</load_address>
         <run_address>0x831c1</run_address>
         <size>0x1</size>
         <input_file_ref idref="fl-3"/>
      </object_component>
      <object_component id="oc-1ad">
         <name>.text</name>
         <load_address>0x831c2</load_address>
         <run_address>0x831c2</run_address>
         <size>0x1</size>
         <input_file_ref idref="fl-32"/>
      </object_component>
      <object_component id="oc-542">
         <name>.cinit..data.load</name>
         <load_address>0x81500</load_address>
         <run_address>0x81500</run_address>
         <size>0xb</size>
      </object_component>
      <object_component id="oc-53f">
         <name>__TI_handler_table</name>
         <load_address>0x8150c</load_address>
         <run_address>0x8150c</run_address>
         <size>0x6</size>
      </object_component>
      <object_component id="oc-541">
         <name>.cinit..bss.load</name>
         <load_address>0x81512</load_address>
         <run_address>0x81512</run_address>
         <size>0x4</size>
      </object_component>
      <object_component id="oc-540">
         <name>__TI_cinit_table</name>
         <load_address>0x81516</load_address>
         <run_address>0x81516</run_address>
         <size>0x8</size>
      </object_component>
      <object_component id="oc-bd">
         <name>.stack</name>
         <uninitialized>true</uninitialized>
         <run_address>0x400</run_address>
         <size>0x0</size>
         <input_file_ref idref="fl-24"/>
      </object_component>
      <object_component id="oc-543">
         <name>.stack</name>
         <uninitialized>true</uninitialized>
         <run_address>0x400</run_address>
         <size>0x0</size>
      </object_component>
      <object_component id="oc-11b">
         <name>.bss</name>
         <uninitialized>true</uninitialized>
         <run_address>0xa000</run_address>
         <size>0x28</size>
         <input_file_ref idref="fl-5"/>
      </object_component>
      <object_component id="oc-3ca">
         <name>.const:.string</name>
         <load_address>0x81000</load_address>
         <run_address>0x81000</run_address>
         <size>0x118</size>
         <input_file_ref idref="fl-2"/>
      </object_component>
      <object_component id="oc-29c">
         <name>.const:.string</name>
         <load_address>0x81118</load_address>
         <run_address>0x81118</run_address>
         <size>0x9b</size>
         <input_file_ref idref="fl-14"/>
      </object_component>
      <object_component id="oc-2d5">
         <name>.const:.string</name>
         <load_address>0x811b4</load_address>
         <run_address>0x811b4</run_address>
         <size>0x9a</size>
         <input_file_ref idref="fl-18"/>
      </object_component>
      <object_component id="oc-3c7">
         <name>.const:.string</name>
         <load_address>0x8124e</load_address>
         <run_address>0x8124e</run_address>
         <size>0x98</size>
         <input_file_ref idref="fl-15"/>
      </object_component>
      <object_component id="oc-226">
         <name>.const:.string</name>
         <load_address>0x812e6</load_address>
         <run_address>0x812e6</run_address>
         <size>0x59</size>
         <input_file_ref idref="fl-8"/>
      </object_component>
      <object_component id="oc-481">
         <name>.const:.string</name>
         <load_address>0x81340</load_address>
         <run_address>0x81340</run_address>
         <size>0x50</size>
         <input_file_ref idref="fl-12"/>
      </object_component>
      <object_component id="oc-284">
         <name>.const:.string</name>
         <load_address>0x81390</load_address>
         <run_address>0x81390</run_address>
         <size>0x48</size>
         <input_file_ref idref="fl-7"/>
      </object_component>
      <object_component id="oc-11e">
         <name>.data</name>
         <load_address>0xa040</load_address>
         <run_address>0xa040</run_address>
         <size>0x94</size>
         <input_file_ref idref="fl-5"/>
      </object_component>
      <object_component id="oc-1a2">
         <name>.data</name>
         <load_address>0xa0d4</load_address>
         <run_address>0xa0d4</run_address>
         <size>0x6</size>
         <input_file_ref idref="fl-2d"/>
      </object_component>
      <object_component id="oc-1a5">
         <name>.data:_lock</name>
         <load_address>0xa0da</load_address>
         <run_address>0xa0da</run_address>
         <size>0x2</size>
         <input_file_ref idref="fl-2e"/>
      </object_component>
      <object_component id="oc-288">
         <name>.data:_unlock</name>
         <load_address>0xa0dc</load_address>
         <run_address>0xa0dc</run_address>
         <size>0x2</size>
         <input_file_ref idref="fl-2e"/>
      </object_component>
      <object_component id="oc-20e">
         <name>.TI.ramfunc:Flash_initModule</name>
         <load_address>0x813d8</load_address>
         <run_address>0xc000</run_address>
         <size>0x3f</size>
         <input_file_ref idref="fl-14"/>
      </object_component>
      <object_component id="oc-2a3">
         <name>.TI.ramfunc:Flash_setBankPowerMode</name>
         <load_address>0x81417</load_address>
         <run_address>0xc03f</run_address>
         <size>0x2c</size>
         <input_file_ref idref="fl-14"/>
      </object_component>
      <object_component id="oc-2bb">
         <name>.TI.ramfunc:Flash_setWaitstates</name>
         <load_address>0x81443</load_address>
         <run_address>0xc06b</run_address>
         <size>0x23</size>
         <input_file_ref idref="fl-14"/>
      </object_component>
      <object_component id="oc-2a9">
         <name>.TI.ramfunc:Flash_setPumpPowerMode</name>
         <load_address>0x81466</load_address>
         <run_address>0xc08e</run_address>
         <size>0x1d</size>
         <input_file_ref idref="fl-14"/>
      </object_component>
      <object_component id="oc-2af">
         <name>.TI.ramfunc:Flash_disableCache</name>
         <load_address>0x81483</load_address>
         <run_address>0xc0ab</run_address>
         <size>0x18</size>
         <input_file_ref idref="fl-14"/>
      </object_component>
      <object_component id="oc-2b5">
         <name>.TI.ramfunc:Flash_disablePrefetch</name>
         <load_address>0x8149b</load_address>
         <run_address>0xc0c3</run_address>
         <size>0x18</size>
         <input_file_ref idref="fl-14"/>
      </object_component>
      <object_component id="oc-2c1">
         <name>.TI.ramfunc:Flash_enableCache</name>
         <load_address>0x814b3</load_address>
         <run_address>0xc0db</run_address>
         <size>0x17</size>
         <input_file_ref idref="fl-14"/>
      </object_component>
      <object_component id="oc-2c7">
         <name>.TI.ramfunc:Flash_enablePrefetch</name>
         <load_address>0x814ca</load_address>
         <run_address>0xc0f2</run_address>
         <size>0x17</size>
         <input_file_ref idref="fl-14"/>
      </object_component>
      <object_component id="oc-2cd">
         <name>.TI.ramfunc:Flash_enableECC</name>
         <load_address>0x814e1</load_address>
         <run_address>0xc109</run_address>
         <size>0x16</size>
         <input_file_ref idref="fl-14"/>
      </object_component>
      <object_component id="oc-2dc">
         <name>.TI.ramfunc</name>
         <load_address>0x814f7</load_address>
         <run_address>0xc11f</run_address>
         <size>0x4</size>
         <input_file_ref idref="fl-18"/>
      </object_component>
      <object_component id="oc-118">
         <name>AdcaResultRegsFile</name>
         <uninitialized>true</uninitialized>
         <run_address>0xb00</run_address>
         <size>0x18</size>
         <input_file_ref idref="fl-4"/>
      </object_component>
      <object_component id="oc-da">
         <name>CpuTimer0RegsFile</name>
         <uninitialized>true</uninitialized>
         <run_address>0xc00</run_address>
         <size>0x8</size>
         <input_file_ref idref="fl-4"/>
      </object_component>
      <object_component id="oc-1ec">
         <name>EPwm2RegsFile</name>
         <uninitialized>true</uninitialized>
         <run_address>0x4100</run_address>
         <size>0x100</size>
         <input_file_ref idref="fl-4"/>
      </object_component>
      <object_component id="oc-352">
         <name>SciaRegsFile</name>
         <uninitialized>true</uninitialized>
         <run_address>0x7200</run_address>
         <size>0x10</size>
         <input_file_ref idref="fl-4"/>
      </object_component>
      <object_component id="oc-f6">
         <name>.debug_types</name>
         <load_address>0x0</load_address>
         <run_address>0x0</run_address>
         <size>0x1399</size>
         <input_file_ref idref="fl-2"/>
      </object_component>
      <object_component id="oc-269">
         <name>.debug_types</name>
         <load_address>0x0</load_address>
         <run_address>0x0</run_address>
         <size>0x0</size>
         <input_file_ref idref="fl-3"/>
      </object_component>
      <object_component id="oc-117">
         <name>.debug_types</name>
         <load_address>0x1399</load_address>
         <run_address>0x1399</run_address>
         <size>0x5b785</size>
         <input_file_ref idref="fl-4"/>
      </object_component>
      <object_component id="oc-122">
         <name>.debug_types</name>
         <load_address>0x5cb1e</load_address>
         <run_address>0x5cb1e</run_address>
         <size>0x68b</size>
         <input_file_ref idref="fl-5"/>
      </object_component>
      <object_component id="oc-27d">
         <name>.debug_types</name>
         <load_address>0x5d1a9</load_address>
         <run_address>0x5d1a9</run_address>
         <size>0x2b5</size>
         <input_file_ref idref="fl-6"/>
      </object_component>
      <object_component id="oc-f8">
         <name>.debug_types</name>
         <load_address>0x0</load_address>
         <run_address>0x0</run_address>
         <size>0x0</size>
         <input_file_ref idref="fl-7"/>
      </object_component>
      <object_component id="oc-240">
         <name>.debug_types</name>
         <load_address>0x5d45e</load_address>
         <run_address>0x5d45e</run_address>
         <size>0xa38</size>
         <input_file_ref idref="fl-8"/>
      </object_component>
      <object_component id="oc-46c">
         <name>.debug_types</name>
         <load_address>0x5de96</load_address>
         <run_address>0x5de96</run_address>
         <size>0x17c</size>
         <input_file_ref idref="fl-11"/>
      </object_component>
      <object_component id="oc-483">
         <name>.debug_types</name>
         <load_address>0x0</load_address>
         <run_address>0x0</run_address>
         <size>0x0</size>
         <input_file_ref idref="fl-12"/>
      </object_component>
      <object_component id="oc-2d4">
         <name>.debug_types</name>
         <load_address>0x5e012</load_address>
         <run_address>0x5e012</run_address>
         <size>0x1d7</size>
         <input_file_ref idref="fl-14"/>
      </object_component>
      <object_component id="oc-3c6">
         <name>.debug_types</name>
         <load_address>0x5e1e9</load_address>
         <run_address>0x5e1e9</run_address>
         <size>0x24d</size>
         <input_file_ref idref="fl-15"/>
      </object_component>
      <object_component id="oc-fa">
         <name>.debug_types</name>
         <load_address>0x0</load_address>
         <run_address>0x0</run_address>
         <size>0x0</size>
         <input_file_ref idref="fl-17"/>
      </object_component>
      <object_component id="oc-2f0">
         <name>.debug_types</name>
         <load_address>0x5e436</load_address>
         <run_address>0x5e436</run_address>
         <size>0x716</size>
         <input_file_ref idref="fl-18"/>
      </object_component>
      <object_component id="oc-102">
         <name>.debug_types</name>
         <load_address>0x5eb4c</load_address>
         <run_address>0x5eb4c</run_address>
         <size>0x142</size>
         <input_file_ref idref="fl-27"/>
      </object_component>
      <object_component id="oc-169">
         <name>.debug_types</name>
         <load_address>0x0</load_address>
         <run_address>0x0</run_address>
         <size>0x0</size>
         <input_file_ref idref="fl-28"/>
      </object_component>
      <object_component id="oc-1b4">
         <name>.debug_types</name>
         <load_address>0x5ec8e</load_address>
         <run_address>0x5ec8e</run_address>
         <size>0x470</size>
         <input_file_ref idref="fl-29"/>
      </object_component>
      <object_component id="oc-107">
         <name>.debug_types</name>
         <load_address>0x5f0fe</load_address>
         <run_address>0x5f0fe</run_address>
         <size>0x194</size>
         <input_file_ref idref="fl-2a"/>
      </object_component>
      <object_component id="oc-c7">
         <name>.debug_types</name>
         <load_address>0x0</load_address>
         <run_address>0x0</run_address>
         <size>0x0</size>
         <input_file_ref idref="fl-2b"/>
      </object_component>
      <object_component id="oc-bf">
         <name>.debug_types</name>
         <load_address>0x5f292</load_address>
         <run_address>0x5f292</run_address>
         <size>0x191</size>
         <input_file_ref idref="fl-2c"/>
      </object_component>
      <object_component id="oc-1a9">
         <name>.debug_types</name>
         <load_address>0x5f423</load_address>
         <run_address>0x5f423</run_address>
         <size>0xbf</size>
         <input_file_ref idref="fl-2d"/>
      </object_component>
      <object_component id="oc-1fd">
         <name>.debug_types</name>
         <load_address>0x5f4e2</load_address>
         <run_address>0x5f4e2</run_address>
         <size>0x2f</size>
         <input_file_ref idref="fl-2e"/>
      </object_component>
      <object_component id="oc-1a1">
         <name>.debug_types</name>
         <load_address>0x5f511</load_address>
         <run_address>0x5f511</run_address>
         <size>0xe1</size>
         <input_file_ref idref="fl-2f"/>
      </object_component>
      <object_component id="oc-202">
         <name>.debug_types</name>
         <load_address>0x0</load_address>
         <run_address>0x0</run_address>
         <size>0x0</size>
         <input_file_ref idref="fl-32"/>
      </object_component>
      <object_component id="oc-471">
         <name>.debug_info</name>
         <load_address>0x0</load_address>
         <run_address>0x0</run_address>
         <size>0x167</size>
         <input_file_ref idref="fl-2"/>
      </object_component>
      <object_component id="oc-3d6">
         <name>.debug_info</name>
         <load_address>0x167</load_address>
         <run_address>0x167</run_address>
         <size>0x1b4</size>
         <input_file_ref idref="fl-2"/>
      </object_component>
      <object_component id="oc-3fa">
         <name>.debug_info</name>
         <load_address>0x31b</load_address>
         <run_address>0x31b</run_address>
         <size>0x222</size>
         <input_file_ref idref="fl-2"/>
      </object_component>
      <object_component id="oc-3fe">
         <name>.debug_info</name>
         <load_address>0x53d</load_address>
         <run_address>0x53d</run_address>
         <size>0x200</size>
         <input_file_ref idref="fl-2"/>
      </object_component>
      <object_component id="oc-3da">
         <name>.debug_info</name>
         <load_address>0x73d</load_address>
         <run_address>0x73d</run_address>
         <size>0x1c2</size>
         <input_file_ref idref="fl-2"/>
      </object_component>
      <object_component id="oc-3df">
         <name>.debug_info</name>
         <load_address>0x8ff</load_address>
         <run_address>0x8ff</run_address>
         <size>0x1ca</size>
         <input_file_ref idref="fl-2"/>
      </object_component>
      <object_component id="oc-3e6">
         <name>.debug_info</name>
         <load_address>0xac9</load_address>
         <run_address>0xac9</run_address>
         <size>0x18b</size>
         <input_file_ref idref="fl-2"/>
      </object_component>
      <object_component id="oc-3eb">
         <name>.debug_info</name>
         <load_address>0xc54</load_address>
         <run_address>0xc54</run_address>
         <size>0x18d</size>
         <input_file_ref idref="fl-2"/>
      </object_component>
      <object_component id="oc-3f1">
         <name>.debug_info</name>
         <load_address>0xde1</load_address>
         <run_address>0xde1</run_address>
         <size>0x1b0</size>
         <input_file_ref idref="fl-2"/>
      </object_component>
      <object_component id="oc-310">
         <name>.debug_info</name>
         <load_address>0xf91</load_address>
         <run_address>0xf91</run_address>
         <size>0x162</size>
         <input_file_ref idref="fl-2"/>
      </object_component>
      <object_component id="oc-315">
         <name>.debug_info</name>
         <load_address>0x10f3</load_address>
         <run_address>0x10f3</run_address>
         <size>0x1a0</size>
         <input_file_ref idref="fl-2"/>
      </object_component>
      <object_component id="oc-ea">
         <name>.debug_info</name>
         <load_address>0x1293</load_address>
         <run_address>0x1293</run_address>
         <size>0x1bb</size>
         <input_file_ref idref="fl-2"/>
      </object_component>
      <object_component id="oc-486">
         <name>.debug_info</name>
         <load_address>0x144e</load_address>
         <run_address>0x144e</run_address>
         <size>0x174</size>
         <input_file_ref idref="fl-2"/>
      </object_component>
      <object_component id="oc-416">
         <name>.debug_info</name>
         <load_address>0x15c2</load_address>
         <run_address>0x15c2</run_address>
         <size>0x1b2</size>
         <input_file_ref idref="fl-2"/>
      </object_component>
      <object_component id="oc-422">
         <name>.debug_info</name>
         <load_address>0x1774</load_address>
         <run_address>0x1774</run_address>
         <size>0x1b8</size>
         <input_file_ref idref="fl-2"/>
      </object_component>
      <object_component id="oc-41c">
         <name>.debug_info</name>
         <load_address>0x192c</load_address>
         <run_address>0x192c</run_address>
         <size>0x1a7</size>
         <input_file_ref idref="fl-2"/>
      </object_component>
      <object_component id="oc-410">
         <name>.debug_info</name>
         <load_address>0x1ad3</load_address>
         <run_address>0x1ad3</run_address>
         <size>0x1ab</size>
         <input_file_ref idref="fl-2"/>
      </object_component>
      <object_component id="oc-40a">
         <name>.debug_info</name>
         <load_address>0x1c7e</load_address>
         <run_address>0x1c7e</run_address>
         <size>0x1c4</size>
         <input_file_ref idref="fl-2"/>
      </object_component>
      <object_component id="oc-490">
         <name>.debug_info</name>
         <load_address>0x1e42</load_address>
         <run_address>0x1e42</run_address>
         <size>0x164</size>
         <input_file_ref idref="fl-2"/>
      </object_component>
      <object_component id="oc-42a">
         <name>.debug_info</name>
         <load_address>0x1fa6</load_address>
         <run_address>0x1fa6</run_address>
         <size>0x1bd</size>
         <input_file_ref idref="fl-2"/>
      </object_component>
      <object_component id="oc-1d5">
         <name>.debug_info</name>
         <load_address>0x2163</load_address>
         <run_address>0x2163</run_address>
         <size>0x165</size>
         <input_file_ref idref="fl-2"/>
      </object_component>
      <object_component id="oc-24b">
         <name>.debug_info</name>
         <load_address>0x22c8</load_address>
         <run_address>0x22c8</run_address>
         <size>0x47a</size>
         <input_file_ref idref="fl-2"/>
      </object_component>
      <object_component id="oc-256">
         <name>.debug_info</name>
         <load_address>0x2742</load_address>
         <run_address>0x2742</run_address>
         <size>0x10b</size>
         <input_file_ref idref="fl-2"/>
      </object_component>
      <object_component id="oc-31d">
         <name>.debug_info</name>
         <load_address>0x284d</load_address>
         <run_address>0x284d</run_address>
         <size>0x3f4</size>
         <input_file_ref idref="fl-2"/>
      </object_component>
      <object_component id="oc-250">
         <name>.debug_info</name>
         <load_address>0x2c41</load_address>
         <run_address>0x2c41</run_address>
         <size>0x152</size>
         <input_file_ref idref="fl-2"/>
      </object_component>
      <object_component id="oc-25d">
         <name>.debug_info</name>
         <load_address>0x2d93</load_address>
         <run_address>0x2d93</run_address>
         <size>0x11c</size>
         <input_file_ref idref="fl-2"/>
      </object_component>
      <object_component id="oc-324">
         <name>.debug_info</name>
         <load_address>0x2eaf</load_address>
         <run_address>0x2eaf</run_address>
         <size>0x1b5</size>
         <input_file_ref idref="fl-2"/>
      </object_component>
      <object_component id="oc-263">
         <name>.debug_info</name>
         <load_address>0x3064</load_address>
         <run_address>0x3064</run_address>
         <size>0x163</size>
         <input_file_ref idref="fl-2"/>
      </object_component>
      <object_component id="oc-32a">
         <name>.debug_info</name>
         <load_address>0x31c7</load_address>
         <run_address>0x31c7</run_address>
         <size>0x164</size>
         <input_file_ref idref="fl-2"/>
      </object_component>
      <object_component id="oc-330">
         <name>.debug_info</name>
         <load_address>0x332b</load_address>
         <run_address>0x332b</run_address>
         <size>0x164</size>
         <input_file_ref idref="fl-2"/>
      </object_component>
      <object_component id="oc-336">
         <name>.debug_info</name>
         <load_address>0x348f</load_address>
         <run_address>0x348f</run_address>
         <size>0x168</size>
         <input_file_ref idref="fl-2"/>
      </object_component>
      <object_component id="oc-33c">
         <name>.debug_info</name>
         <load_address>0x35f7</load_address>
         <run_address>0x35f7</run_address>
         <size>0x166</size>
         <input_file_ref idref="fl-2"/>
      </object_component>
      <object_component id="oc-342">
         <name>.debug_info</name>
         <load_address>0x375d</load_address>
         <run_address>0x375d</run_address>
         <size>0x166</size>
         <input_file_ref idref="fl-2"/>
      </object_component>
      <object_component id="oc-348">
         <name>.debug_info</name>
         <load_address>0x38c3</load_address>
         <run_address>0x38c3</run_address>
         <size>0x166</size>
         <input_file_ref idref="fl-2"/>
      </object_component>
      <object_component id="oc-9b">
         <name>.debug_info</name>
         <load_address>0x3a29</load_address>
         <run_address>0x3a29</run_address>
         <size>0x136</size>
         <input_file_ref idref="fl-2"/>
      </object_component>
      <object_component id="oc-1db">
         <name>.debug_info</name>
         <load_address>0x3b5f</load_address>
         <run_address>0x3b5f</run_address>
         <size>0x136</size>
         <input_file_ref idref="fl-3"/>
      </object_component>
      <object_component id="oc-db">
         <name>.debug_info</name>
         <load_address>0x3c95</load_address>
         <run_address>0x3c95</run_address>
         <size>0xf6</size>
         <input_file_ref idref="fl-4"/>
      </object_component>
      <object_component id="oc-353">
         <name>.debug_info</name>
         <load_address>0x3d8b</load_address>
         <run_address>0x3d8b</run_address>
         <size>0xed</size>
         <input_file_ref idref="fl-4"/>
      </object_component>
      <object_component id="oc-119">
         <name>.debug_info</name>
         <load_address>0x3e78</load_address>
         <run_address>0x3e78</run_address>
         <size>0xf8</size>
         <input_file_ref idref="fl-4"/>
      </object_component>
      <object_component id="oc-1ed">
         <name>.debug_info</name>
         <load_address>0x3f70</load_address>
         <run_address>0x3f70</run_address>
         <size>0xef</size>
         <input_file_ref idref="fl-4"/>
      </object_component>
      <object_component id="oc-11f">
         <name>.debug_info</name>
         <load_address>0x405f</load_address>
         <run_address>0x405f</run_address>
         <size>0x248</size>
         <input_file_ref idref="fl-5"/>
      </object_component>
      <object_component id="oc-11c">
         <name>.debug_info</name>
         <load_address>0x42a7</load_address>
         <run_address>0x42a7</run_address>
         <size>0x102</size>
         <input_file_ref idref="fl-5"/>
      </object_component>
      <object_component id="oc-26b">
         <name>.debug_info</name>
         <load_address>0x43a9</load_address>
         <run_address>0x43a9</run_address>
         <size>0x104</size>
         <input_file_ref idref="fl-5"/>
      </object_component>
      <object_component id="oc-de">
         <name>.debug_info</name>
         <load_address>0x44ad</load_address>
         <run_address>0x44ad</run_address>
         <size>0x120</size>
         <input_file_ref idref="fl-5"/>
      </object_component>
      <object_component id="oc-1e2">
         <name>.debug_info</name>
         <load_address>0x45cd</load_address>
         <run_address>0x45cd</run_address>
         <size>0x13e</size>
         <input_file_ref idref="fl-6"/>
      </object_component>
      <object_component id="oc-278">
         <name>.debug_info</name>
         <load_address>0x470b</load_address>
         <run_address>0x470b</run_address>
         <size>0x114</size>
         <input_file_ref idref="fl-6"/>
      </object_component>
      <object_component id="oc-271">
         <name>.debug_info</name>
         <load_address>0x481f</load_address>
         <run_address>0x481f</run_address>
         <size>0x134</size>
         <input_file_ref idref="fl-6"/>
      </object_component>
      <object_component id="oc-e4">
         <name>.debug_info</name>
         <load_address>0x4953</load_address>
         <run_address>0x4953</run_address>
         <size>0x178</size>
         <input_file_ref idref="fl-7"/>
      </object_component>
      <object_component id="oc-280">
         <name>.debug_info</name>
         <load_address>0x4acb</load_address>
         <run_address>0x4acb</run_address>
         <size>0x175</size>
         <input_file_ref idref="fl-7"/>
      </object_component>
      <object_component id="oc-1e7">
         <name>.debug_info</name>
         <load_address>0x4c40</load_address>
         <run_address>0x4c40</run_address>
         <size>0x1ab</size>
         <input_file_ref idref="fl-7"/>
      </object_component>
      <object_component id="oc-19b">
         <name>.debug_info</name>
         <load_address>0x4deb</load_address>
         <run_address>0x4deb</run_address>
         <size>0x1a4</size>
         <input_file_ref idref="fl-7"/>
      </object_component>
      <object_component id="oc-a1">
         <name>.debug_info</name>
         <load_address>0x4f8f</load_address>
         <run_address>0x4f8f</run_address>
         <size>0x150</size>
         <input_file_ref idref="fl-7"/>
      </object_component>
      <object_component id="oc-23a">
         <name>.debug_info</name>
         <load_address>0x50df</load_address>
         <run_address>0x50df</run_address>
         <size>0x148</size>
         <input_file_ref idref="fl-8"/>
      </object_component>
      <object_component id="oc-2f7">
         <name>.debug_info</name>
         <load_address>0x5227</load_address>
         <run_address>0x5227</run_address>
         <size>0x1ac</size>
         <input_file_ref idref="fl-8"/>
      </object_component>
      <object_component id="oc-21b">
         <name>.debug_info</name>
         <load_address>0x53d3</load_address>
         <run_address>0x53d3</run_address>
         <size>0x180</size>
         <input_file_ref idref="fl-8"/>
      </object_component>
      <object_component id="oc-20a">
         <name>.debug_info</name>
         <load_address>0x5553</load_address>
         <run_address>0x5553</run_address>
         <size>0x153</size>
         <input_file_ref idref="fl-8"/>
      </object_component>
      <object_component id="oc-243">
         <name>.debug_info</name>
         <load_address>0x56a6</load_address>
         <run_address>0x56a6</run_address>
         <size>0x1af</size>
         <input_file_ref idref="fl-8"/>
      </object_component>
      <object_component id="oc-1c4">
         <name>.debug_info</name>
         <load_address>0x5855</load_address>
         <run_address>0x5855</run_address>
         <size>0x1ff</size>
         <input_file_ref idref="fl-8"/>
      </object_component>
      <object_component id="oc-235">
         <name>.debug_info</name>
         <load_address>0x5a54</load_address>
         <run_address>0x5a54</run_address>
         <size>0x5ea</size>
         <input_file_ref idref="fl-8"/>
      </object_component>
      <object_component id="oc-1cb">
         <name>.debug_info</name>
         <load_address>0x603e</load_address>
         <run_address>0x603e</run_address>
         <size>0x161</size>
         <input_file_ref idref="fl-8"/>
      </object_component>
      <object_component id="oc-229">
         <name>.debug_info</name>
         <load_address>0x619f</load_address>
         <run_address>0x619f</run_address>
         <size>0x150</size>
         <input_file_ref idref="fl-8"/>
      </object_component>
      <object_component id="oc-8f">
         <name>.debug_info</name>
         <load_address>0x62ef</load_address>
         <run_address>0x62ef</run_address>
         <size>0x103</size>
         <input_file_ref idref="fl-9"/>
      </object_component>
      <object_component id="oc-d5">
         <name>.debug_info</name>
         <load_address>0x63f2</load_address>
         <run_address>0x63f2</run_address>
         <size>0x104</size>
         <input_file_ref idref="fl-9"/>
      </object_component>
      <object_component id="oc-3cd">
         <name>.debug_info</name>
         <load_address>0x64f6</load_address>
         <run_address>0x64f6</run_address>
         <size>0x22f</size>
         <input_file_ref idref="fl-11"/>
      </object_component>
      <object_component id="oc-47f">
         <name>.debug_info</name>
         <load_address>0x6725</load_address>
         <run_address>0x6725</run_address>
         <size>0x1de</size>
         <input_file_ref idref="fl-12"/>
      </object_component>
      <object_component id="oc-407">
         <name>.debug_info</name>
         <load_address>0x6903</load_address>
         <run_address>0x6903</run_address>
         <size>0x22a</size>
         <input_file_ref idref="fl-12"/>
      </object_component>
      <object_component id="oc-297">
         <name>.debug_info</name>
         <load_address>0x6b2d</load_address>
         <run_address>0x6b2d</run_address>
         <size>0x1e2</size>
         <input_file_ref idref="fl-14"/>
      </object_component>
      <object_component id="oc-2a0">
         <name>.debug_info</name>
         <load_address>0x6d0f</load_address>
         <run_address>0x6d0f</run_address>
         <size>0x1de</size>
         <input_file_ref idref="fl-14"/>
      </object_component>
      <object_component id="oc-2bc">
         <name>.debug_info</name>
         <load_address>0x6eed</load_address>
         <run_address>0x6eed</run_address>
         <size>0x23d</size>
         <input_file_ref idref="fl-14"/>
      </object_component>
      <object_component id="oc-2a4">
         <name>.debug_info</name>
         <load_address>0x712a</load_address>
         <run_address>0x712a</run_address>
         <size>0x254</size>
         <input_file_ref idref="fl-14"/>
      </object_component>
      <object_component id="oc-2ab">
         <name>.debug_info</name>
         <load_address>0x737e</load_address>
         <run_address>0x737e</run_address>
         <size>0x233</size>
         <input_file_ref idref="fl-14"/>
      </object_component>
      <object_component id="oc-2ca">
         <name>.debug_info</name>
         <load_address>0x75b1</load_address>
         <run_address>0x75b1</run_address>
         <size>0x204</size>
         <input_file_ref idref="fl-14"/>
      </object_component>
      <object_component id="oc-2b6">
         <name>.debug_info</name>
         <load_address>0x77b5</load_address>
         <run_address>0x77b5</run_address>
         <size>0x206</size>
         <input_file_ref idref="fl-14"/>
      </object_component>
      <object_component id="oc-2c3">
         <name>.debug_info</name>
         <load_address>0x79bb</load_address>
         <run_address>0x79bb</run_address>
         <size>0x1fe</size>
         <input_file_ref idref="fl-14"/>
      </object_component>
      <object_component id="oc-2b0">
         <name>.debug_info</name>
         <load_address>0x7bb9</load_address>
         <run_address>0x7bb9</run_address>
         <size>0x200</size>
         <input_file_ref idref="fl-14"/>
      </object_component>
      <object_component id="oc-2cf">
         <name>.debug_info</name>
         <load_address>0x7db9</load_address>
         <run_address>0x7db9</run_address>
         <size>0x1f7</size>
         <input_file_ref idref="fl-14"/>
      </object_component>
      <object_component id="oc-211">
         <name>.debug_info</name>
         <load_address>0x7fb0</load_address>
         <run_address>0x7fb0</run_address>
         <size>0x33d</size>
         <input_file_ref idref="fl-14"/>
      </object_component>
      <object_component id="oc-499">
         <name>.debug_info</name>
         <load_address>0x82ed</load_address>
         <run_address>0x82ed</run_address>
         <size>0x1ca</size>
         <input_file_ref idref="fl-15"/>
      </object_component>
      <object_component id="oc-43d">
         <name>.debug_info</name>
         <load_address>0x84b7</load_address>
         <run_address>0x84b7</run_address>
         <size>0x242</size>
         <input_file_ref idref="fl-15"/>
      </object_component>
      <object_component id="oc-430">
         <name>.debug_info</name>
         <load_address>0x86f9</load_address>
         <run_address>0x86f9</run_address>
         <size>0x22b</size>
         <input_file_ref idref="fl-15"/>
      </object_component>
      <object_component id="oc-435">
         <name>.debug_info</name>
         <load_address>0x8924</load_address>
         <run_address>0x8924</run_address>
         <size>0x273</size>
         <input_file_ref idref="fl-15"/>
      </object_component>
      <object_component id="oc-30a">
         <name>.debug_info</name>
         <load_address>0x8b97</load_address>
         <run_address>0x8b97</run_address>
         <size>0x227</size>
         <input_file_ref idref="fl-15"/>
      </object_component>
      <object_component id="oc-303">
         <name>.debug_info</name>
         <load_address>0x8dbe</load_address>
         <run_address>0x8dbe</run_address>
         <size>0x214</size>
         <input_file_ref idref="fl-15"/>
      </object_component>
      <object_component id="oc-12c">
         <name>.debug_info</name>
         <load_address>0x8fd2</load_address>
         <run_address>0x8fd2</run_address>
         <size>0x1c3</size>
         <input_file_ref idref="fl-17"/>
      </object_component>
      <object_component id="oc-126">
         <name>.debug_info</name>
         <load_address>0x9195</load_address>
         <run_address>0x9195</run_address>
         <size>0x1c5</size>
         <input_file_ref idref="fl-17"/>
      </object_component>
      <object_component id="oc-1cf">
         <name>.debug_info</name>
         <load_address>0x935a</load_address>
         <run_address>0x935a</run_address>
         <size>0x1d4</size>
         <input_file_ref idref="fl-17"/>
      </object_component>
      <object_component id="oc-ac">
         <name>.debug_info</name>
         <load_address>0x952e</load_address>
         <run_address>0x952e</run_address>
         <size>0x1e1</size>
         <input_file_ref idref="fl-17"/>
      </object_component>
      <object_component id="oc-b2">
         <name>.debug_info</name>
         <load_address>0x970f</load_address>
         <run_address>0x970f</run_address>
         <size>0x1c7</size>
         <input_file_ref idref="fl-17"/>
      </object_component>
      <object_component id="oc-b8">
         <name>.debug_info</name>
         <load_address>0x98d6</load_address>
         <run_address>0x98d6</run_address>
         <size>0x1ad</size>
         <input_file_ref idref="fl-17"/>
      </object_component>
      <object_component id="oc-a7">
         <name>.debug_info</name>
         <load_address>0x9a83</load_address>
         <run_address>0x9a83</run_address>
         <size>0x1d1</size>
         <input_file_ref idref="fl-17"/>
      </object_component>
      <object_component id="oc-f0">
         <name>.debug_info</name>
         <load_address>0x9c54</load_address>
         <run_address>0x9c54</run_address>
         <size>0x278</size>
         <input_file_ref idref="fl-17"/>
      </object_component>
      <object_component id="oc-37f">
         <name>.debug_info</name>
         <load_address>0x9ecc</load_address>
         <run_address>0x9ecc</run_address>
         <size>0x210</size>
         <input_file_ref idref="fl-18"/>
      </object_component>
      <object_component id="oc-2d8">
         <name>.debug_info</name>
         <load_address>0xa0dc</load_address>
         <run_address>0xa0dc</run_address>
         <size>0x1d3</size>
         <input_file_ref idref="fl-18"/>
      </object_component>
      <object_component id="oc-44f">
         <name>.debug_info</name>
         <load_address>0xa2af</load_address>
         <run_address>0xa2af</run_address>
         <size>0x1a9</size>
         <input_file_ref idref="fl-18"/>
      </object_component>
      <object_component id="oc-2e4">
         <name>.debug_info</name>
         <load_address>0xa458</load_address>
         <run_address>0xa458</run_address>
         <size>0x1d8</size>
         <input_file_ref idref="fl-18"/>
      </object_component>
      <object_component id="oc-459">
         <name>.debug_info</name>
         <load_address>0xa630</load_address>
         <run_address>0xa630</run_address>
         <size>0x1cd</size>
         <input_file_ref idref="fl-18"/>
      </object_component>
      <object_component id="oc-3bc">
         <name>.debug_info</name>
         <load_address>0xa7fd</load_address>
         <run_address>0xa7fd</run_address>
         <size>0x1eb</size>
         <input_file_ref idref="fl-18"/>
      </object_component>
      <object_component id="oc-391">
         <name>.debug_info</name>
         <load_address>0xa9e8</load_address>
         <run_address>0xa9e8</run_address>
         <size>0x1ed</size>
         <input_file_ref idref="fl-18"/>
      </object_component>
      <object_component id="oc-398">
         <name>.debug_info</name>
         <load_address>0xabd5</load_address>
         <run_address>0xabd5</run_address>
         <size>0x1f9</size>
         <input_file_ref idref="fl-18"/>
      </object_component>
      <object_component id="oc-39e">
         <name>.debug_info</name>
         <load_address>0xadce</load_address>
         <run_address>0xadce</run_address>
         <size>0x1f7</size>
         <input_file_ref idref="fl-18"/>
      </object_component>
      <object_component id="oc-3b5">
         <name>.debug_info</name>
         <load_address>0xafc5</load_address>
         <run_address>0xafc5</run_address>
         <size>0x21e</size>
         <input_file_ref idref="fl-18"/>
      </object_component>
      <object_component id="oc-385">
         <name>.debug_info</name>
         <load_address>0xb1e3</load_address>
         <run_address>0xb1e3</run_address>
         <size>0x1f1</size>
         <input_file_ref idref="fl-18"/>
      </object_component>
      <object_component id="oc-38b">
         <name>.debug_info</name>
         <load_address>0xb3d4</load_address>
         <run_address>0xb3d4</run_address>
         <size>0x1ef</size>
         <input_file_ref idref="fl-18"/>
      </object_component>
      <object_component id="oc-3a9">
         <name>.debug_info</name>
         <load_address>0xb5c3</load_address>
         <run_address>0xb5c3</run_address>
         <size>0x222</size>
         <input_file_ref idref="fl-18"/>
      </object_component>
      <object_component id="oc-3a3">
         <name>.debug_info</name>
         <load_address>0xb7e5</load_address>
         <run_address>0xb7e5</run_address>
         <size>0x222</size>
         <input_file_ref idref="fl-18"/>
      </object_component>
      <object_component id="oc-3af">
         <name>.debug_info</name>
         <load_address>0xba07</load_address>
         <run_address>0xba07</run_address>
         <size>0x291</size>
         <input_file_ref idref="fl-18"/>
      </object_component>
      <object_component id="oc-449">
         <name>.debug_info</name>
         <load_address>0xbc98</load_address>
         <run_address>0xbc98</run_address>
         <size>0x20d</size>
         <input_file_ref idref="fl-18"/>
      </object_component>
      <object_component id="oc-221">
         <name>.debug_info</name>
         <load_address>0xbea5</load_address>
         <run_address>0xbea5</run_address>
         <size>0x26c</size>
         <input_file_ref idref="fl-18"/>
      </object_component>
      <object_component id="oc-215">
         <name>.debug_info</name>
         <load_address>0xc111</load_address>
         <run_address>0xc111</run_address>
         <size>0x3eb</size>
         <input_file_ref idref="fl-18"/>
      </object_component>
      <object_component id="oc-36c">
         <name>.debug_info</name>
         <load_address>0xc4fc</load_address>
         <run_address>0xc4fc</run_address>
         <size>0x245</size>
         <input_file_ref idref="fl-18"/>
      </object_component>
      <object_component id="oc-372">
         <name>.debug_info</name>
         <load_address>0xc741</load_address>
         <run_address>0xc741</run_address>
         <size>0x216</size>
         <input_file_ref idref="fl-18"/>
      </object_component>
      <object_component id="oc-2de">
         <name>.debug_info</name>
         <load_address>0xc957</load_address>
         <run_address>0xc957</run_address>
         <size>0x22a</size>
         <input_file_ref idref="fl-18"/>
      </object_component>
      <object_component id="oc-22e">
         <name>.debug_info</name>
         <load_address>0xcb81</load_address>
         <run_address>0xcb81</run_address>
         <size>0x216</size>
         <input_file_ref idref="fl-18"/>
      </object_component>
      <object_component id="oc-2ea">
         <name>.debug_info</name>
         <load_address>0xcd97</load_address>
[...]
      <memory_area display="yes" color="green">
         <name>MEMCFG</name>
         <page_id>0x1</page_id>
         <origin>0x5f400</origin>
         <length>0xc0</length>
         <used_space>0x0</used_space>
         <unused_space>0xc0</unused_space>
         <attributes>RWIX</attributes>
         <usage_details>
         </usage_details>
      </memory_area>
      <memory_area display="no" color="green">
         <name>ACCESSPROTECTION</name>
         <page_id>0x1</page_id>
         <origin>0x5f500</origin>
         <length>0x3e</length>
         <used_space>0x0</used_space>
         <unused_space>0x3e</unused_space>
         <attributes>RWIX</attributes>
         <usage_details>
         </usage_details>
      </memory_area>
      <memory_area display="no" color="green">
         <name>MEMORYERROR</name>
         <page_id>0x1</page_id>
         <origin>0x5f540</origin>
         <length>0x40</length>
         <used_space>0x0</used_space>
         <unused_space>0x40</unused_space>
         <attributes>RWIX</attributes>
         <usage_details>
         </usage_details>
      </memory_area>
      <memory_area display="no" color="green">
         <name>TESTERROR</name>
         <page_id>0x1</page_id>
         <origin>0x5f590</origin>
         <length>0x10</length>
         <used_space>0x0</used_space>
         <unused_space>0x10</unused_space>
         <attributes>RWIX</attributes>
         <usage_details>
         </usage_details>
      </memory_area>
      <memory_area display="yes" color="green">
         <name>FLASH0CTRL</name>
         <page_id>0x1</page_id>
         <origin>0x5f800</origin>
         <length>0x182</length>
         <used_space>0x0</used_space>
         <unused_space>0x182</unused_space>
         <attributes>RWIX</attributes>
         <usage_details>
         </usage_details>
      </memory_area>
      <memory_area display="no" color="green">
         <name>FLASH0ECC</name>
         <page_id>0x1</page_id>
         <origin>0x5fb00</origin>
         <length>0x28</length>
         <used_space>0x0</used_space>
         <unused_space>0x28</unused_space>
         <attributes>RWIX</attributes>
         <usage_details>
         </usage_details>
      </memory_area>
      <memory_area display="no" color="green">
         <name>DCSMBANK0Z1OTP</name>
         <page_id>0x1</page_id>
         <origin>0x78000</origin>
         <length>0x20</length>
         <used_space>0x0</used_space>
         <unused_space>0x20</unused_space>
         <attributes>RWIX</attributes>
         <usage_details>
         </usage_details>
      </memory_area>
      <memory_area display="no" color="green">
         <name>DCSMBANK0Z2OTP</name>
         <page_id>0x1</page_id>
         <origin>0x78200</origin>
         <length>0x20</length>
         <used_space>0x0</used_space>
         <unused_space>0x20</unused_space>
         <attributes>RWIX</attributes>
         <usage_details>
         </usage_details>
      </memory_area>
   </placement_map>
   <cptbl_list>
      <cptbl>
         <name>__TI_cinit_table</name>
         <cprec>
            <name>.data</name>
            <load_address>0x81500</load_address>
            <load_size>0xb</load_size>
            <run_address>0xa040</run_address>
            <run_size>0x9e</run_size>
            <compression>lzss</compression>
         </cprec>
         <cprec>
            <name>.bss</name>
            <load_address>0x81512</load_address>
            <load_size>0x4</load_size>
            <run_address>0xa000</run_address>
            <run_size>0x28</run_size>
            <compression>zero_init</compression>
         </cprec>
      </cptbl>
   </cptbl_list>
   <handler_table>
      <handler_table_name>__TI_handler_table</handler_table_name>
      <handler>
         <index>0x0</index>
         <name>__TI_zero_init</name>
      </handler>
      <handler>
         <index>0x1</index>
         <name>__TI_decompress_lzss</name>
      </handler>
      <handler>
         <index>0x2</index>
         <name>__TI_decompress_none</name>
      </handler>
   </handler_table>
   <symbol_table>
      <symbol id="sm-1">
         <name>RamfuncsLoadStart</name>
         <value>0x813d8</value>
      </symbol>
      <symbol id="sm-2">
         <name>RamfuncsLoadSize</name>
         <value>0x123</value>
      </symbol>
      <symbol id="sm-3">
         <name>RamfuncsLoadEnd</name>
         <value>0x814fb</value>
      </symbol>
      <symbol id="sm-4">
         <name>RamfuncsRunStart</name>
         <value>0xc000</value>
      </symbol>
      <symbol id="sm-5">
         <name>RamfuncsRunSize</name>
         <value>0x123</value>
      </symbol>
      <symbol id="sm-6">
         <name>RamfuncsRunEnd</name>
         <value>0xc123</value>
      </symbol>
      <symbol id="sm-7">
         <name>__TI_CINIT_Base</name>
         <value>0x81516</value>
      </symbol>
      <symbol id="sm-8">
         <name>__TI_CINIT_Limit</name>
         <value>0x8151e</value>
      </symbol>
      <symbol id="sm-9">
         <name>__TI_CINIT_Warm</name>
         <value>0x8151e</value>
      </symbol>
      <symbol id="sm-a">
         <name>__TI_Handler_Table_Base</name>
         <value>0x8150c</value>
      </symbol>
      <symbol id="sm-b">
         <name>__TI_Handler_Table_Limit</name>
         <value>0x81512</value>
      </symbol>
      <symbol id="sm-c">
         <name>__TI_STACK_SIZE</name>
         <value>0x200</value>
      </symbol>
      <symbol id="sm-d">
         <name>__TI_STACK_END</name>
         <value>0x600</value>
      </symbol>
      <symbol id="sm-e">
         <name>__TI_pprof_out_hndl</name>
         <value>0xffffffff</value>
      </symbol>
      <symbol id="sm-f">
         <name>__TI_prof_data_start</name>
         <value>0xffffffff</value>
      </symbol>
      <symbol id="sm-10">
         <name>__TI_prof_data_size</name>
         <value>0xffffffff</value>
      </symbol>
      <symbol id="sm-1c4">
         <name>LED_R_init</name>
         <value>0x82fb7</value>
         <object_component_ref idref="oc-32f"/>
      </symbol>
      <symbol id="sm-1c5">
         <name>CHA_EN_init</name>
         <value>0x82ed0</value>
         <object_component_ref idref="oc-33b"/>
      </symbol>
      <symbol id="sm-1c6">
         <name>INTERRUPT_init</name>
         <value>0x83109</value>
         <object_component_ref idref="oc-9a"/>
      </symbol>
      <symbol id="sm-1c7">
         <name>EXT_RLY_init</name>
         <value>0x82f78</value>
         <object_component_ref idref="oc-335"/>
      </symbol>
      <symbol id="sm-1c8">
         <name>PinMux_init</name>
         <value>0x82514</value>
         <object_component_ref idref="oc-249"/>
      </symbol>
      <symbol id="sm-1c9">
         <name>CHC_EN_init</name>
         <value>0x82efa</value>
         <object_component_ref idref="oc-347"/>
      </symbol>
      <symbol id="sm-1ca">
         <name>Board_init</name>
         <value>0x830de</value>
         <object_component_ref idref="oc-1d4"/>
      </symbol>
      <symbol id="sm-1cb">
         <name>GPIO_init</name>
         <value>0x830fc</value>
         <object_component_ref idref="oc-261"/>
      </symbol>
      <symbol id="sm-1cc">
         <name>ADC_init</name>
         <value>0x831b9</value>
         <object_component_ref idref="oc-255"/>
      </symbol>
      <symbol id="sm-1cd">
         <name>myADC0_init</name>
         <value>0x8243d</value>
         <object_component_ref idref="oc-31b"/>
      </symbol>
      <symbol id="sm-1ce">
         <name>CHB_EN_init</name>
         <value>0x82ee5</value>
         <object_component_ref idref="oc-341"/>
      </symbol>
      <symbol id="sm-1cf">
         <name>CPUTIMER_init</name>
         <value>0x831bc</value>
         <object_component_ref idref="oc-25b"/>
      </symbol>
      <symbol id="sm-1d0">
         <name>ASYSCTL_init</name>
         <value>0x831ad</value>
         <object_component_ref idref="oc-24f"/>
      </symbol>
      <symbol id="sm-1d1">
         <name>myCPUTIMER0_init</name>
         <value>0x82c5c</value>
         <object_component_ref idref="oc-322"/>
      </symbol>
      <symbol id="sm-1d2">
         <name>LED_G_init</name>
         <value>0x82fa2</value>
         <object_component_ref idref="oc-329"/>
      </symbol>
      <symbol id="sm-1df">
         <name>C2000Ware_libraries_init</name>
         <value>0x831c1</value>
         <object_component_ref idref="oc-1da"/>
      </symbol>
      <symbol id="sm-1f9">
         <name>EPwm2Regs</name>
         <value>0x4100</value>
         <object_component_ref idref="oc-1ec"/>
      </symbol>
      <symbol id="sm-1fa">
         <name>CpuTimer0Regs</name>
         <value>0xc00</value>
         <object_component_ref idref="oc-da"/>
      </symbol>
      <symbol id="sm-1fb">
         <name>AdcaResultRegs</name>
         <value>0xb00</value>
         <object_component_ref idref="oc-118"/>
      </symbol>
      <symbol id="sm-1fc">
         <name>SciaRegs</name>
         <value>0x7200</value>
         <object_component_ref idref="oc-352"/>
      </symbol>
      <symbol id="sm-21a">
         <name>MovAvg_VOL_A</name>
         <value>0xa080</value>
         <object_component_ref idref="oc-11e"/>
      </symbol>
      <symbol id="sm-21b">
         <name>MovAvg_VOL_C</name>
         <value>0xa0a8</value>
         <object_component_ref idref="oc-11e"/>
      </symbol>
      <symbol id="sm-21c">
         <name>MovAvg_VOL_B</name>
         <value>0xa094</value>
         <object_component_ref idref="oc-11e"/>
      </symbol>
      <symbol id="sm-21d">
         <name>Fast_speed_ADCRESULT_to_Reg</name>
         <value>0x82000</value>
         <object_component_ref idref="oc-dd"/>
      </symbol>
      <symbol id="sm-21e">
         <name>EE_Set</name>
         <value>0xa014</value>
         <object_component_ref idref="oc-11b"/>
      </symbol>
      <symbol id="sm-21f">
         <name>Clr_ADC_Value</name>
         <value>0x82d7d</value>
         <object_component_ref idref="oc-26a"/>
      </symbol>
      <symbol id="sm-220">
         <name>s16_Temp</name>
         <value>0xa042</value>
         <object_component_ref idref="oc-11e"/>
      </symbol>
      <symbol id="sm-221">
         <name>st_Ad_Value</name>
         <value>0xa000</value>
         <object_component_ref idref="oc-11b"/>
      </symbol>
      <symbol id="sm-222">
         <name>MovAvg_AMP_A</name>
         <value>0xa044</value>
         <object_component_ref idref="oc-11e"/>
      </symbol>
      <symbol id="sm-223">
         <name>MovAvg_AMP_B</name>
         <value>0xa058</value>
         <object_component_ref idref="oc-11e"/>
      </symbol>
      <symbol id="sm-224">
         <name>MovAvg_AMP_C</name>
         <value>0xa06c</value>
         <object_component_ref idref="oc-11e"/>
      </symbol>
      <symbol id="sm-225">
         <name>u16_WaitAdcStableCou</name>
         <value>0xa040</value>
         <object_component_ref idref="oc-11e"/>
      </symbol>
      <symbol id="sm-226">
         <name>MovAvg_VOL</name>
         <value>0xa0c0</value>
         <object_component_ref idref="oc-11e"/>
      </symbol>
      <symbol id="sm-241">
         <name>SCI_init</name>
         <value>0x82c7c</value>
         <object_component_ref idref="oc-270"/>
      </symbol>
      <symbol id="sm-242">
         <name>Init_Def_EE_Set</name>
         <value>0x82bf9</value>
         <object_component_ref idref="oc-276"/>
      </symbol>
      <symbol id="sm-243">
         <name>SysConfig</name>
         <value>0x83198</value>
         <object_component_ref idref="oc-1e0"/>
      </symbol>
      <symbol id="sm-275">
         <name>INT_myCPUTIMER0_ISR</name>
         <value>0x82abe</value>
         <object_component_ref idref="oc-99"/>
      </symbol>
      <symbol id="sm-276">
         <name>main</name>
         <value>0x82d2e</value>
         <object_component_ref idref="oc-19a"/>
      </symbol>
      <symbol id="sm-2c5">
         <name>Device_enableAllPeripherals</name>
         <value>0x825c3</value>
         <object_component_ref idref="oc-233"/>
      </symbol>
      <symbol id="sm-2c6">
         <name>Device_initGPIO</name>
         <value>0x830ae</value>
         <object_component_ref idref="oc-1c8"/>
      </symbol>
      <symbol id="sm-2c7">
         <name>Device_init</name>
         <value>0x8280f</value>
         <object_component_ref idref="oc-1c2"/>
      </symbol>
      <symbol id="sm-2c8">
         <name>__error__</name>
         <value>0x831a6</value>
         <object_component_ref idref="oc-227"/>
      </symbol>
      <symbol id="sm-2d7">
         <name>code_start</name>
         <value>0x80000</value>
         <object_component_ref idref="oc-8e"/>
      </symbol>
      <symbol id="sm-2e6">
         <name>ADC_setOffsetTrimAll</name>
         <value>0x82c1c</value>
         <object_component_ref idref="oc-3cc"/>
      </symbol>
      <symbol id="sm-300">
         <name>CPUTimer_setEmulationMode</name>
         <value>0x8308a</value>
         <object_component_ref idref="oc-403"/>
      </symbol>
      <symbol id="sm-371">
         <name>Flash_initModule</name>
         <value>0xc000</value>
         <object_component_ref idref="oc-20e"/>
      </symbol>
      <symbol id="sm-3b7">
         <name>GPIO_setQualificationMode</name>
         <value>0x82a1a</value>
         <object_component_ref idref="oc-434"/>
      </symbol>
      <symbol id="sm-3b8">
         <name>GPIO_setPadConfig</name>
         <value>0x827bd</value>
         <object_component_ref idref="oc-42e"/>
      </symbol>
      <symbol id="sm-3b9">
         <name>GPIO_setAnalogMode</name>
         <value>0x82858</value>
         <object_component_ref idref="oc-307"/>
      </symbol>
      <symbol id="sm-3ba">
         <name>GPIO_setDirectionMode</name>
         <value>0x82af2</value>
         <object_component_ref idref="oc-43a"/>
      </symbol>
      <symbol id="sm-3bb">
         <name>GPIO_setPinConfig</name>
         <value>0x829e3</value>
         <object_component_ref idref="oc-301"/>
      </symbol>
      <symbol id="sm-40b">
         <name>Interrupt_defaultHandler</name>
         <value>0x82ea5</value>
         <object_component_ref idref="oc-a5"/>
      </symbol>
      <symbol id="sm-40c">
         <name>Interrupt_initModule</name>
         <value>0x82969</value>
         <object_component_ref idref="oc-1ce"/>
      </symbol>
      <symbol id="sm-40d">
         <name>Interrupt_nmiHandler</name>
         <value>0x8315f</value>
         <object_component_ref idref="oc-b7"/>
      </symbol>
      <symbol id="sm-40e">
         <name>Interrupt_enable</name>
         <value>0x82a51</value>
         <object_component_ref idref="oc-ef"/>
      </symbol>
      <symbol id="sm-40f">
         <name>Interrupt_initVectorTable</name>
         <value>0x82cd7</value>
         <object_component_ref idref="oc-a6"/>
      </symbol>
      <symbol id="sm-410">
         <name>Interrupt_illegalOperationHandler</name>
         <value>0x83155</value>
         <object_component_ref idref="oc-b1"/>
      </symbol>
      <symbol id="sm-522">
         <name>SysCtl_isPLLValid</name>
         <value>0x8233f</value>
         <object_component_ref idref="oc-2e9"/>
      </symbol>
      <symbol id="sm-523">
         <name>SysCtl_delay</name>
         <value>0xc11f</value>
         <object_component_ref idref="oc-2dc"/>
      </symbol>
      <symbol id="sm-524">
         <name>SysCtl_selectXTALSingleEnded</name>
         <value>0x82c3c</value>
         <object_component_ref idref="oc-371"/>
      </symbol>
      <symbol id="sm-525">
         <name>SysCtl_selectXTAL</name>
         <value>0x829a6</value>
         <object_component_ref idref="oc-36b"/>
      </symbol>
      <symbol id="sm-526">
         <name>SysCtl_selectOscSource</name>
         <value>0x82927</value>
         <object_component_ref idref="oc-2dd"/>
      </symbol>
      <symbol id="sm-527">
         <name>SysCtl_getLowSpeedClock</name>
         <value>0x82d63</value>
         <object_component_ref idref="oc-22d"/>
      </symbol>
      <symbol id="sm-528">
         <name>SysCtl_setClock</name>
         <value>0x8221e</value>
         <object_component_ref idref="oc-214"/>
      </symbol>
      <symbol id="sm-529">
         <name>SysCtl_getClock</name>
         <value>0x82758</value>
         <object_component_ref idref="oc-220"/>
      </symbol>
      <symbol id="sm-533">
         <name>_c_int00</name>
         <value>0x82e36</value>
         <object_component_ref idref="oc-10f"/>
      </symbol>
      <symbol id="sm-534">
         <name>__stack</name>
         <value>0x400</value>
         <object_component_ref idref="oc-bd"/>
      </symbol>
      <symbol id="sm-541">
         <name>__c28xabi_divf</name>
         <value>0x8265d</value>
         <object_component_ref idref="oc-379"/>
      </symbol>
      <symbol id="sm-554">
         <name>memcpy</name>
         <value>0x82cf5</value>
         <object_component_ref idref="oc-c0"/>
      </symbol>
      <symbol id="sm-561">
         <name>_system_pre_init</name>
         <value>0x831bf</value>
         <object_component_ref idref="oc-143"/>
      </symbol>
      <symbol id="sm-570">
         <name>__TI_auto_init_nobinit_nopinit</name>
         <value>0x82b81</value>
         <object_component_ref idref="oc-16a"/>
      </symbol>
      <symbol id="sm-57f">
         <name>__TI_zero_init_nomemset</name>
         <value>0x8313d</value>
         <object_component_ref idref="oc-c8"/>
      </symbol>
      <symbol id="sm-58c">
         <name>__TI_decompress_none</name>
         <value>0x8317a</value>
         <object_component_ref idref="oc-87"/>
      </symbol>
      <symbol id="sm-5a0">
         <name>__TI_decompress_lzss</name>
         <value>0x82b23</value>
         <object_component_ref idref="oc-81"/>
      </symbol>
      <symbol id="sm-5b6">
         <name>C$$EXIT</name>
         <value>0x82bac</value>
         <object_component_ref idref="oc-150"/>
      </symbol>
      <symbol id="sm-5b7">
         <name>abort</name>
         <value>0x82bac</value>
         <object_component_ref idref="oc-150"/>
      </symbol>
      <symbol id="sm-5b8">
         <name>exit</name>
         <value>0x82bae</value>
         <object_component_ref idref="oc-150"/>
      </symbol>
      <symbol id="sm-5b9">
         <name>__TI_dtors_ptr</name>
         <value>0xa0d8</value>
         <object_component_ref idref="oc-1a2"/>
      </symbol>
      <symbol id="sm-5ba">
         <name>__TI_cleanup_ptr</name>
         <value>0xa0d6</value>
         <object_component_ref idref="oc-1a2"/>
      </symbol>
      <symbol id="sm-5bb">
         <name>__TI_enable_exit_profile_output</name>
         <value>0xa0d4</value>
         <object_component_ref idref="oc-1a2"/>
      </symbol>
      <symbol id="sm-5d2">
         <name>_nop</name>
         <value>0x83171</value>
         <object_component_ref idref="oc-1f5"/>
      </symbol>
      <symbol id="sm-5d3">
         <name>_lock</name>
         <value>0xa0da</value>
         <object_component_ref idref="oc-1a5"/>
      </symbol>
      <symbol id="sm-5d4">
         <name>_unlock</name>
         <value>0xa0dc</value>
         <object_component_ref idref="oc-288"/>
      </symbol>
      <symbol id="sm-5d5">
         <name>_register_lock</name>
         <value>0x8316d</value>
         <object_component_ref idref="oc-1f5"/>
      </symbol>
      <symbol id="sm-5d6">
         <name>_register_unlock</name>
         <value>0x83169</value>
         <object_component_ref idref="oc-1f5"/>
      </symbol>
      <symbol id="sm-5e5">
         <name>_args_main</name>
         <value>0x82ff4</value>
         <object_component_ref idref="oc-14a"/>
      </symbol>
      <symbol id="sm-5f4">
         <name>_system_post_cinit</name>
         <value>0x831c2</value>
         <object_component_ref idref="oc-1ad"/>
      </symbol>
      <symbol id="sm-5f6">
         <name>__c_args__</name>
         <value>0x0</value>
      </symbol>
   </symbol_table>
   <title>Link successful</title>
</link_info>
