<?xml version="1.0" encoding="ISO-8859-1" ?>
<link_info>
   <banner>TMS320C2000 Linker PC v22.6.1.LTS</banner>
   <copyright>Copyright (c) 1996-2018 Texas Instruments Incorporated</copyright>
   <link_time>0x696f5b32</link_time>
   <link_errors>0x0</link_errors>
   <output_file>SCP(20260120).out</output_file>
   <entry_point>
      <name>code_start</name>
      <address>0x80000</address>
   </entry_point>
   <input_file_list>
      <input_file id="fl-2">
         <path>.\syscfg\</path>
         <kind>object</kind>
         <file>board.obj</file>
         <name>board.obj</name>
      </input_file>
      <input_file id="fl-3">
         <path>.\syscfg\</path>
         <kind>object</kind>
         <file>c2000ware_libraries.obj</file>
         <name>c2000ware_libraries.obj</name>
      </input_file>
      <input_file id="fl-4">
         <path>.\</path>
         <kind>object</kind>
         <file>f28002x_globalvariabledefs.obj</file>
         <name>f28002x_globalvariabledefs.obj</name>
      </input_file>
      <input_file id="fl-5">
         <path>.\appli\</path>
         <kind>object</kind>
         <file>ADC.obj</file>
         <name>ADC.obj</name>
      </input_file>
      <input_file id="fl-6">
         <path>.\appli\</path>
         <kind>object</kind>
         <file>SysConfig.obj</file>
         <name>SysConfig.obj</name>
      </input_file>
      <input_file id="fl-7">
         <path>.\appli\</path>
         <kind>object</kind>
         <file>main.obj</file>
         <name>main.obj</name>
      </input_file>
      <input_file id="fl-8">
         <path>.\device\</path>
         <kind>object</kind>
         <file>device.obj</file>
         <name>device.obj</name>
      </input_file>
      <input_file id="fl-9">
         <path>.\device\</path>
         <kind>object</kind>
         <file>f28002x_codestartbranch.obj</file>
         <name>f28002x_codestartbranch.obj</name>
      </input_file>
      <input_file id="fl-10">
         <kind>object</kind>
         <file>&lt;internal&gt;</file>
         <name>&lt;internal&gt;</name>
      </input_file>
      <input_file id="fl-11">
         <path>C:\ti\c2000\C2000Ware_5_01_00_00\driverlib\f28002x\driverlib\ccs\Debug\</path>
         <kind>archive</kind>
         <file>driverlib.lib</file>
         <name>cputimer.obj</name>
      </input_file>
      <input_file id="fl-12">
         <path>C:\ti\c2000\C2000Ware_5_01_00_00\driverlib\f28002x\driverlib\ccs\Debug\</path>
         <kind>archive</kind>
         <file>driverlib.lib</file>
         <name>dcc.obj</name>
      </input_file>
      <input_file id="fl-13">
         <path>C:\ti\c2000\C2000Ware_5_01_00_00\driverlib\f28002x\driverlib\ccs\Debug\</path>
         <kind>archive</kind>
         <file>driverlib.lib</file>
         <name>epwm.obj</name>
      </input_file>
      <input_file id="fl-14">
         <path>C:\ti\c2000\C2000Ware_5_01_00_00\driverlib\f28002x\driverlib\ccs\Debug\</path>
         <kind>archive</kind>
         <file>driverlib.lib</file>
         <name>flash.obj</name>
      </input_file>
      <input_file id="fl-15">
         <path>C:\ti\c2000\C2000Ware_5_01_00_00\driverlib\f28002x\driverlib\ccs\Debug\</path>
         <kind>archive</kind>
         <file>driverlib.lib</file>
         <name>gpio.obj</name>
      </input_file>
      <input_file id="fl-16">
         <path>C:\ti\c2000\C2000Ware_5_01_00_00\driverlib\f28002x\driverlib\ccs\Debug\</path>
         <kind>archive</kind>
         <file>driverlib.lib</file>
         <name>i2c.obj</name>
      </input_file>
      <input_file id="fl-17">
         <path>C:\ti\c2000\C2000Ware_5_01_00_00\driverlib\f28002x\driverlib\ccs\Debug\</path>
         <kind>archive</kind>
         <file>driverlib.lib</file>
         <name>interrupt.obj</name>
      </input_file>
      <input_file id="fl-18">
         <path>C:\ti\c2000\C2000Ware_5_01_00_00\driverlib\f28002x\driverlib\ccs\Debug\</path>
         <kind>archive</kind>
         <file>driverlib.lib</file>
         <name>sysctl.obj</name>
      </input_file>
      <input_file id="fl-24">
         <path>C:\ti\ccs1281\ccs\tools\compiler\ti-cgt-c2000_22.6.1.LTS\lib\</path>
         <kind>archive</kind>
         <file>rts2800_fpu32_eabi.lib</file>
         <name>boot28.asm.obj</name>
      </input_file>
      <input_file id="fl-25">
         <path>C:\ti\ccs1281\ccs\tools\compiler\ti-cgt-c2000_22.6.1.LTS\lib\</path>
         <kind>archive</kind>
         <file>rts2800_fpu32_eabi.lib</file>
         <name>fs_div28.asm.obj</name>
      </input_file>
      <input_file id="fl-26">
         <path>C:\ti\ccs1281\ccs\tools\compiler\ti-cgt-c2000_22.6.1.LTS\lib\</path>
         <kind>archive</kind>
         <file>rts2800_fpu32_eabi.lib</file>
         <name>ll_cmp28.asm.obj</name>
      </input_file>
      <input_file id="fl-27">
         <path>C:\ti\ccs1281\ccs\tools\compiler\ti-cgt-c2000_22.6.1.LTS\lib\</path>
         <kind>archive</kind>
         <file>rts2800_fpu32_eabi.lib</file>
         <name>memcpy.c.obj</name>
      </input_file>
      <input_file id="fl-28">
         <path>C:\ti\ccs1281\ccs\tools\compiler\ti-cgt-c2000_22.6.1.LTS\lib\</path>
         <kind>archive</kind>
         <file>rts2800_fpu32_eabi.lib</file>
         <name>pre_init.c.obj</name>
      </input_file>
      <input_file id="fl-29">
         <path>C:\ti\ccs1281\ccs\tools\compiler\ti-cgt-c2000_22.6.1.LTS\lib\</path>
         <kind>archive</kind>
         <file>rts2800_fpu32_eabi.lib</file>
         <name>autoinit.c.obj</name>
      </input_file>
      <input_file id="fl-2a">
         <path>C:\ti\ccs1281\ccs\tools\compiler\ti-cgt-c2000_22.6.1.LTS\lib\</path>
         <kind>archive</kind>
         <file>rts2800_fpu32_eabi.lib</file>
         <name>copy_zero_init.c.obj</name>
      </input_file>
      <input_file id="fl-2b">
         <path>C:\ti\ccs1281\ccs\tools\compiler\ti-cgt-c2000_22.6.1.LTS\lib\</path>
         <kind>archive</kind>
         <file>rts2800_fpu32_eabi.lib</file>
         <name>copy_decompress_none.c.obj</name>
      </input_file>
      <input_file id="fl-2c">
         <path>C:\ti\ccs1281\ccs\tools\compiler\ti-cgt-c2000_22.6.1.LTS\lib\</path>
         <kind>archive</kind>
         <file>rts2800_fpu32_eabi.lib</file>
         <name>copy_decompress_lzss.c.obj</name>
      </input_file>
      <input_file id="fl-2d">
         <path>C:\ti\ccs1281\ccs\tools\compiler\ti-cgt-c2000_22.6.1.LTS\lib\</path>
         <kind>archive</kind>
         <file>rts2800_fpu32_eabi.lib</file>
         <name>exit.c.obj</name>
      </input_file>
      <input_file id="fl-2e">
         <path>C:\ti\ccs1281\ccs\tools\compiler\ti-cgt-c2000_22.6.1.LTS\lib\</path>
         <kind>archive</kind>
         <file>rts2800_fpu32_eabi.lib</file>
         <name>_lock.c.obj</name>
      </input_file>
      <input_file id="fl-2f">
         <path>C:\ti\ccs1281\ccs\tools\compiler\ti-cgt-c2000_22.6.1.LTS\lib\</path>
         <kind>archive</kind>
         <file>rts2800_fpu32_eabi.lib</file>
         <name>args_main.c.obj</name>
      </input_file>
      <input_file id="fl-30">
         <path>C:\ti\ccs1281\ccs\tools\compiler\ti-cgt-c2000_22.6.1.LTS\lib\</path>
         <kind>archive</kind>
         <file>rts2800_fpu32_eabi.lib</file>
         <name>memset.c.obj</name>
      </input_file>
      <input_file id="fl-31">
         <path>C:\ti\ccs1281\ccs\tools\compiler\ti-cgt-c2000_22.6.1.LTS\lib\</path>
         <kind>archive</kind>
         <file>rts2800_fpu32_eabi.lib</file>
         <name>cpy_tbl.c.obj</name>
      </input_file>
      <input_file id="fl-32">
         <path>C:\ti\ccs1281\ccs\tools\compiler\ti-cgt-c2000_22.6.1.LTS\lib\</path>
         <kind>archive</kind>
         <file>rts2800_fpu32_eabi.lib</file>
         <name>startup.c.obj</name>
      </input_file>
   </input_file_list>
   <object_component_list>
      <object_component id="oc-8e">
         <name>codestart</name>
         <load_address>0x80000</load_address>
         <run_address>0x80000</run_address>
         <size>0x2</size>
         <input_file_ref idref="fl-9"/>
      </object_component>
      <object_component id="oc-278">
         <name>.text:EPWM_init</name>
         <load_address>0x82000</load_address>
         <run_address>0x82000</run_address>
         <size>0x310</size>
         <input_file_ref idref="fl-2"/>
      </object_component>
      <object_component id="oc-ec">
         <name>.text:Fast_speed_ADCRESULT_to_Reg</name>
         <load_address>0x82310</load_address>
         <run_address>0x82310</run_address>
         <size>0x21e</size>
         <input_file_ref idref="fl-5"/>
      </object_component>
      <object_component id="oc-231">
         <name>.text:SysCtl_setClock</name>
         <load_address>0x8252e</load_address>
         <run_address>0x8252e</run_address>
         <size>0x121</size>
         <input_file_ref idref="fl-18"/>
      </object_component>
      <object_component id="oc-304">
         <name>.text:SysCtl_isPLLValid</name>
         <load_address>0x8264f</load_address>
         <run_address>0x8264f</run_address>
         <size>0xfe</size>
         <input_file_ref idref="fl-18"/>
      </object_component>
      <object_component id="oc-99">
         <name>.text:INT_myCPUTIMER0_ISR</name>
         <load_address>0x8274d</load_address>
         <run_address>0x8274d</run_address>
         <size>0xa8</size>
         <input_file_ref idref="fl-7"/>
      </object_component>
      <object_component id="oc-250">
         <name>.text:Device_enableAllPeripherals</name>
         <load_address>0x827f5</load_address>
         <run_address>0x827f5</run_address>
         <size>0x9a</size>
         <input_file_ref idref="fl-8"/>
      </object_component>
      <object_component id="oc-266">
         <name>.text:PinMux_init</name>
         <load_address>0x8288f</load_address>
         <run_address>0x8288f</run_address>
         <size>0x91</size>
         <input_file_ref idref="fl-2"/>
      </object_component>
      <object_component id="oc-466">
         <name>.text</name>
         <load_address>0x82920</load_address>
         <run_address>0x82920</run_address>
         <size>0x88</size>
         <input_file_ref idref="fl-25"/>
      </object_component>
      <object_component id="oc-49b">
         <name>.text:DCC_setCounterSeeds</name>
         <load_address>0x829a8</load_address>
         <run_address>0x829a8</run_address>
         <size>0x73</size>
         <input_file_ref idref="fl-18"/>
      </object_component>
      <object_component id="oc-23d">
         <name>.text:SysCtl_getClock</name>
         <load_address>0x82a1b</load_address>
         <run_address>0x82a1b</run_address>
         <size>0x65</size>
         <input_file_ref idref="fl-18"/>
      </object_component>
      <object_component id="oc-322">
         <name>.text:GPIO_setPadConfig</name>
         <load_address>0x82a80</load_address>
         <run_address>0x82a80</run_address>
         <size>0x52</size>
         <input_file_ref idref="fl-15"/>
      </object_component>
      <object_component id="oc-1e2">
         <name>.text:Device_init</name>
         <load_address>0x82ad2</load_address>
         <run_address>0x82ad2</run_address>
         <size>0x49</size>
         <input_file_ref idref="fl-8"/>
      </object_component>
      <object_component id="oc-52a">
         <name>.text:SysCtl_pollX1Counter</name>
         <load_address>0x82b1b</load_address>
         <run_address>0x82b1b</run_address>
         <size>0x45</size>
         <input_file_ref idref="fl-18"/>
      </object_component>
      <object_component id="oc-50f">
         <name>.text:GPIO_writePin</name>
         <load_address>0x82b60</load_address>
         <run_address>0x82b60</run_address>
         <size>0x44</size>
         <input_file_ref idref="fl-2"/>
      </object_component>
      <object_component id="oc-2f8">
         <name>.text:SysCtl_selectOscSource</name>
         <load_address>0x82ba4</load_address>
         <run_address>0x82ba4</run_address>
         <size>0x42</size>
         <input_file_ref idref="fl-18"/>
      </object_component>
      <object_component id="oc-3a3">
         <name>.text:EPWM_setActionQualifierAction</name>
         <load_address>0x82be6</load_address>
         <run_address>0x82be6</run_address>
         <size>0x40</size>
         <input_file_ref idref="fl-2"/>
      </object_component>
      <object_component id="oc-397">
         <name>.text:EPWM_setCounterCompareShadowLoadMode</name>
         <load_address>0x82c26</load_address>
         <run_address>0x82c26</run_address>
         <size>0x3e</size>
         <input_file_ref idref="fl-2"/>
      </object_component>
      <object_component id="oc-1ee">
         <name>.text:Interrupt_initModule</name>
         <load_address>0x82c64</load_address>
         <run_address>0x82c64</run_address>
         <size>0x3d</size>
         <input_file_ref idref="fl-17"/>
      </object_component>
      <object_component id="oc-458">
         <name>.text:SysCtl_selectXTAL</name>
         <load_address>0x82ca1</load_address>
         <run_address>0x82ca1</run_address>
         <size>0x3d</size>
         <input_file_ref idref="fl-18"/>
      </object_component>
      <object_component id="oc-39d">
         <name>.text:EPWM_setActionQualifierShadowLoadMode</name>
         <load_address>0x82cde</load_address>
         <run_address>0x82cde</run_address>
         <size>0x3a</size>
         <input_file_ref idref="fl-2"/>
      </object_component>
      <object_component id="oc-31c">
         <name>.text:GPIO_setPinConfig</name>
         <load_address>0x82d18</load_address>
         <run_address>0x82d18</run_address>
         <size>0x37</size>
         <input_file_ref idref="fl-15"/>
      </object_component>
      <object_component id="oc-328">
         <name>.text:GPIO_setQualificationMode</name>
         <load_address>0x82d4f</load_address>
         <run_address>0x82d4f</run_address>
         <size>0x37</size>
         <input_file_ref idref="fl-15"/>
      </object_component>
      <object_component id="oc-105">
         <name>.text:Interrupt_enable</name>
         <load_address>0x82d86</load_address>
         <run_address>0x82d86</run_address>
         <size>0x37</size>
         <input_file_ref idref="fl-17"/>
      </object_component>
      <object_component id="oc-515">
         <name>.text:GPIO_setDirectionMode</name>
         <load_address>0x82dbd</load_address>
         <run_address>0x82dbd</run_address>
         <size>0x31</size>
         <input_file_ref idref="fl-15"/>
      </object_component>
      <object_component id="oc-81">
         <name>.text:decompress:lzss</name>
         <load_address>0x82dee</load_address>
         <run_address>0x82dee</run_address>
         <size>0x30</size>
         <input_file_ref idref="fl-2c"/>
      </object_component>
      <object_component id="oc-3af">
         <name>.text:EPWM_setDeadBandDelayMode</name>
         <load_address>0x82e1e</load_address>
         <run_address>0x82e1e</run_address>
         <size>0x2c</size>
         <input_file_ref idref="fl-2"/>
      </object_component>
      <object_component id="oc-18a">
         <name>.text:__TI_auto_init_nobinit_nopinit</name>
         <load_address>0x82e4a</load_address>
         <run_address>0x82e4a</run_address>
         <size>0x2b</size>
         <input_file_ref idref="fl-29"/>
      </object_component>
      <object_component id="oc-170">
         <name>.text</name>
         <load_address>0x82e75</load_address>
         <run_address>0x82e75</run_address>
         <size>0x29</size>
         <input_file_ref idref="fl-2d"/>
      </object_component>
      <object_component id="oc-34f">
         <name>.text:EPWM_setGlobalLoadEventPrescale</name>
         <load_address>0x82e9e</load_address>
         <run_address>0x82e9e</run_address>
         <size>0x28</size>
         <input_file_ref idref="fl-2"/>
      </object_component>
      <object_component id="oc-4e4">
         <name>.text:EPWM_isBaseValid</name>
         <load_address>0x82ec6</load_address>
         <run_address>0x82ec6</run_address>
         <size>0x27</size>
         <input_file_ref idref="fl-2"/>
      </object_component>
      <object_component id="oc-4ef">
         <name>.text:EPWM_isBaseValid</name>
         <load_address>0x82eed</load_address>
         <run_address>0x82eed</run_address>
         <size>0x27</size>
         <input_file_ref idref="fl-13"/>
      </object_component>
      <object_component id="oc-4a1">
         <name>.text:DCC_enableSingleShotMode</name>
         <load_address>0x82f14</load_address>
         <run_address>0x82f14</run_address>
         <size>0x24</size>
         <input_file_ref idref="fl-18"/>
      </object_component>
      <object_component id="oc-3d9">
         <name>.text:EPWM_disableCounterCompareShadowLoadMode</name>
         <load_address>0x82f38</load_address>
         <run_address>0x82f38</run_address>
         <size>0x24</size>
         <input_file_ref idref="fl-2"/>
      </object_component>
      <object_component id="oc-3a9">
         <name>.text:EPWM_setDeadBandDelayPolarity</name>
         <load_address>0x82f5c</load_address>
         <run_address>0x82f5c</run_address>
         <size>0x24</size>
         <input_file_ref idref="fl-2"/>
      </object_component>
      <object_component id="oc-355">
         <name>.text:EPWM_setupEPWMLinks</name>
         <load_address>0x82f80</load_address>
         <run_address>0x82f80</run_address>
         <size>0x24</size>
         <input_file_ref idref="fl-2"/>
      </object_component>
      <object_component id="oc-293">
         <name>.text:Init_Def_EE_Set</name>
         <load_address>0x82fa4</load_address>
         <run_address>0x82fa4</run_address>
         <size>0x23</size>
         <input_file_ref idref="fl-6"/>
      </object_component>
      <object_component id="oc-38b">
         <name>.text:EPWM_setCounterCompareValue</name>
         <load_address>0x82fc7</load_address>
         <run_address>0x82fc7</run_address>
         <size>0x22</size>
         <input_file_ref idref="fl-2"/>
      </object_component>
      <object_component id="oc-557">
         <name>.text:CPUTimer_isBaseValid</name>
         <load_address>0x82fe9</load_address>
         <run_address>0x82fe9</run_address>
         <size>0x17</size>
         <input_file_ref idref="fl-2"/>
      </object_component>
      <object_component id="oc-391">
         <name>.text:EPWM_enableGlobalLoadRegisters</name>
         <load_address>0x83000</load_address>
         <run_address>0x83000</run_address>
         <size>0x21</size>
         <input_file_ref idref="fl-2"/>
      </object_component>
      <object_component id="oc-45e">
         <name>.text:SysCtl_selectXTALSingleEnded</name>
         <load_address>0x83021</load_address>
         <run_address>0x83021</run_address>
         <size>0x20</size>
         <input_file_ref idref="fl-18"/>
      </object_component>
      <object_component id="oc-33c">
         <name>.text:myCPUTIMER0_init</name>
         <load_address>0x83041</load_address>
         <run_address>0x83041</run_address>
         <size>0x20</size>
         <input_file_ref idref="fl-2"/>
      </object_component>
      <object_component id="oc-3c1">
         <name>.text:EPWM_setFallingEdgeDelayCountShadowLoadMode</name>
         <load_address>0x83061</load_address>
         <run_address>0x83061</run_address>
         <size>0x1f</size>
         <input_file_ref idref="fl-2"/>
      </object_component>
      <object_component id="oc-349">
         <name>.text:EPWM_setGlobalLoadTrigger</name>
         <load_address>0x83080</load_address>
         <run_address>0x83080</run_address>
         <size>0x1f</size>
         <input_file_ref idref="fl-2"/>
      </object_component>
      <object_component id="oc-3b5">
         <name>.text:EPWM_setRisingEdgeDelayCountShadowLoadMode</name>
         <load_address>0x8309f</load_address>
         <run_address>0x8309f</run_address>
         <size>0x1f</size>
         <input_file_ref idref="fl-2"/>
      </object_component>
      <object_component id="oc-28d">
         <name>.text:SCI_init</name>
         <load_address>0x830be</load_address>
         <run_address>0x830be</run_address>
         <size>0x1f</size>
         <input_file_ref idref="fl-6"/>
      </object_component>
      <object_component id="oc-48f">
         <name>.text:DCC_setCounter0ClkSource</name>
         <load_address>0x830dd</load_address>
         <run_address>0x830dd</run_address>
         <size>0x1e</size>
         <input_file_ref idref="fl-18"/>
      </object_component>
      <object_component id="oc-495">
         <name>.text:DCC_setCounter1ClkSource</name>
         <load_address>0x830fb</load_address>
         <run_address>0x830fb</run_address>
         <size>0x1e</size>
         <input_file_ref idref="fl-18"/>
      </object_component>
      <object_component id="oc-37f">
         <name>.text:EPWM_setPhaseShift</name>
         <load_address>0x83119</load_address>
         <run_address>0x83119</run_address>
         <size>0x1e</size>
         <input_file_ref idref="fl-2"/>
      </object_component>
      <object_component id="oc-ab">
         <name>.text:Interrupt_initVectorTable</name>
         <load_address>0x83137</load_address>
         <run_address>0x83137</run_address>
         <size>0x1e</size>
         <input_file_ref idref="fl-17"/>
      </object_component>
      <object_component id="oc-385">
         <name>.text:EPWM_enableSyncOutPulseSource</name>
         <load_address>0x83155</load_address>
         <run_address>0x83155</run_address>
         <size>0x1d</size>
         <input_file_ref idref="fl-2"/>
      </object_component>
      <object_component id="oc-3c7">
         <name>.text:EPWM_setFallingEdgeDelayCount</name>
         <load_address>0x83172</load_address>
         <run_address>0x83172</run_address>
         <size>0x1d</size>
         <input_file_ref idref="fl-2"/>
      </object_component>
      <object_component id="oc-3bb">
         <name>.text:EPWM_setRisingEdgeDelayCount</name>
         <load_address>0x8318f</load_address>
         <run_address>0x8318f</run_address>
         <size>0x1d</size>
         <input_file_ref idref="fl-2"/>
      </object_component>
      <object_component id="oc-c0">
         <name>.text</name>
         <load_address>0x831ac</load_address>
         <run_address>0x831ac</run_address>
         <size>0x1d</size>
         <input_file_ref idref="fl-27"/>
      </object_component>
      <object_component id="oc-361">
         <name>.text:EPWM_setClockPrescaler</name>
         <load_address>0x831c9</load_address>
         <run_address>0x831c9</run_address>
         <size>0x1c</size>
         <input_file_ref idref="fl-2"/>
      </object_component>
      <object_component id="oc-27e">
         <name>.text:GPIO_init</name>
         <load_address>0x831e5</load_address>
         <run_address>0x831e5</run_address>
         <size>0x1b</size>
         <input_file_ref idref="fl-2"/>
      </object_component>
      <object_component id="oc-1ba">
         <name>.text:main</name>
         <load_address>0x83200</load_address>
         <run_address>0x83200</run_address>
         <size>0x1b</size>
         <input_file_ref idref="fl-7"/>
      </object_component>
      <object_component id="oc-206">
         <name>.text:CPUTimer_startTimer</name>
         <load_address>0x8321b</load_address>
         <run_address>0x8321b</run_address>
         <size>0x1a</size>
         <input_file_ref idref="fl-7"/>
      </object_component>
      <object_component id="oc-24a">
         <name>.text:SysCtl_getLowSpeedClock</name>
         <load_address>0x83235</load_address>
         <run_address>0x83235</run_address>
         <size>0x1a</size>
         <input_file_ref idref="fl-18"/>
      </object_component>
      <object_component id="oc-287">
         <name>.text:Clr_ADC_Value</name>
         <load_address>0x8324f</load_address>
         <run_address>0x8324f</run_address>
         <size>0x18</size>
         <input_file_ref idref="fl-5"/>
      </object_component>
      <object_component id="oc-3e5">
         <name>.text:EPWM_disableFallingEdgeDelayCountShadowLoadMode</name>
         <load_address>0x83267</load_address>
         <run_address>0x83267</run_address>
         <size>0x18</size>
         <input_file_ref idref="fl-2"/>
      </object_component>
      <object_component id="oc-3df">
         <name>.text:EPWM_disableRisingEdgeDelayCountShadowLoadMode</name>
         <load_address>0x8327f</load_address>
         <run_address>0x8327f</run_address>
         <size>0x18</size>
         <input_file_ref idref="fl-2"/>
      </object_component>
      <object_component id="oc-54e">
         <name>.text:CPUTimer_isBaseValid</name>
         <load_address>0x83297</load_address>
         <run_address>0x83297</run_address>
         <size>0x17</size>
         <input_file_ref idref="fl-11"/>
      </object_component>
      <object_component id="oc-29b">
         <name>.text:CPUTimer_isBaseValid</name>
         <load_address>0x832ae</load_address>
         <run_address>0x832ae</run_address>
         <size>0x17</size>
         <input_file_ref idref="fl-7"/>
      </object_component>
      <object_component id="oc-4c5">
         <name>.text:CPUTimer_setPreScaler</name>
         <load_address>0x832c5</load_address>
         <run_address>0x832c5</run_address>
         <size>0x17</size>
         <input_file_ref idref="fl-2"/>
      </object_component>
      <object_component id="oc-310">
         <name>.text:SysCtl_enablePeripheral</name>
         <load_address>0x832dc</load_address>
         <run_address>0x832dc</run_address>
         <size>0x17</size>
         <input_file_ref idref="fl-8"/>
      </object_component>
      <object_component id="oc-46b">
         <name>.text:SysCtl_enablePeripheral</name>
         <load_address>0x832f3</load_address>
         <run_address>0x832f3</run_address>
         <size>0x17</size>
         <input_file_ref idref="fl-18"/>
      </object_component>
      <object_component id="oc-125">
         <name>.text</name>
         <load_address>0x8330a</load_address>
         <run_address>0x8330a</run_address>
         <size>0x17</size>
         <input_file_ref idref="fl-24"/>
      </object_component>
      <object_component id="oc-489">
         <name>.text:DCC_disableDoneSignal</name>
         <load_address>0x83321</load_address>
         <run_address>0x83321</run_address>
         <size>0x16</size>
         <input_file_ref idref="fl-18"/>
      </object_component>
      <object_component id="oc-35b">
         <name>.text:EPWM_setEmulationMode</name>
         <load_address>0x83337</load_address>
         <run_address>0x83337</run_address>
         <size>0x16</size>
         <input_file_ref idref="fl-13"/>
      </object_component>
      <object_component id="oc-3d3">
         <name>.text:EPWM_setSyncInPulseSource</name>
         <load_address>0x8334d</load_address>
         <run_address>0x8334d</run_address>
         <size>0x16</size>
         <input_file_ref idref="fl-2"/>
      </object_component>
      <object_component id="oc-a5">
         <name>.text:Interrupt_defaultHandler</name>
         <load_address>0x83363</load_address>
         <run_address>0x83363</run_address>
         <size>0x16</size>
         <input_file_ref idref="fl-17"/>
      </object_component>
      <object_component id="oc-3f8">
         <name>.text:AC_SoftRLY_init</name>
         <load_address>0x83379</load_address>
         <run_address>0x83379</run_address>
         <size>0x15</size>
         <input_file_ref idref="fl-2"/>
      </object_component>
      <object_component id="oc-3ec">
         <name>.text:BYPASS_init</name>
         <load_address>0x8338e</load_address>
         <run_address>0x8338e</run_address>
         <size>0x15</size>
         <input_file_ref idref="fl-2"/>
      </object_component>
      <object_component id="oc-4d1">
         <name>.text:CPUTimer_enableInterrupt</name>
         <load_address>0x833a3</load_address>
         <run_address>0x833a3</run_address>
         <size>0x15</size>
         <input_file_ref idref="fl-2"/>
      </object_component>
      <object_component id="oc-477">
         <name>.text:DCC_clearDoneFlag</name>
         <load_address>0x833b8</load_address>
         <run_address>0x833b8</run_address>
         <size>0x15</size>
         <input_file_ref idref="fl-18"/>
      </object_component>
      <object_component id="oc-471">
         <name>.text:DCC_clearErrorFlag</name>
         <load_address>0x833cd</load_address>
         <run_address>0x833cd</run_address>
         <size>0x15</size>
         <input_file_ref idref="fl-18"/>
      </object_component>
      <object_component id="oc-483">
         <name>.text:DCC_disableErrorSignal</name>
         <load_address>0x833e2</load_address>
         <run_address>0x833e2</run_address>
         <size>0x15</size>
         <input_file_ref idref="fl-18"/>
      </object_component>
      <object_component id="oc-53a">
         <name>.text:DCC_isBaseValid</name>
         <load_address>0x833f7</load_address>
         <run_address>0x833f7</run_address>
         <size>0x15</size>
         <input_file_ref idref="fl-18"/>
      </object_component>
      <object_component id="oc-3fe">
         <name>.text:DC_SoftRLY_init</name>
         <load_address>0x8340c</load_address>
         <run_address>0x8340c</run_address>
         <size>0x15</size>
         <input_file_ref idref="fl-2"/>
      </object_component>
      <object_component id="oc-42e">
         <name>.text:DetBTS_init</name>
         <load_address>0x83421</load_address>
         <run_address>0x83421</run_address>
         <size>0x15</size>
         <input_file_ref idref="fl-2"/>
      </object_component>
      <object_component id="oc-41c">
         <name>.text:EN_AUX_init</name>
         <load_address>0x83436</load_address>
         <run_address>0x83436</run_address>
         <size>0x15</size>
         <input_file_ref idref="fl-2"/>
      </object_component>
      <object_component id="oc-343">
         <name>.text:EPWM_enableGlobalLoad</name>
         <load_address>0x8344b</load_address>
         <run_address>0x8344b</run_address>
         <size>0x15</size>
         <input_file_ref idref="fl-2"/>
      </object_component>
      <object_component id="oc-3f2">
         <name>.text:GNDRLY_init</name>
         <load_address>0x83460</load_address>
         <run_address>0x83460</run_address>
         <size>0x15</size>
         <input_file_ref idref="fl-2"/>
      </object_component>
      <object_component id="oc-25e">
         <name>.text:GPIO_unlockPortConfig</name>
         <load_address>0x83475</load_address>
         <run_address>0x83475</run_address>
         <size>0x15</size>
         <input_file_ref idref="fl-8"/>
      </object_component>
      <object_component id="oc-416">
         <name>.text:GreenT_init</name>
         <load_address>0x8348a</load_address>
         <run_address>0x8348a</run_address>
         <size>0x15</size>
         <input_file_ref idref="fl-2"/>
      </object_component>
      <object_component id="oc-422">
         <name>.text:LED_PonG_init</name>
         <load_address>0x8349f</load_address>
         <run_address>0x8349f</run_address>
         <size>0x15</size>
         <input_file_ref idref="fl-2"/>
      </object_component>
      <object_component id="oc-404">
         <name>.text:LED_STG_init</name>
         <load_address>0x834b4</load_address>
         <run_address>0x834b4</run_address>
         <size>0x15</size>
         <input_file_ref idref="fl-2"/>
      </object_component>
      <object_component id="oc-434">
         <name>.text:NTC_IO_init</name>
         <load_address>0x834c9</load_address>
         <run_address>0x834c9</run_address>
         <size>0x15</size>
         <input_file_ref idref="fl-2"/>
      </object_component>
      <object_component id="oc-410">
         <name>.text:PWR_init</name>
         <load_address>0x834de</load_address>
         <run_address>0x834de</run_address>
         <size>0x15</size>
         <input_file_ref idref="fl-2"/>
      </object_component>
      <object_component id="oc-428">
         <name>.text:SW_On_init</name>
         <load_address>0x834f3</load_address>
         <run_address>0x834f3</run_address>
         <size>0x15</size>
         <input_file_ref idref="fl-2"/>
      </object_component>
      <object_component id="oc-4dd">
         <name>.text:CPUTimer_reloadTimerCounter</name>
         <load_address>0x83508</load_address>
         <run_address>0x83508</run_address>
         <size>0x14</size>
         <input_file_ref idref="fl-2"/>
      </object_component>
      <object_component id="oc-4d7">
         <name>.text:CPUTimer_stopTimer</name>
         <load_address>0x8351c</load_address>
         <run_address>0x8351c</run_address>
         <size>0x14</size>
         <input_file_ref idref="fl-2"/>
      </object_component>
      <object_component id="oc-47d">
         <name>.text:DCC_disableModule</name>
         <load_address>0x83530</load_address>
         <run_address>0x83530</run_address>
         <size>0x14</size>
         <input_file_ref idref="fl-18"/>
      </object_component>
      <object_component id="oc-4a7">
         <name>.text:DCC_enableModule</name>
         <load_address>0x83544</load_address>
         <run_address>0x83544</run_address>
         <size>0x14</size>
         <input_file_ref idref="fl-18"/>
      </object_component>
      <object_component id="oc-373">
         <name>.text:EPWM_setTimeBaseCounterMode</name>
         <load_address>0x83558</load_address>
         <run_address>0x83558</run_address>
         <size>0x14</size>
         <input_file_ref idref="fl-2"/>
      </object_component>
      <object_component id="oc-367">
         <name>.text:EPWM_setTimeBasePeriod</name>
         <load_address>0x8356c</load_address>
         <run_address>0x8356c</run_address>
         <size>0x14</size>
         <input_file_ref idref="fl-2"/>
      </object_component>
      <object_component id="oc-567">
         <name>.text:GPIO_isPinValid</name>
         <load_address>0x83580</load_address>
         <run_address>0x83580</run_address>
         <size>0x14</size>
         <input_file_ref idref="fl-2"/>
      </object_component>
      <object_component id="oc-4b4">
         <name>.text:GPIO_isPinValid</name>
         <load_address>0x83594</load_address>
         <run_address>0x83594</run_address>
         <size>0x14</size>
         <input_file_ref idref="fl-15"/>
      </object_component>
      <object_component id="oc-2fe">
         <name>.text:SysCtl_setPLLSysClk</name>
         <load_address>0x835a8</load_address>
         <run_address>0x835a8</run_address>
         <size>0x14</size>
         <input_file_ref idref="fl-18"/>
      </object_component>
      <object_component id="oc-4bf">
         <name>.text:CPUTimer_setEmulationMode</name>
         <load_address>0x835bc</load_address>
         <run_address>0x835bc</run_address>
         <size>0x13</size>
         <input_file_ref idref="fl-11"/>
      </object_component>
      <object_component id="oc-40a">
         <name>.text:LED_STR_init</name>
         <load_address>0x835cf</load_address>
         <run_address>0x835cf</run_address>
         <size>0x13</size>
         <input_file_ref idref="fl-2"/>
      </object_component>
      <object_component id="oc-36d">
         <name>.text:EPWM_setTimeBaseCounter</name>
         <load_address>0x835e2</load_address>
         <run_address>0x835e2</run_address>
         <size>0x12</size>
         <input_file_ref idref="fl-2"/>
      </object_component>
      <object_component id="oc-32f">
         <name>.text:SysCtl_setSyncOutputConfig</name>
         <load_address>0x835f4</load_address>
         <run_address>0x835f4</run_address>
         <size>0x12</size>
         <input_file_ref idref="fl-2"/>
      </object_component>
      <object_component id="oc-4cb">
         <name>.text:CPUTimer_setPeriod</name>
         <load_address>0x83606</load_address>
         <run_address>0x83606</run_address>
         <size>0x11</size>
         <input_file_ref idref="fl-2"/>
      </object_component>
      <object_component id="oc-379">
         <name>.text:EPWM_disablePhaseShiftLoad</name>
         <load_address>0x83617</load_address>
         <run_address>0x83617</run_address>
         <size>0x11</size>
         <input_file_ref idref="fl-2"/>
      </object_component>
      <object_component id="oc-3cd">
         <name>.text:EPWM_enablePhaseShiftLoad</name>
         <load_address>0x83628</load_address>
         <run_address>0x83628</run_address>
         <size>0x11</size>
         <input_file_ref idref="fl-2"/>
      </object_component>
      <object_component id="oc-1e8">
         <name>.text:Device_initGPIO</name>
         <load_address>0x83639</load_address>
         <run_address>0x83639</run_address>
         <size>0x10</size>
         <input_file_ref idref="fl-8"/>
      </object_component>
      <object_component id="oc-2b1">
         <name>.text:Flash_isCtrlBaseValid</name>
         <load_address>0x83649</load_address>
         <run_address>0x83649</run_address>
         <size>0x10</size>
         <input_file_ref idref="fl-14"/>
      </object_component>
      <object_component id="oc-2b8">
         <name>.text:Flash_isECCBaseValid</name>
         <load_address>0x83659</load_address>
         <run_address>0x83659</run_address>
         <size>0x10</size>
         <input_file_ref idref="fl-14"/>
      </object_component>
      <object_component id="oc-1f4">
         <name>.text:Board_init</name>
         <load_address>0x83669</load_address>
         <run_address>0x83669</run_address>
         <size>0xf</size>
         <input_file_ref idref="fl-2"/>
      </object_component>
      <object_component id="oc-ff">
         <name>.text:Interrupt_register</name>
         <load_address>0x83678</load_address>
         <run_address>0x83678</run_address>
         <size>0xf</size>
         <input_file_ref idref="fl-2"/>
      </object_component>
      <object_component id="oc-9a">
         <name>.text:INTERRUPT_init</name>
         <load_address>0x83687</load_address>
         <run_address>0x83687</run_address>
         <size>0xd</size>
         <input_file_ref idref="fl-2"/>
      </object_component>
      <object_component id="oc-145">
         <name>.text:Interrupt_disableGlobal</name>
         <load_address>0x83694</load_address>
         <run_address>0x83694</run_address>
         <size>0xd</size>
         <input_file_ref idref="fl-17"/>
      </object_component>
      <object_component id="oc-14b">
         <name>.text:Interrupt_enableGlobal</name>
         <load_address>0x836a1</load_address>
         <run_address>0x836a1</run_address>
         <size>0xd</size>
         <input_file_ref idref="fl-17"/>
      </object_component>
      <object_component id="oc-237">
         <name>.text:SysCtl_setLowSpeedClock</name>
         <load_address>0x836ae</load_address>
         <run_address>0x836ae</run_address>
         <size>0xd</size>
         <input_file_ref idref="fl-8"/>
      </object_component>
      <object_component id="oc-c8">
         <name>.text:decompress:ZI:__TI_zero_init_nomemset</name>
         <load_address>0x836bb</load_address>
         <run_address>0x836bb</run_address>
         <size>0xd</size>
         <input_file_ref idref="fl-2a"/>
      </object_component>
      <object_component id="oc-335">
         <name>.text:SysCtl_enableExtADCSOCSource</name>
         <load_address>0x836c8</load_address>
         <run_address>0x836c8</run_address>
         <size>0xc</size>
         <input_file_ref idref="fl-2"/>
      </object_component>
      <object_component id="oc-16a">
         <name>.text</name>
         <load_address>0x836d4</load_address>
         <run_address>0x836d4</run_address>
         <size>0xc</size>
         <input_file_ref idref="fl-2f"/>
      </object_component>
      <object_component id="oc-2f1">
         <name>.text:SysCtl_isMCDClockFailureDetected</name>
         <load_address>0x836e0</load_address>
         <run_address>0x836e0</run_address>
         <size>0xb</size>
         <input_file_ref idref="fl-18"/>
      </object_component>
      <object_component id="oc-f2">
         <name>.text:__relaxed_sinf</name>
         <load_address>0x836eb</load_address>
         <run_address>0x836eb</run_address>
         <size>0xb</size>
         <input_file_ref idref="fl-5"/>
      </object_component>
      <object_component id="oc-b1">
         <name>.text:Interrupt_illegalOperationHandler</name>
         <load_address>0x836f6</load_address>
         <run_address>0x836f6</run_address>
         <size>0xa</size>
         <input_file_ref idref="fl-17"/>
      </object_component>
      <object_component id="oc-b7">
         <name>.text:Interrupt_nmiHandler</name>
         <load_address>0x83700</load_address>
         <run_address>0x83700</run_address>
         <size>0xa</size>
         <input_file_ref idref="fl-17"/>
      </object_component>
      <object_component id="oc-26c">
         <name>.text:SYNC_init</name>
         <load_address>0x8370a</load_address>
         <run_address>0x8370a</run_address>
         <size>0xa</size>
         <input_file_ref idref="fl-2"/>
      </object_component>
      <object_component id="oc-212">
         <name>.text</name>
         <load_address>0x83714</load_address>
         <run_address>0x83714</run_address>
         <size>0x9</size>
         <input_file_ref idref="fl-2e"/>
      </object_component>
      <object_component id="oc-225">
         <name>.text:SysCtl_disableWatchdog</name>
         <load_address>0x8371d</load_address>
         <run_address>0x8371d</run_address>
         <size>0x8</size>
         <input_file_ref idref="fl-8"/>
      </object_component>
      <object_component id="oc-87">
         <name>.text:decompress:none</name>
         <load_address>0x83725</load_address>
         <run_address>0x83725</run_address>
         <size>0x8</size>
         <input_file_ref idref="fl-2b"/>
      </object_component>
      <object_component id="oc-d4">
         <name>.text</name>
         <load_address>0x8372d</load_address>
         <run_address>0x8372d</run_address>
         <size>0x8</size>
         <input_file_ref idref="fl-9"/>
      </object_component>
      <object_component id="oc-256">
         <name>.text:ASysCtl_lockVREG</name>
         <load_address>0x83735</load_address>
         <run_address>0x83735</run_address>
         <size>0x7</size>
         <input_file_ref idref="fl-8"/>
      </object_component>
      <object_component id="oc-200">
         <name>.text:SysConfig</name>
         <load_address>0x8373c</load_address>
         <run_address>0x8373c</run_address>
         <size>0x7</size>
         <input_file_ref idref="fl-6"/>
      </object_component>
      <object_component id="oc-530">
         <name>.text:SysCtl_resetMCD</name>
         <load_address>0x83743</load_address>
         <run_address>0x83743</run_address>
         <size>0x7</size>
         <input_file_ref idref="fl-18"/>
      </object_component>
      <object_component id="oc-244">
         <name>.text:__error__</name>
         <load_address>0x8374a</load_address>
         <run_address>0x8374a</run_address>
         <size>0x7</size>
         <input_file_ref idref="fl-8"/>
      </object_component>
      <object_component id="oc-f9">
         <name>.text:Interrupt_clearACKGroup</name>
         <load_address>0x83751</load_address>
         <run_address>0x83751</run_address>
         <size>0x6</size>
         <input_file_ref idref="fl-7"/>
      </object_component>
      <object_component id="oc-272">
         <name>.text:CPUTIMER_init</name>
         <load_address>0x83757</load_address>
         <run_address>0x83757</run_address>
         <size>0x3</size>
         <input_file_ref idref="fl-2"/>
      </object_component>
      <object_component id="oc-163">
         <name>.text</name>
         <load_address>0x8375a</load_address>
         <run_address>0x8375a</run_address>
         <size>0x2</size>
         <input_file_ref idref="fl-28"/>
      </object_component>
      <object_component id="oc-1fa">
         <name>.text:C2000Ware_libraries_init</name>
         <load_address>0x8375c</load_address>
         <run_address>0x8375c</run_address>
         <size>0x1</size>
         <input_file_ref idref="fl-3"/>
      </object_component>
      <object_component id="oc-1cd">
         <name>.text</name>
         <load_address>0x8375d</load_address>
         <run_address>0x8375d</run_address>
         <size>0x1</size>
         <input_file_ref idref="fl-32"/>
      </object_component>
      <object_component id="oc-60d">
         <name>.cinit..data.load</name>
         <load_address>0x81550</load_address>
         <run_address>0x81550</run_address>
         <size>0xf</size>
      </object_component>
      <object_component id="oc-60a">
         <name>__TI_handler_table</name>
         <load_address>0x81560</load_address>
         <run_address>0x81560</run_address>
         <size>0x6</size>
      </object_component>
      <object_component id="oc-60c">
         <name>.cinit..bss.load</name>
         <load_address>0x81566</load_address>
         <run_address>0x81566</run_address>
         <size>0x4</size>
      </object_component>
      <object_component id="oc-60b">
         <name>__TI_cinit_table</name>
         <load_address>0x8156a</load_address>
         <run_address>0x8156a</run_address>
         <size>0x8</size>
      </object_component>
      <object_component id="oc-bd">
         <name>.stack</name>
         <uninitialized>true</uninitialized>
         <run_address>0x400</run_address>
         <size>0x0</size>
         <input_file_ref idref="fl-24"/>
      </object_component>
      <object_component id="oc-60e">
         <name>.stack</name>
         <uninitialized>true</uninitialized>
         <run_address>0x400</run_address>
         <size>0x0</size>
      </object_component>
      <object_component id="oc-13b">
         <name>.bss</name>
         <uninitialized>true</uninitialized>
         <run_address>0xa000</run_address>
         <size>0x28</size>
         <input_file_ref idref="fl-5"/>
      </object_component>
      <object_component id="oc-4ea">
         <name>.const:.string</name>
         <load_address>0x81000</load_address>
         <run_address>0x81000</run_address>
         <size>0xd0</size>
         <input_file_ref idref="fl-2"/>
      </object_component>
      <object_component id="oc-2b7">
         <name>.const:.string</name>
         <load_address>0x810d0</load_address>
         <run_address>0x810d0</run_address>
         <size>0x9b</size>
         <input_file_ref idref="fl-14"/>
      </object_component>
      <object_component id="oc-2f0">
         <name>.const:.string</name>
         <load_address>0x8116c</load_address>
         <run_address>0x8116c</run_address>
         <size>0x9a</size>
         <input_file_ref idref="fl-18"/>
      </object_component>
      <object_component id="oc-4f5">
         <name>.const:.string</name>
         <load_address>0x81206</load_address>
         <run_address>0x81206</run_address>
         <size>0x98</size>
         <input_file_ref idref="fl-13"/>
      </object_component>
      <object_component id="oc-4ba">
         <name>.const:.string</name>
         <load_address>0x8129e</load_address>
         <run_address>0x8129e</run_address>
         <size>0x98</size>
         <input_file_ref idref="fl-15"/>
      </object_component>
      <object_component id="oc-243">
         <name>.const:.string</name>
         <load_address>0x81336</load_address>
         <run_address>0x81336</run_address>
         <size>0x59</size>
         <input_file_ref idref="fl-8"/>
      </object_component>
      <object_component id="oc-554">
         <name>.const:.string</name>
         <load_address>0x81390</load_address>
         <run_address>0x81390</run_address>
         <size>0x50</size>
         <input_file_ref idref="fl-11"/>
      </object_component>
      <object_component id="oc-2a1">
         <name>.const:.string</name>
         <load_address>0x813e0</load_address>
         <run_address>0x813e0</run_address>
         <size>0x48</size>
         <input_file_ref idref="fl-7"/>
      </object_component>
      <object_component id="oc-13e">
         <name>.data</name>
         <load_address>0xa040</load_address>
         <run_address>0xa040</run_address>
         <size>0x94</size>
         <input_file_ref idref="fl-5"/>
      </object_component>
      <object_component id="oc-dd">
         <name>.data</name>
         <load_address>0xa0d4</load_address>
         <run_address>0xa0d4</run_address>
         <size>0xa</size>
         <input_file_ref idref="fl-7"/>
      </object_component>
      <object_component id="oc-1c2">
         <name>.data</name>
         <load_address>0xa0de</load_address>
         <run_address>0xa0de</run_address>
         <size>0x6</size>
         <input_file_ref idref="fl-2d"/>
      </object_component>
      <object_component id="oc-1c5">
         <name>.data:_lock</name>
         <load_address>0xa0e4</load_address>
         <run_address>0xa0e4</run_address>
         <size>0x2</size>
         <input_file_ref idref="fl-2e"/>
      </object_component>
      <object_component id="oc-2a3">
         <name>.data:_unlock</name>
         <load_address>0xa0e6</load_address>
         <run_address>0xa0e6</run_address>
         <size>0x2</size>
         <input_file_ref idref="fl-2e"/>
      </object_component>
      <object_component id="oc-22b">
         <name>.TI.ramfunc:Flash_initModule</name>
         <load_address>0x81428</load_address>
         <run_address>0xc000</run_address>
         <size>0x3f</size>
         <input_file_ref idref="fl-14"/>
      </object_component>
      <object_component id="oc-2be">
         <name>.TI.ramfunc:Flash_setBankPowerMode</name>
         <load_address>0x81467</load_address>
         <run_address>0xc03f</run_address>
         <size>0x2c</size>
         <input_file_ref idref="fl-14"/>
      </object_component>
      <object_component id="oc-2d6">
         <name>.TI.ramfunc:Flash_setWaitstates</name>
         <load_address>0x81493</load_address>
         <run_address>0xc06b</run_address>
         <size>0x23</size>
         <input_file_ref idref="fl-14"/>
      </object_component>
      <object_component id="oc-2c4">
         <name>.TI.ramfunc:Flash_setPumpPowerMode</name>
         <load_address>0x814b6</load_address>
         <run_address>0xc08e</run_address>
         <size>0x1d</size>
         <input_file_ref idref="fl-14"/>
      </object_component>
      <object_component id="oc-2ca">
         <name>.TI.ramfunc:Flash_disableCache</name>
         <load_address>0x814d3</load_address>
         <run_address>0xc0ab</run_address>
         <size>0x18</size>
         <input_file_ref idref="fl-14"/>
      </object_component>
      <object_component id="oc-2d0">
         <name>.TI.ramfunc:Flash_disablePrefetch</name>
         <load_address>0x814eb</load_address>
         <run_address>0xc0c3</run_address>
         <size>0x18</size>
         <input_file_ref idref="fl-14"/>
      </object_component>
      <object_component id="oc-2dc">
         <name>.TI.ramfunc:Flash_enableCache</name>
         <load_address>0x81503</load_address>
         <run_address>0xc0db</run_address>
         <size>0x17</size>
         <input_file_ref idref="fl-14"/>
      </object_component>
      <object_component id="oc-2e2">
         <name>.TI.ramfunc:Flash_enablePrefetch</name>
         <load_address>0x8151a</load_address>
         <run_address>0xc0f2</run_address>
         <size>0x17</size>
         <input_file_ref idref="fl-14"/>
      </object_component>
      <object_component id="oc-2e8">
         <name>.TI.ramfunc:Flash_enableECC</name>
         <load_address>0x81531</load_address>
         <run_address>0xc109</run_address>
         <size>0x16</size>
         <input_file_ref idref="fl-14"/>
      </object_component>
      <object_component id="oc-2f7">
         <name>.TI.ramfunc</name>
         <load_address>0x81547</load_address>
         <run_address>0xc11f</run_address>
         <size>0x4</size>
         <input_file_ref idref="fl-18"/>
      </object_component>
      <object_component id="oc-138">
         <name>AdcaResultRegsFile</name>
         <uninitialized>true</uninitialized>
         <run_address>0xb00</run_address>
         <size>0x18</size>
         <input_file_ref idref="fl-4"/>
      </object_component>
      <object_component id="oc-da">
         <name>CpuTimer0RegsFile</name>
         <uninitialized>true</uninitialized>
         <run_address>0xc00</run_address>
         <size>0x8</size>
         <input_file_ref idref="fl-4"/>
      </object_component>
      <object_component id="oc-e3">
         <name>EPwm1RegsFile</name>
         <uninitialized>true</uninitialized>
         <run_address>0x4000</run_address>
         <size>0x100</size>
         <input_file_ref idref="fl-4"/>
      </object_component>
      <object_component id="oc-e6">
         <name>EPwm2RegsFile</name>
         <uninitialized>true</uninitialized>
         <run_address>0x4100</run_address>
         <size>0x100</size>
         <input_file_ref idref="fl-4"/>
      </object_component>
      <object_component id="oc-e9">
         <name>EPwm6RegsFile</name>
         <uninitialized>true</uninitialized>
         <run_address>0x4500</run_address>
         <size>0x100</size>
         <input_file_ref idref="fl-4"/>
      </object_component>
      <object_component id="oc-e0">
         <name>GpioDataRegsFile</name>
         <uninitialized>true</uninitialized>
         <run_address>0x7f00</run_address>
         <size>0x3a</size>
         <input_file_ref idref="fl-4"/>
      </object_component>
      <object_component id="oc-43f">
         <name>SciaRegsFile</name>
         <uninitialized>true</uninitialized>
         <run_address>0x7200</run_address>
         <size>0x10</size>
         <input_file_ref idref="fl-4"/>
      </object_component>
      <object_component id="oc-10c">
         <name>.debug_types</name>
         <load_address>0x0</load_address>
         <run_address>0x0</run_address>
         <size>0x1f49</size>
         <input_file_ref idref="fl-2"/>
      </object_component>
      <object_component id="oc-286">
         <name>.debug_types</name>
         <load_address>0x0</load_address>
         <run_address>0x0</run_address>
         <size>0x0</size>
         <input_file_ref idref="fl-3"/>
      </object_component>
      <object_component id="oc-12d">
         <name>.debug_types</name>
         <load_address>0x1f49</load_address>
         <run_address>0x1f49</run_address>
         <size>0x5b785</size>
         <input_file_ref idref="fl-4"/>
      </object_component>
      <object_component id="oc-142">
         <name>.debug_types</name>
         <load_address>0x5d6ce</load_address>
         <run_address>0x5d6ce</run_address>
         <size>0x68b</size>
         <input_file_ref idref="fl-5"/>
      </object_component>
      <object_component id="oc-29a">
         <name>.debug_types</name>
         <load_address>0x5dd59</load_address>
         <run_address>0x5dd59</run_address>
         <size>0x2b5</size>
         <input_file_ref idref="fl-6"/>
      </object_component>
      <object_component id="oc-10e">
         <name>.debug_types</name>
         <load_address>0x0</load_address>
         <run_address>0x0</run_address>
         <size>0x0</size>
         <input_file_ref idref="fl-7"/>
      </object_component>
      <object_component id="oc-25d">
         <name>.debug_types</name>
         <load_address>0x5e00e</load_address>
         <run_address>0x5e00e</run_address>
         <size>0xa38</size>
         <input_file_ref idref="fl-8"/>
      </object_component>
      <object_component id="oc-556">
         <name>.debug_types</name>
         <load_address>0x0</load_address>
         <run_address>0x0</run_address>
         <size>0x0</size>
         <input_file_ref idref="fl-11"/>
      </object_component>
      <object_component id="oc-4f7">
         <name>.debug_types</name>
         <load_address>0x5ea46</load_address>
         <run_address>0x5ea46</run_address>
         <size>0x19d</size>
         <input_file_ref idref="fl-13"/>
      </object_component>
      <object_component id="oc-2ef">
         <name>.debug_types</name>
         <load_address>0x5ebe3</load_address>
         <run_address>0x5ebe3</run_address>
         <size>0x1d7</size>
         <input_file_ref idref="fl-14"/>
      </object_component>
      <object_component id="oc-4b3">
         <name>.debug_types</name>
         <load_address>0x5edba</load_address>
         <run_address>0x5edba</run_address>
         <size>0x2e8</size>
         <input_file_ref idref="fl-15"/>
      </object_component>
      <object_component id="oc-110">
         <name>.debug_types</name>
         <load_address>0x0</load_address>
         <run_address>0x0</run_address>
         <size>0x0</size>
         <input_file_ref idref="fl-17"/>
      </object_component>
      <object_component id="oc-30b">
         <name>.debug_types</name>
         <load_address>0x5f0a2</load_address>
         <run_address>0x5f0a2</run_address>
         <size>0x716</size>
         <input_file_ref idref="fl-18"/>
      </object_component>
      <object_component id="oc-118">
         <name>.debug_types</name>
         <load_address>0x5f7b8</load_address>
         <run_address>0x5f7b8</run_address>
         <size>0x142</size>
         <input_file_ref idref="fl-27"/>
      </object_component>
      <object_component id="oc-189">
         <name>.debug_types</name>
         <load_address>0x0</load_address>
         <run_address>0x0</run_address>
         <size>0x0</size>
         <input_file_ref idref="fl-28"/>
      </object_component>
      <object_component id="oc-1d4">
         <name>.debug_types</name>
         <load_address>0x5f8fa</load_address>
         <run_address>0x5f8fa</run_address>
         <size>0x470</size>
         <input_file_ref idref="fl-29"/>
      </object_component>
      <object_component id="oc-11d">
         <name>.debug_types</name>
         <load_address>0x5fd6a</load_address>
         <run_address>0x5fd6a</run_address>
         <size>0x194</size>
         <input_file_ref idref="fl-2a"/>
      </object_component>
      <object_component id="oc-c7">
         <name>.debug_types</name>
         <load_address>0x0</load_address>
         <run_address>0x0</run_address>
         <size>0x0</size>
         <input_file_ref idref="fl-2b"/>
      </object_component>
      <object_component id="oc-bf">
         <name>.debug_types</name>
         <load_address>0x5fefe</load_address>
         <run_address>0x5fefe</run_address>
         <size>0x191</size>
         <input_file_ref idref="fl-2c"/>
      </object_component>
      <object_component id="oc-1c9">
         <name>.debug_types</name>
         <load_address>0x6008f</load_address>
         <run_address>0x6008f</run_address>
         <size>0xbf</size>
         <input_file_ref idref="fl-2d"/>
      </object_component>
      <object_component id="oc-21a">
         <name>.debug_types</name>
         <load_address>0x6014e</load_address>
         <run_address>0x6014e</run_address>
         <size>0x2f</size>
         <input_file_ref idref="fl-2e"/>
      </object_component>
      <object_component id="oc-1c1">
         <name>.debug_types</name>
         <load_address>0x6017d</load_address>
         <run_address>0x6017d</run_address>
         <size>0xe1</size>
         <input_file_ref idref="fl-2f"/>
      </object_component>
      <object_component id="oc-21f">
         <name>.debug_types</name>
         <load_address>0x0</load_address>
         <run_address>0x0</run_address>
         <size>0x0</size>
         <input_file_ref idref="fl-32"/>
      </object_component>
      <object_component id="oc-100">
         <name>.debug_info</name>
         <load_address>0x0</load_address>
         <run_address>0x0</run_address>
         <size>0x1bb</size>
         <input_file_ref idref="fl-2"/>
      </object_component>
      <object_component id="oc-330">
         <name>.debug_info</name>
         <load_address>0x1bb</load_address>
         <run_address>0x1bb</run_address>
         <size>0x17e</size>
         <input_file_ref idref="fl-2"/>
      </object_component>
      <object_component id="oc-336">
         <name>.debug_info</name>
         <load_address>0x339</load_address>
         <run_address>0x339</run_address>
         <size>0x186</size>
         <input_file_ref idref="fl-2"/>
      </object_component>
      <object_component id="oc-558">
         <name>.debug_info</name>
         <load_address>0x4bf</load_address>
         <run_address>0x4bf</run_address>
         <size>0x174</size>
         <input_file_ref idref="fl-2"/>
      </object_component>
      <object_component id="oc-4d2">
         <name>.debug_info</name>
         <load_address>0x633</load_address>
         <run_address>0x633</run_address>
         <size>0x1b2</size>
         <input_file_ref idref="fl-2"/>
      </object_component>
      <object_component id="oc-4de">
         <name>.debug_info</name>
         <load_address>0x7e5</load_address>
         <run_address>0x7e5</run_address>
         <size>0x1b8</size>
         <input_file_ref idref="fl-2"/>
      </object_component>
      <object_component id="oc-4d8">
         <name>.debug_info</name>
         <load_address>0x99d</load_address>
         <run_address>0x99d</run_address>
         <size>0x1a7</size>
         <input_file_ref idref="fl-2"/>
      </object_component>
      <object_component id="oc-4cc">
         <name>.debug_info</name>
         <load_address>0xb44</load_address>
         <run_address>0xb44</run_address>
         <size>0x1ab</size>
         <input_file_ref idref="fl-2"/>
      </object_component>
      <object_component id="oc-4c6">
         <name>.debug_info</name>
         <load_address>0xcef</load_address>
         <run_address>0xcef</run_address>
         <size>0x1c4</size>
         <input_file_ref idref="fl-2"/>
      </object_component>
      <object_component id="oc-4e5">
         <name>.debug_info</name>
         <load_address>0xeb3</load_address>
         <run_address>0xeb3</run_address>
         <size>0x16a</size>
         <input_file_ref idref="fl-2"/>
      </object_component>
      <object_component id="oc-36e">
         <name>.debug_info</name>
         <load_address>0x101d</load_address>
         <run_address>0x101d</run_address>
         <size>0x1b8</size>
         <input_file_ref idref="fl-2"/>
      </object_component>
      <object_component id="oc-362">
         <name>.debug_info</name>
         <load_address>0x11d5</load_address>
         <run_address>0x11d5</run_address>
         <size>0x1fb</size>
         <input_file_ref idref="fl-2"/>
      </object_component>
      <object_component id="oc-3d4">
         <name>.debug_info</name>
         <load_address>0x13d0</load_address>
         <run_address>0x13d0</run_address>
         <size>0x1be</size>
         <input_file_ref idref="fl-2"/>
      </object_component>
      <object_component id="oc-386">
         <name>.debug_info</name>
         <load_address>0x158e</load_address>
         <run_address>0x158e</run_address>
         <size>0x1d5</size>
         <input_file_ref idref="fl-2"/>
      </object_component>
      <object_component id="oc-3ce">
         <name>.debug_info</name>
         <load_address>0x1763</load_address>
         <run_address>0x1763</run_address>
         <size>0x199</size>
         <input_file_ref idref="fl-2"/>
      </object_component>
      <object_component id="oc-37a">
         <name>.debug_info</name>
         <load_address>0x18fc</load_address>
         <run_address>0x18fc</run_address>
         <size>0x19b</size>
         <input_file_ref idref="fl-2"/>
      </object_component>
      <object_component id="oc-374">
         <name>.debug_info</name>
         <load_address>0x1a97</load_address>
         <run_address>0x1a97</run_address>
         <size>0x1cc</size>
         <input_file_ref idref="fl-2"/>
      </object_component>
      <object_component id="oc-380">
         <name>.debug_info</name>
         <load_address>0x1c63</load_address>
         <run_address>0x1c63</run_address>
         <size>0x1b8</size>
         <input_file_ref idref="fl-2"/>
      </object_component>
      <object_component id="oc-368">
         <name>.debug_info</name>
         <load_address>0x1e1b</load_address>
         <run_address>0x1e1b</run_address>
         <size>0x1c2</size>
         <input_file_ref idref="fl-2"/>
      </object_component>
      <object_component id="oc-356">
         <name>.debug_info</name>
         <load_address>0x1fdd</load_address>
         <run_address>0x1fdd</run_address>
         <size>0x1fa</size>
         <input_file_ref idref="fl-2"/>
      </object_component>
      <object_component id="oc-398">
         <name>.debug_info</name>
         <load_address>0x21d7</load_address>
         <run_address>0x21d7</run_address>
         <size>0x273</size>
         <input_file_ref idref="fl-2"/>
      </object_component>
      <object_component id="oc-3da">
         <name>.debug_info</name>
         <load_address>0x244a</load_address>
         <run_address>0x244a</run_address>
         <size>0x21c</size>
         <input_file_ref idref="fl-2"/>
      </object_component>
      <object_component id="oc-38c">
         <name>.debug_info</name>
         <load_address>0x2666</load_address>
         <run_address>0x2666</run_address>
         <size>0x210</size>
         <input_file_ref idref="fl-2"/>
      </object_component>
      <object_component id="oc-39e">
         <name>.debug_info</name>
         <load_address>0x2876</load_address>
         <run_address>0x2876</run_address>
         <size>0x23b</size>
         <input_file_ref idref="fl-2"/>
      </object_component>
      <object_component id="oc-3a4">
         <name>.debug_info</name>
         <load_address>0x2ab1</load_address>
         <run_address>0x2ab1</run_address>
         <size>0x23c</size>
         <input_file_ref idref="fl-2"/>
      </object_component>
      <object_component id="oc-3b0">
         <name>.debug_info</name>
         <load_address>0x2ced</load_address>
         <run_address>0x2ced</run_address>
         <size>0x20c</size>
         <input_file_ref idref="fl-2"/>
      </object_component>
      <object_component id="oc-3aa">
         <name>.debug_info</name>
         <load_address>0x2ef9</load_address>
         <run_address>0x2ef9</run_address>
         <size>0x207</size>
         <input_file_ref idref="fl-2"/>
      </object_component>
      <object_component id="oc-3b6">
         <name>.debug_info</name>
         <load_address>0x3100</load_address>
         <run_address>0x3100</run_address>
         <size>0x1e4</size>
         <input_file_ref idref="fl-2"/>
      </object_component>
      <object_component id="oc-3e0">
         <name>.debug_info</name>
         <load_address>0x32e4</load_address>
         <run_address>0x32e4</run_address>
         <size>0x1c3</size>
         <input_file_ref idref="fl-2"/>
      </object_component>
      <object_component id="oc-3c2">
         <name>.debug_info</name>
         <load_address>0x34a7</load_address>
         <run_address>0x34a7</run_address>
         <size>0x1e6</size>
         <input_file_ref idref="fl-2"/>
      </object_component>
      <object_component id="oc-3e6">
         <name>.debug_info</name>
         <load_address>0x368d</load_address>
         <run_address>0x368d</run_address>
         <size>0x1c5</size>
         <input_file_ref idref="fl-2"/>
      </object_component>
      <object_component id="oc-3bc">
         <name>.debug_info</name>
         <load_address>0x3852</load_address>
         <run_address>0x3852</run_address>
         <size>0x1d7</size>
         <input_file_ref idref="fl-2"/>
      </object_component>
      <object_component id="oc-3c8">
         <name>.debug_info</name>
         <load_address>0x3a29</load_address>
         <run_address>0x3a29</run_address>
         <size>0x1d9</size>
         <input_file_ref idref="fl-2"/>
      </object_component>
      <object_component id="oc-344">
         <name>.debug_info</name>
         <load_address>0x3c02</load_address>
         <run_address>0x3c02</run_address>
         <size>0x191</size>
         <input_file_ref idref="fl-2"/>
      </object_component>
      <object_component id="oc-34a">
         <name>.debug_info</name>
         <load_address>0x3d93</load_address>
         <run_address>0x3d93</run_address>
         <size>0x1c8</size>
         <input_file_ref idref="fl-2"/>
      </object_component>
      <object_component id="oc-350">
         <name>.debug_info</name>
         <load_address>0x3f5b</load_address>
         <run_address>0x3f5b</run_address>
         <size>0x1f1</size>
         <input_file_ref idref="fl-2"/>
      </object_component>
      <object_component id="oc-392">
         <name>.debug_info</name>
         <load_address>0x414c</load_address>
         <run_address>0x414c</run_address>
         <size>0x1e3</size>
         <input_file_ref idref="fl-2"/>
      </object_component>
      <object_component id="oc-568">
         <name>.debug_info</name>
         <load_address>0x432f</load_address>
         <run_address>0x432f</run_address>
         <size>0x164</size>
         <input_file_ref idref="fl-2"/>
      </object_component>
      <object_component id="oc-510">
         <name>.debug_info</name>
         <load_address>0x4493</load_address>
         <run_address>0x4493</run_address>
         <size>0x1bd</size>
         <input_file_ref idref="fl-2"/>
      </object_component>
      <object_component id="oc-1f5">
         <name>.debug_info</name>
         <load_address>0x4650</load_address>
         <run_address>0x4650</run_address>
         <size>0x163</size>
         <input_file_ref idref="fl-2"/>
      </object_component>
      <object_component id="oc-267">
         <name>.debug_info</name>
         <load_address>0x47b3</load_address>
         <run_address>0x47b3</run_address>
         <size>0x3f9</size>
         <input_file_ref idref="fl-2"/>
      </object_component>
      <object_component id="oc-273">
         <name>.debug_info</name>
         <load_address>0x4bac</load_address>
         <run_address>0x4bac</run_address>
         <size>0x11a</size>
         <input_file_ref idref="fl-2"/>
      </object_component>
      <object_component id="oc-33d">
         <name>.debug_info</name>
         <load_address>0x4cc6</load_address>
         <run_address>0x4cc6</run_address>
         <size>0x1b3</size>
         <input_file_ref idref="fl-2"/>
      </object_component>
      <object_component id="oc-279">
         <name>.debug_info</name>
         <load_address>0x4e79</load_address>
         <run_address>0x4e79</run_address>
         <size>0x1209</size>
         <input_file_ref idref="fl-2"/>
      </object_component>
      <object_component id="oc-27f">
         <name>.debug_info</name>
         <load_address>0x6082</load_address>
         <run_address>0x6082</run_address>
         <size>0x1e3</size>
         <input_file_ref idref="fl-2"/>
      </object_component>
      <object_component id="oc-3ed">
         <name>.debug_info</name>
         <load_address>0x6265</load_address>
         <run_address>0x6265</run_address>
         <size>0x166</size>
         <input_file_ref idref="fl-2"/>
      </object_component>
      <object_component id="oc-3f3">
         <name>.debug_info</name>
         <load_address>0x63cb</load_address>
         <run_address>0x63cb</run_address>
         <size>0x166</size>
         <input_file_ref idref="fl-2"/>
      </object_component>
      <object_component id="oc-3f9">
         <name>.debug_info</name>
         <load_address>0x6531</load_address>
         <run_address>0x6531</run_address>
         <size>0x16e</size>
         <input_file_ref idref="fl-2"/>
      </object_component>
      <object_component id="oc-3ff">
         <name>.debug_info</name>
         <load_address>0x669f</load_address>
         <run_address>0x669f</run_address>
         <size>0x16e</size>
         <input_file_ref idref="fl-2"/>
      </object_component>
      <object_component id="oc-405">
         <name>.debug_info</name>
         <load_address>0x680d</load_address>
         <run_address>0x680d</run_address>
         <size>0x168</size>
         <input_file_ref idref="fl-2"/>
      </object_component>
      <object_component id="oc-40b">
         <name>.debug_info</name>
         <load_address>0x6975</load_address>
         <run_address>0x6975</run_address>
         <size>0x168</size>
         <input_file_ref idref="fl-2"/>
      </object_component>
      <object_component id="oc-411">
         <name>.debug_info</name>
         <load_address>0x6add</load_address>
         <run_address>0x6add</run_address>
         <size>0x160</size>
         <input_file_ref idref="fl-2"/>
      </object_component>
      <object_component id="oc-417">
         <name>.debug_info</name>
         <load_address>0x6c3d</load_address>
         <run_address>0x6c3d</run_address>
         <size>0x166</size>
         <input_file_ref idref="fl-2"/>
      </object_component>
      <object_component id="oc-41d">
         <name>.debug_info</name>
         <load_address>0x6da3</load_address>
         <run_address>0x6da3</run_address>
         <size>0x166</size>
         <input_file_ref idref="fl-2"/>
      </object_component>
      <object_component id="oc-423">
         <name>.debug_info</name>
         <load_address>0x6f09</load_address>
         <run_address>0x6f09</run_address>
         <size>0x16a</size>
         <input_file_ref idref="fl-2"/>
      </object_component>
      <object_component id="oc-429">
         <name>.debug_info</name>
         <load_address>0x7073</load_address>
         <run_address>0x7073</run_address>
         <size>0x164</size>
         <input_file_ref idref="fl-2"/>
      </object_component>
      <object_component id="oc-42f">
         <name>.debug_info</name>
         <load_address>0x71d7</load_address>
         <run_address>0x71d7</run_address>
         <size>0x166</size>
         <input_file_ref idref="fl-2"/>
      </object_component>
      <object_component id="oc-435">
         <name>.debug_info</name>
         <load_address>0x733d</load_address>
         <run_address>0x733d</run_address>
         <size>0x166</size>
         <input_file_ref idref="fl-2"/>
      </object_component>
      <object_component id="oc-9b">
         <name>.debug_info</name>
         <load_address>0x74a3</load_address>
         <run_address>0x74a3</run_address>
         <size>0x136</size>
         <input_file_ref idref="fl-2"/>
      </object_component>
      <object_component id="oc-26d">
         <name>.debug_info</name>
         <load_address>0x75d9</load_address>
         <run_address>0x75d9</run_address>
         <size>0x162</size>
         <input_file_ref idref="fl-2"/>
      </object_component>
      <object_component id="oc-1fb">
         <name>.debug_info</name>
         <load_address>0x773b</load_address>
         <run_address>0x773b</run_address>
         <size>0x136</size>
         <input_file_ref idref="fl-3"/>
      </object_component>
      <object_component id="oc-db">
         <name>.debug_info</name>
         <load_address>0x7871</load_address>
         <run_address>0x7871</run_address>
         <size>0xf6</size>
         <input_file_ref idref="fl-4"/>
      </object_component>
      <object_component id="oc-440">
         <name>.debug_info</name>
         <load_address>0x7967</load_address>
         <run_address>0x7967</run_address>
         <size>0xed</size>
         <input_file_ref idref="fl-4"/>
      </object_component>
      <object_component id="oc-139">
         <name>.debug_info</name>
         <load_address>0x7a54</load_address>
         <run_address>0x7a54</run_address>
         <size>0xf8</size>
         <input_file_ref idref="fl-4"/>
      </object_component>
      <object_component id="oc-e1">
         <name>.debug_info</name>
         <load_address>0x7b4c</load_address>
         <run_address>0x7b4c</run_address>
         <size>0xf5</size>
         <input_file_ref idref="fl-4"/>
      </object_component>
      <object_component id="oc-e4">
         <name>.debug_info</name>
         <load_address>0x7c41</load_address>
         <run_address>0x7c41</run_address>
         <size>0xef</size>
         <input_file_ref idref="fl-4"/>
      </object_component>
      <object_component id="oc-e7">
         <name>.debug_info</name>
         <load_address>0x7d30</load_address>
         <run_address>0x7d30</run_address>
         <size>0xef</size>
         <input_file_ref idref="fl-4"/>
      </object_component>
      <object_component id="oc-ea">
         <name>.debug_info</name>
         <load_address>0x7e1f</load_address>
         <run_address>0x7e1f</run_address>
         <size>0xef</size>
         <input_file_ref idref="fl-4"/>
      </object_component>
      <object_component id="oc-13f">
         <name>.debug_info</name>
         <load_address>0x7f0e</load_address>
         <run_address>0x7f0e</run_address>
         <size>0x248</size>
         <input_file_ref idref="fl-5"/>
      </object_component>
      <object_component id="oc-13c">
         <name>.debug_info</name>
         <load_address>0x8156</load_address>
         <run_address>0x8156</run_address>
         <size>0x102</size>
         <input_file_ref idref="fl-5"/>
      </object_component>
      <object_component id="oc-f3">
         <name>.debug_info</name>
         <load_address>0x8258</load_address>
         <run_address>0x8258</run_address>
         <size>0x165</size>
         <input_file_ref idref="fl-5"/>
      </object_component>
      <object_component id="oc-289">
         <name>.debug_info</name>
         <load_address>0x83bd</load_address>
         <run_address>0x83bd</run_address>
         <size>0x104</size>
         <input_file_ref idref="fl-5"/>
      </object_component>
      <object_component id="oc-ee">
         <name>.debug_info</name>
         <load_address>0x84c1</load_address>
         <run_address>0x84c1</run_address>
         <size>0x120</size>
         <input_file_ref idref="fl-5"/>
      </object_component>
      <object_component id="oc-204">
         <name>.debug_info</name>
         <load_address>0x85e1</load_address>
         <run_address>0x85e1</run_address>
         <size>0x13e</size>
         <input_file_ref idref="fl-6"/>
      </object_component>
      <object_component id="oc-297">
         <name>.debug_info</name>
         <load_address>0x871f</load_address>
         <run_address>0x871f</run_address>
         <size>0x114</size>
         <input_file_ref idref="fl-6"/>
      </object_component>
      <object_component id="oc-291">
         <name>.debug_info</name>
         <load_address>0x8833</load_address>
         <run_address>0x8833</run_address>
         <size>0x134</size>
         <input_file_ref idref="fl-6"/>
      </object_component>
      <object_component id="oc-de">
         <name>.debug_info</name>
         <load_address>0x8967</load_address>
         <run_address>0x8967</run_address>
         <size>0x163</size>
         <input_file_ref idref="fl-7"/>
      </object_component>
      <object_component id="oc-fa">
         <name>.debug_info</name>
         <load_address>0x8aca</load_address>
         <run_address>0x8aca</run_address>
         <size>0x178</size>
         <input_file_ref idref="fl-7"/>
      </object_component>
      <object_component id="oc-29d">
         <name>.debug_info</name>
         <load_address>0x8c42</load_address>
         <run_address>0x8c42</run_address>
         <size>0x175</size>
         <input_file_ref idref="fl-7"/>
      </object_component>
      <object_component id="oc-207">
         <name>.debug_info</name>
         <load_address>0x8db7</load_address>
         <run_address>0x8db7</run_address>
         <size>0x1ab</size>
         <input_file_ref idref="fl-7"/>
      </object_component>
      <object_component id="oc-1bb">
         <name>.debug_info</name>
[...]
         <page_id>0x1</page_id>
         <origin>0x78000</origin>
         <length>0x20</length>
         <used_space>0x0</used_space>
         <unused_space>0x20</unused_space>
         <attributes>RWIX</attributes>
         <usage_details>
         </usage_details>
      </memory_area>
      <memory_area display="no" color="green">
         <name>DCSMBANK0Z2OTP</name>
         <page_id>0x1</page_id>
         <origin>0x78200</origin>
         <length>0x20</length>
         <used_space>0x0</used_space>
         <unused_space>0x20</unused_space>
         <attributes>RWIX</attributes>
         <usage_details>
         </usage_details>
      </memory_area>
   </placement_map>
   <cptbl_list>
      <cptbl>
         <name>__TI_cinit_table</name>
         <cprec>
            <name>.data</name>
            <load_address>0x81550</load_address>
            <load_size>0xf</load_size>
            <run_address>0xa040</run_address>
            <run_size>0xa8</run_size>
            <compression>lzss</compression>
         </cprec>
         <cprec>
            <name>.bss</name>
            <load_address>0x81566</load_address>
            <load_size>0x4</load_size>
            <run_address>0xa000</run_address>
            <run_size>0x28</run_size>
            <compression>zero_init</compression>
         </cprec>
      </cptbl>
   </cptbl_list>
   <handler_table>
      <handler_table_name>__TI_handler_table</handler_table_name>
      <handler>
         <index>0x0</index>
         <name>__TI_zero_init</name>
      </handler>
      <handler>
         <index>0x1</index>
         <name>__TI_decompress_lzss</name>
      </handler>
      <handler>
         <index>0x2</index>
         <name>__TI_decompress_none</name>
      </handler>
   </handler_table>
   <symbol_table>
      <symbol id="sm-1">
         <name>RamfuncsLoadStart</name>
         <value>0x81428</value>
      </symbol>
      <symbol id="sm-2">
         <name>RamfuncsLoadSize</name>
         <value>0x123</value>
      </symbol>
      <symbol id="sm-3">
         <name>RamfuncsLoadEnd</name>
         <value>0x8154b</value>
      </symbol>
      <symbol id="sm-4">
         <name>RamfuncsRunStart</name>
         <value>0xc000</value>
      </symbol>
      <symbol id="sm-5">
         <name>RamfuncsRunSize</name>
         <value>0x123</value>
      </symbol>
      <symbol id="sm-6">
         <name>RamfuncsRunEnd</name>
         <value>0xc123</value>
      </symbol>
      <symbol id="sm-7">
         <name>__TI_CINIT_Base</name>
         <value>0x8156a</value>
      </symbol>
      <symbol id="sm-8">
         <name>__TI_CINIT_Limit</name>
         <value>0x81572</value>
      </symbol>
      <symbol id="sm-9">
         <name>__TI_CINIT_Warm</name>
         <value>0x81572</value>
      </symbol>
      <symbol id="sm-a">
         <name>__TI_Handler_Table_Base</name>
         <value>0x81560</value>
      </symbol>
      <symbol id="sm-b">
         <name>__TI_Handler_Table_Limit</name>
         <value>0x81566</value>
      </symbol>
      <symbol id="sm-c">
         <name>__TI_STACK_SIZE</name>
         <value>0x200</value>
      </symbol>
      <symbol id="sm-d">
         <name>__TI_STACK_END</name>
         <value>0x600</value>
      </symbol>
      <symbol id="sm-e">
         <name>__TI_pprof_out_hndl</name>
         <value>0xffffffff</value>
      </symbol>
      <symbol id="sm-f">
         <name>__TI_prof_data_start</name>
         <value>0xffffffff</value>
      </symbol>
      <symbol id="sm-10">
         <name>__TI_prof_data_size</name>
         <value>0xffffffff</value>
      </symbol>
      <symbol id="sm-2a8">
         <name>PWR_init</name>
         <value>0x834de</value>
         <object_component_ref idref="oc-410"/>
      </symbol>
      <symbol id="sm-2a9">
         <name>SW_On_init</name>
         <value>0x834f3</value>
         <object_component_ref idref="oc-428"/>
      </symbol>
      <symbol id="sm-2aa">
         <name>INTERRUPT_init</name>
         <value>0x83687</value>
         <object_component_ref idref="oc-9a"/>
      </symbol>
      <symbol id="sm-2ab">
         <name>GNDRLY_init</name>
         <value>0x83460</value>
         <object_component_ref idref="oc-3f2"/>
      </symbol>
      <symbol id="sm-2ac">
         <name>PinMux_init</name>
         <value>0x8288f</value>
         <object_component_ref idref="oc-266"/>
      </symbol>
      <symbol id="sm-2ad">
         <name>Board_init</name>
         <value>0x83669</value>
         <object_component_ref idref="oc-1f4"/>
      </symbol>
      <symbol id="sm-2ae">
         <name>GreenT_init</name>
         <value>0x8348a</value>
         <object_component_ref idref="oc-416"/>
      </symbol>
      <symbol id="sm-2af">
         <name>GPIO_init</name>
         <value>0x831e5</value>
         <object_component_ref idref="oc-27e"/>
      </symbol>
      <symbol id="sm-2b0">
         <name>LED_PonG_init</name>
         <value>0x8349f</value>
         <object_component_ref idref="oc-422"/>
      </symbol>
      <symbol id="sm-2b1">
         <name>SYNC_init</name>
         <value>0x8370a</value>
         <object_component_ref idref="oc-26c"/>
      </symbol>
      <symbol id="sm-2b2">
         <name>LED_STG_init</name>
         <value>0x834b4</value>
         <object_component_ref idref="oc-404"/>
      </symbol>
      <symbol id="sm-2b3">
         <name>LED_STR_init</name>
         <value>0x835cf</value>
         <object_component_ref idref="oc-40a"/>
      </symbol>
      <symbol id="sm-2b4">
         <name>BYPASS_init</name>
         <value>0x8338e</value>
         <object_component_ref idref="oc-3ec"/>
      </symbol>
      <symbol id="sm-2b5">
         <name>DC_SoftRLY_init</name>
         <value>0x8340c</value>
         <object_component_ref idref="oc-3fe"/>
      </symbol>
      <symbol id="sm-2b6">
         <name>AC_SoftRLY_init</name>
         <value>0x83379</value>
         <object_component_ref idref="oc-3f8"/>
      </symbol>
      <symbol id="sm-2b7">
         <name>NTC_IO_init</name>
         <value>0x834c9</value>
         <object_component_ref idref="oc-434"/>
      </symbol>
      <symbol id="sm-2b8">
         <name>EPWM_init</name>
         <value>0x82000</value>
         <object_component_ref idref="oc-278"/>
      </symbol>
      <symbol id="sm-2b9">
         <name>EN_AUX_init</name>
         <value>0x83436</value>
         <object_component_ref idref="oc-41c"/>
      </symbol>
      <symbol id="sm-2ba">
         <name>CPUTIMER_init</name>
         <value>0x83757</value>
         <object_component_ref idref="oc-272"/>
      </symbol>
      <symbol id="sm-2bb">
         <name>myCPUTIMER0_init</name>
         <value>0x83041</value>
         <object_component_ref idref="oc-33c"/>
      </symbol>
      <symbol id="sm-2bc">
         <name>DetBTS_init</name>
         <value>0x83421</value>
         <object_component_ref idref="oc-42e"/>
      </symbol>
      <symbol id="sm-2c9">
         <name>C2000Ware_libraries_init</name>
         <value>0x8375c</value>
         <object_component_ref idref="oc-1fa"/>
      </symbol>
      <symbol id="sm-2f2">
         <name>EPwm2Regs</name>
         <value>0x4100</value>
         <object_component_ref idref="oc-e6"/>
      </symbol>
      <symbol id="sm-2f3">
         <name>CpuTimer0Regs</name>
         <value>0xc00</value>
         <object_component_ref idref="oc-da"/>
      </symbol>
      <symbol id="sm-2f4">
         <name>EPwm6Regs</name>
         <value>0x4500</value>
         <object_component_ref idref="oc-e9"/>
      </symbol>
      <symbol id="sm-2f5">
         <name>AdcaResultRegs</name>
         <value>0xb00</value>
         <object_component_ref idref="oc-138"/>
      </symbol>
      <symbol id="sm-2f6">
         <name>GpioDataRegs</name>
         <value>0x7f00</value>
         <object_component_ref idref="oc-e0"/>
      </symbol>
      <symbol id="sm-2f7">
         <name>EPwm1Regs</name>
         <value>0x4000</value>
         <object_component_ref idref="oc-e3"/>
      </symbol>
      <symbol id="sm-2f8">
         <name>SciaRegs</name>
         <value>0x7200</value>
         <object_component_ref idref="oc-43f"/>
      </symbol>
      <symbol id="sm-31d">
         <name>__relaxed_sinf</name>
         <value>0x836eb</value>
         <object_component_ref idref="oc-f2"/>
      </symbol>
      <symbol id="sm-31e">
         <name>MovAvg_VOL_A</name>
         <value>0xa080</value>
         <object_component_ref idref="oc-13e"/>
      </symbol>
      <symbol id="sm-31f">
         <name>MovAvg_VOL_C</name>
         <value>0xa0a8</value>
         <object_component_ref idref="oc-13e"/>
      </symbol>
      <symbol id="sm-320">
         <name>MovAvg_VOL_B</name>
         <value>0xa094</value>
         <object_component_ref idref="oc-13e"/>
      </symbol>
      <symbol id="sm-321">
         <name>Fast_speed_ADCRESULT_to_Reg</name>
         <value>0x82310</value>
         <object_component_ref idref="oc-ec"/>
      </symbol>
      <symbol id="sm-322">
         <name>EE_Set</name>
         <value>0xa014</value>
         <object_component_ref idref="oc-13b"/>
      </symbol>
      <symbol id="sm-323">
         <name>Clr_ADC_Value</name>
         <value>0x8324f</value>
         <object_component_ref idref="oc-287"/>
      </symbol>
      <symbol id="sm-324">
         <name>s16_Temp</name>
         <value>0xa042</value>
         <object_component_ref idref="oc-13e"/>
      </symbol>
      <symbol id="sm-325">
         <name>st_Ad_Value</name>
         <value>0xa000</value>
         <object_component_ref idref="oc-13b"/>
      </symbol>
      <symbol id="sm-326">
         <name>MovAvg_AMP_A</name>
         <value>0xa044</value>
         <object_component_ref idref="oc-13e"/>
      </symbol>
      <symbol id="sm-327">
         <name>MovAvg_AMP_B</name>
         <value>0xa058</value>
         <object_component_ref idref="oc-13e"/>
      </symbol>
      <symbol id="sm-328">
         <name>MovAvg_AMP_C</name>
         <value>0xa06c</value>
         <object_component_ref idref="oc-13e"/>
      </symbol>
      <symbol id="sm-329">
         <name>u16_WaitAdcStableCou</name>
         <value>0xa040</value>
         <object_component_ref idref="oc-13e"/>
      </symbol>
      <symbol id="sm-32a">
         <name>MovAvg_VOL</name>
         <value>0xa0c0</value>
         <object_component_ref idref="oc-13e"/>
      </symbol>
      <symbol id="sm-345">
         <name>SCI_init</name>
         <value>0x830be</value>
         <object_component_ref idref="oc-28d"/>
      </symbol>
      <symbol id="sm-346">
         <name>Init_Def_EE_Set</name>
         <value>0x82fa4</value>
         <object_component_ref idref="oc-293"/>
      </symbol>
      <symbol id="sm-347">
         <name>SysConfig</name>
         <value>0x8373c</value>
         <object_component_ref idref="oc-200"/>
      </symbol>
      <symbol id="sm-383">
         <name>Duty</name>
         <value>0xa0d4</value>
         <object_component_ref idref="oc-dd"/>
      </symbol>
      <symbol id="sm-384">
         <name>sine</name>
         <value>0xa0dc</value>
         <object_component_ref idref="oc-dd"/>
      </symbol>
      <symbol id="sm-385">
         <name>Ts</name>
         <value>0xa0da</value>
         <object_component_ref idref="oc-dd"/>
      </symbol>
      <symbol id="sm-386">
         <name>INT_myCPUTIMER0_ISR</name>
         <value>0x8274d</value>
         <object_component_ref idref="oc-99"/>
      </symbol>
      <symbol id="sm-387">
         <name>f</name>
         <value>0xa0d8</value>
         <object_component_ref idref="oc-dd"/>
      </symbol>
      <symbol id="sm-388">
         <name>theta</name>
         <value>0xa0d6</value>
         <object_component_ref idref="oc-dd"/>
      </symbol>
      <symbol id="sm-389">
         <name>main</name>
         <value>0x83200</value>
         <object_component_ref idref="oc-1ba"/>
      </symbol>
      <symbol id="sm-38a">
         <name>TimeDelay</name>
         <value>0xa0d5</value>
         <object_component_ref idref="oc-dd"/>
      </symbol>
      <symbol id="sm-3d9">
         <name>Device_enableAllPeripherals</name>
         <value>0x827f5</value>
         <object_component_ref idref="oc-250"/>
      </symbol>
      <symbol id="sm-3da">
         <name>Device_initGPIO</name>
         <value>0x83639</value>
         <object_component_ref idref="oc-1e8"/>
      </symbol>
      <symbol id="sm-3db">
         <name>Device_init</name>
         <value>0x82ad2</value>
         <object_component_ref idref="oc-1e2"/>
      </symbol>
      <symbol id="sm-3dc">
         <name>__error__</name>
         <value>0x8374a</value>
         <object_component_ref idref="oc-244"/>
      </symbol>
      <symbol id="sm-3eb">
         <name>code_start</name>
         <value>0x80000</value>
         <object_component_ref idref="oc-8e"/>
      </symbol>
      <symbol id="sm-405">
         <name>CPUTimer_setEmulationMode</name>
         <value>0x835bc</value>
         <object_component_ref idref="oc-4bf"/>
      </symbol>
      <symbol id="sm-421">
         <name>EPWM_setEmulationMode</name>
         <value>0x83337</value>
         <object_component_ref idref="oc-35b"/>
      </symbol>
      <symbol id="sm-491">
         <name>Flash_initModule</name>
         <value>0xc000</value>
         <object_component_ref idref="oc-22b"/>
      </symbol>
      <symbol id="sm-4cc">
         <name>GPIO_setQualificationMode</name>
         <value>0x82d4f</value>
         <object_component_ref idref="oc-328"/>
      </symbol>
      <symbol id="sm-4cd">
         <name>GPIO_setPadConfig</name>
         <value>0x82a80</value>
         <object_component_ref idref="oc-322"/>
      </symbol>
      <symbol id="sm-4ce">
         <name>GPIO_setDirectionMode</name>
         <value>0x82dbd</value>
         <object_component_ref idref="oc-515"/>
      </symbol>
      <symbol id="sm-4cf">
         <name>GPIO_setPinConfig</name>
         <value>0x82d18</value>
         <object_component_ref idref="oc-31c"/>
      </symbol>
      <symbol id="sm-51f">
         <name>Interrupt_defaultHandler</name>
         <value>0x83363</value>
         <object_component_ref idref="oc-a5"/>
      </symbol>
      <symbol id="sm-520">
         <name>Interrupt_initModule</name>
         <value>0x82c64</value>
         <object_component_ref idref="oc-1ee"/>
      </symbol>
      <symbol id="sm-521">
         <name>Interrupt_nmiHandler</name>
         <value>0x83700</value>
         <object_component_ref idref="oc-b7"/>
      </symbol>
      <symbol id="sm-522">
         <name>Interrupt_enable</name>
         <value>0x82d86</value>
         <object_component_ref idref="oc-105"/>
      </symbol>
      <symbol id="sm-523">
         <name>Interrupt_initVectorTable</name>
         <value>0x83137</value>
         <object_component_ref idref="oc-ab"/>
      </symbol>
      <symbol id="sm-524">
         <name>Interrupt_illegalOperationHandler</name>
         <value>0x836f6</value>
         <object_component_ref idref="oc-b1"/>
      </symbol>
      <symbol id="sm-636">
         <name>SysCtl_isPLLValid</name>
         <value>0x8264f</value>
         <object_component_ref idref="oc-304"/>
      </symbol>
      <symbol id="sm-637">
         <name>SysCtl_delay</name>
         <value>0xc11f</value>
         <object_component_ref idref="oc-2f7"/>
      </symbol>
      <symbol id="sm-638">
         <name>SysCtl_selectXTALSingleEnded</name>
         <value>0x83021</value>
         <object_component_ref idref="oc-45e"/>
      </symbol>
      <symbol id="sm-639">
         <name>SysCtl_selectXTAL</name>
         <value>0x82ca1</value>
         <object_component_ref idref="oc-458"/>
      </symbol>
      <symbol id="sm-63a">
         <name>SysCtl_selectOscSource</name>
         <value>0x82ba4</value>
         <object_component_ref idref="oc-2f8"/>
      </symbol>
      <symbol id="sm-63b">
         <name>SysCtl_getLowSpeedClock</name>
         <value>0x83235</value>
         <object_component_ref idref="oc-24a"/>
      </symbol>
      <symbol id="sm-63c">
         <name>SysCtl_setClock</name>
         <value>0x8252e</value>
         <object_component_ref idref="oc-231"/>
      </symbol>
      <symbol id="sm-63d">
         <name>SysCtl_getClock</name>
         <value>0x82a1b</value>
         <object_component_ref idref="oc-23d"/>
      </symbol>
      <symbol id="sm-647">
         <name>_c_int00</name>
         <value>0x8330a</value>
         <object_component_ref idref="oc-125"/>
      </symbol>
      <symbol id="sm-648">
         <name>__stack</name>
         <value>0x400</value>
         <object_component_ref idref="oc-bd"/>
      </symbol>
      <symbol id="sm-655">
         <name>__c28xabi_divf</name>
         <value>0x82920</value>
         <object_component_ref idref="oc-466"/>
      </symbol>
      <symbol id="sm-668">
         <name>memcpy</name>
         <value>0x831ac</value>
         <object_component_ref idref="oc-c0"/>
      </symbol>
      <symbol id="sm-675">
         <name>_system_pre_init</name>
         <value>0x8375a</value>
         <object_component_ref idref="oc-163"/>
      </symbol>
      <symbol id="sm-684">
         <name>__TI_auto_init_nobinit_nopinit</name>
         <value>0x82e4a</value>
         <object_component_ref idref="oc-18a"/>
      </symbol>
      <symbol id="sm-693">
         <name>__TI_zero_init_nomemset</name>
         <value>0x836bb</value>
         <object_component_ref idref="oc-c8"/>
      </symbol>
      <symbol id="sm-6a0">
         <name>__TI_decompress_none</name>
         <value>0x83725</value>
         <object_component_ref idref="oc-87"/>
      </symbol>
      <symbol id="sm-6b4">
         <name>__TI_decompress_lzss</name>
         <value>0x82dee</value>
         <object_component_ref idref="oc-81"/>
      </symbol>
      <symbol id="sm-6ca">
         <name>C$$EXIT</name>
         <value>0x82e75</value>
         <object_component_ref idref="oc-170"/>
      </symbol>
      <symbol id="sm-6cb">
         <name>abort</name>
         <value>0x82e75</value>
         <object_component_ref idref="oc-170"/>
      </symbol>
      <symbol id="sm-6cc">
         <name>exit</name>
         <value>0x82e77</value>
         <object_component_ref idref="oc-170"/>
      </symbol>
      <symbol id="sm-6cd">
         <name>__TI_dtors_ptr</name>
         <value>0xa0e2</value>
         <object_component_ref idref="oc-1c2"/>
      </symbol>
      <symbol id="sm-6ce">
         <name>__TI_cleanup_ptr</name>
         <value>0xa0e0</value>
         <object_component_ref idref="oc-1c2"/>
      </symbol>
      <symbol id="sm-6cf">
         <name>__TI_enable_exit_profile_output</name>
         <value>0xa0de</value>
         <object_component_ref idref="oc-1c2"/>
      </symbol>
      <symbol id="sm-6e6">
         <name>_nop</name>
         <value>0x8371c</value>
         <object_component_ref idref="oc-212"/>
      </symbol>
      <symbol id="sm-6e7">
         <name>_lock</name>
         <value>0xa0e4</value>
         <object_component_ref idref="oc-1c5"/>
      </symbol>
      <symbol id="sm-6e8">
         <name>_unlock</name>
         <value>0xa0e6</value>
         <object_component_ref idref="oc-2a3"/>
      </symbol>
      <symbol id="sm-6e9">
         <name>_register_lock</name>
         <value>0x83718</value>
         <object_component_ref idref="oc-212"/>
      </symbol>
      <symbol id="sm-6ea">
         <name>_register_unlock</name>
         <value>0x83714</value>
         <object_component_ref idref="oc-212"/>
      </symbol>
      <symbol id="sm-6f9">
         <name>_args_main</name>
         <value>0x836d4</value>
         <object_component_ref idref="oc-16a"/>
      </symbol>
      <symbol id="sm-708">
         <name>_system_post_cinit</name>
         <value>0x8375d</value>
         <object_component_ref idref="oc-1cd"/>
      </symbol>
      <symbol id="sm-70a">
         <name>__c_args__</name>
         <value>0x0</value>
      </symbol>
   </symbol_table>
   <title>Link successful</title>
</link_info>
